interactions:
- request:
    body: null
    headers:
      Accept: ['*/*']
      Accept-Encoding: ['gzip, deflate']
      Connection: [keep-alive]
      Content-Length: ['0']
      User-Agent: [python-requests/2.10.0]
    method: PUT
    uri: https://fakestore.azuredatalakestore.net/webhdfs/v1/azure_test_dir/a?overwrite=True&OP=CREATE
  response:
    body: {string: ''}
    headers:
      cache-control: [no-cache]
      content-length: ['0']
      contentlength: ['0']
      date: ['Sun, 21 Aug 2016 08:53:09 GMT']
      expires: ['-1']
      location: ['https://fakestore.azuredatalakestore.net/webhdfs/v1/azure_test_dir/a?overwrite=True&OP=CREATE&write=true']
      pragma: [no-cache]
      server-perf: ['[6026b9c7-4a6d-4082-a5e5-7751d6b570ea][ AuthTime::0::PostAuthTime::0
          ][S-HdfsGetFileStatusV2 :: 00:00:006 ms]%0a[CREATE :: 00:00:006 ms]%0a']
      status: ['0x8309000A']
      strict-transport-security: [max-age=15724800; includeSubDomains]
      x-content-type-options: [nosniff]
      x-ms-request-id: [6026b9c7-4a6d-4082-a5e5-7751d6b570ea]
      x-ms-webhdfs-version: [16.07.07.01]
    status: {code: 307, message: Temporary Redirect}
- request:
    body: null
    headers:
      Accept: ['*/*']
      Accept-Encoding: ['gzip, deflate']
      Connection: [keep-alive]
      Content-Length: ['0']
      User-Agent: [python-requests/2.10.0]
    method: PUT
    uri: https://fakestore.azuredatalakestore.net/webhdfs/v1/azure_test_dir/a?overwrite=True&OP=CREATE&write=true
  response:
    body: {string: ''}
    headers:
      cache-control: [no-cache]
      content-length: ['0']
      contentlength: ['0']
      date: ['Sun, 21 Aug 2016 08:53:09 GMT']
      expires: ['-1']
      location: ['https://fakestore.azuredatalakestore.net/webhdfs/v1/azure_test_dir/a?overwrite=True&OP=CREATE&write=true']
      pragma: [no-cache]
      server-perf: ['[2e748e62-9cb8-4168-802f-95ecb85caac8][ AuthTime::0::PostAuthTime::0
          ][S-HdfsGetFileStatusV2 :: 00:00:005 ms]%0a[S-HdfsCheckAccess :: 00:00:002
          ms]%0a[S-FsDelete :: 00:00:005 ms]%0a[S-FsOpenStream :: 00:00:056 ms]%0a[BufferingTime
          :: 00:00:000 ms]%0a[WriteTime :: 00:00:000 ms]%0a[S-FsCloseHandle :: 00:00:001
          ms]%0a[CREATE :: 00:00:073 ms]%0a']
      status: ['0x0']
      strict-transport-security: [max-age=15724800; includeSubDomains]
      x-content-type-options: [nosniff]
      x-ms-request-id: [2e748e62-9cb8-4168-802f-95ecb85caac8]
      x-ms-webhdfs-version: [16.07.07.01]
    status: {code: 201, message: Created}
- request:
    body: '1234567890'
    headers:
      Accept: ['*/*']
      Accept-Encoding: ['gzip, deflate']
      Connection: [keep-alive]
      Content-Length: ['10']
      User-Agent: [python-requests/2.10.0]
    method: POST
    uri: https://fakestore.azuredatalakestore.net/webhdfs/v1/azure_test_dir/a?OP=APPEND
  response:
    body: {string: ''}
    headers:
      cache-control: [no-cache]
      content-length: ['0']
      contentlength: ['0']
      date: ['Sun, 21 Aug 2016 08:53:09 GMT']
      expires: ['-1']
      location: ['https://fakestore.azuredatalakestore.net/webhdfs/v1/azure_test_dir/a?OP=APPEND&append=true']
      pragma: [no-cache]
      server-perf: ['[8625ec70-c64d-4059-a169-6299e54121e3][ AuthTime::0::PostAuthTime::0
          ][APPEND :: 00:00:000 ms]%0a']
      status: ['0x0']
      strict-transport-security: [max-age=15724800; includeSubDomains]
      x-content-type-options: [nosniff]
      x-ms-request-id: [8625ec70-c64d-4059-a169-6299e54121e3]
      x-ms-webhdfs-version: [16.07.07.01]
    status: {code: 307, message: Temporary Redirect}
- request:
    body: '1234567890'
    headers:
      Accept: ['*/*']
      Accept-Encoding: ['gzip, deflate']
      Connection: [keep-alive]
      Content-Length: ['10']
      User-Agent: [python-requests/2.10.0]
    method: POST
    uri: https://fakestore.azuredatalakestore.net/webhdfs/v1/azure_test_dir/a?OP=APPEND&append=true
  response:
    body: {string: ''}
    headers:
      cache-control: [no-cache]
      content-length: ['0']
      date: ['Sun, 21 Aug 2016 08:53:10 GMT']
      expires: ['-1']
      pragma: [no-cache]
      server-perf: ['[38774df7-24b6-4c79-9c91-633f324beb54][ AuthTime::0::PostAuthTime::0
          ][S-FsOpenStream :: 00:00:009 ms]%0a[S-FsGetStreamLength :: 00:00:008 ms]%0a[S-FsAppendStream
          :: 00:00:423 ms]%0a[BufferingTime :: 00:00:000 ms]%0a[WriteTime :: 00:00:423
          ms]%0a[S-FsCloseHandle :: 00:00:001 ms]%0a[APPEND :: 00:00:444 ms]%0a']
      status: ['0x0']
      strict-transport-security: [max-age=15724800; includeSubDomains]
      x-content-type-options: [nosniff]
      x-ms-request-id: [38774df7-24b6-4c79-9c91-633f324beb54]
      x-ms-webhdfs-version: [16.07.07.01]
    status: {code: 200, message: OK}
- request:
    body: null
    headers:
      Accept: ['*/*']
      Accept-Encoding: ['gzip, deflate']
      Connection: [keep-alive]
      User-Agent: [python-requests/2.10.0]
    method: GET
    uri: https://fakestore.azuredatalakestore.net/webhdfs/v1/azure_test_dir?OP=LISTSTATUS
  response:
    body: {string: '{"FileStatuses":{"FileStatus":[{"length":10,"pathSuffix":"a","type":"FILE","blockSize":268435456,"accessTime":1471769589861,"modificationTime":1471769590376,"replication":1,"permission":"770","owner":"49b2f9ec-818a-49ca-9424-249e1f19f7d7","group":"49b2f9ec-818a-49ca-9424-249e1f19f7d7"}]}}'}
    headers:
      cache-control: [no-cache]
      content-length: ['289']
      content-type: [application/json; charset=utf-8]
      date: ['Sun, 21 Aug 2016 08:53:10 GMT']
      expires: ['-1']
      pragma: [no-cache]
      server-perf: ['[510ce7b0-8905-432c-9201-384ba6da1326][ AuthTime::0::PostAuthTime::0
          ][S-HdfsListStatus :: 00:00:011 ms]%0a[LISTSTATUS :: 00:00:011 ms]%0a']
      status: ['0x0']
      strict-transport-security: [max-age=15724800; includeSubDomains]
      x-content-type-options: [nosniff]
      x-ms-request-id: [510ce7b0-8905-432c-9201-384ba6da1326]
      x-ms-webhdfs-version: [16.07.07.01]
    status: {code: 200, message: OK}
- request:
    body: null
    headers:
      Accept: ['*/*']
      Accept-Encoding: ['gzip, deflate']
      Connection: [keep-alive]
      User-Agent: [python-requests/2.10.0]
    method: GET
    uri: https://fakestore.azuredatalakestore.net/webhdfs/v1/azure_test_dir/a?length=10&offset=0&OP=OPEN
  response:
    body: {string: ''}
    headers:
      cache-control: [no-cache]
      content-length: ['0']
      contentlength: ['0']
      date: ['Sun, 21 Aug 2016 08:53:10 GMT']
      expires: ['-1']
      location: ['https://fakestore.azuredatalakestore.net/webhdfs/v1/azure_test_dir/a?length=10&offset=0&OP=OPEN&read=true']
      pragma: [no-cache]
      server-perf: ['[5db1723e-1c5e-436a-8e60-fc027a3e98af][ AuthTime::0::PostAuthTime::0
          ][OPEN :: 00:00:000 ms]%0a']
      status: ['0x0']
      strict-transport-security: [max-age=15724800; includeSubDomains]
      x-content-type-options: [nosniff]
      x-ms-request-id: [5db1723e-1c5e-436a-8e60-fc027a3e98af]
      x-ms-webhdfs-version: [16.07.07.01]
    status: {code: 307, message: Temporary Redirect}
- request:
    body: null
    headers:
      Accept: ['*/*']
      Accept-Encoding: ['gzip, deflate']
      Connection: [keep-alive]
      User-Agent: [python-requests/2.10.0]
    method: GET
    uri: https://fakestore.azuredatalakestore.net/webhdfs/v1/azure_test_dir/a?length=10&offset=0&OP=OPEN&read=true
  response:
    body: {string: '1234567890'}
    headers:
      cache-control: [no-cache]
      content-type: [application/octet-stream]
      date: ['Sun, 21 Aug 2016 08:53:10 GMT']
      expires: ['-1']
      pragma: [no-cache]
      server-perf: ['[c2c9e9c0-3587-49f6-8bac-e3217503d65c][ AuthTime::0::PostAuthTime::0
          ][S-FsOpenStream :: 00:00:020 ms]%0a[S-FsReadStream :: 00:00:017 ms]%0a[OPEN
          :: 00:00:038 ms]%0a']
      status: ['0x0']
      strict-transport-security: [max-age=15724800; includeSubDomains]
      transfer-encoding: [chunked]
      x-content-type-options: [nosniff]
      x-ms-request-id: [c2c9e9c0-3587-49f6-8bac-e3217503d65c]
      x-ms-webhdfs-version: [16.07.07.01]
    status: {code: 200, message: OK}
- request:
    body: null
    headers:
      Accept: ['*/*']
      Accept-Encoding: ['gzip, deflate']
      Connection: [keep-alive]
      Content-Length: ['0']
      User-Agent: [python-requests/2.10.0]
    method: DELETE
    uri: https://fakestore.azuredatalakestore.net/webhdfs/v1/azure_test_dir/a?recursive=True&OP=DELETE
  response:
    body: {string: '{"boolean":true}'}
    headers:
      cache-control: [no-cache]
      content-length: ['16']
      content-type: [application/json; charset=utf-8]
      date: ['Sun, 21 Aug 2016 08:53:11 GMT']
      expires: ['-1']
      pragma: [no-cache]
      server-perf: ['[ca33562e-1528-4462-aa44-fde74e4ce7a8][ AuthTime::0::PostAuthTime::0
          ][S-FsDelete :: 00:00:065 ms]%0a[DELETE :: 00:00:066 ms]%0a']
      status: ['0x0']
      strict-transport-security: [max-age=15724800; includeSubDomains]
      x-content-type-options: [nosniff]
      x-ms-request-id: [ca33562e-1528-4462-aa44-fde74e4ce7a8]
      x-ms-webhdfs-version: [16.07.07.01]
    status: {code: 200, message: OK}
- request:
    body: null
    headers:
      Accept: ['*/*']
      Accept-Encoding: ['gzip, deflate']
      Connection: [keep-alive]
      Content-Length: ['0']
      User-Agent: [python-requests/2.11.1]
    method: PUT
    uri: https://fakestore.azuredatalakestore.net/webhdfs/v1/azure_test_dir/a?OP=CREATE&overwrite=True
  response:
    body: {string: ''}
    headers:
      Cache-Control: [no-cache]
      Content-Length: ['0']
      ContentLength: ['0']
      Date: ['Wed, 31 Aug 2016 23:08:08 GMT']
      Expires: ['-1']
      Location: ['https://fakestore.azuredatalakestore.net/webhdfs/v1/azure_test_dir/a?OP=CREATE&overwrite=True&write=true']
      Pragma: [no-cache]
      Server-Perf: ['[9264c9e8-ba64-489e-b9ac-666f58ccedb4][ AuthTime::0::PostAuthTime::0
          ][S-HdfsGetFileStatusV2 :: 00:00:006 ms]%0a[CREATE :: 00:00:006 ms]%0a']
      Status: ['0x8309000A']
      Strict-Transport-Security: [max-age=15724800; includeSubDomains]
      X-Content-Type-Options: [nosniff]
      x-ms-request-id: [9264c9e8-ba64-489e-b9ac-666f58ccedb4]
      x-ms-webhdfs-version: [16.07.07.01]
    status: {code: 307, message: Temporary Redirect}
- request:
    body: null
    headers:
      Accept: ['*/*']
      Accept-Encoding: ['gzip, deflate']
      Connection: [keep-alive]
      Content-Length: ['0']
      User-Agent: [python-requests/2.11.1]
    method: PUT
    uri: https://fakestore.azuredatalakestore.net/webhdfs/v1/azure_test_dir/a?OP=CREATE&overwrite=True&write=true
  response:
    body: {string: ''}
    headers:
      Cache-Control: [no-cache]
      Content-Length: ['0']
      ContentLength: ['0']
      Date: ['Wed, 31 Aug 2016 23:08:08 GMT']
      Expires: ['-1']
      Location: ['https://fakestore.azuredatalakestore.net/webhdfs/v1/azure_test_dir/a?OP=CREATE&overwrite=True&write=true']
      Pragma: [no-cache]
      Server-Perf: ['[79d51bb5-9f37-4431-a107-805b42891371][ AuthTime::0::PostAuthTime::0
          ][S-HdfsGetFileStatusV2 :: 00:00:006 ms]%0a[S-HdfsCheckAccess :: 00:00:002
          ms]%0a[S-FsDelete :: 00:00:005 ms]%0a[S-FsOpenStream :: 00:00:043 ms]%0a[BufferingTime
          :: 00:00:000 ms]%0a[WriteTime :: 00:00:000 ms]%0a[S-FsAppendStream :: 00:00:042
          ms]%0a[S-FsCloseHandle :: 00:00:001 ms]%0a[CREATE :: 00:00:105 ms]%0a']
      Status: ['0x0']
      Strict-Transport-Security: [max-age=15724800; includeSubDomains]
      X-Content-Type-Options: [nosniff]
      x-ms-request-id: [79d51bb5-9f37-4431-a107-805b42891371]
      x-ms-webhdfs-version: [16.07.07.01]
    status: {code: 201, message: Created}
- request:
    body: '1234567890'
    headers:
      Accept: ['*/*']
      Accept-Encoding: ['gzip, deflate']
      Connection: [keep-alive]
      Content-Length: ['10']
      User-Agent: [python-requests/2.11.1]
    method: POST
    uri: https://fakestore.azuredatalakestore.net/webhdfs/v1/azure_test_dir/a?OP=APPEND
  response:
    body: {string: ''}
    headers:
      Cache-Control: [no-cache]
      Content-Length: ['0']
      ContentLength: ['0']
      Date: ['Wed, 31 Aug 2016 23:08:08 GMT']
      Expires: ['-1']
      Location: ['https://fakestore.azuredatalakestore.net/webhdfs/v1/azure_test_dir/a?OP=APPEND&append=true']
      Pragma: [no-cache]
      Server-Perf: ['[1b2d2226-4930-4cbe-a579-808b0ab834e3][ AuthTime::0::PostAuthTime::0
          ][APPEND :: 00:00:000 ms]%0a']
      Status: ['0x0']
      Strict-Transport-Security: [max-age=15724800; includeSubDomains]
      X-Content-Type-Options: [nosniff]
      x-ms-request-id: [1b2d2226-4930-4cbe-a579-808b0ab834e3]
      x-ms-webhdfs-version: [16.07.07.01]
    status: {code: 307, message: Temporary Redirect}
- request:
    body: '1234567890'
    headers:
      Accept: ['*/*']
      Accept-Encoding: ['gzip, deflate']
      Connection: [keep-alive]
      Content-Length: ['10']
      User-Agent: [python-requests/2.11.1]
    method: POST
    uri: https://fakestore.azuredatalakestore.net/webhdfs/v1/azure_test_dir/a?OP=APPEND&append=true
  response:
    body: {string: ''}
    headers:
      Cache-Control: [no-cache]
      Content-Length: ['0']
      Date: ['Wed, 31 Aug 2016 23:08:08 GMT']
      Expires: ['-1']
      Pragma: [no-cache]
      Server-Perf: ['[560c05b5-36e9-46a5-9f62-be8c0ada4ac3][ AuthTime::0::PostAuthTime::0
          ][S-FsOpenStream :: 00:00:014 ms]%0a[S-FsGetStreamLength :: 00:00:012 ms]%0a[S-FsAppendStream
          :: 00:00:134 ms]%0a[BufferingTime :: 00:00:000 ms]%0a[WriteTime :: 00:00:134
          ms]%0a[S-FsAppendStream :: 00:00:031 ms]%0a[S-FsCloseHandle :: 00:00:002
          ms]%0a[APPEND :: 00:00:197 ms]%0a']
      Status: ['0x0']
      Strict-Transport-Security: [max-age=15724800; includeSubDomains]
      X-Content-Type-Options: [nosniff]
      x-ms-request-id: [560c05b5-36e9-46a5-9f62-be8c0ada4ac3]
      x-ms-webhdfs-version: [16.07.07.01]
    status: {code: 200, message: OK}
- request:
    body: null
    headers:
      Accept: ['*/*']
      Accept-Encoding: ['gzip, deflate']
      Connection: [keep-alive]
      User-Agent: [python-requests/2.11.1]
    method: GET
    uri: https://fakestore.azuredatalakestore.net/webhdfs/v1/azure_test_dir?OP=LISTSTATUS
  response:
    body: {string: '{"FileStatuses":{"FileStatus":[{"length":10,"pathSuffix":"a","type":"FILE","blockSize":268435456,"accessTime":1472684888682,"modificationTime":1472684889192,"replication":1,"permission":"770","owner":"49b2f9ec-818a-49ca-9424-249e1f19f7d7","group":"49b2f9ec-818a-49ca-9424-249e1f19f7d7"}]}}'}
    headers:
      Cache-Control: [no-cache]
      Content-Length: ['289']
      Content-Type: [application/json; charset=utf-8]
      Date: ['Wed, 31 Aug 2016 23:08:09 GMT']
      Expires: ['-1']
      Pragma: [no-cache]
      Server-Perf: ['[91ac7447-2789-48a5-9f1c-8354bfe604e9][ AuthTime::0::PostAuthTime::0
          ][S-HdfsListStatus :: 00:00:120 ms]%0a[LISTSTATUS :: 00:00:121 ms]%0a']
      Status: ['0x0']
      Strict-Transport-Security: [max-age=15724800; includeSubDomains]
      X-Content-Type-Options: [nosniff]
      x-ms-request-id: [91ac7447-2789-48a5-9f1c-8354bfe604e9]
      x-ms-webhdfs-version: [16.07.07.01]
    status: {code: 200, message: OK}
- request:
    body: null
    headers:
      Accept: ['*/*']
      Accept-Encoding: ['gzip, deflate']
      Connection: [keep-alive]
      User-Agent: [python-requests/2.11.1]
    method: GET
    uri: https://fakestore.azuredatalakestore.net/webhdfs/v1/azure_test_dir/a?OP=OPEN&length=10&offset=0
  response:
    body: {string: ''}
    headers:
      Cache-Control: [no-cache]
      Content-Length: ['0']
      ContentLength: ['0']
      Date: ['Wed, 31 Aug 2016 23:08:09 GMT']
      Expires: ['-1']
      Location: ['https://fakestore.azuredatalakestore.net/webhdfs/v1/azure_test_dir/a?OP=OPEN&length=10&offset=0&read=true']
      Pragma: [no-cache]
      Server-Perf: ['[d3583768-4ff7-41f2-bce8-e82b083856e4][ AuthTime::0::PostAuthTime::0
          ][OPEN :: 00:00:000 ms]%0a']
      Status: ['0x0']
      Strict-Transport-Security: [max-age=15724800; includeSubDomains]
      X-Content-Type-Options: [nosniff]
      x-ms-request-id: [d3583768-4ff7-41f2-bce8-e82b083856e4]
      x-ms-webhdfs-version: [16.07.07.01]
    status: {code: 307, message: Temporary Redirect}
- request:
    body: null
    headers:
      Accept: ['*/*']
      Accept-Encoding: ['gzip, deflate']
      Connection: [keep-alive]
      User-Agent: [python-requests/2.11.1]
    method: GET
    uri: https://fakestore.azuredatalakestore.net/webhdfs/v1/azure_test_dir/a?OP=OPEN&length=10&offset=0&read=true
  response:
    body: {string: '1234567890'}
    headers:
      Cache-Control: [no-cache]
      Content-Type: [application/octet-stream]
      Date: ['Wed, 31 Aug 2016 23:08:09 GMT']
      Expires: ['-1']
      Pragma: [no-cache]
      Server-Perf: ['[ebc599a8-c033-4bdc-beb7-00e3559d7cf8][ AuthTime::0::PostAuthTime::0
          ][S-FsOpenStream :: 00:00:012 ms]%0a[S-FsReadStream :: 00:00:018 ms]%0a[OPEN
          :: 00:00:031 ms]%0a']
      Status: ['0x0']
      Strict-Transport-Security: [max-age=15724800; includeSubDomains]
      Transfer-Encoding: [chunked]
      X-Content-Type-Options: [nosniff]
      x-ms-request-id: [ebc599a8-c033-4bdc-beb7-00e3559d7cf8]
      x-ms-webhdfs-version: [16.07.07.01]
    status: {code: 200, message: OK}
- request:
    body: null
    headers:
      Accept: ['*/*']
      Accept-Encoding: ['gzip, deflate']
      Connection: [keep-alive]
      Content-Length: ['0']
      User-Agent: [python-requests/2.11.1]
    method: DELETE
    uri: https://fakestore.azuredatalakestore.net/webhdfs/v1/azure_test_dir/a?OP=DELETE&recursive=True
  response:
    body: {string: '{"boolean":true}'}
    headers:
      Cache-Control: [no-cache]
      Content-Length: ['16']
      Content-Type: [application/json; charset=utf-8]
      Date: ['Wed, 31 Aug 2016 23:08:09 GMT']
      Expires: ['-1']
      Pragma: [no-cache]
      Server-Perf: ['[9cbbc5a6-28e8-4931-a1b8-cd8cacb48661][ AuthTime::0::PostAuthTime::0
          ][S-FsDelete :: 00:00:072 ms]%0a[DELETE :: 00:00:076 ms]%0a']
      Status: ['0x0']
      Strict-Transport-Security: [max-age=15724800; includeSubDomains]
      X-Content-Type-Options: [nosniff]
      x-ms-request-id: [9cbbc5a6-28e8-4931-a1b8-cd8cacb48661]
      x-ms-webhdfs-version: [16.07.07.01]
    status: {code: 200, message: OK}
version: 1
