interactions:
- request:
    body: null
    headers:
      Accept: ['*/*']
      Accept-Encoding: ['gzip, deflate']
      Connection: [keep-alive]
      User-Agent: [python/3.5.2 (Windows-10-10.0.15063-SP0) azure.datalake.store.lib/0.0.10
          Azure-Data-Lake-Store-SDK-For-Python]
      x-ms-client-request-id: [45bc0292-4267-11e7-8297-645106422854]
    method: GET
    uri: https://fakestore.azuredatalakestore.net/webhdfs/v1/azure_test_dir/a?OP=GETFILESTATUS&api-version=2016-11-01
  response:
    body: {string: '{"RemoteException":{"exception":"FileNotFoundException","message":"File/Folder
        does not exist: /azure_test_dir/a [4c50dade-f4cd-4914-9aa5-afc904bff889][2017-05-26T16:01:38.0998347-07:00]","javaClassName":"java.io.FileNotFoundException"}}'}
    headers:
      Cache-Control: ['no-cache, no-cache, no-store, max-age=0']
      Content-Length: ['237']
      Content-Type: [application/json; charset=utf-8]
      Date: ['Fri, 26 May 2017 23:01:37 GMT']
      Expires: ['-1']
      Pragma: [no-cache]
      Status: ['0x8309000A']
      Strict-Transport-Security: [max-age=15724800; includeSubDomains]
      X-Content-Type-Options: [nosniff]
      x-ms-request-id: [4c50dade-f4cd-4914-9aa5-afc904bff889]
      x-ms-webhdfs-version: [16.12.19.00]
    status: {code: 404, message: Not Found}
- request:
    body: '123

      456'
    headers:
      Accept: ['*/*']
      Accept-Encoding: ['gzip, deflate']
      Connection: [keep-alive]
      Content-Length: ['7']
      User-Agent: [python/3.5.2 (Windows-10-10.0.15063-SP0) azure.datalake.store.lib/0.0.10
          Azure-Data-Lake-Store-SDK-For-Python]
      x-ms-client-request-id: [45fc2ed8-4267-11e7-96f6-645106422854]
    method: PUT
    uri: https://fakestore.azuredatalakestore.net/webhdfs/v1/azure_test_dir/a?OP=CREATE&api-version=2016-11-01&write=true&overwrite=true
  response:
    body: {string: ''}
    headers:
      Cache-Control: ['no-cache, no-cache, no-store, max-age=0']
      Content-Length: ['0']
      ContentLength: ['0']
      Date: ['Fri, 26 May 2017 23:01:37 GMT']
      Expires: ['-1']
      Location: ['https://fakestore.azuredatalakestore.net/webhdfs/v1/azure_test_dir/a?OP=CREATE&api-version=2016-11-01&write=true&overwrite=true']
      Pragma: [no-cache]
      Status: ['0x0']
      Strict-Transport-Security: [max-age=15724800; includeSubDomains]
      X-Content-Type-Options: [nosniff]
      x-ms-request-id: [f58b6f12-1438-4c60-8065-785ad34919bd]
      x-ms-webhdfs-version: [16.12.19.00]
    status: {code: 201, message: Created}
- request:
    body: null
    headers:
      Accept: ['*/*']
      Accept-Encoding: ['gzip, deflate']
      Connection: [keep-alive]
      User-Agent: [python/3.5.2 (Windows-10-10.0.15063-SP0) azure.datalake.store.lib/0.0.10
          Azure-Data-Lake-Store-SDK-For-Python]
      x-ms-client-request-id: [462536f4-4267-11e7-81bc-645106422854]
    method: GET
    uri: https://fakestore.azuredatalakestore.net/webhdfs/v1/azure_test_dir/a?OP=GETFILESTATUS&api-version=2016-11-01
  response:
    body: {string: '{"FileStatus":{"length":7,"pathSuffix":"","type":"FILE","blockSize":268435456,"accessTime":1495839698250,"modificationTime":1495839698311,"replication":1,"permission":"770","owner":"9a23860e-03b0-4bad-a8b7-e1d081d592bd","group":"2e6c02d2-a364-4530-9137-d17403996cbf","msExpirationTime":0,"aclBit":false}}'}
    headers:
      Cache-Control: ['no-cache, no-cache, no-store, max-age=0']
      Content-Length: ['304']
      Content-Type: [application/json; charset=utf-8]
      Date: ['Fri, 26 May 2017 23:01:37 GMT']
      Expires: ['-1']
      Pragma: [no-cache]
      Status: ['0x0']
      Strict-Transport-Security: [max-age=15724800; includeSubDomains]
      X-Content-Type-Options: [nosniff]
      x-ms-request-id: [f9d55cbc-62ff-4dae-91d9-ab5cf81fae45]
      x-ms-webhdfs-version: [16.12.19.00]
    status: {code: 200, message: OK}
- request:
    body: null
    headers:
      Accept: ['*/*']
      Accept-Encoding: ['gzip, deflate']
      Connection: [keep-alive]
      User-Agent: [python/3.5.2 (Windows-10-10.0.15063-SP0) azure.datalake.store.lib/0.0.10
          Azure-Data-Lake-Store-SDK-For-Python]
      x-ms-client-request-id: [4638ec52-4267-11e7-a34b-645106422854]
    method: GET
    uri: https://fakestore.azuredatalakestore.net/webhdfs/v1/azure_test_dir/a?OP=GETFILESTATUS&api-version=2016-11-01
  response:
    body: {string: '{"FileStatus":{"length":7,"pathSuffix":"","type":"FILE","blockSize":268435456,"accessTime":1495839698250,"modificationTime":1495839698311,"replication":1,"permission":"770","owner":"9a23860e-03b0-4bad-a8b7-e1d081d592bd","group":"2e6c02d2-a364-4530-9137-d17403996cbf","msExpirationTime":0,"aclBit":false}}'}
    headers:
      Cache-Control: ['no-cache, no-cache, no-store, max-age=0']
      Content-Length: ['304']
      Content-Type: [application/json; charset=utf-8]
      Date: ['Fri, 26 May 2017 23:01:38 GMT']
      Expires: ['-1']
      Pragma: [no-cache]
      Status: ['0x0']
      Strict-Transport-Security: [max-age=15724800; includeSubDomains]
      X-Content-Type-Options: [nosniff]
      x-ms-request-id: [118048d1-84eb-4297-a322-7f6dce6c4344]
      x-ms-webhdfs-version: [16.12.19.00]
    status: {code: 200, message: OK}
- request:
    body: null
    headers:
      Accept: ['*/*']
      Accept-Encoding: ['gzip, deflate']
      Connection: [keep-alive]
      User-Agent: [python/3.5.2 (Windows-10-10.0.15063-SP0) azure.datalake.store.lib/0.0.10
          Azure-Data-Lake-Store-SDK-For-Python]
      x-ms-client-request-id: [464c5c58-4267-11e7-8490-645106422854]
    method: GET
    uri: https://fakestore.azuredatalakestore.net/webhdfs/v1/azure_test_dir/a?OP=GETFILESTATUS&api-version=2016-11-01
  response:
    body: {string: '{"FileStatus":{"length":7,"pathSuffix":"","type":"FILE","blockSize":268435456,"accessTime":1495839698250,"modificationTime":1495839698311,"replication":1,"permission":"770","owner":"9a23860e-03b0-4bad-a8b7-e1d081d592bd","group":"2e6c02d2-a364-4530-9137-d17403996cbf","msExpirationTime":0,"aclBit":false}}'}
    headers:
      Cache-Control: ['no-cache, no-cache, no-store, max-age=0']
      Content-Length: ['304']
      Content-Type: [application/json; charset=utf-8]
      Date: ['Fri, 26 May 2017 23:01:38 GMT']
      Expires: ['-1']
      Pragma: [no-cache]
      Status: ['0x0']
      Strict-Transport-Security: [max-age=15724800; includeSubDomains]
      X-Content-Type-Options: [nosniff]
      x-ms-request-id: [8b3f7278-c5c1-4a6b-928d-b3abcb9f961d]
      x-ms-webhdfs-version: [16.12.19.00]
    status: {code: 200, message: OK}
- request:
    body: null
    headers:
      Accept: ['*/*']
      Accept-Encoding: ['gzip, deflate']
      Connection: [keep-alive]
      User-Agent: [python/3.5.2 (Windows-10-10.0.15063-SP0) azure.datalake.store.lib/0.0.10
          Azure-Data-Lake-Store-SDK-For-Python]
      x-ms-client-request-id: [467f19b6-4267-11e7-923d-645106422854]
    method: GET
    uri: https://fakestore.azuredatalakestore.net/webhdfs/v1/azure_test_dir/a?OP=OPEN&api-version=2016-11-01&read=true&offset=0&length=7
  response:
    body: {string: '123

        456'}
    headers:
      Cache-Control: ['no-cache, no-cache, no-store, max-age=0']
      Content-Type: [application/octet-stream]
      Date: ['Fri, 26 May 2017 23:01:38 GMT']
      Expires: ['-1']
      Pragma: [no-cache]
      Status: ['0x0']
      Strict-Transport-Security: [max-age=15724800; includeSubDomains]
      Transfer-Encoding: [chunked]
      X-Content-Type-Options: [nosniff]
      x-ms-request-id: [7735750d-8f89-48bf-97ed-2819d6413c18]
      x-ms-webhdfs-version: [16.12.19.00]
    status: {code: 200, message: OK}
- request:
    body: null
    headers:
      Accept: ['*/*']
      Accept-Encoding: ['gzip, deflate']
      Connection: [keep-alive]
      User-Agent: [python/3.5.2 (Windows-10-10.0.15063-SP0) azure.datalake.store.lib/0.0.10
          Azure-Data-Lake-Store-SDK-For-Python]
      x-ms-client-request-id: [469722c0-4267-11e7-876b-645106422854]
    method: GET
    uri: https://fakestore.azuredatalakestore.net/webhdfs/v1/azure_test_dir/a?OP=GETFILESTATUS&api-version=2016-11-01
  response:
    body: {string: '{"FileStatus":{"length":7,"pathSuffix":"","type":"FILE","blockSize":268435456,"accessTime":1495839698250,"modificationTime":1495839698311,"replication":1,"permission":"770","owner":"9a23860e-03b0-4bad-a8b7-e1d081d592bd","group":"2e6c02d2-a364-4530-9137-d17403996cbf","msExpirationTime":0,"aclBit":false}}'}
    headers:
      Cache-Control: ['no-cache, no-cache, no-store, max-age=0']
      Content-Length: ['304']
      Content-Type: [application/json; charset=utf-8]
      Date: ['Fri, 26 May 2017 23:01:38 GMT']
      Expires: ['-1']
      Pragma: [no-cache]
      Status: ['0x0']
      Strict-Transport-Security: [max-age=15724800; includeSubDomains]
      X-Content-Type-Options: [nosniff]
      x-ms-request-id: [b80d4e38-e007-4bd8-9a72-d7de4b87cf81]
      x-ms-webhdfs-version: [16.12.19.00]
    status: {code: 200, message: OK}
- request:
    body: null
    headers:
      Accept: ['*/*']
      Accept-Encoding: ['gzip, deflate']
      Connection: [keep-alive]
      User-Agent: [python/3.5.2 (Windows-10-10.0.15063-SP0) azure.datalake.store.lib/0.0.10
          Azure-Data-Lake-Store-SDK-For-Python]
      x-ms-client-request-id: [46aa963e-4267-11e7-82e1-645106422854]
    method: GET
    uri: https://fakestore.azuredatalakestore.net/webhdfs/v1/azure_test_dir/a?OP=GETFILESTATUS&api-version=2016-11-01
  response:
    body: {string: '{"FileStatus":{"length":7,"pathSuffix":"","type":"FILE","blockSize":268435456,"accessTime":1495839698250,"modificationTime":1495839698311,"replication":1,"permission":"770","owner":"9a23860e-03b0-4bad-a8b7-e1d081d592bd","group":"2e6c02d2-a364-4530-9137-d17403996cbf","msExpirationTime":0,"aclBit":false}}'}
    headers:
      Cache-Control: ['no-cache, no-cache, no-store, max-age=0']
      Content-Length: ['304']
      Content-Type: [application/json; charset=utf-8]
      Date: ['Fri, 26 May 2017 23:01:38 GMT']
      Expires: ['-1']
      Pragma: [no-cache]
      Status: ['0x0']
      Strict-Transport-Security: [max-age=15724800; includeSubDomains]
      X-Content-Type-Options: [nosniff]
      x-ms-request-id: [e8f0c288-4331-4f7d-aea6-8a8260b2ada9]
      x-ms-webhdfs-version: [16.12.19.00]
    status: {code: 200, message: OK}
- request:
    body: null
    headers:
      Accept: ['*/*']
      Accept-Encoding: ['gzip, deflate']
      Connection: [keep-alive]
      User-Agent: [python/3.5.2 (Windows-10-10.0.15063-SP0) azure.datalake.store.lib/0.0.10
          Azure-Data-Lake-Store-SDK-For-Python]
      x-ms-client-request-id: [46be013e-4267-11e7-9e97-645106422854]
    method: GET
    uri: https://fakestore.azuredatalakestore.net/webhdfs/v1/azure_test_dir/a?OP=GETFILESTATUS&api-version=2016-11-01
  response:
    body: {string: '{"FileStatus":{"length":7,"pathSuffix":"","type":"FILE","blockSize":268435456,"accessTime":1495839698250,"modificationTime":1495839698311,"replication":1,"permission":"770","owner":"9a23860e-03b0-4bad-a8b7-e1d081d592bd","group":"2e6c02d2-a364-4530-9137-d17403996cbf","msExpirationTime":0,"aclBit":false}}'}
    headers:
      Cache-Control: ['no-cache, no-cache, no-store, max-age=0']
      Content-Length: ['304']
      Content-Type: [application/json; charset=utf-8]
      Date: ['Fri, 26 May 2017 23:01:38 GMT']
      Expires: ['-1']
      Pragma: [no-cache]
      Status: ['0x0']
      Strict-Transport-Security: [max-age=15724800; includeSubDomains]
      X-Content-Type-Options: [nosniff]
      x-ms-request-id: [abf77777-aace-47bc-8dd5-f03abd679f22]
      x-ms-webhdfs-version: [16.12.19.00]
    status: {code: 200, message: OK}
- request:
    body: null
    headers:
      Accept: ['*/*']
      Accept-Encoding: ['gzip, deflate']
      Connection: [keep-alive]
      User-Agent: [python/3.5.2 (Windows-10-10.0.15063-SP0) azure.datalake.store.lib/0.0.10
          Azure-Data-Lake-Store-SDK-For-Python]
      x-ms-client-request-id: [46d21228-4267-11e7-a7e1-645106422854]
    method: GET
    uri: https://fakestore.azuredatalakestore.net/webhdfs/v1/azure_test_dir/a?OP=OPEN&api-version=2016-11-01&read=true&offset=0&length=7
  response:
    body: {string: '123

        456'}
    headers:
      Cache-Control: ['no-cache, no-cache, no-store, max-age=0']
      Content-Type: [application/octet-stream]
      Date: ['Fri, 26 May 2017 23:01:39 GMT']
      Expires: ['-1']
      Pragma: [no-cache]
      Status: ['0x0']
      Strict-Transport-Security: [max-age=15724800; includeSubDomains]
      Transfer-Encoding: [chunked]
      X-Content-Type-Options: [nosniff]
      x-ms-request-id: [bd212ec9-d032-4de2-9f12-c09985210259]
      x-ms-webhdfs-version: [16.12.19.00]
    status: {code: 200, message: OK}
- request:
    body: null
    headers:
      Accept: ['*/*']
      Accept-Encoding: ['gzip, deflate']
      Connection: [keep-alive]
      User-Agent: [python/3.5.2 (Windows-10-10.0.15063-SP0) azure.datalake.store.lib/0.0.10
          Azure-Data-Lake-Store-SDK-For-Python]
      x-ms-client-request-id: [46eaed00-4267-11e7-8f7b-645106422854]
    method: GET
    uri: https://fakestore.azuredatalakestore.net/webhdfs/v1/azure_test_dir/a?OP=GETFILESTATUS&api-version=2016-11-01
  response:
    body: {string: '{"FileStatus":{"length":7,"pathSuffix":"","type":"FILE","blockSize":268435456,"accessTime":1495839698250,"modificationTime":1495839698311,"replication":1,"permission":"770","owner":"9a23860e-03b0-4bad-a8b7-e1d081d592bd","group":"2e6c02d2-a364-4530-9137-d17403996cbf","msExpirationTime":0,"aclBit":false}}'}
    headers:
      Cache-Control: ['no-cache, no-cache, no-store, max-age=0']
      Content-Length: ['304']
      Content-Type: [application/json; charset=utf-8]
      Date: ['Fri, 26 May 2017 23:01:39 GMT']
      Expires: ['-1']
      Pragma: [no-cache]
      Status: ['0x0']
      Strict-Transport-Security: [max-age=15724800; includeSubDomains]
      X-Content-Type-Options: [nosniff]
      x-ms-request-id: [b0749cf2-1306-43c4-af74-5ecab7d1fc5a]
      x-ms-webhdfs-version: [16.12.19.00]
    status: {code: 200, message: OK}
- request:
    body: null
    headers:
      Accept: ['*/*']
      Accept-Encoding: ['gzip, deflate']
      Connection: [keep-alive]
      User-Agent: [python/3.5.2 (Windows-10-10.0.15063-SP0) azure.datalake.store.lib/0.0.10
          Azure-Data-Lake-Store-SDK-For-Python]
      x-ms-client-request-id: [472591c2-4267-11e7-9291-645106422854]
    method: GET
    uri: https://fakestore.azuredatalakestore.net/webhdfs/v1/azure_test_dir/a?OP=GETFILESTATUS&api-version=2016-11-01
  response:
    body: {string: '{"FileStatus":{"length":7,"pathSuffix":"","type":"FILE","blockSize":268435456,"accessTime":1495839698250,"modificationTime":1495839698311,"replication":1,"permission":"770","owner":"9a23860e-03b0-4bad-a8b7-e1d081d592bd","group":"2e6c02d2-a364-4530-9137-d17403996cbf","msExpirationTime":0,"aclBit":false}}'}
    headers:
      Cache-Control: ['no-cache, no-cache, no-store, max-age=0']
      Content-Length: ['304']
      Content-Type: [application/json; charset=utf-8]
      Date: ['Fri, 26 May 2017 23:01:39 GMT']
      Expires: ['-1']
      Pragma: [no-cache]
      Status: ['0x0']
      Strict-Transport-Security: [max-age=15724800; includeSubDomains]
      X-Content-Type-Options: [nosniff]
      x-ms-request-id: [1d2e8db2-2287-44a8-92e7-ae3059ba4259]
      x-ms-webhdfs-version: [16.12.19.00]
    status: {code: 200, message: OK}
- request:
    body: null
    headers:
      Accept: ['*/*']
      Accept-Encoding: ['gzip, deflate']
      Connection: [keep-alive]
      Content-Length: ['0']
      User-Agent: [python/3.5.2 (Windows-10-10.0.15063-SP0) azure.datalake.store.lib/0.0.10
          Azure-Data-Lake-Store-SDK-For-Python]
      x-ms-client-request-id: [473936d0-4267-11e7-bd2f-645106422854]
    method: PUT
    uri: https://fakestore.azuredatalakestore.net/webhdfs/v1/azure_test_dir/a?OP=CREATE&api-version=2016-11-01&write=true&overwrite=true
  response:
    body: {string: ''}
    headers:
      Cache-Control: ['no-cache, no-cache, no-store, max-age=0']
      Content-Length: ['0']
      ContentLength: ['0']
      Date: ['Fri, 26 May 2017 23:01:39 GMT']
      Expires: ['-1']
      Location: ['https://fakestore.azuredatalakestore.net/webhdfs/v1/azure_test_dir/a?OP=CREATE&api-version=2016-11-01&write=true&overwrite=true']
      Pragma: [no-cache]
      Status: ['0x0']
      Strict-Transport-Security: [max-age=15724800; includeSubDomains]
      X-Content-Type-Options: [nosniff]
      x-ms-request-id: [893f9aff-460a-4a30-972b-2327a2396e1e]
      x-ms-webhdfs-version: [16.12.19.00]
    status: {code: 201, message: Created}
- request:
    body: null
    headers:
      Accept: ['*/*']
      Accept-Encoding: ['gzip, deflate']
      Connection: [keep-alive]
      User-Agent: [python/3.5.2 (Windows-10-10.0.15063-SP0) azure.datalake.store.lib/0.0.10
          Azure-Data-Lake-Store-SDK-For-Python]
      x-ms-client-request-id: [47697018-4267-11e7-9751-645106422854]
    method: GET
    uri: https://fakestore.azuredatalakestore.net/webhdfs/v1/azure_test_dir/a?OP=GETFILESTATUS&api-version=2016-11-01
  response:
    body: {string: '{"FileStatus":{"length":0,"pathSuffix":"","type":"FILE","blockSize":268435456,"accessTime":1495839700474,"modificationTime":1495839700474,"replication":1,"permission":"770","owner":"9a23860e-03b0-4bad-a8b7-e1d081d592bd","group":"2e6c02d2-a364-4530-9137-d17403996cbf","msExpirationTime":0,"aclBit":false}}'}
    headers:
      Cache-Control: ['no-cache, no-cache, no-store, max-age=0']
      Content-Length: ['304']
      Content-Type: [application/json; charset=utf-8]
      Date: ['Fri, 26 May 2017 23:01:39 GMT']
      Expires: ['-1']
      Pragma: [no-cache]
      Status: ['0x0']
      Strict-Transport-Security: [max-age=15724800; includeSubDomains]
      X-Content-Type-Options: [nosniff]
      x-ms-request-id: [e4ab5d7d-9375-4b6b-9138-f262e955f7ab]
      x-ms-webhdfs-version: [16.12.19.00]
    status: {code: 200, message: OK}
- request:
    body: null
    headers:
      Accept: ['*/*']
      Accept-Encoding: ['gzip, deflate']
      Connection: [keep-alive]
      User-Agent: [python/3.5.2 (Windows-10-10.0.15063-SP0) azure.datalake.store.lib/0.0.10
          Azure-Data-Lake-Store-SDK-For-Python]
      x-ms-client-request-id: [477cf258-4267-11e7-92e4-645106422854]
    method: GET
    uri: https://fakestore.azuredatalakestore.net/webhdfs/v1/azure_test_dir/a?OP=GETFILESTATUS&api-version=2016-11-01
  response:
    body: {string: '{"FileStatus":{"length":0,"pathSuffix":"","type":"FILE","blockSize":268435456,"accessTime":1495839700474,"modificationTime":1495839700474,"replication":1,"permission":"770","owner":"9a23860e-03b0-4bad-a8b7-e1d081d592bd","group":"2e6c02d2-a364-4530-9137-d17403996cbf","msExpirationTime":0,"aclBit":false}}'}
    headers:
      Cache-Control: ['no-cache, no-cache, no-store, max-age=0']
      Content-Length: ['304']
      Content-Type: [application/json; charset=utf-8]
      Date: ['Fri, 26 May 2017 23:01:40 GMT']
      Expires: ['-1']
      Pragma: [no-cache]
      Status: ['0x0']
      Strict-Transport-Security: [max-age=15724800; includeSubDomains]
      X-Content-Type-Options: [nosniff]
      x-ms-request-id: [5a653344-3963-44cb-8f97-936225d9710b]
      x-ms-webhdfs-version: [16.12.19.00]
    status: {code: 200, message: OK}
- request:
    body: 'fe

      fi

      fo

      fe

      fi

      fo

      fe

      fi

      fo

      fe

      fi

      fo

      fe

      fi

      fo

      fe

      fi

      fo

      fe

      fi

      fo

      fe

      fi

      fo

      fe

      fi

      fo

      fe

      fi

      fo

      fe

      fi

      fo

      fe

      fi

      fo

      fe

      fi

      fo

      fe

      fi

      fo

      fe

      fi

      fo

      fe

      fi

      fo

      fe

      fi

      fo

      fe

      fi

      fo

      fe

      fi

      fo

      fe

      fi

      fo

      fe

      fi

      fo

      fe

      fi

      fo

      fe

      fi

      fo

      fe

      fi

      fo

      fe

      fi

      fo

      fe

      fi

      fo

      fe

      fi

      fo

      fe

      fi

      fo

      fe

      fi

      fo

      fe

      fi

      fo

      fe

      fi

      fo

      fe

      fi

      fo

      fe

      fi

      fo

      fe

      fi

      fo

      fe

      fi

      fo

      fe

      fi

      fo

      fe

      fi

      fo

      fe

      fi

      fo

      fe

      fi

      fo

      fe

      fi

      fo

      fe

      fi

      fo

      fe

      fi

      fo

      fe

      fi

      fo

      fe

      fi

      fo

      fe

      fi

      fo

      fe

      fi

      fo

      fe

      fi

      fo

      fe

      fi

      fo

      fe

      fi

      fo

      fe

      fi

      fo

      fe

      fi

      fo

      fe

      fi

      fo

      fe

      fi

      fo

      fe

      fi

      fo

      fe

      fi

      fo

      fe

      fi

      fo

      fe

      fi

      fo

      fe

      fi

      fo

      fe

      fi

      fo

      fe

      fi

      fo

      fe

      fi

      fo

      fe

      fi

      fo

      fe

      fi

      fo

      fe

      fi

      fo

      fe

      fi

      fo

      fe

      fi

      fo

      fe

      fi

      fo

      fe

      fi

      fo

      fe

      fi

      fo

      fe

      fi

      fo

      fe

      fi

      fo

      fe

      fi

      fo

      fe

      fi

      fo

      fe

      fi

      fo

      fe

      fi

      fo

      fe

      fi

      fo

      fe

      fi

      fo

      fe

      fi

      fo

      fe

      fi

      fo

      fe

      fi

      fo

      fe

      fi

      fo

      fe

      fi

      fo

      fe

      fi

      fo

      fe

      fi

      fo

      fe

      fi

      fo

      fe

      fi

      fo

      fe

      fi

      fo

      fe

      fi

      fo

      fe

      fi

      fo

      fe

      fi

      fo

      fe

      fi

      fo

      fe

      fi

      fo

      fe

      fi

      fo

      fe

      fi

      fo

      fe

      fi

      fo

      fe

      fi

      fo

      fe

      fi

      fo

      fe

      fi

      fo

      fe

      fi

      fo

      fe

      fi

      fo

      fe

      fi

      fo

      fe

      fi

      fo

      fe

      fi

      fo

      fe

      fi

      fo

      fe

      fi

      fo

      fe

      fi

      fo

      fe

      fi

      fo

      fe

      fi

      fo

      fe

      fi

      fo

      fe

      fi

      fo

      fe

      fi

      fo

      fe

      fi

      fo

      fe

      fi

      fo

      fe

      fi

      fo

      fe

      fi

      fo

      fe

      fi

      fo

      fe

      fi

      fo

      fe

      fi

      fo

      fe

      fi

      fo

      fe

      fi

      fo

      fe

      fi

      fo

      fe

      fi

      fo

      fe

      fi

      fo

      fe

      fi

      fo

      fe

      fi

      fo

      fe

      fi

      fo

      fe

      fi

      fo

      fe

      fi

      fo

      fe

      fi

      fo

      fe

      fi

      fo

      fe

      fi

      fo

      fe

      fi

      fo

      fe

      fi

      fo

      fe

      fi

      fo

      fe

      fi

      fo

      fe

      fi

      fo

      fe

      fi

      fo

      fe

      fi

      fo

      fe

      fi

      fo

      fe

      fi

      fo

      fe

      fi

      fo

      fe

      fi

      fo

      fe

      fi

      fo

      fe

      fi

      fo

      fe

      fi

      fo

      fe

      fi

      fo

      fe

      fi

      fo

      fe

      fi

      fo

      fe

      fi

      fo

      fe

      fi

      fo

      fe

      fi

      fo

      fe

      fi

      fo

      fe

      fi

      fo

      fe

      fi

      fo

      fe

      fi

      fo

      fe

      fi

      fo

      fe

      fi

      fo

      fe

      fi

      fo

      fe

      fi

      fo

      fe

      fi

      fo

      fe

      fi

      fo

      fe

      fi

      fo

      fe

      fi

      fo

      fe

      fi

      fo

      fe

      fi

      fo

      fe

      fi

      fo

      fe

      fi

      fo

      fe

      fi

      fo

      fe

      fi

      fo

      fe

      fi

      fo

      fe

      fi

      fo

      fe

      fi

      fo

      fe

      fi

      fo

      fe

      fi

      fo

      fe

      fi

      fo

      fe

      fi

      fo

      fe

      fi

      fo

      fe

      fi

      fo

      fe

      fi

      fo

      fe

      fi

      fo

      fe

      fi

      fo

      fe

      fi

      fo

      fe

      fi

      fo

      fe

      fi

      fo

      fe

      fi

      fo

      fe

      fi

      fo

      fe

      fi

      fo

      fe

      fi

      fo

      fe

      fi

      fo

      fe

      fi

      fo

      fe

      fi

      fo

      fe

      fi

      fo

      fe

      fi

      fo

      fe

      fi

      fo

      fe

      fi

      fo

      fe

      fi

      fo

      fe

      fi

      fo

      fe

      fi

      fo

      fe

      fi

      fo

      fe

      fi

      fo

      fe

      fi

      fo

      fe

      fi

      fo

      fe

      fi

      fo

      fe

      fi

      fo

      fe

      fi

      fo

      fe

      fi

      fo

      fe

      fi

      fo

      fe

      fi

      fo

      fe

      fi

      fo

      fe

      fi

      fo

      fe

      fi

      fo

      fe

      fi

      fo

      fe

      fi

      fo

      fe

      fi

      fo

      fe

      fi

      fo

      fe

      fi

      fo

      fe

      fi

      fo

      fe

      fi

      fo

      fe

      fi

      fo

      fe

      fi

      fo

      fe

      fi

      fo

      fe

      fi

      fo

      fe

      fi

      fo

      fe

      fi

      fo

      fe

      fi

      fo

      fe

      fi

      fo

      fe

      fi

      fo

      fe

      fi

      fo

      fe

      fi

      fo

      fe

      fi

      fo

      fe

      fi

      fo

      fe

      fi

      fo

      fe

      fi

      fo

      fe

      fi

      fo

      fe

      fi

      fo

      fe

      fi

      fo

      fe

      fi

      fo

      fe

      fi

      fo

      fe

      fi

      fo

      fe

      fi

      fo

      fe

      fi

      fo

      fe

      fi

      fo

      fe

      fi

      fo

      fe

      fi

      fo

      fe

      fi

      fo

      fe

      fi

      fo

      fe

      fi

      fo

      fe

      fi

      fo

      fe

      fi

      fo

      fe

      fi

      fo

      fe

      fi

      fo

      fe

      fi

      fo

      fe

      fi

      fo

      fe

      fi

      fo

      fe

      fi

      fo

      fe

      fi

      fo

      fe

      fi

      fo

      fe

      fi

      fo

      fe

      fi

      fo

      fe

      fi

      fo

      fe

      fi

      fo

      fe

      fi

      fo

      fe

      fi

      fo

      fe

      fi

      fo

      fe

      fi

      fo

      fe

      fi

      fo

      fe

      fi

      fo

      fe

      fi

      fo

      fe

      fi

      fo

      fe

      fi

      fo

      fe

      fi

      fo

      fe

      fi

      fo

      fe

      fi

      fo

      fe

      fi

      fo

      fe

      fi

      fo

      fe

      fi

      fo

      fe

      fi

      fo

      fe

      fi

      fo

      fe

      fi

      fo

      fe

      fi

      fo

      fe

      fi

      fo

      fe

      fi

      fo

      fe

      fi

      fo

      fe

      fi

      fo

      fe

      fi

      fo

      fe

      fi

      fo

      fe

      fi

      fo

      fe

      fi

      fo

      fe

      fi

      fo

      fe

      fi

      fo

      fe

      fi

      fo

      fe

      fi

      fo

      fe

      fi

      fo

      fe

      fi

      fo

      fe

      fi

      fo

      fe

      fi

      fo

      fe

      fi

      fo

      fe

      fi

      fo

      fe

      fi

      fo

      fe

      fi

      fo

      fe

      fi

      fo

      fe

      fi

      fo

      fe

      fi

      fo

      fe

      fi

      fo

      fe

      fi

      fo

      fe

      fi

      fo

      fe

      fi

      fo

      fe

      fi

      fo

      fe

      fi

      fo

      fe

      fi

      fo

      fe

      fi

      fo

      fe

      fi

      fo

      fe

      fi

      fo

      fe

      fi

      fo

      fe

      fi

      fo

      fe

      fi

      fo

      fe

      fi

      fo

      fe

      fi

      fo

      fe

      fi

      fo

      fe

      fi

      fo

      fe

      fi

      fo

      fe

      fi

      fo

      fe

      fi

      fo

      fe

      fi

      fo

      fe

      fi

      fo

      fe

      fi

      fo

      fe

      fi

      fo

      fe

      fi

      fo

      fe

      fi

      fo

      fe

      fi

      fo

      fe

      fi

      fo

      fe

      fi

      fo

      fe

      fi

      fo

      fe

      fi

      fo

      fe

      fi

      fo

      fe

      fi

      fo

      fe

      fi

      fo

      fe

      fi

      fo

      fe

      fi

      fo

      fe

      fi

      fo

      fe

      fi

      fo

      fe

      fi

      fo

      fe

      fi

      fo

      fe

      fi

      fo

      fe

      fi

      fo

      fe

      fi

      fo

      fe

      fi

      fo

      fe

      fi

      fo

      fe

      fi

      fo

      fe

      fi

      fo

      fe

      fi

      fo

      fe

      fi

      fo

      fe

      fi

      fo

      fe

      fi

      fo

      fe

      fi

      fo

      fe

      fi

      fo

      fe

      fi

      fo

      fe

      fi

      fo

      fe

      fi

      fo

      fe

      fi

      fo

      fe

      fi

      fo

      fe

      fi

      fo

      fe

      fi

      fo

      fe

      fi

      fo

      fe

      fi

      fo

      fe

      fi

      fo

      fe

      fi

      fo

      fe

      fi

      fo

      fe

      fi

      fo

      fe

      fi

      fo

      fe

      fi

      fo

      fe

      fi

      fo

      fe

      fi

      fo

      fe

      fi

      fo

      fe

      fi

      fo

      fe

      fi

      fo

      fe

      fi

      fo

      fe

      fi

      fo

      fe

      fi

      fo

      fe

      fi

      fo

      fe

      fi

      fo

      fe

      fi

      fo

      fe

      fi

      fo

      fe

      fi

      fo

      fe

      fi

      fo

      fe

      fi

      fo

      fe

      fi

      fo

      fe

      fi

      fo

      fe

      fi

      fo

      fe

      fi

      fo

      fe

      fi

      fo

      fe

      fi

      fo

      fe

      fi

      fo

      fe

      fi

      fo

      fe

      fi

      fo

      fe

      fi

      fo

      fe

      fi

      fo

      fe

      fi

      fo

      fe

      fi

      fo

      fe

      fi

      fo

      fe

      fi

      fo

      fe

      fi

      fo

      fe

      fi

      fo

      fe

      fi

      fo

      fe

      fi

      fo

      fe

      fi

      fo

      fe

      fi

      fo

      fe

      fi

      fo

      fe

      fi

      fo

      fe

      fi

      fo

      fe

      fi

      fo

      fe

      fi

      fo

      fe

      fi

      fo

      fe

      fi

      fo

      fe

      fi

      fo

      fe

      fi

      fo

      fe

      fi

      fo

      fe

      fi

      fo

      fe

      fi

      fo

      fe

      fi

      fo

      fe

      fi

      fo

      fe

      fi

      fo

      fe

      fi

      fo

      fe

      fi

      fo

      fe

      fi

      fo

      fe

      fi

      fo

      fe

      fi

      fo

      fe

      fi

      fo

      fe

      fi

      fo

      fe

      fi

      fo

      fe

      fi

      fo

      fe

      fi

      fo

      fe

      fi

      fo

      fe

      fi

      fo

      fe

      fi

      fo

      fe

      fi

      fo

      fe

      fi

      fo

      fe

      fi

      fo

      fe

      fi

      fo

      fe

      fi

      fo

      fe

      fi

      fo

      fe

      fi

      fo

      fe

      fi

      fo

      fe

      fi

      fo

      fe

      fi

      fo

      fe

      fi

      fo

      fe

      fi

      fo

      fe

      fi

      fo

      fe

      fi

      fo

      fe

      fi

      fo

      fe

      fi

      fo

      fe

      fi

      fo

      fe

      fi

      fo

      fe

      fi

      fo

      fe

      fi

      fo

      fe

      fi

      fo

      fe

      fi

      fo

      fe

      fi

      fo

      fe

      fi

      fo

      fe

      fi

      fo

      fe

      fi

      fo

      fe

      fi

      fo

      fe

      fi

      fo

      fe

      fi

      fo

      fe

      fi

      fo

      fe

      fi

      fo

      fe

      fi

      fo

      fe

      fi

      fo

      fe

      fi

      fo

      fe

      fi

      fo

      fe

      fi

      fo

      fe

      fi

      fo

      fe

      fi

      fo

      fe

      fi

      fo

      fe

      fi

      fo

      fe

      fi

      fo

      fe

      fi

      fo

      fe

      fi

      fo

      fe

      fi

      fo

      fe

      fi

      fo

      fe

      fi

      fo

      fe

      fi

      fo

      fe

      fi

      fo

      fe

      fi

      fo

      fe

      fi

      fo

      fe

      fi

      fo

      fe

      fi

      fo

      fe

      fi

      fo

      fe

      fi

      fo

      fe

      fi

      fo

      fe

      fi

      fo

      fe

      fi

      fo

      fe

      fi

      fo

      fe

      fi

      fo

      fe

      fi

      fo

      fe

      fi

      fo

      fe

      fi

      fo

      fe

      fi

      fo

      fe

      fi

      fo

      fe

      fi

      fo

      fe

      fi

      fo

      fe

      fi

      fo

      fe

      fi

      fo

      fe

      fi

      fo

      fe

      fi

      fo

      fe

      fi

      fo

      fe

      fi

      fo

      fe

      fi

      fo

      fe

      fi

      fo

      fe

      fi

      fo

      fe

      fi

      fo

      fe

      fi

      fo

      fe

      fi

      fo

      fe

      fi

      fo

      fe

      fi

      fo

      fe

      fi

      fo

      fe

      fi

      fo

      fe

      fi

      fo

      fe

      fi

      fo

      fe

      fi

      fo

      fe

      fi

      fo

      fe

      fi

      fo

      fe

      fi

      fo

      fe

      fi

      fo

      fe

      fi

      fo

      fe

      fi

      fo

      fe

      fi

      fo

      fe

      fi

      fo

      fe

      fi

      fo

      fe

      fi

      fo

      fe

      fi

      fo

      fe

      fi

      fo

      fe

      fi

      fo

      fe

      fi

      fo

      fe

      fi

      fo

      fe

      fi

      fo

      fe

      fi

      fo

      fe

      fi

      fo

      fe

      fi

      fo

      fe

      fi

      fo

      fe

      fi

      fo

      fe

      fi

      fo

      fe

      fi

      fo

      fe

      fi

      fo

      fe

      fi

      fo

      fe

      fi

      fo

      fe

      fi

      fo

      fe

      fi

      fo

      fe

      fi

      fo

      fe

      fi

      fo

      fe

      fi

      fo

      fe

      fi

      fo

      fe

      fi

      fo

      fe

      fi

      fo

      fe

      fi

      fo

      fe

      fi

      fo

      fe

      fi

      fo

      fe

      fi

      fo

      fe

      fi

      fo

      fe

      fi

      fo

      fe

      fi

      fo

      fe

      fi

      fo

      fe

      fi

      fo

      fe

      fi

      fo

      fe

      fi

      fo

      fe

      fi

      fo

      fe

      fi

      fo

      fe

      fi

      fo

      fe

      fi

      fo

      fe

      fi

      fo

      fe

      fi

      fo

      fe

      fi

      fo

      fe

      fi

      fo

      fe

      fi

      fo

      fe

      fi

      fo

      fe

      fi

      fo

      fe

      fi

      fo

      fe

      fi

      fo

      fe

      fi

      fo

      fe

      fi

      fo

      fe

      fi

      fo

      fe

      fi

      fo

      fe

      fi

      fo

      fe

      fi

      fo

      fe

      fi

      fo

      fe

      fi

      fo

      fe

      fi

      fo

      fe

      fi

      fo

      fe

      fi

      fo

      fe

      fi

      fo

      fe

      fi

      fo

      fe

      fi

      fo

      fe

      fi

      fo

      fe

      fi

      fo

      fe

      fi

      fo

      fe

      fi

      fo

      fe

      fi

      fo

      fe

      fi

      fo

      fe

      fi

      fo

      fe

      fi

      fo

      fe

      fi

      fo

      fe

      fi

      fo

      fe

      fi

      fo

      fe

      fi

      fo

      fe

      fi

      fo

      fe

      fi

      fo

      fe

      fi

      fo

      fe

      fi

      fo

      fe

      fi

      fo

      fe

      fi

      fo

      fe

      fi

      fo

      fe

      fi

      fo

      fe

      fi

      fo

      fe

      fi

      fo

      fe

      fi

      fo

      fe

      fi

      fo

      fe

      fi

      fo

      fe

      fi

      fo

      fe

      fi

      fo

      fe

      fi

      fo

      fe

      fi

      fo

      fe

      fi

      fo

      fe

      fi

      fo

      fe

      fi

      fo

      fe

      fi

      fo

      fe

      fi

      fo

      fe

      fi

      fo

      fe

      fi

      fo

      fe

      fi

      fo

      fe

      fi

      fo

      fe

      fi

      fo

      fe

      fi

      fo

      fe

      fi

      fo

      fe

      fi

      fo

      fe

      fi

      fo

      fe

      fi

      fo

      fe

      fi

      fo

      fe

      fi

      fo

      fe

      fi

      fo

      fe

      fi

      fo

      fe

      fi

      fo

      fe

      fi

      fo

      fe

      fi

      fo

      fe

      fi

      fo

      fe

      fi

      fo

      fe

      fi

      fo

      fe

      fi

      fo

      fe

      fi

      fo

      fe

      fi

      fo

      fe

      fi

      fo

      fe

      fi

      fo

      fe

      fi

      fo

      fe

      fi

      fo

      fe

      fi

      fo

      fe

      fi

      fo

      fe

      fi

      fo

      fe

      fi

      fo

      fe

      fi

      fo

      fe

      fi

      fo

      fe

      fi

      fo

      fe

      fi

      fo

      fe

      fi

      fo

      fe

      fi

      fo

      fe

      fi

      fo

      fe

      fi

      fo

      fe

      fi

      fo

      fe

      fi

      fo

      fe

      fi

      fo

      fe

      fi

      fo

      fe

      fi

      fo

      fe

      fi

      fo

      fe

      fi

      fo

      fe

      fi

      fo

      fe

      fi

      fo

      fe

      fi

      fo

      fe

      fi

      fo

      fe

      fi

      fo

      fe

      fi

      fo

      fe

      fi

      fo

      fe

      fi

      fo

      fe

      fi

      fo

      fe

      fi

      fo

      fe

      fi

      fo

      fe

      fi

      fo

      fe

      fi

      fo

      fe

      fi

      fo

      fe

      fi

      fo

      fe

      fi

      fo

      fe

      fi

      fo

      fe

      fi

      fo

      fe

      fi

      fo

      fe

      fi

      fo

      fe

      fi

      fo

      fe

      fi

      fo

      fe

      fi

      fo

      fe

      fi

      fo

      fe

      fi

      fo

      fe

      fi

      fo

      fe

      fi

      fo

      fe

      fi

      fo

      fe

      fi

      fo

      fe

      fi

      fo

      fe

      fi

      fo

      fe

      fi

      fo

      fe

      fi

      fo

      fe

      fi

      fo

      fe

      fi

      fo

      fe

      fi

      fo

      fe

      fi

      fo

      fe

      fi

      fo

      fe

      fi

      fo

      fe

      fi

      fo

      fe

      fi

      fo

      fe

      fi

      fo

      fe

      fi

      fo

      fe

      fi

      fo

      fe

      fi

      fo

      fe

      fi

      fo

      fe

      fi

      fo

      fe

      fi

      fo

      fe

      fi

      fo

      fe

      fi

      fo

      fe

      fi

      fo

      fe

      fi

      fo

      fe

      fi

      fo

      fe

      fi

      fo

      fe

      fi

      fo

      fe

      fi

      fo

      fe

      fi

      fo

      fe

      fi

      fo

      fe

      fi

      fo

      fe

      fi

      fo

      fe

      fi

      fo

      fe

      fi

      fo

      fe

      fi

      fo

      fe

      fi

      fo

      fe

      fi

      fo

      fe

      fi

      fo

      fe

      fi

      fo

      fe

      fi

      fo

      fe

      fi

      fo

      fe

      fi

      fo

      fe

      fi

      fo

      fe

      fi

      fo

      fe

      fi

      fo

      fe

      fi

      fo

      fe

      fi

      fo

      fe

      fi

      fo

      fe

      fi

      fo

      fe

      fi

      fo

      fe

      fi

      fo

      fe

      fi

      fo

      fe

      fi

      fo

      fe

      fi

      fo

      fe

      fi

      fo

      fe

      fi

      fo

      fe

      fi

      fo

      fe

      fi

      fo

      fe

      fi

      fo

      fe

      fi

      fo

      fe

      fi

      fo

      fe

      fi

      fo

      fe

      fi

      fo

      fe

      fi

      fo

      fe

      fi

      fo

      fe

      fi

      fo

      fe

      fi

      fo

      fe

      fi

      fo

      fe

      fi

      fo

      fe

      fi

      fo

      fe

      fi

      fo

      fe

      fi

      fo

      fe

      fi

      fo

      fe

      fi

      fo

      fe

      fi

      fo

      fe

      fi

      fo

      fe

      fi

      fo

      fe

      fi

      fo

      fe

      fi

      fo

      fe

      fi

      fo

      fe

      fi

      fo

      fe

      fi

      fo

      fe

      fi

      fo

      fe

      fi

      fo

      fe

      fi

      fo

      fe

      fi

      fo

      fe

      fi

      fo

      fe

      fi

      fo

      fe

      fi

      fo

      fe

      fi

      fo

      fe

      fi

      fo

      fe

      fi

      fo

      fe

      fi

      fo

      fe

      fi

      fo

      fe

      fi

      fo

      fe

      fi

      fo

      fe

      fi

      fo

      fe

      fi

      fo

      fe

      fi

      fo

      fe

      fi

      fo

      fe

      fi

      fo

      fe

      fi

      fo

      fe

      fi

      fo

      fe

      fi

      fo

      fe

      fi

      fo

      fe

      fi

      fo

      fe

      fi

      fo

      fe

      fi

      fo

      fe

      fi

      fo

      fe

      fi

      fo

      fe

      fi

      fo

      fe

      fi

      fo

      fe

      fi

      fo

      fe

      fi

      fo

      fe

      fi

      fo

      fe

      fi

      fo

      fe

      fi

      fo

      fe

      fi

      fo

      fe

      fi

      fo

      fe

      fi

      fo

      fe

      fi

      fo

      fe

      fi

      fo

      fe

      fi

      fo

      fe

      fi

      fo

      fe

      fi

      fo

      fe

      fi

      fo

      fe

      fi

      fo

      fe

      fi

      fo

      fe

      fi

      fo

      fe

      fi

      fo

      fe

      fi

      fo

      fe

      fi

      fo

      fe

      fi

      fo

      fe

      fi

      fo

      fe

      fi

      fo

      fe

      fi

      fo

      fe

      fi

      fo

      fe

      fi

      fo

      fe

      fi

      fo

      fe

      fi

      fo

      fe

      fi

      fo

      fe

      fi

      fo

      fe

      fi

      fo

      fe

      fi

      fo

      fe

      fi

      fo

      fe

      fi

      fo

      fe

      fi

      fo

      fe

      fi

      fo

      fe

      fi

      fo

      fe

      fi

      fo

      fe

      fi

      fo

      fe

      fi

      fo

      fe

      fi

      fo

      fe

      fi

      fo

      fe

      fi

      fo

      fe

      fi

      fo

      fe

      fi

      fo

      fe

      fi

      fo

      fe

      fi

      fo

      fe

      fi

      fo

      fe

      fi

      fo

      fe

      fi

      fo

      fe

      fi

      fo

      fe

      fi

      fo

      fe

      fi

      fo

      fe

      fi

      fo

      fe

      fi

      fo

      fe

      fi

      fo

      fe

      fi

      fo

      fe

      fi

      fo

      fe

      fi

      fo

      fe

      fi

      fo

      fe

      fi

      fo

      fe

      fi

      fo

      fe

      fi

      fo

      fe

      fi

      fo

      fe

      fi

      fo

      fe

      fi

      fo

      fe

      fi

      fo

      fe

      fi

      fo

      fe

      fi

      fo

      fe

      fi

      fo

      fe

      fi

      fo

      fe

      fi

      fo

      fe

      fi

      fo

      fe

      fi

      fo

      fe

      fi

      fo

      fe

      fi

      fo

      fe

      fi

      fo

      fe

      fi

      fo

      fe

      fi

      fo

      fe

      fi

      fo

      fe

      fi

      fo

      fe

      fi

      fo

      fe

      fi

      fo

      fe

      fi

      fo

      fe

      fi

      fo

      fe

      fi

      fo

      fe

      fi

      fo

      fe

      fi

      fo

      fe

      fi

      fo

      fe

      fi

      fo

      fe

      fi

      fo

      fe

      fi

      fo

      fe

      fi

      fo

      fe

      fi

      fo

      fe

      fi

      fo

      fe

      fi

      fo

      fe

      fi

      fo

      fe

      fi

      fo

      fe

      fi

      fo

      fe

      fi

      fo

      fe

      fi

      fo

      fe

      fi

      fo

      fe

      fi

      fo

      fe

      fi

      fo

      fe

      fi

      fo

      fe

      fi

      fo

      fe

      fi

      fo

      fe

      fi

      fo

      fe

      fi

      fo

      fe

      fi

      fo

      fe

      fi

      fo

      fe

      fi

      fo

      fe

      fi

      fo

      fe

      fi

      fo

      fe

      fi

      fo

      fe

      fi

      fo

      fe

      fi

      fo

      fe

      fi

      fo

      fe

      fi

      fo

      fe

      fi

      fo

      fe

      fi

      fo

      fe

      fi

      fo

      fe

      fi

      fo

      fe

      fi

      fo

      fe

      fi

      fo

      fe

      fi

      fo

      fe

      fi

      fo

      fe

      fi

      fo

      fe

      fi

      fo

      fe

      fi

      fo

      fe

      fi

      fo

      fe

      fi

      fo

      fe

      fi

      fo

      fe

      fi

      fo

      fe

      fi

      fo

      fe

      fi

      fo

      fe

      fi

      fo

      fe

      fi

      fo

      fe

      fi

      fo

      fe

      fi

      fo

      fe

      fi

      fo

      fe

      fi

      fo

      fe

      fi

      fo

      fe

      fi

      fo

      fe

      fi

      fo

      fe

      fi

      fo

      fe

      fi

      fo

      fe

      fi

      fo

      fe

      fi

      fo

      fe

      fi

      fo

      fe

      fi

      fo

      fe

      fi

      fo

      fe

      fi

      fo

      fe

      fi

      fo

      fe

      fi

      fo

      fe

      fi

      fo

      fe

      fi

      fo

      fe

      fi

      fo

      fe

      fi

      fo

      fe

      fi

      fo

      fe

      fi

      fo

      fe

      fi

      fo

      fe

      fi

      fo

      fe

      fi

      fo

      fe

      fi

      fo

      fe

      fi

      fo

      fe

      fi

      fo

      fe

      fi

      fo

      fe

      fi

      fo

      fe

      fi

      fo

      fe

      fi

      fo

      fe

      fi

      fo

      fe

      fi

      fo

      fe

      fi

      fo

      fe

      fi

      fo

      fe

      fi

      fo

      fe

      fi

      fo

      fe

      fi

      fo

      fe

      fi

      fo

      fe

      fi

      fo

      fe

      fi

      fo

      fe

      fi

      fo

      fe

      fi

      fo

      fe

      fi

      fo

      fe

      fi

      fo

      fe

      fi

      fo

      fe

      fi

      fo

      fe

      fi

      fo'
    headers:
      Accept: ['*/*']
      Accept-Encoding: ['gzip, deflate']
      Connection: [keep-alive]
      Content-Length: ['8999']
      User-Agent: [python/3.5.2 (Windows-10-10.0.15063-SP0) azure.datalake.store.lib/0.0.10
          Azure-Data-Lake-Store-SDK-For-Python]
      x-ms-client-request-id: [479fa70a-4267-11e7-8e02-645106422854]
    method: PUT
    uri: https://fakestore.azuredatalakestore.net/webhdfs/v1/azure_test_dir/a?OP=CREATE&api-version=2016-11-01&write=true&overwrite=true
  response:
    body: {string: ''}
    headers:
      Cache-Control: ['no-cache, no-cache, no-store, max-age=0']
      Content-Length: ['0']
      ContentLength: ['0']
      Date: ['Fri, 26 May 2017 23:01:40 GMT']
      Expires: ['-1']
      Location: ['https://fakestore.azuredatalakestore.net/webhdfs/v1/azure_test_dir/a?OP=CREATE&api-version=2016-11-01&write=true&overwrite=true']
      Pragma: [no-cache]
      Status: ['0x0']
      Strict-Transport-Security: [max-age=15724800; includeSubDomains]
      X-Content-Type-Options: [nosniff]
      x-ms-request-id: [63ac6c75-5f7e-4e01-b436-4d2a93410923]
      x-ms-webhdfs-version: [16.12.19.00]
    status: {code: 201, message: Created}
- request:
    body: null
    headers:
      Accept: ['*/*']
      Accept-Encoding: ['gzip, deflate']
      Connection: [keep-alive]
      User-Agent: [python/3.5.2 (Windows-10-10.0.15063-SP0) azure.datalake.store.lib/0.0.10
          Azure-Data-Lake-Store-SDK-For-Python]
      x-ms-client-request-id: [47d27fa6-4267-11e7-9d50-645106422854]
    method: GET
    uri: https://fakestore.azuredatalakestore.net/webhdfs/v1/azure_test_dir/a?OP=GETFILESTATUS&api-version=2016-11-01
  response:
    body: {string: '{"FileStatus":{"length":8999,"pathSuffix":"","type":"FILE","blockSize":268435456,"accessTime":1495839701066,"modificationTime":1495839701099,"replication":1,"permission":"770","owner":"9a23860e-03b0-4bad-a8b7-e1d081d592bd","group":"2e6c02d2-a364-4530-9137-d17403996cbf","msExpirationTime":0,"aclBit":false}}'}
    headers:
      Cache-Control: ['no-cache, no-cache, no-store, max-age=0']
      Content-Length: ['307']
      Content-Type: [application/json; charset=utf-8]
      Date: ['Fri, 26 May 2017 23:01:40 GMT']
      Expires: ['-1']
      Pragma: [no-cache]
      Status: ['0x0']
      Strict-Transport-Security: [max-age=15724800; includeSubDomains]
      X-Content-Type-Options: [nosniff]
      x-ms-request-id: [09cf4052-4da0-4e6a-a03a-61a0e2bc9cfa]
      x-ms-webhdfs-version: [16.12.19.00]
    status: {code: 200, message: OK}
- request:
    body: null
    headers:
      Accept: ['*/*']
      Accept-Encoding: ['gzip, deflate']
      Connection: [keep-alive]
      User-Agent: [python/3.5.2 (Windows-10-10.0.15063-SP0) azure.datalake.store.lib/0.0.10
          Azure-Data-Lake-Store-SDK-For-Python]
      x-ms-client-request-id: [47e61b4a-4267-11e7-a0f8-645106422854]
    method: GET
    uri: https://fakestore.azuredatalakestore.net/webhdfs/v1/azure_test_dir/a?OP=GETFILESTATUS&api-version=2016-11-01
  response:
    body: {string: '{"FileStatus":{"length":8999,"pathSuffix":"","type":"FILE","blockSize":268435456,"accessTime":1495839701066,"modificationTime":1495839701099,"replication":1,"permission":"770","owner":"9a23860e-03b0-4bad-a8b7-e1d081d592bd","group":"2e6c02d2-a364-4530-9137-d17403996cbf","msExpirationTime":0,"aclBit":false}}'}
    headers:
      Cache-Control: ['no-cache, no-cache, no-store, max-age=0']
      Content-Length: ['307']
      Content-Type: [application/json; charset=utf-8]
      Date: ['Fri, 26 May 2017 23:01:40 GMT']
      Expires: ['-1']
      Pragma: [no-cache]
      Status: ['0x0']
      Strict-Transport-Security: [max-age=15724800; includeSubDomains]
      X-Content-Type-Options: [nosniff]
      x-ms-request-id: [d3e0798e-273a-4bff-b97b-0b34fd1958cc]
      x-ms-webhdfs-version: [16.12.19.00]
    status: {code: 200, message: OK}
- request:
    body: null
    headers:
      Accept: ['*/*']
      Accept-Encoding: ['gzip, deflate']
      Connection: [keep-alive]
      User-Agent: [python/3.5.2 (Windows-10-10.0.15063-SP0) azure.datalake.store.lib/0.0.10
          Azure-Data-Lake-Store-SDK-For-Python]
      x-ms-client-request-id: [47f9d3d8-4267-11e7-9bf3-645106422854]
    method: GET
    uri: https://fakestore.azuredatalakestore.net/webhdfs/v1/azure_test_dir/a?OP=GETFILESTATUS&api-version=2016-11-01
  response:
    body: {string: '{"FileStatus":{"length":8999,"pathSuffix":"","type":"FILE","blockSize":268435456,"accessTime":1495839701066,"modificationTime":1495839701099,"replication":1,"permission":"770","owner":"9a23860e-03b0-4bad-a8b7-e1d081d592bd","group":"2e6c02d2-a364-4530-9137-d17403996cbf","msExpirationTime":0,"aclBit":false}}'}
    headers:
      Cache-Control: ['no-cache, no-cache, no-store, max-age=0']
      Content-Length: ['307']
      Content-Type: [application/json; charset=utf-8]
      Date: ['Fri, 26 May 2017 23:01:40 GMT']
      Expires: ['-1']
      Pragma: [no-cache]
      Status: ['0x0']
      Strict-Transport-Security: [max-age=15724800; includeSubDomains]
      X-Content-Type-Options: [nosniff]
      x-ms-request-id: [900f33e0-daca-4e39-9372-3172fa736b07]
      x-ms-webhdfs-version: [16.12.19.00]
    status: {code: 200, message: OK}
- request:
    body: null
    headers:
      Accept: ['*/*']
      Accept-Encoding: ['gzip, deflate']
      Connection: [keep-alive]
      User-Agent: [python/3.5.2 (Windows-10-10.0.15063-SP0) azure.datalake.store.lib/0.0.10
          Azure-Data-Lake-Store-SDK-For-Python]
      x-ms-client-request-id: [480d7776-4267-11e7-a022-645106422854]
    method: GET
    uri: https://fakestore.azuredatalakestore.net/webhdfs/v1/azure_test_dir/a?OP=OPEN&api-version=2016-11-01&read=true&offset=0&length=8999
  response:
    body: {string: 'fe

        fi

        fo

        fe

        fi

        fo

        fe

        fi

        fo

        fe

        fi

        fo

        fe

        fi

        fo

        fe

        fi

        fo

        fe

        fi

        fo

        fe

        fi

        fo

        fe

        fi

        fo

        fe

        fi

        fo

        fe

        fi

        fo

        fe

        fi

        fo

        fe

        fi

        fo

        fe

        fi

        fo

        fe

        fi

        fo

        fe

        fi

        fo

        fe

        fi

        fo

        fe

        fi

        fo

        fe

        fi

        fo

        fe

        fi

        fo

        fe

        fi

        fo

        fe

        fi

        fo

        fe

        fi

        fo

        fe

        fi

        fo

        fe

        fi

        fo

        fe

        fi

        fo

        fe

        fi

        fo

        fe

        fi

        fo

        fe

        fi

        fo

        fe

        fi

        fo

        fe

        fi

        fo

        fe

        fi

        fo

        fe

        fi

        fo

        fe

        fi

        fo

        fe

        fi

        fo

        fe

        fi

        fo

        fe

        fi

        fo

        fe

        fi

        fo

        fe

        fi

        fo

        fe

        fi

        fo

        fe

        fi

        fo

        fe

        fi

        fo

        fe

        fi

        fo

        fe

        fi

        fo

        fe

        fi

        fo

        fe

        fi

        fo

        fe

        fi

        fo

        fe

        fi

        fo

        fe

        fi

        fo

        fe

        fi

        fo

        fe

        fi

        fo

        fe

        fi

        fo

        fe

        fi

        fo

        fe

        fi

        fo

        fe

        fi

        fo

        fe

        fi

        fo

        fe

        fi

        fo

        fe

        fi

        fo

        fe

        fi

        fo

        fe

        fi

        fo

        fe

        fi

        fo

        fe

        fi

        fo

        fe

        fi

        fo

        fe

        fi

        fo

        fe

        fi

        fo

        fe

        fi

        fo

        fe

        fi

        fo

        fe

        fi

        fo

        fe

        fi

        fo

        fe

        fi

        fo

        fe

        fi

        fo

        fe

        fi

        fo

        fe

        fi

        fo

        fe

        fi

        fo

        fe

        fi

        fo

        fe

        fi

        fo

        fe

        fi

        fo

        fe

        fi

        fo

        fe

        fi

        fo

        fe

        fi

        fo

        fe

        fi

        fo

        fe

        fi

        fo

        fe

        fi

        fo

        fe

        fi

        fo

        fe

        fi

        fo

        fe

        fi

        fo

        fe

        fi

        fo

        fe

        fi

        fo

        fe

        fi

        fo

        fe

        fi

        fo

        fe

        fi

        fo

        fe

        fi

        fo

        fe

        fi

        fo

        fe

        fi

        fo

        fe

        fi

        fo

        fe

        fi

        fo

        fe

        fi

        fo

        fe

        fi

        fo

        fe

        fi

        fo

        fe

        fi

        fo

        fe

        fi

        fo

        fe

        fi

        fo

        fe

        fi

        fo

        fe

        fi

        fo

        fe

        fi

        fo

        fe

        fi

        fo

        fe

        fi

        fo

        fe

        fi

        fo

        fe

        fi

        fo

        fe

        fi

        fo

        fe

        fi

        fo

        fe

        fi

        fo

        fe

        fi

        fo

        fe

        fi

        fo

        fe

        fi

        fo

        fe

        fi

        fo

        fe

        fi

        fo

        fe

        fi

        fo

        fe

        fi

        fo

        fe

        fi

        fo

        fe

        fi

        fo

        fe

        fi

        fo

        fe

        fi

        fo

        fe

        fi

        fo

        fe

        fi

        fo

        fe

        fi

        fo

        fe

        fi

        fo

        fe

        fi

        fo

        fe

        fi

        fo

        fe

        fi

        fo

        fe

        fi

        fo

        fe

        fi

        fo

        fe

        fi

        fo

        fe

        fi

        fo

        fe

        fi

        fo

        fe

        fi

        fo

        fe

        fi

        fo

        fe

        fi

        fo

        fe

        fi

        fo

        fe

        fi

        fo

        fe

        fi

        fo

        fe

        fi

        fo

        fe

        fi

        fo

        fe

        fi

        fo

        fe

        fi

        fo

        fe

        fi

        fo

        fe

        fi

        fo

        fe

        fi

        fo

        fe

        fi

        fo

        fe

        fi

        fo

        fe

        fi

        fo

        fe

        fi

        fo

        fe

        fi

        fo

        fe

        fi

        fo

        fe

        fi

        fo

        fe

        fi

        fo

        fe

        fi

        fo

        fe

        fi

        fo

        fe

        fi

        fo

        fe

        fi

        fo

        fe

        fi

        fo

        fe

        fi

        fo

        fe

        fi

        fo

        fe

        fi

        fo

        fe

        fi

        fo

        fe

        fi

        fo

        fe

        fi

        fo

        fe

        fi

        fo

        fe

        fi

        fo

        fe

        fi

        fo

        fe

        fi

        fo

        fe

        fi

        fo

        fe

        fi

        fo

        fe

        fi

        fo

        fe

        fi

        fo

        fe

        fi

        fo

        fe

        fi

        fo

        fe

        fi

        fo

        fe

        fi

        fo

        fe

        fi

        fo

        fe

        fi

        fo

        fe

        fi

        fo

        fe

        fi

        fo

        fe

        fi

        fo

        fe

        fi

        fo

        fe

        fi

        fo

        fe

        fi

        fo

        fe

        fi

        fo

        fe

        fi

        fo

        fe

        fi

        fo

        fe

        fi

        fo

        fe

        fi

        fo

        fe

        fi

        fo

        fe

        fi

        fo

        fe

        fi

        fo

        fe

        fi

        fo

        fe

        fi

        fo

        fe

        fi

        fo

        fe

        fi

        fo

        fe

        fi

        fo

        fe

        fi

        fo

        fe

        fi

        fo

        fe

        fi

        fo

        fe

        fi

        fo

        fe

        fi

        fo

        fe

        fi

        fo

        fe

        fi

        fo

        fe

        fi

        fo

        fe

        fi

        fo

        fe

        fi

        fo

        fe

        fi

        fo

        fe

        fi

        fo

        fe

        fi

        fo

        fe

        fi

        fo

        fe

        fi

        fo

        fe

        fi

        fo

        fe

        fi

        fo

        fe

        fi

        fo

        fe

        fi

        fo

        fe

        fi

        fo

        fe

        fi

        fo

        fe

        fi

        fo

        fe

        fi

        fo

        fe

        fi

        fo

        fe

        fi

        fo

        fe

        fi

        fo

        fe

        fi

        fo

        fe

        fi

        fo

        fe

        fi

        fo

        fe

        fi

        fo

        fe

        fi

        fo

        fe

        fi

        fo

        fe

        fi

        fo

        fe

        fi

        fo

        fe

        fi

        fo

        fe

        fi

        fo

        fe

        fi

        fo

        fe

        fi

        fo

        fe

        fi

        fo

        fe

        fi

        fo

        fe

        fi

        fo

        fe

        fi

        fo

        fe

        fi

        fo

        fe

        fi

        fo

        fe

        fi

        fo

        fe

        fi

        fo

        fe

        fi

        fo

        fe

        fi

        fo

        fe

        fi

        fo

        fe

        fi

        fo

        fe

        fi

        fo

        fe

        fi

        fo

        fe

        fi

        fo

        fe

        fi

        fo

        fe

        fi

        fo

        fe

        fi

        fo

        fe

        fi

        fo

        fe

        fi

        fo

        fe

        fi

        fo

        fe

        fi

        fo

        fe

        fi

        fo

        fe

        fi

        fo

        fe

        fi

        fo

        fe

        fi

        fo

        fe

        fi

        fo

        fe

        fi

        fo

        fe

        fi

        fo

        fe

        fi

        fo

        fe

        fi

        fo

        fe

        fi

        fo

        fe

        fi

        fo

        fe

        fi

        fo

        fe

        fi

        fo

        fe

        fi

        fo

        fe

        fi

        fo

        fe

        fi

        fo

        fe

        fi

        fo

        fe

        fi

        fo

        fe

        fi

        fo

        fe

        fi

        fo

        fe

        fi

        fo

        fe

        fi

        fo

        fe

        fi

        fo

        fe

        fi

        fo

        fe

        fi

        fo

        fe

        fi

        fo

        fe

        fi

        fo

        fe

        fi

        fo

        fe

        fi

        fo

        fe

        fi

        fo

        fe

        fi

        fo

        fe

        fi

        fo

        fe

        fi

        fo

        fe

        fi

        fo

        fe

        fi

        fo

        fe

        fi

        fo

        fe

        fi

        fo

        fe

        fi

        fo

        fe

        fi

        fo

        fe

        fi

        fo

        fe

        fi

        fo

        fe

        fi

        fo

        fe

        fi

        fo

        fe

        fi

        fo

        fe

        fi

        fo

        fe

        fi

        fo

        fe

        fi

        fo

        fe

        fi

        fo

        fe

        fi

        fo

        fe

        fi

        fo

        fe

        fi

        fo

        fe

        fi

        fo

        fe

        fi

        fo

        fe

        fi

        fo

        fe

        fi

        fo

        fe

        fi

        fo

        fe

        fi

        fo

        fe

        fi

        fo

        fe

        fi

        fo

        fe

        fi

        fo

        fe

        fi

        fo

        fe

        fi

        fo

        fe

        fi

        fo

        fe

        fi

        fo

        fe

        fi

        fo

        fe

        fi

        fo

        fe

        fi

        fo

        fe

        fi

        fo

        fe

        fi

        fo

        fe

        fi

        fo

        fe

        fi

        fo

        fe

        fi

        fo

        fe

        fi

        fo

        fe

        fi

        fo

        fe

        fi

        fo

        fe

        fi

        fo

        fe

        fi

        fo

        fe

        fi

        fo

        fe

        fi

        fo

        fe

        fi

        fo

        fe

        fi

        fo

        fe

        fi

        fo

        fe

        fi

        fo

        fe

        fi

        fo

        fe

        fi

        fo

        fe

        fi

        fo

        fe

        fi

        fo

        fe

        fi

        fo

        fe

        fi

        fo

        fe

        fi

        fo

        fe

        fi

        fo

        fe

        fi

        fo

        fe

        fi

        fo

        fe

        fi

        fo

        fe

        fi

        fo

        fe

        fi

        fo

        fe

        fi

        fo

        fe

        fi

        fo

        fe

        fi

        fo

        fe

        fi

        fo

        fe

        fi

        fo

        fe

        fi

        fo

        fe

        fi

        fo

        fe

        fi

        fo

        fe

        fi

        fo

        fe

        fi

        fo

        fe

        fi

        fo

        fe

        fi

        fo

        fe

        fi

        fo

        fe

        fi

        fo

        fe

        fi

        fo

        fe

        fi

        fo

        fe

        fi

        fo

        fe

        fi

        fo

        fe

        fi

        fo

        fe

        fi

        fo

        fe

        fi

        fo

        fe

        fi

        fo

        fe

        fi

        fo

        fe

        fi

        fo

        fe

        fi

        fo

        fe

        fi

        fo

        fe

        fi

        fo

        fe

        fi

        fo

        fe

        fi

        fo

        fe

        fi

        fo

        fe

        fi

        fo

        fe

        fi

        fo

        fe

        fi

        fo

        fe

        fi

        fo

        fe

        fi

        fo

        fe

        fi

        fo

        fe

        fi

        fo

        fe

        fi

        fo

        fe

        fi

        fo

        fe

        fi

        fo

        fe

        fi

        fo

        fe

        fi

        fo

        fe

        fi

        fo

        fe

        fi

        fo

        fe

        fi

        fo

        fe

        fi

        fo

        fe

        fi

        fo

        fe

        fi

        fo

        fe

        fi

        fo

        fe

        fi

        fo

        fe

        fi

        fo

        fe

        fi

        fo

        fe

        fi

        fo

        fe

        fi

        fo

        fe

        fi

        fo

        fe

        fi

        fo

        fe

        fi

        fo

        fe

        fi

        fo

        fe

        fi

        fo

        fe

        fi

        fo

        fe

        fi

        fo

        fe

        fi

        fo

        fe

        fi

        fo

        fe

        fi

        fo

        fe

        fi

        fo

        fe

        fi

        fo

        fe

        fi

        fo

        fe

        fi

        fo

        fe

        fi

        fo

        fe

        fi

        fo

        fe

        fi

        fo

        fe

        fi

        fo

        fe

        fi

        fo

        fe

        fi

        fo

        fe

        fi

        fo

        fe

        fi

        fo

        fe

        fi

        fo

        fe

        fi

        fo

        fe

        fi

        fo

        fe

        fi

        fo

        fe

        fi

        fo

        fe

        fi

        fo

        fe

        fi

        fo

        fe

        fi

        fo

        fe

        fi

        fo

        fe

        fi

        fo

        fe

        fi

        fo

        fe

        fi

        fo

        fe

        fi

        fo

        fe

        fi

        fo

        fe

        fi

        fo

        fe

        fi

        fo

        fe

        fi

        fo

        fe

        fi

        fo

        fe

        fi

        fo

        fe

        fi

        fo

        fe

        fi

        fo

        fe

        fi

        fo

        fe

        fi

        fo

        fe

        fi

        fo

        fe

        fi

        fo

        fe

        fi

        fo

        fe

        fi

        fo

        fe

        fi

        fo

        fe

        fi

        fo

        fe

        fi

        fo

        fe

        fi

        fo

        fe

        fi

        fo

        fe

        fi

        fo

        fe

        fi

        fo

        fe

        fi

        fo

        fe

        fi

        fo

        fe

        fi

        fo

        fe

        fi

        fo

        fe

        fi

        fo

        fe

        fi

        fo

        fe

        fi

        fo

        fe

        fi

        fo

        fe

        fi

        fo

        fe

        fi

        fo

        fe

        fi

        fo

        fe

        fi

        fo

        fe

        fi

        fo

        fe

        fi

        fo

        fe

        fi

        fo

        fe

        fi

        fo

        fe

        fi

        fo

        fe

        fi

        fo

        fe

        fi

        fo

        fe

        fi

        fo

        fe

        fi

        fo

        fe

        fi

        fo

        fe

        fi

        fo

        fe

        fi

        fo

        fe

        fi

        fo

        fe

        fi

        fo

        fe

        fi

        fo

        fe

        fi

        fo

        fe

        fi

        fo

        fe

        fi

        fo

        fe

        fi

        fo

        fe

        fi

        fo

        fe

        fi

        fo

        fe

        fi

        fo

        fe

        fi

        fo

        fe

        fi

        fo

        fe

        fi

        fo

        fe

        fi

        fo

        fe

        fi

        fo

        fe

        fi

        fo

        fe

        fi

        fo

        fe

        fi

        fo

        fe

        fi

        fo

        fe

        fi

        fo

        fe

        fi

        fo

        fe

        fi

        fo

        fe

        fi

        fo

        fe

        fi

        fo

        fe

        fi

        fo

        fe

        fi

        fo

        fe

        fi

        fo

        fe

        fi

        fo

        fe

        fi

        fo

        fe

        fi

        fo

        fe

        fi

        fo

        fe

        fi

        fo

        fe

        fi

        fo

        fe

        fi

        fo

        fe

        fi

        fo

        fe

        fi

        fo

        fe

        fi

        fo

        fe

        fi

        fo

        fe

        fi

        fo

        fe

        fi

        fo

        fe

        fi

        fo

        fe

        fi

        fo

        fe

        fi

        fo

        fe

        fi

        fo

        fe

        fi

        fo

        fe

        fi

        fo

        fe

        fi

        fo

        fe

        fi

        fo

        fe

        fi

        fo

        fe

        fi

        fo

        fe

        fi

        fo

        fe

        fi

        fo

        fe

        fi

        fo

        fe

        fi

        fo

        fe

        fi

        fo

        fe

        fi

        fo

        fe

        fi

        fo

        fe

        fi

        fo

        fe

        fi

        fo

        fe

        fi

        fo

        fe

        fi

        fo

        fe

        fi

        fo

        fe

        fi

        fo

        fe

        fi

        fo

        fe

        fi

        fo

        fe

        fi

        fo

        fe

        fi

        fo

        fe

        fi

        fo

        fe

        fi

        fo

        fe

        fi

        fo

        fe

        fi

        fo

        fe

        fi

        fo

        fe

        fi

        fo

        fe

        fi

        fo

        fe

        fi

        fo

        fe

        fi

        fo

        fe

        fi

        fo

        fe

        fi

        fo

        fe

        fi

        fo

        fe

        fi

        fo

        fe

        fi

        fo

        fe

        fi

        fo

        fe

        fi

        fo

        fe

        fi

        fo

        fe

        fi

        fo

        fe

        fi

        fo

        fe

        fi

        fo

        fe

        fi

        fo

        fe

        fi

        fo

        fe

        fi

        fo

        fe

        fi

        fo

        fe

        fi

        fo

        fe

        fi

        fo

        fe

        fi

        fo

        fe

        fi

        fo

        fe

        fi

        fo

        fe

        fi

        fo

        fe

        fi

        fo

        fe

        fi

        fo

        fe

        fi

        fo

        fe

        fi

        fo

        fe

        fi

        fo

        fe

        fi

        fo

        fe

        fi

        fo

        fe

        fi

        fo

        fe

        fi

        fo

        fe

        fi

        fo

        fe

        fi

        fo

        fe

        fi

        fo

        fe

        fi

        fo

        fe

        fi

        fo

        fe

        fi

        fo

        fe

        fi

        fo

        fe

        fi

        fo

        fe

        fi

        fo

        fe

        fi

        fo

        fe

        fi

        fo

        fe

        fi

        fo

        fe

        fi

        fo

        fe

        fi

        fo

        fe

        fi

        fo

        fe

        fi

        fo

        fe

        fi

        fo

        fe

        fi

        fo

        fe

        fi

        fo

        fe

        fi

        fo

        fe

        fi

        fo

        fe

        fi

        fo

        fe

        fi

        fo

        fe

        fi

        fo

        fe

        fi

        fo

        fe

        fi

        fo

        fe

        fi

        fo

        fe

        fi

        fo

        fe

        fi

        fo

        fe

        fi

        fo

        fe

        fi

        fo

        fe

        fi

        fo

        fe

        fi

        fo

        fe

        fi

        fo

        fe

        fi

        fo

        fe

        fi

        fo

        fe

        fi

        fo

        fe

        fi

        fo

        fe

        fi

        fo

        fe

        fi

        fo

        fe

        fi

        fo

        fe

        fi

        fo

        fe

        fi

        fo

        fe

        fi

        fo

        fe

        fi

        fo

        fe

        fi

        fo

        fe

        fi

        fo

        fe

        fi

        fo

        fe

        fi

        fo

        fe

        fi

        fo

        fe

        fi

        fo

        fe

        fi

        fo

        fe

        fi

        fo

        fe

        fi

        fo

        fe

        fi

        fo

        fe

        fi

        fo

        fe

        fi

        fo

        fe

        fi

        fo

        fe

        fi

        fo

        fe

        fi

        fo

        fe

        fi

        fo

        fe

        fi

        fo

        fe

        fi

        fo

        fe

        fi

        fo

        fe

        fi

        fo

        fe

        fi

        fo

        fe

        fi

        fo

        fe

        fi

        fo

        fe

        fi

        fo

        fe

        fi

        fo

        fe

        fi

        fo

        fe

        fi

        fo

        fe

        fi

        fo

        fe

        fi

        fo

        fe

        fi

        fo

        fe

        fi

        fo

        fe

        fi

        fo

        fe

        fi

        fo

        fe

        fi

        fo

        fe

        fi

        fo

        fe

        fi

        fo

        fe

        fi

        fo

        fe

        fi

        fo

        fe

        fi

        fo

        fe

        fi

        fo

        fe

        fi

        fo

        fe

        fi

        fo

        fe

        fi

        fo

        fe

        fi

        fo

        fe

        fi

        fo

        fe

        fi

        fo

        fe

        fi

        fo

        fe

        fi

        fo

        fe

        fi

        fo

        fe

        fi

        fo

        fe

        fi

        fo

        fe

        fi

        fo

        fe

        fi

        fo

        fe

        fi

        fo

        fe

        fi

        fo

        fe

        fi

        fo

        fe

        fi

        fo

        fe

        fi

        fo

        fe

        fi

        fo

        fe

        fi

        fo

        fe

        fi

        fo

        fe

        fi

        fo

        fe

        fi

        fo

        fe

        fi

        fo

        fe

        fi

        fo

        fe

        fi

        fo

        fe

        fi

        fo

        fe

        fi

        fo

        fe

        fi

        fo

        fe

        fi

        fo

        fe

        fi

        fo

        fe

        fi

        fo

        fe

        fi

        fo

        fe

        fi

        fo

        fe

        fi

        fo

        fe

        fi

        fo

        fe

        fi

        fo

        fe

        fi

        fo

        fe

        fi

        fo

        fe

        fi

        fo

        fe

        fi

        fo

        fe

        fi

        fo

        fe

        fi

        fo

        fe

        fi

        fo

        fe

        fi

        fo

        fe

        fi

        fo

        fe

        fi

        fo

        fe

        fi

        fo

        fe

        fi

        fo

        fe

        fi

        fo

        fe

        fi

        fo

        fe

        fi

        fo

        fe

        fi

        fo

        fe

        fi

        fo

        fe

        fi

        fo

        fe

        fi

        fo

        fe

        fi

        fo

        fe

        fi

        fo

        fe

        fi

        fo

        fe

        fi

        fo

        fe

        fi

        fo

        fe

        fi

        fo

        fe

        fi

        fo

        fe

        fi

        fo

        fe

        fi

        fo

        fe

        fi

        fo

        fe

        fi

        fo

        fe

        fi

        fo

        fe

        fi

        fo

        fe

        fi

        fo

        fe

        fi

        fo

        fe

        fi

        fo

        fe

        fi

        fo

        fe

        fi

        fo

        fe

        fi

        fo

        fe

        fi

        fo

        fe

        fi

        fo

        fe

        fi

        fo

        fe

        fi

        fo

        fe

        fi

        fo

        fe

        fi

        fo

        fe

        fi

        fo

        fe

        fi

        fo

        fe

        fi

        fo

        fe

        fi

        fo

        fe

        fi

        fo

        fe

        fi

        fo

        fe

        fi

        fo

        fe

        fi

        fo

        fe

        fi

        fo

        fe

        fi

        fo

        fe

        fi

        fo

        fe

        fi

        fo

        fe

        fi

        fo

        fe

        fi

        fo

        fe

        fi

        fo

        fe

        fi

        fo

        fe

        fi

        fo

        fe

        fi

        fo

        fe

        fi

        fo

        fe

        fi

        fo

        fe

        fi

        fo

        fe

        fi

        fo

        fe

        fi

        fo

        fe

        fi

        fo

        fe

        fi

        fo

        fe

        fi

        fo

        fe

        fi

        fo

        fe

        fi

        fo

        fe

        fi

        fo

        fe

        fi

        fo

        fe

        fi

        fo

        fe

        fi

        fo

        fe

        fi

        fo

        fe

        fi

        fo

        fe

        fi

        fo

        fe

        fi

        fo

        fe

        fi

        fo

        fe

        fi

        fo

        fe

        fi

        fo

        fe

        fi

        fo

        fe

        fi

        fo

        fe

        fi

        fo

        fe

        fi

        fo

        fe

        fi

        fo

        fe

        fi

        fo

        fe

        fi

        fo

        fe

        fi

        fo

        fe

        fi

        fo

        fe

        fi

        fo

        fe

        fi

        fo

        fe

        fi

        fo

        fe

        fi

        fo

        fe

        fi

        fo

        fe

        fi

        fo

        fe

        fi

        fo

        fe

        fi

        fo

        fe

        fi

        fo

        fe

        fi

        fo

        fe

        fi

        fo

        fe

        fi

        fo

        fe

        fi

        fo

        fe

        fi

        fo

        fe

        fi

        fo

        fe

        fi

        fo

        fe

        fi

        fo

        fe

        fi

        fo

        fe

        fi

        fo

        fe

        fi

        fo

        fe

        fi

        fo

        fe

        fi

        fo

        fe

        fi

        fo

        fe

        fi

        fo

        fe

        fi

        fo

        fe

        fi

        fo

        fe

        fi

        fo

        fe

        fi

        fo

        fe

        fi

        fo

        fe

        fi

        fo

        fe

        fi

        fo

        fe

        fi

        fo

        fe

        fi

        fo

        fe

        fi

        fo

        fe

        fi

        fo

        fe

        fi

        fo

        fe

        fi

        fo

        fe

        fi

        fo

        fe

        fi

        fo

        fe

        fi

        fo

        fe

        fi

        fo

        fe

        fi

        fo

        fe

        fi

        fo

        fe

        fi

        fo

        fe

        fi

        fo

        fe

        fi

        fo

        fe

        fi

        fo

        fe

        fi

        fo

        fe

        fi

        fo

        fe

        fi

        fo

        fe

        fi

        fo

        fe

        fi

        fo

        fe

        fi

        fo

        fe

        fi

        fo

        fe

        fi

        fo

        fe

        fi

        fo

        fe

        fi

        fo

        fe

        fi

        fo

        fe

        fi

        fo

        fe

        fi

        fo

        fe

        fi

        fo

        fe

        fi

        fo

        fe

        fi

        fo

        fe

        fi

        fo

        fe

        fi

        fo

        fe

        fi

        fo

        fe

        fi

        fo

        fe

        fi

        fo

        fe

        fi

        fo

        fe

        fi

        fo

        fe

        fi

        fo

        fe

        fi

        fo

        fe

        fi

        fo

        fe

        fi

        fo

        fe

        fi

        fo

        fe

        fi

        fo

        fe

        fi

        fo

        fe

        fi

        fo

        fe

        fi

        fo

        fe

        fi

        fo

        fe

        fi

        fo

        fe

        fi

        fo

        fe

        fi

        fo

        fe

        fi

        fo

        fe

        fi

        fo

        fe

        fi

        fo

        fe

        fi

        fo

        fe

        fi

        fo

        fe

        fi

        fo

        fe

        fi

        fo

        fe

        fi

        fo

        fe

        fi

        fo

        fe

        fi

        fo

        fe

        fi

        fo

        fe

        fi

        fo

        fe

        fi

        fo

        fe

        fi

        fo

        fe

        fi

        fo

        fe

        fi

        fo

        fe

        fi

        fo

        fe

        fi

        fo

        fe

        fi

        fo

        fe

        fi

        fo

        fe

        fi

        fo

        fe

        fi

        fo

        fe

        fi

        fo

        fe

        fi

        fo

        fe

        fi

        fo

        fe

        fi

        fo

        fe

        fi

        fo

        fe

        fi

        fo

        fe

        fi

        fo

        fe

        fi

        fo

        fe

        fi

        fo

        fe

        fi

        fo

        fe

        fi

        fo

        fe

        fi

        fo

        fe

        fi

        fo

        fe

        fi

        fo

        fe

        fi

        fo

        fe

        fi

        fo

        fe

        fi

        fo

        fe

        fi

        fo

        fe

        fi

        fo

        fe

        fi

        fo

        fe

        fi

        fo

        fe

        fi

        fo

        fe

        fi

        fo

        fe

        fi

        fo

        fe

        fi

        fo

        fe

        fi

        fo

        fe

        fi

        fo

        fe

        fi

        fo

        fe

        fi

        fo

        fe

        fi

        fo

        fe

        fi

        fo

        fe

        fi

        fo

        fe

        fi

        fo

        fe

        fi

        fo

        fe

        fi

        fo

        fe

        fi

        fo

        fe

        fi

        fo

        fe

        fi

        fo

        fe

        fi

        fo

        fe

        fi

        fo

        fe

        fi

        fo

        fe

        fi

        fo

        fe

        fi

        fo

        fe

        fi

        fo

        fe

        fi

        fo

        fe

        fi

        fo

        fe

        fi

        fo

        fe

        fi

        fo

        fe

        fi

        fo

        fe

        fi

        fo

        fe

        fi

        fo

        fe

        fi

        fo

        fe

        fi

        fo

        fe

        fi

        fo

        fe

        fi

        fo

        fe

        fi

        fo

        fe

        fi

        fo

        fe

        fi

        fo

        fe

        fi

        fo

        fe

        fi

        fo

        fe

        fi

        fo

        fe

        fi

        fo

        fe

        fi

        fo

        fe

        fi

        fo

        fe

        fi

        fo

        fe

        fi

        fo

        fe

        fi

        fo

        fe

        fi

        fo

        fe

        fi

        fo

        fe

        fi

        fo

        fe

        fi

        fo

        fe

        fi

        fo

        fe

        fi

        fo

        fe

        fi

        fo

        fe

        fi

        fo

        fe

        fi

        fo

        fe

        fi

        fo

        fe

        fi

        fo

        fe

        fi

        fo

        fe

        fi

        fo

        fe

        fi

        fo

        fe

        fi

        fo

        fe

        fi

        fo

        fe

        fi

        fo

        fe

        fi

        fo'}
    headers:
      Cache-Control: ['no-cache, no-cache, no-store, max-age=0']
      Content-Type: [application/octet-stream]
      Date: ['Fri, 26 May 2017 23:01:41 GMT']
      Expires: ['-1']
      Pragma: [no-cache]
      Status: ['0x0']
      Strict-Transport-Security: [max-age=15724800; includeSubDomains]
      Transfer-Encoding: [chunked]
      X-Content-Type-Options: [nosniff]
      x-ms-request-id: [539bbeba-5c31-430f-9499-c815bf864a06]
      x-ms-webhdfs-version: [16.12.19.00]
    status: {code: 200, message: OK}
- request:
    body: null
    headers:
      Accept: ['*/*']
      Accept-Encoding: ['gzip, deflate']
      Connection: [keep-alive]
      User-Agent: [python/3.5.2 (Windows-10-10.0.15063-SP0) azure.datalake.store.lib/0.0.10
          Azure-Data-Lake-Store-SDK-For-Python]
      x-ms-client-request-id: [4825cf0c-4267-11e7-8f2e-645106422854]
    method: GET
    uri: https://fakestore.azuredatalakestore.net/webhdfs/v1/azure_test_dir/a?OP=GETFILESTATUS&api-version=2016-11-01
  response:
    body: {string: '{"FileStatus":{"length":8999,"pathSuffix":"","type":"FILE","blockSize":268435456,"accessTime":1495839701066,"modificationTime":1495839701099,"replication":1,"permission":"770","owner":"9a23860e-03b0-4bad-a8b7-e1d081d592bd","group":"2e6c02d2-a364-4530-9137-d17403996cbf","msExpirationTime":0,"aclBit":false}}'}
    headers:
      Cache-Control: ['no-cache, no-cache, no-store, max-age=0']
      Content-Length: ['307']
      Content-Type: [application/json; charset=utf-8]
      Date: ['Fri, 26 May 2017 23:01:41 GMT']
      Expires: ['-1']
      Pragma: [no-cache]
      Status: ['0x0']
      Strict-Transport-Security: [max-age=15724800; includeSubDomains]
      X-Content-Type-Options: [nosniff]
      x-ms-request-id: [41919b03-134b-498e-a7e6-49177d708105]
      x-ms-webhdfs-version: [16.12.19.00]
    status: {code: 200, message: OK}
- request:
    body: null
    headers:
      Accept: ['*/*']
      Accept-Encoding: ['gzip, deflate']
      Connection: [keep-alive]
      Content-Length: ['0']
      User-Agent: [python/3.5.2 (Windows-10-10.0.15063-SP0) azure.datalake.store.lib/0.0.10
          Azure-Data-Lake-Store-SDK-For-Python]
      x-ms-client-request-id: [4839966c-4267-11e7-9298-645106422854]
    method: DELETE
    uri: https://fakestore.azuredatalakestore.net/webhdfs/v1/azure_test_dir/a?OP=DELETE&api-version=2016-11-01&recursive=True
  response:
    body: {string: '{"boolean":true}'}
    headers:
      Cache-Control: ['no-cache, no-cache, no-store, max-age=0']
      Content-Length: ['16']
      Content-Type: [application/json; charset=utf-8]
      Date: ['Fri, 26 May 2017 23:01:41 GMT']
      Expires: ['-1']
      Pragma: [no-cache]
      Status: ['0x0']
      Strict-Transport-Security: [max-age=15724800; includeSubDomains]
      X-Content-Type-Options: [nosniff]
      x-ms-request-id: [81e5eb38-76fb-4d21-8374-11fb924519ca]
      x-ms-webhdfs-version: [16.12.19.00]
    status: {code: 200, message: OK}
version: 1
