interactions:
- request:
    body: null
    headers:
      Accept: ['*/*']
      Accept-Encoding: ['gzip, deflate']
      Connection: [keep-alive]
      Content-Length: ['0']
      User-Agent: [python/3.5.2 (Darwin-15.6.0-x86_64-i386-64bit) azure.datalake.store.lib/0.0.1
          Azure-Data-Lake-Store-SDK-For-Python]
      x-ms-client-request-id: [f3197f88-9a4a-11e6-aae1-acbc32b2789b]
    method: PUT
    uri: https://fakestore.azuredatalakestore.net/webhdfs/v1/azure_test_dir/a?overwrite=true&write=true&OP=CREATE
  response:
    body: {string: ''}
    headers:
      Cache-Control: ['no-cache, no-cache, no-store, max-age=0']
      Content-Length: ['0']
      ContentLength: ['0']
      Date: ['Tue, 25 Oct 2016 00:35:37 GMT']
      Expires: ['-1']
      Location: ['https://fakestore.azuredatalakestore.net/webhdfs/v1/azure_test_dir/a?overwrite=true&write=true&OP=CREATE']
      Pragma: [no-cache]
      Status: ['0x0']
      Strict-Transport-Security: [max-age=15724800; includeSubDomains]
      X-Content-Type-Options: [nosniff]
      x-ms-request-id: [775027c7-ead2-4254-bc3b-284e35ca3e81]
      x-ms-webhdfs-version: [16.07.18.01]
    status: {code: 201, message: Created}
- request:
    body: null
    headers:
      Accept: ['*/*']
      Accept-Encoding: ['gzip, deflate']
      Connection: [keep-alive]
      User-Agent: [python/3.5.2 (Darwin-15.6.0-x86_64-i386-64bit) azure.datalake.store.lib/0.0.1
          Azure-Data-Lake-Store-SDK-For-Python]
      x-ms-client-request-id: [f33e862c-9a4a-11e6-b138-acbc32b2789b]
    method: GET
    uri: https://fakestore.azuredatalakestore.net/webhdfs/v1/azure_test_dir?OP=LISTSTATUS
  response:
    body: {string: '{"FileStatuses":{"FileStatus":[{"length":0,"pathSuffix":"a","type":"FILE","blockSize":268435456,"accessTime":1477355737505,"modificationTime":1477355737505,"replication":1,"permission":"770","owner":"49b2f9ec-818a-49ca-9424-249e1f19f7d7","group":"49b2f9ec-818a-49ca-9424-249e1f19f7d7"}]}}'}
    headers:
      Cache-Control: ['no-cache, no-cache, no-store, max-age=0']
      Content-Length: ['288']
      Content-Type: [application/json; charset=utf-8]
      Date: ['Tue, 25 Oct 2016 00:35:37 GMT']
      Expires: ['-1']
      Pragma: [no-cache]
      Status: ['0x0']
      Strict-Transport-Security: [max-age=15724800; includeSubDomains]
      X-Content-Type-Options: [nosniff]
      x-ms-request-id: [2c768ced-87db-426f-8f1a-00d42a4f2241]
      x-ms-webhdfs-version: [16.07.18.01]
    status: {code: 200, message: OK}
- request:
    body: null
    headers:
      Accept: ['*/*']
      Accept-Encoding: ['gzip, deflate']
      Connection: [keep-alive]
      User-Agent: [python/3.5.2 (Darwin-15.6.0-x86_64-i386-64bit) azure.datalake.store.lib/0.0.1
          Azure-Data-Lake-Store-SDK-For-Python]
      x-ms-client-request-id: [f35e5ae8-9a4a-11e6-b754-acbc32b2789b]
    method: GET
    uri: https://fakestore.azuredatalakestore.net/webhdfs/v1/azure_test_dir?OP=LISTSTATUS
  response:
    body: {string: '{"FileStatuses":{"FileStatus":[{"length":0,"pathSuffix":"a","type":"FILE","blockSize":268435456,"accessTime":1477355737505,"modificationTime":1477355737505,"replication":1,"permission":"770","owner":"49b2f9ec-818a-49ca-9424-249e1f19f7d7","group":"49b2f9ec-818a-49ca-9424-249e1f19f7d7"}]}}'}
    headers:
      Cache-Control: ['no-cache, no-cache, no-store, max-age=0']
      Content-Length: ['288']
      Content-Type: [application/json; charset=utf-8]
      Date: ['Tue, 25 Oct 2016 00:35:37 GMT']
      Expires: ['-1']
      Pragma: [no-cache]
      Status: ['0x0']
      Strict-Transport-Security: [max-age=15724800; includeSubDomains]
      X-Content-Type-Options: [nosniff]
      x-ms-request-id: [da80ae5b-2984-4935-ac8d-bfd07f12f3ca]
      x-ms-webhdfs-version: [16.07.18.01]
    status: {code: 200, message: OK}
- request:
    body: null
    headers:
      Accept: ['*/*']
      Accept-Encoding: ['gzip, deflate']
      Connection: [keep-alive]
      Content-Length: ['0']
      User-Agent: [python/3.5.2 (Darwin-15.6.0-x86_64-i386-64bit) azure.datalake.store.lib/0.0.1
          Azure-Data-Lake-Store-SDK-For-Python]
      x-ms-client-request-id: [f37dee6e-9a4a-11e6-aa2f-acbc32b2789b]
    method: PUT
    uri: https://fakestore.azuredatalakestore.net/webhdfs/v1/azure_test_dir/a?destination=azure_test_dir%2Fb&OP=RENAME
  response:
    body: {string: '{"boolean":true}'}
    headers:
      Cache-Control: ['no-cache, no-cache, no-store, max-age=0']
      Content-Length: ['16']
      Content-Type: [application/json; charset=utf-8]
      Date: ['Tue, 25 Oct 2016 00:35:37 GMT']
      Expires: ['-1']
      Pragma: [no-cache]
      Status: ['0x0']
      Strict-Transport-Security: [max-age=15724800; includeSubDomains]
      X-Content-Type-Options: [nosniff]
      x-ms-request-id: [cdd7ebc6-1dc9-4afe-8513-fd65e3086379]
      x-ms-webhdfs-version: [16.07.18.01]
    status: {code: 200, message: OK}
- request:
    body: null
    headers:
      Accept: ['*/*']
      Accept-Encoding: ['gzip, deflate']
      Connection: [keep-alive]
      User-Agent: [python/3.5.2 (Darwin-15.6.0-x86_64-i386-64bit) azure.datalake.store.lib/0.0.1
          Azure-Data-Lake-Store-SDK-For-Python]
      x-ms-client-request-id: [f39b6942-9a4a-11e6-8d24-acbc32b2789b]
    method: GET
    uri: https://fakestore.azuredatalakestore.net/webhdfs/v1/azure_test_dir?OP=LISTSTATUS
  response:
    body: {string: '{"FileStatuses":{"FileStatus":[{"length":0,"pathSuffix":"b","type":"FILE","blockSize":268435456,"accessTime":1477355737505,"modificationTime":1477355737505,"replication":1,"permission":"770","owner":"49b2f9ec-818a-49ca-9424-249e1f19f7d7","group":"49b2f9ec-818a-49ca-9424-249e1f19f7d7"}]}}'}
    headers:
      Cache-Control: ['no-cache, no-cache, no-store, max-age=0']
      Content-Length: ['288']
      Content-Type: [application/json; charset=utf-8]
      Date: ['Tue, 25 Oct 2016 00:35:38 GMT']
      Expires: ['-1']
      Pragma: [no-cache]
      Status: ['0x0']
      Strict-Transport-Security: [max-age=15724800; includeSubDomains]
      X-Content-Type-Options: [nosniff]
      x-ms-request-id: [b093cd09-1b0b-472d-b88d-0d62c9d4c020]
      x-ms-webhdfs-version: [16.07.18.01]
    status: {code: 200, message: OK}
- request:
    body: null
    headers:
      Accept: ['*/*']
      Accept-Encoding: ['gzip, deflate']
      Connection: [keep-alive]
      User-Agent: [python/3.5.2 (Darwin-15.6.0-x86_64-i386-64bit) azure.datalake.store.lib/0.0.1
          Azure-Data-Lake-Store-SDK-For-Python]
      x-ms-client-request-id: [f3c69346-9a4a-11e6-b1e5-acbc32b2789b]
    method: GET
    uri: https://fakestore.azuredatalakestore.net/webhdfs/v1/azure_test_dir?OP=LISTSTATUS
  response:
    body: {string: '{"FileStatuses":{"FileStatus":[{"length":0,"pathSuffix":"b","type":"FILE","blockSize":268435456,"accessTime":1477355737505,"modificationTime":1477355737505,"replication":1,"permission":"770","owner":"49b2f9ec-818a-49ca-9424-249e1f19f7d7","group":"49b2f9ec-818a-49ca-9424-249e1f19f7d7"}]}}'}
    headers:
      Cache-Control: ['no-cache, no-cache, no-store, max-age=0']
      Content-Length: ['288']
      Content-Type: [application/json; charset=utf-8]
      Date: ['Tue, 25 Oct 2016 00:35:38 GMT']
      Expires: ['-1']
      Pragma: [no-cache]
      Status: ['0x0']
      Strict-Transport-Security: [max-age=15724800; includeSubDomains]
      X-Content-Type-Options: [nosniff]
      x-ms-request-id: [4500ebbc-02f1-432b-ad7b-21de48a819a9]
      x-ms-webhdfs-version: [16.07.18.01]
    status: {code: 200, message: OK}
- request:
    body: null
    headers:
      Accept: ['*/*']
      Accept-Encoding: ['gzip, deflate']
      Connection: [keep-alive]
      User-Agent: [python/3.5.2 (Darwin-15.6.0-x86_64-i386-64bit) azure.datalake.store.lib/0.0.1
          Azure-Data-Lake-Store-SDK-For-Python]
      x-ms-client-request-id: [f3e77110-9a4a-11e6-8bee-acbc32b2789b]
    method: GET
    uri: https://fakestore.azuredatalakestore.net/webhdfs/v1/azure_test_dir?OP=LISTSTATUS
  response:
    body: {string: '{"FileStatuses":{"FileStatus":[{"length":0,"pathSuffix":"b","type":"FILE","blockSize":268435456,"accessTime":1477355737505,"modificationTime":1477355737505,"replication":1,"permission":"770","owner":"49b2f9ec-818a-49ca-9424-249e1f19f7d7","group":"49b2f9ec-818a-49ca-9424-249e1f19f7d7"}]}}'}
    headers:
      Cache-Control: ['no-cache, no-cache, no-store, max-age=0']
      Content-Length: ['288']
      Content-Type: [application/json; charset=utf-8]
      Date: ['Tue, 25 Oct 2016 00:35:38 GMT']
      Expires: ['-1']
      Pragma: [no-cache]
      Status: ['0x0']
      Strict-Transport-Security: [max-age=15724800; includeSubDomains]
      X-Content-Type-Options: [nosniff]
      x-ms-request-id: [7a701a1b-8631-449f-93b6-a37090458e89]
      x-ms-webhdfs-version: [16.07.18.01]
    status: {code: 200, message: OK}
- request:
    body: null
    headers:
      Accept: ['*/*']
      Accept-Encoding: ['gzip, deflate']
      Connection: [keep-alive]
      User-Agent: [python/3.5.2 (Darwin-15.6.0-x86_64-i386-64bit) azure.datalake.store.lib/0.0.1
          Azure-Data-Lake-Store-SDK-For-Python]
      x-ms-client-request-id: [f406ea34-9a4a-11e6-bec9-acbc32b2789b]
    method: GET
    uri: https://fakestore.azuredatalakestore.net/webhdfs/v1/azure_test_dir?OP=LISTSTATUS
  response:
    body: {string: '{"FileStatuses":{"FileStatus":[{"length":0,"pathSuffix":"b","type":"FILE","blockSize":268435456,"accessTime":1477355737505,"modificationTime":1477355737505,"replication":1,"permission":"770","owner":"49b2f9ec-818a-49ca-9424-249e1f19f7d7","group":"49b2f9ec-818a-49ca-9424-249e1f19f7d7"}]}}'}
    headers:
      Cache-Control: ['no-cache, no-cache, no-store, max-age=0']
      Content-Length: ['288']
      Content-Type: [application/json; charset=utf-8]
      Date: ['Tue, 25 Oct 2016 00:35:38 GMT']
      Expires: ['-1']
      Pragma: [no-cache]
      Status: ['0x0']
      Strict-Transport-Security: [max-age=15724800; includeSubDomains]
      X-Content-Type-Options: [nosniff]
      x-ms-request-id: [b66707af-c32a-43b3-b19b-bd843e8d485a]
      x-ms-webhdfs-version: [16.07.18.01]
    status: {code: 200, message: OK}
- request:
    body: null
    headers:
      Accept: ['*/*']
      Accept-Encoding: ['gzip, deflate']
      Connection: [keep-alive]
      User-Agent: [python/3.5.2 (Darwin-15.6.0-x86_64-i386-64bit) azure.datalake.store.lib/0.0.1
          Azure-Data-Lake-Store-SDK-For-Python]
      x-ms-client-request-id: [f423ba58-9a4a-11e6-90d0-acbc32b2789b]
    method: GET
    uri: https://fakestore.azuredatalakestore.net/webhdfs/v1/azure_test_dir?OP=LISTSTATUS
  response:
    body: {string: '{"FileStatuses":{"FileStatus":[{"length":0,"pathSuffix":"b","type":"FILE","blockSize":268435456,"accessTime":1477355737505,"modificationTime":1477355737505,"replication":1,"permission":"770","owner":"49b2f9ec-818a-49ca-9424-249e1f19f7d7","group":"49b2f9ec-818a-49ca-9424-249e1f19f7d7"}]}}'}
    headers:
      Cache-Control: ['no-cache, no-cache, no-store, max-age=0']
      Content-Length: ['288']
      Content-Type: [application/json; charset=utf-8]
      Date: ['Tue, 25 Oct 2016 00:35:38 GMT']
      Expires: ['-1']
      Pragma: [no-cache]
      Status: ['0x0']
      Strict-Transport-Security: [max-age=15724800; includeSubDomains]
      X-Content-Type-Options: [nosniff]
      x-ms-request-id: [293c2fbc-d9aa-4a95-b16c-10d9fad0685b]
      x-ms-webhdfs-version: [16.07.18.01]
    status: {code: 200, message: OK}
- request:
    body: null
    headers:
      Accept: ['*/*']
      Accept-Encoding: ['gzip, deflate']
      Connection: [keep-alive]
      Content-Length: ['0']
      User-Agent: [python/3.5.2 (Darwin-15.6.0-x86_64-i386-64bit) azure.datalake.store.lib/0.0.1
          Azure-Data-Lake-Store-SDK-For-Python]
      x-ms-client-request-id: [f4488e4c-9a4a-11e6-bb54-acbc32b2789b]
    method: DELETE
    uri: https://fakestore.azuredatalakestore.net/webhdfs/v1/azure_test_dir/b?recursive=True&OP=DELETE
  response:
    body: {string: '{"boolean":true}'}
    headers:
      Cache-Control: ['no-cache, no-cache, no-store, max-age=0']
      Content-Length: ['16']
      Content-Type: [application/json; charset=utf-8]
      Date: ['Tue, 25 Oct 2016 00:35:39 GMT']
      Expires: ['-1']
      Pragma: [no-cache]
      Status: ['0x0']
      Strict-Transport-Security: [max-age=15724800; includeSubDomains]
      X-Content-Type-Options: [nosniff]
      x-ms-request-id: [9fed996a-d050-47f9-987d-6fce59aedc96]
      x-ms-webhdfs-version: [16.07.18.01]
    status: {code: 200, message: OK}
version: 1
