interactions:
- request:
    body: '123

      456

      789'
    headers:
      Accept: ['*/*']
      Accept-Encoding: ['gzip, deflate']
      Connection: [keep-alive]
      Content-Length: ['11']
      User-Agent: [python/3.5.2 (Windows-10-10.0.14393-SP0) azure.datalake.store.lib/0.0.2
          Azure-Data-Lake-Store-SDK-For-Python]
      x-ms-client-request-id: [a54c51f8-e29d-11e6-b739-645106422854]
    method: PUT
    uri: https://fakestore.azuredatalakestore.net/webhdfs/v1/azure_test_dir/a?overwrite=true&OP=CREATE&write=true
  response:
    body: {string: ''}
    headers:
      Cache-Control: ['no-cache, no-cache, no-store, max-age=0']
      Content-Length: ['0']
      ContentLength: ['0']
      Date: ['Wed, 25 Jan 2017 01:28:59 GMT']
      Expires: ['-1']
      Location: ['https://fakestore.azuredatalakestore.net/webhdfs/v1/azure_test_dir/a?overwrite=true&OP=CREATE&write=true']
      Pragma: [no-cache]
      Status: ['0x0']
      Strict-Transport-Security: [max-age=15724800; includeSubDomains]
      X-Content-Type-Options: [nosniff]
      x-ms-request-id: [514ba072-9199-4698-b129-9ae436bedd10]
      x-ms-webhdfs-version: [16.07.18.01]
    status: {code: 201, message: Created}
- request:
    body: null
    headers:
      Accept: ['*/*']
      Accept-Encoding: ['gzip, deflate']
      Connection: [keep-alive]
      User-Agent: [python/3.5.2 (Windows-10-10.0.14393-SP0) azure.datalake.store.lib/0.0.2
          Azure-Data-Lake-Store-SDK-For-Python]
      x-ms-client-request-id: [a5bc6562-e29d-11e6-a746-645106422854]
    method: GET
    uri: https://fakestore.azuredatalakestore.net/webhdfs/v1/azure_test_dir?OP=LISTSTATUS
  response:
    body: {string: '{"FileStatuses":{"FileStatus":[{"length":11,"pathSuffix":"a","type":"FILE","blockSize":268435456,"accessTime":1485307739629,"modificationTime":1485307739738,"replication":1,"permission":"770","owner":"9a23860e-03b0-4bad-a8b7-e1d081d592bd","group":"2e6c02d2-a364-4530-9137-d17403996cbf"}]}}'}
    headers:
      Cache-Control: ['no-cache, no-cache, no-store, max-age=0']
      Content-Length: ['289']
      Content-Type: [application/json; charset=utf-8]
      Date: ['Wed, 25 Jan 2017 01:28:59 GMT']
      Expires: ['-1']
      Pragma: [no-cache]
      Status: ['0x0']
      Strict-Transport-Security: [max-age=15724800; includeSubDomains]
      X-Content-Type-Options: [nosniff]
      x-ms-request-id: [d2685500-bd07-44ab-aebc-049d25fb4aed]
      x-ms-webhdfs-version: [16.07.18.01]
    status: {code: 200, message: OK}
- request:
    body: null
    headers:
      Accept: ['*/*']
      Accept-Encoding: ['gzip, deflate']
      Connection: [keep-alive]
      User-Agent: [python/3.5.2 (Windows-10-10.0.14393-SP0) azure.datalake.store.lib/0.0.2
          Azure-Data-Lake-Store-SDK-For-Python]
      x-ms-client-request-id: [a5ce0518-e29d-11e6-b12f-645106422854]
    method: GET
    uri: https://fakestore.azuredatalakestore.net/webhdfs/v1/azure_test_dir/a?offset=0&OP=OPEN&read=true&length=11
  response:
    body: {string: '123

        456

        789'}
    headers:
      Cache-Control: ['no-cache, no-cache, no-store, max-age=0']
      Content-Type: [application/octet-stream]
      Date: ['Wed, 25 Jan 2017 01:28:59 GMT']
      Expires: ['-1']
      Pragma: [no-cache]
      Status: ['0x0']
      Strict-Transport-Security: [max-age=15724800; includeSubDomains]
      Transfer-Encoding: [chunked]
      X-Content-Type-Options: [nosniff]
      x-ms-request-id: [5ee2bbea-4034-4878-9060-ea0a4b9be09e]
      x-ms-webhdfs-version: [16.07.18.01]
    status: {code: 200, message: OK}
- request:
    body: null
    headers:
      Accept: ['*/*']
      Accept-Encoding: ['gzip, deflate']
      Connection: [keep-alive]
      User-Agent: [python/3.5.2 (Windows-10-10.0.14393-SP0) azure.datalake.store.lib/0.0.2
          Azure-Data-Lake-Store-SDK-For-Python]
      x-ms-client-request-id: [a5f6e9d8-e29d-11e6-8795-645106422854]
    method: GET
    uri: https://fakestore.azuredatalakestore.net/webhdfs/v1/azure_test_dir?OP=LISTSTATUS
  response:
    body: {string: '{"FileStatuses":{"FileStatus":[{"length":11,"pathSuffix":"a","type":"FILE","blockSize":268435456,"accessTime":1485307739629,"modificationTime":1485307739738,"replication":1,"permission":"770","owner":"9a23860e-03b0-4bad-a8b7-e1d081d592bd","group":"2e6c02d2-a364-4530-9137-d17403996cbf"}]}}'}
    headers:
      Cache-Control: ['no-cache, no-cache, no-store, max-age=0']
      Content-Length: ['289']
      Content-Type: [application/json; charset=utf-8]
      Date: ['Wed, 25 Jan 2017 01:29:00 GMT']
      Expires: ['-1']
      Pragma: [no-cache]
      Status: ['0x0']
      Strict-Transport-Security: [max-age=15724800; includeSubDomains]
      X-Content-Type-Options: [nosniff]
      x-ms-request-id: [8002448d-8fdb-48d5-907c-9df6cee865b3]
      x-ms-webhdfs-version: [16.07.18.01]
    status: {code: 200, message: OK}
- request:
    body: null
    headers:
      Accept: ['*/*']
      Accept-Encoding: ['gzip, deflate']
      Connection: [keep-alive]
      User-Agent: [python/3.5.2 (Windows-10-10.0.14393-SP0) azure.datalake.store.lib/0.0.2
          Azure-Data-Lake-Store-SDK-For-Python]
      x-ms-client-request-id: [a608b0a2-e29d-11e6-b5fc-645106422854]
    method: GET
    uri: https://fakestore.azuredatalakestore.net/webhdfs/v1/azure_test_dir?OP=LISTSTATUS
  response:
    body: {string: '{"FileStatuses":{"FileStatus":[{"length":11,"pathSuffix":"a","type":"FILE","blockSize":268435456,"accessTime":1485307739629,"modificationTime":1485307739738,"replication":1,"permission":"770","owner":"9a23860e-03b0-4bad-a8b7-e1d081d592bd","group":"2e6c02d2-a364-4530-9137-d17403996cbf"}]}}'}
    headers:
      Cache-Control: ['no-cache, no-cache, no-store, max-age=0']
      Content-Length: ['289']
      Content-Type: [application/json; charset=utf-8]
      Date: ['Wed, 25 Jan 2017 01:29:00 GMT']
      Expires: ['-1']
      Pragma: [no-cache]
      Status: ['0x0']
      Strict-Transport-Security: [max-age=15724800; includeSubDomains]
      X-Content-Type-Options: [nosniff]
      x-ms-request-id: [748eaa00-397f-4fc7-8186-835fa23ee70b]
      x-ms-webhdfs-version: [16.07.18.01]
    status: {code: 200, message: OK}
- request:
    body: null
    headers:
      Accept: ['*/*']
      Accept-Encoding: ['gzip, deflate']
      Connection: [keep-alive]
      User-Agent: [python/3.5.2 (Windows-10-10.0.14393-SP0) azure.datalake.store.lib/0.0.2
          Azure-Data-Lake-Store-SDK-For-Python]
      x-ms-client-request-id: [a61a3cd0-e29d-11e6-94d2-645106422854]
    method: GET
    uri: https://fakestore.azuredatalakestore.net/webhdfs/v1/azure_test_dir?OP=LISTSTATUS
  response:
    body: {string: '{"FileStatuses":{"FileStatus":[{"length":11,"pathSuffix":"a","type":"FILE","blockSize":268435456,"accessTime":1485307739629,"modificationTime":1485307739738,"replication":1,"permission":"770","owner":"9a23860e-03b0-4bad-a8b7-e1d081d592bd","group":"2e6c02d2-a364-4530-9137-d17403996cbf"}]}}'}
    headers:
      Cache-Control: ['no-cache, no-cache, no-store, max-age=0']
      Content-Length: ['289']
      Content-Type: [application/json; charset=utf-8]
      Date: ['Wed, 25 Jan 2017 01:29:00 GMT']
      Expires: ['-1']
      Pragma: [no-cache]
      Status: ['0x0']
      Strict-Transport-Security: [max-age=15724800; includeSubDomains]
      X-Content-Type-Options: [nosniff]
      x-ms-request-id: [11385357-6ffa-478f-913b-15bf3fd9d108]
      x-ms-webhdfs-version: [16.07.18.01]
    status: {code: 200, message: OK}
- request:
    body: null
    headers:
      Accept: ['*/*']
      Accept-Encoding: ['gzip, deflate']
      Connection: [keep-alive]
      Content-Length: ['0']
      User-Agent: [python/3.5.2 (Windows-10-10.0.14393-SP0) azure.datalake.store.lib/0.0.2
          Azure-Data-Lake-Store-SDK-For-Python]
      x-ms-client-request-id: [a62bb578-e29d-11e6-aeff-645106422854]
    method: DELETE
    uri: https://fakestore.azuredatalakestore.net/webhdfs/v1/azure_test_dir/a?OP=DELETE&recursive=True
  response:
    body: {string: '{"boolean":true}'}
    headers:
      Cache-Control: ['no-cache, no-cache, no-store, max-age=0']
      Content-Length: ['16']
      Content-Type: [application/json; charset=utf-8]
      Date: ['Wed, 25 Jan 2017 01:29:00 GMT']
      Expires: ['-1']
      Pragma: [no-cache]
      Status: ['0x0']
      Strict-Transport-Security: [max-age=15724800; includeSubDomains]
      X-Content-Type-Options: [nosniff]
      x-ms-request-id: [c976c3cc-16f4-432f-b0ca-99a095061d23]
      x-ms-webhdfs-version: [16.07.18.01]
    status: {code: 200, message: OK}
- request:
    body: '123

      456

      789'
    headers:
      Accept: ['*/*']
      Accept-Encoding: ['gzip, deflate']
      Connection: [keep-alive]
      Content-Length: ['11']
      User-Agent: [python/3.5.2 (Windows-10-10.0.14393-SP0) azure.datalake.store.lib/0.0.2
          Azure-Data-Lake-Store-SDK-For-Python]
      x-ms-client-request-id: [4d49dbe4-e29e-11e6-a3a5-645106422854]
    method: PUT
    uri: https://fakestore.azuredatalakestore.net/webhdfs/v1/azure_test_dir/a?overwrite=true&OP=CREATE&write=true
  response:
    body: {string: ''}
    headers:
      Cache-Control: ['no-cache, no-cache, no-store, max-age=0']
      Content-Length: ['0']
      ContentLength: ['0']
      Date: ['Wed, 25 Jan 2017 01:33:41 GMT']
      Expires: ['-1']
      Location: ['https://fakestore.azuredatalakestore.net/webhdfs/v1/azure_test_dir/a?overwrite=true&OP=CREATE&write=true']
      Pragma: [no-cache]
      Status: ['0x0']
      Strict-Transport-Security: [max-age=15724800; includeSubDomains]
      X-Content-Type-Options: [nosniff]
      x-ms-request-id: [cc39d0bf-1e36-4161-8a3a-60105d60bad0]
      x-ms-webhdfs-version: [16.07.18.01]
    status: {code: 201, message: Created}
- request:
    body: null
    headers:
      Accept: ['*/*']
      Accept-Encoding: ['gzip, deflate']
      Connection: [keep-alive]
      User-Agent: [python/3.5.2 (Windows-10-10.0.14393-SP0) azure.datalake.store.lib/0.0.2
          Azure-Data-Lake-Store-SDK-For-Python]
      x-ms-client-request-id: [4da6403e-e29e-11e6-991d-645106422854]
    method: GET
    uri: https://fakestore.azuredatalakestore.net/webhdfs/v1/azure_test_dir?OP=LISTSTATUS
  response:
    body: {string: '{"FileStatuses":{"FileStatus":[{"length":11,"pathSuffix":"a","type":"FILE","blockSize":268435456,"accessTime":1485308021460,"modificationTime":1485308021527,"replication":1,"permission":"770","owner":"9a23860e-03b0-4bad-a8b7-e1d081d592bd","group":"2e6c02d2-a364-4530-9137-d17403996cbf"}]}}'}
    headers:
      Cache-Control: ['no-cache, no-cache, no-store, max-age=0']
      Content-Length: ['289']
      Content-Type: [application/json; charset=utf-8]
      Date: ['Wed, 25 Jan 2017 01:33:41 GMT']
      Expires: ['-1']
      Pragma: [no-cache]
      Status: ['0x0']
      Strict-Transport-Security: [max-age=15724800; includeSubDomains]
      X-Content-Type-Options: [nosniff]
      x-ms-request-id: [0b4c6354-b628-4a8f-8a04-9e4e713b4ecf]
      x-ms-webhdfs-version: [16.07.18.01]
    status: {code: 200, message: OK}
- request:
    body: null
    headers:
      Accept: ['*/*']
      Accept-Encoding: ['gzip, deflate']
      Connection: [keep-alive]
      User-Agent: [python/3.5.2 (Windows-10-10.0.14393-SP0) azure.datalake.store.lib/0.0.2
          Azure-Data-Lake-Store-SDK-For-Python]
      x-ms-client-request-id: [4dbd239c-e29e-11e6-a4c7-645106422854]
    method: GET
    uri: https://fakestore.azuredatalakestore.net/webhdfs/v1/azure_test_dir/a?offset=0&read=true&OP=OPEN&length=11
  response:
    body: {string: '123

        456

        789'}
    headers:
      Cache-Control: ['no-cache, no-cache, no-store, max-age=0']
      Content-Type: [application/octet-stream]
      Date: ['Wed, 25 Jan 2017 01:33:41 GMT']
      Expires: ['-1']
      Pragma: [no-cache]
      Status: ['0x0']
      Strict-Transport-Security: [max-age=15724800; includeSubDomains]
      Transfer-Encoding: [chunked]
      X-Content-Type-Options: [nosniff]
      x-ms-request-id: [55ef9793-0faf-4472-ae4a-0c589356dcf7]
      x-ms-webhdfs-version: [16.07.18.01]
    status: {code: 200, message: OK}
- request:
    body: null
    headers:
      Accept: ['*/*']
      Accept-Encoding: ['gzip, deflate']
      Connection: [keep-alive]
      User-Agent: [python/3.5.2 (Windows-10-10.0.14393-SP0) azure.datalake.store.lib/0.0.2
          Azure-Data-Lake-Store-SDK-For-Python]
      x-ms-client-request-id: [4df202c6-e29e-11e6-9960-645106422854]
    method: GET
    uri: https://fakestore.azuredatalakestore.net/webhdfs/v1/azure_test_dir?OP=LISTSTATUS
  response:
    body: {string: '{"FileStatuses":{"FileStatus":[{"length":11,"pathSuffix":"a","type":"FILE","blockSize":268435456,"accessTime":1485308021460,"modificationTime":1485308021527,"replication":1,"permission":"770","owner":"9a23860e-03b0-4bad-a8b7-e1d081d592bd","group":"2e6c02d2-a364-4530-9137-d17403996cbf"}]}}'}
    headers:
      Cache-Control: ['no-cache, no-cache, no-store, max-age=0']
      Content-Length: ['289']
      Content-Type: [application/json; charset=utf-8]
      Date: ['Wed, 25 Jan 2017 01:33:42 GMT']
      Expires: ['-1']
      Pragma: [no-cache]
      Status: ['0x0']
      Strict-Transport-Security: [max-age=15724800; includeSubDomains]
      X-Content-Type-Options: [nosniff]
      x-ms-request-id: [69fdef89-67fa-4601-ab84-e5895d88321a]
      x-ms-webhdfs-version: [16.07.18.01]
    status: {code: 200, message: OK}
- request:
    body: null
    headers:
      Accept: ['*/*']
      Accept-Encoding: ['gzip, deflate']
      Connection: [keep-alive]
      User-Agent: [python/3.5.2 (Windows-10-10.0.14393-SP0) azure.datalake.store.lib/0.0.2
          Azure-Data-Lake-Store-SDK-For-Python]
      x-ms-client-request-id: [4e2017a2-e29e-11e6-a4a1-645106422854]
    method: GET
    uri: https://fakestore.azuredatalakestore.net/webhdfs/v1/azure_test_dir?OP=LISTSTATUS
  response:
    body: {string: '{"FileStatuses":{"FileStatus":[{"length":11,"pathSuffix":"a","type":"FILE","blockSize":268435456,"accessTime":1485308021460,"modificationTime":1485308021527,"replication":1,"permission":"770","owner":"9a23860e-03b0-4bad-a8b7-e1d081d592bd","group":"2e6c02d2-a364-4530-9137-d17403996cbf"}]}}'}
    headers:
      Cache-Control: ['no-cache, no-cache, no-store, max-age=0']
      Content-Length: ['289']
      Content-Type: [application/json; charset=utf-8]
      Date: ['Wed, 25 Jan 2017 01:33:42 GMT']
      Expires: ['-1']
      Pragma: [no-cache]
      Status: ['0x0']
      Strict-Transport-Security: [max-age=15724800; includeSubDomains]
      X-Content-Type-Options: [nosniff]
      x-ms-request-id: [ae2a677e-1f1e-4272-8324-1a8c0f645cdc]
      x-ms-webhdfs-version: [16.07.18.01]
    status: {code: 200, message: OK}
- request:
    body: null
    headers:
      Accept: ['*/*']
      Accept-Encoding: ['gzip, deflate']
      Connection: [keep-alive]
      User-Agent: [python/3.5.2 (Windows-10-10.0.14393-SP0) azure.datalake.store.lib/0.0.2
          Azure-Data-Lake-Store-SDK-For-Python]
      x-ms-client-request-id: [4e322c8c-e29e-11e6-a6a0-645106422854]
    method: GET
    uri: https://fakestore.azuredatalakestore.net/webhdfs/v1/azure_test_dir?OP=LISTSTATUS
  response:
    body: {string: '{"FileStatuses":{"FileStatus":[{"length":11,"pathSuffix":"a","type":"FILE","blockSize":268435456,"accessTime":1485308021460,"modificationTime":1485308021527,"replication":1,"permission":"770","owner":"9a23860e-03b0-4bad-a8b7-e1d081d592bd","group":"2e6c02d2-a364-4530-9137-d17403996cbf"}]}}'}
    headers:
      Cache-Control: ['no-cache, no-cache, no-store, max-age=0']
      Content-Length: ['289']
      Content-Type: [application/json; charset=utf-8]
      Date: ['Wed, 25 Jan 2017 01:33:42 GMT']
      Expires: ['-1']
      Pragma: [no-cache]
      Status: ['0x0']
      Strict-Transport-Security: [max-age=15724800; includeSubDomains]
      X-Content-Type-Options: [nosniff]
      x-ms-request-id: [6b695175-58fa-49c3-99d8-de40e062247c]
      x-ms-webhdfs-version: [16.07.18.01]
    status: {code: 200, message: OK}
- request:
    body: null
    headers:
      Accept: ['*/*']
      Accept-Encoding: ['gzip, deflate']
      Connection: [keep-alive]
      Content-Length: ['0']
      User-Agent: [python/3.5.2 (Windows-10-10.0.14393-SP0) azure.datalake.store.lib/0.0.2
          Azure-Data-Lake-Store-SDK-For-Python]
      x-ms-client-request-id: [4e444170-e29e-11e6-ab6a-645106422854]
    method: DELETE
    uri: https://fakestore.azuredatalakestore.net/webhdfs/v1/azure_test_dir/a?OP=DELETE&recursive=True
  response:
    body: {string: '{"boolean":true}'}
    headers:
      Cache-Control: ['no-cache, no-cache, no-store, max-age=0']
      Content-Length: ['16']
      Content-Type: [application/json; charset=utf-8]
      Date: ['Wed, 25 Jan 2017 01:33:42 GMT']
      Expires: ['-1']
      Pragma: [no-cache]
      Status: ['0x0']
      Strict-Transport-Security: [max-age=15724800; includeSubDomains]
      X-Content-Type-Options: [nosniff]
      x-ms-request-id: [a6bee821-fff8-4865-a1c4-241d26669ef6]
      x-ms-webhdfs-version: [16.07.18.01]
    status: {code: 200, message: OK}
version: 1
