interactions:
- request:
    body: null
    headers:
      Accept: ['*/*']
      Accept-Encoding: ['gzip, deflate']
      Connection: [keep-alive]
      User-Agent: [python/3.7.0 (Windows-10-10.0.14393-SP0) azure.datalake.store.lib/0.0.34
          Azure-Data-Lake-Store-SDK-For-Python]
      x-ms-client-request-id: [c9fb7b12-d194-11e8-b223-000d3a041d7c.0]
    method: GET
    uri: https://akharitadls.azuredatalakestore.net/webhdfs/v1/azure_python_sdk_test_dir437f8326-2c53-487e-b0f0-0cd298e9ca49/a?OP=GETFILESTATUS&api-version=2018-05-01
  response:
    body: {string: '{"RemoteException":{"exception":"FileNotFoundException","message":"File/Folder
        does not exist: /azure_python_sdk_test_dir437f8326-2c53-487e-b0f0-0cd298e9ca49/a
        [f9806f53-36ae-4f10-aa34-b021ba15fa54][2018-10-16T15:42:40.9280298-07:00]","javaClassName":"java.io.FileNotFoundException"}}'}
    headers:
      Cache-Control: ['no-cache, no-cache, no-store, max-age=0']
      Content-Length: ['284']
      Content-Type: [application/json; charset=utf-8]
      Date: ['Tue, 16 Oct 2018 22:42:40 GMT']
      Expires: ['-1']
      Pragma: [no-cache]
      Status: ['0x8309000A']
      Strict-Transport-Security: [max-age=15724800; includeSubDomains]
      X-Content-Type-Options: [nosniff]
      x-ms-request-id: [f9806f53-36ae-4f10-aa34-b021ba15fa54]
      x-ms-webhdfs-version: [17.04.24.00]
    status: {code: 404, message: Not Found}
- request:
    body: 0123456789abcdef
    headers:
      Accept: ['*/*']
      Accept-Encoding: ['gzip, deflate']
      Connection: [keep-alive]
      Content-Length: ['16']
      User-Agent: [python/3.7.0 (Windows-10-10.0.14393-SP0) azure.datalake.store.lib/0.0.34
          Azure-Data-Lake-Store-SDK-For-Python]
      x-ms-client-request-id: [ca037d6e-d194-11e8-8419-000d3a041d7c.0]
    method: PUT
    uri: https://akharitadls.azuredatalakestore.net/webhdfs/v1/azure_python_sdk_test_dir437f8326-2c53-487e-b0f0-0cd298e9ca49/a?OP=CREATE&api-version=2018-05-01&overwrite=true&write=true&syncFlag=CLOSE&leaseid=b0951d07-2eb5-4a7f-a803-757c1a69079f&filesessionid=b0951d07-2eb5-4a7f-a803-757c1a69079f
  response:
    body: {string: ''}
    headers:
      Cache-Control: ['no-cache, no-cache, no-store, max-age=0']
      Content-Length: ['0']
      ContentLength: ['0']
      Date: ['Tue, 16 Oct 2018 22:42:41 GMT']
      Expires: ['-1']
      Location: ['https://akharitadls.azuredatalakestore.net/webhdfs/v1/azure_python_sdk_test_dir437f8326-2c53-487e-b0f0-0cd298e9ca49/a?OP=CREATE&api-version=2018-05-01&overwrite=true&write=true&syncFlag=CLOSE&leaseid=b0951d07-2eb5-4a7f-a803-757c1a69079f&filesessionid=b0951d07-2eb5-4a7f-a803-757c1a69079f']
      Pragma: [no-cache]
      Status: ['0x0']
      Strict-Transport-Security: [max-age=15724800; includeSubDomains]
      X-Content-Type-Options: [nosniff]
      x-ms-request-id: [341249f8-1b8b-4eb2-a1f5-c4f1b6a4dcff]
      x-ms-webhdfs-version: [17.04.24.00]
    status: {code: 201, message: Created}
- request:
    body: null
    headers:
      Accept: ['*/*']
      Accept-Encoding: ['gzip, deflate']
      Connection: [keep-alive]
      User-Agent: [python/3.7.0 (Windows-10-10.0.14393-SP0) azure.datalake.store.lib/0.0.34
          Azure-Data-Lake-Store-SDK-For-Python]
      x-ms-client-request-id: [ca1bddc0-d194-11e8-b9c7-000d3a041d7c.0]
    method: GET
    uri: https://akharitadls.azuredatalakestore.net/webhdfs/v1/azure_python_sdk_test_dir437f8326-2c53-487e-b0f0-0cd298e9ca49/a?OP=GETFILESTATUS&api-version=2018-05-01
  response:
    body: {string: '{"FileStatus":{"length":16,"pathSuffix":"","type":"FILE","blockSize":268435456,"accessTime":1539729760975,"modificationTime":1539729761006,"replication":1,"permission":"770","owner":"a0b3cb87-9ca9-4769-af48-e687823d8937","group":"6d86a146-d7dc-49d0-862f-1897c5dd2afe","msExpirationTime":0,"aclBit":false}}'}
    headers:
      Cache-Control: ['no-cache, no-cache, no-store, max-age=0']
      Content-Length: ['305']
      Content-Type: [application/json; charset=utf-8]
      Date: ['Tue, 16 Oct 2018 22:42:41 GMT']
      Expires: ['-1']
      Pragma: [no-cache]
      Status: ['0x0']
      Strict-Transport-Security: [max-age=15724800; includeSubDomains]
      X-Content-Type-Options: [nosniff]
      x-ms-request-id: [fdadc77d-49f7-45b6-b87d-f8aa155fb43d]
      x-ms-webhdfs-version: [17.04.24.00]
    status: {code: 200, message: OK}
- request:
    body: null
    headers:
      Accept: ['*/*']
      Accept-Encoding: ['gzip, deflate']
      Connection: [keep-alive]
      User-Agent: [python/3.7.0 (Windows-10-10.0.14393-SP0) azure.datalake.store.lib/0.0.34
          Azure-Data-Lake-Store-SDK-For-Python]
      x-ms-client-request-id: [ca1e458a-d194-11e8-95a2-000d3a041d7c.0]
    method: GET
    uri: https://akharitadls.azuredatalakestore.net/webhdfs/v1/azure_python_sdk_test_dir437f8326-2c53-487e-b0f0-0cd298e9ca49/a?OP=GETFILESTATUS&api-version=2018-05-01
  response:
    body: {string: '{"FileStatus":{"length":16,"pathSuffix":"","type":"FILE","blockSize":268435456,"accessTime":1539729760975,"modificationTime":1539729761006,"replication":1,"permission":"770","owner":"a0b3cb87-9ca9-4769-af48-e687823d8937","group":"6d86a146-d7dc-49d0-862f-1897c5dd2afe","msExpirationTime":0,"aclBit":false}}'}
    headers:
      Cache-Control: ['no-cache, no-cache, no-store, max-age=0']
      Content-Length: ['305']
      Content-Type: [application/json; charset=utf-8]
      Date: ['Tue, 16 Oct 2018 22:42:41 GMT']
      Expires: ['-1']
      Pragma: [no-cache]
      Status: ['0x0']
      Strict-Transport-Security: [max-age=15724800; includeSubDomains]
      X-Content-Type-Options: [nosniff]
      x-ms-request-id: [c650fa52-c815-47ff-b3ee-583b00e2f587]
      x-ms-webhdfs-version: [17.04.24.00]
    status: {code: 200, message: OK}
- request:
    body: null
    headers:
      Accept: ['*/*']
      Accept-Encoding: ['gzip, deflate']
      Connection: [keep-alive]
      User-Agent: [python/3.7.0 (Windows-10-10.0.14393-SP0) azure.datalake.store.lib/0.0.34
          Azure-Data-Lake-Store-SDK-For-Python]
      x-ms-client-request-id: [ca208fac-d194-11e8-824e-000d3a041d7c.0]
    method: GET
    uri: https://akharitadls.azuredatalakestore.net/webhdfs/v1/azure_python_sdk_test_dir437f8326-2c53-487e-b0f0-0cd298e9ca49/a?OP=GETFILESTATUS&api-version=2018-05-01
  response:
    body: {string: '{"FileStatus":{"length":16,"pathSuffix":"","type":"FILE","blockSize":268435456,"accessTime":1539729760975,"modificationTime":1539729761006,"replication":1,"permission":"770","owner":"a0b3cb87-9ca9-4769-af48-e687823d8937","group":"6d86a146-d7dc-49d0-862f-1897c5dd2afe","msExpirationTime":0,"aclBit":false}}'}
    headers:
      Cache-Control: ['no-cache, no-cache, no-store, max-age=0']
      Content-Length: ['305']
      Content-Type: [application/json; charset=utf-8]
      Date: ['Tue, 16 Oct 2018 22:42:41 GMT']
      Expires: ['-1']
      Pragma: [no-cache]
      Status: ['0x0']
      Strict-Transport-Security: [max-age=15724800; includeSubDomains]
      X-Content-Type-Options: [nosniff]
      x-ms-request-id: [d8a5e744-89ae-4649-99b3-9c80caa2ff31]
      x-ms-webhdfs-version: [17.04.24.00]
    status: {code: 200, message: OK}
- request:
    body: null
    headers:
      Accept: ['*/*']
      Accept-Encoding: ['gzip, deflate']
      Connection: [keep-alive]
      User-Agent: [python/3.7.0 (Windows-10-10.0.14393-SP0) azure.datalake.store.lib/0.0.34
          Azure-Data-Lake-Store-SDK-For-Python]
      x-ms-client-request-id: [ca22d99e-d194-11e8-88ee-000d3a041d7c.0]
    method: GET
    uri: https://akharitadls.azuredatalakestore.net/webhdfs/v1/azure_python_sdk_test_dir437f8326-2c53-487e-b0f0-0cd298e9ca49/a?OP=OPEN&api-version=2018-05-01&offset=2&length=4&read=true&filesessionid=e4aaab4b-ea53-467a-9b52-dfece010fed2
  response:
    body: {string: '2345'}
    headers:
      Cache-Control: ['no-cache, no-cache, no-store, max-age=0']
      Content-Type: [application/octet-stream]
      Date: ['Tue, 16 Oct 2018 22:42:41 GMT']
      Expires: ['-1']
      Pragma: [no-cache]
      Status: ['0x0']
      Strict-Transport-Security: [max-age=15724800; includeSubDomains]
      Transfer-Encoding: [chunked]
      X-Content-Type-Options: [nosniff]
      x-ms-request-id: [8f1ee8e2-13d1-453a-8a14-6ac5ea186daf]
      x-ms-webhdfs-version: [17.04.24.00]
    status: {code: 200, message: OK}
- request:
    body: null
    headers:
      Accept: ['*/*']
      Accept-Encoding: ['gzip, deflate']
      Connection: [keep-alive]
      User-Agent: [python/3.7.0 (Windows-10-10.0.14393-SP0) azure.datalake.store.lib/0.0.34
          Azure-Data-Lake-Store-SDK-For-Python]
      x-ms-client-request-id: [ca2ffbb0-d194-11e8-899d-000d3a041d7c.0]
    method: GET
    uri: https://akharitadls.azuredatalakestore.net/webhdfs/v1/azure_python_sdk_test_dir437f8326-2c53-487e-b0f0-0cd298e9ca49/a?OP=OPEN&api-version=2018-05-01&offset=6&length=4&read=true&filesessionid=e4aaab4b-ea53-467a-9b52-dfece010fed2
  response:
    body: {string: '6789'}
    headers:
      Cache-Control: ['no-cache, no-cache, no-store, max-age=0']
      Content-Type: [application/octet-stream]
      Date: ['Tue, 16 Oct 2018 22:42:41 GMT']
      Expires: ['-1']
      Pragma: [no-cache]
      Status: ['0x0']
      Strict-Transport-Security: [max-age=15724800; includeSubDomains]
      Transfer-Encoding: [chunked]
      X-Content-Type-Options: [nosniff]
      x-ms-request-id: [644e9b80-8012-4676-ab37-e74de03c4939]
      x-ms-webhdfs-version: [17.04.24.00]
    status: {code: 200, message: OK}
- request:
    body: null
    headers:
      Accept: ['*/*']
      Accept-Encoding: ['gzip, deflate']
      Connection: [keep-alive]
      User-Agent: [python/3.7.0 (Windows-10-10.0.14393-SP0) azure.datalake.store.lib/0.0.34
          Azure-Data-Lake-Store-SDK-For-Python]
      x-ms-client-request-id: [ca3aea1e-d194-11e8-9a36-000d3a041d7c.0]
    method: GET
    uri: https://akharitadls.azuredatalakestore.net/webhdfs/v1/azure_python_sdk_test_dir437f8326-2c53-487e-b0f0-0cd298e9ca49/a?OP=GETFILESTATUS&api-version=2018-05-01
  response:
    body: {string: '{"FileStatus":{"length":16,"pathSuffix":"","type":"FILE","blockSize":268435456,"accessTime":1539729760975,"modificationTime":1539729761006,"replication":1,"permission":"770","owner":"a0b3cb87-9ca9-4769-af48-e687823d8937","group":"6d86a146-d7dc-49d0-862f-1897c5dd2afe","msExpirationTime":0,"aclBit":false}}'}
    headers:
      Cache-Control: ['no-cache, no-cache, no-store, max-age=0']
      Content-Length: ['305']
      Content-Type: [application/json; charset=utf-8]
      Date: ['Tue, 16 Oct 2018 22:42:41 GMT']
      Expires: ['-1']
      Pragma: [no-cache]
      Status: ['0x0']
      Strict-Transport-Security: [max-age=15724800; includeSubDomains]
      X-Content-Type-Options: [nosniff]
      x-ms-request-id: [93754b83-da58-443b-8bc1-5f9a3a9f9c4a]
      x-ms-webhdfs-version: [17.04.24.00]
    status: {code: 200, message: OK}
- request:
    body: null
    headers:
      Accept: ['*/*']
      Accept-Encoding: ['gzip, deflate']
      Connection: [keep-alive]
      Content-Length: ['0']
      User-Agent: [python/3.7.0 (Windows-10-10.0.14393-SP0) azure.datalake.store.lib/0.0.34
          Azure-Data-Lake-Store-SDK-For-Python]
      x-ms-client-request-id: [ca3d3b74-d194-11e8-93db-000d3a041d7c.0]
    method: DELETE
    uri: https://akharitadls.azuredatalakestore.net/webhdfs/v1/azure_python_sdk_test_dir437f8326-2c53-487e-b0f0-0cd298e9ca49/a?OP=DELETE&api-version=2018-05-01&recursive=True
  response:
    body: {string: '{"boolean":true}'}
    headers:
      Cache-Control: ['no-cache, no-cache, no-store, max-age=0']
      Content-Length: ['16']
      Content-Type: [application/json; charset=utf-8]
      Date: ['Tue, 16 Oct 2018 22:42:41 GMT']
      Expires: ['-1']
      Pragma: [no-cache]
      Status: ['0x0']
      Strict-Transport-Security: [max-age=15724800; includeSubDomains]
      X-Content-Type-Options: [nosniff]
      x-ms-request-id: [06529136-0c0b-40fd-92d0-eefbb8386067]
      x-ms-webhdfs-version: [17.04.24.00]
    status: {code: 200, message: OK}
- request:
    body: null
    headers:
      Accept: ['*/*']
      Accept-Encoding: ['gzip, deflate']
      Connection: [keep-alive]
      User-Agent: [python/2.7.13 (Windows-10-10.0.14393) azure.datalake.store.lib/0.0.34
          Azure-Data-Lake-Store-SDK-For-Python]
      x-ms-client-request-id: [68112b00-dbd6-11e8-a335-000d3a041d7c.0]
    method: GET
    uri: https://akharitadls.azuredatalakestore.net/webhdfs/v1/azure_python_sdk_test_dir09a10d70-be51-4e07-9161-481937d28385/a?api-version=2018-05-01&OP=GETFILESTATUS
  response:
    body: {string: '{"RemoteException":{"exception":"FileNotFoundException","message":"File/Folder
        does not exist: /azure_python_sdk_test_dir09a10d70-be51-4e07-9161-481937d28385/a
        [6c813321-44ad-48be-a424-a6b6a3f6ec0c][2018-10-29T16:57:35.2966216-07:00]","javaClassName":"java.io.FileNotFoundException"}}'}
    headers:
      cache-control: ['no-cache, no-cache, no-store, max-age=0']
      content-length: ['284']
      content-type: [application/json; charset=utf-8]
      date: ['Mon, 29 Oct 2018 23:57:35 GMT']
      expires: ['-1']
      pragma: [no-cache]
      status: ['0x8309000A']
      strict-transport-security: [max-age=15724800; includeSubDomains]
      x-content-type-options: [nosniff]
      x-ms-request-id: [6c813321-44ad-48be-a424-a6b6a3f6ec0c]
      x-ms-webhdfs-version: [17.04.24.00]
    status: {code: 404, message: Not Found}
- request:
    body: 0123456789abcdef
    headers:
      Accept: ['*/*']
      Accept-Encoding: ['gzip, deflate']
      Connection: [keep-alive]
      Content-Length: ['16']
      User-Agent: [python/2.7.13 (Windows-10-10.0.14393) azure.datalake.store.lib/0.0.34
          Azure-Data-Lake-Store-SDK-For-Python]
      x-ms-client-request-id: [683c59ae-dbd6-11e8-8465-000d3a041d7c.0]
    method: PUT
    uri: https://akharitadls.azuredatalakestore.net/webhdfs/v1/azure_python_sdk_test_dir09a10d70-be51-4e07-9161-481937d28385/a?filesessionid=40d95b23-5b89-42a5-a3a6-16bae95fbc7c&write=true&leaseid=40d95b23-5b89-42a5-a3a6-16bae95fbc7c&api-version=2018-05-01&syncFlag=CLOSE&overwrite=true&OP=CREATE
  response:
    body: {string: ''}
    headers:
      cache-control: ['no-cache, no-cache, no-store, max-age=0']
      content-length: ['0']
      contentlength: ['0']
      date: ['Mon, 29 Oct 2018 23:57:35 GMT']
      expires: ['-1']
      location: ['https://akharitadls.azuredatalakestore.net/webhdfs/v1/azure_python_sdk_test_dir09a10d70-be51-4e07-9161-481937d28385/a?filesessionid=40d95b23-5b89-42a5-a3a6-16bae95fbc7c&write=true&leaseid=40d95b23-5b89-42a5-a3a6-16bae95fbc7c&api-version=2018-05-01&syncFlag=CLOSE&overwrite=true&OP=CREATE']
      pragma: [no-cache]
      status: ['0x0']
      strict-transport-security: [max-age=15724800; includeSubDomains]
      x-content-type-options: [nosniff]
      x-ms-request-id: [dc9f9870-db1b-4d62-b2e0-51ed6e741cc1]
      x-ms-webhdfs-version: [17.04.24.00]
    status: {code: 201, message: Created}
- request:
    body: null
    headers:
      Accept: ['*/*']
      Accept-Encoding: ['gzip, deflate']
      Connection: [keep-alive]
      User-Agent: [python/2.7.13 (Windows-10-10.0.14393) azure.datalake.store.lib/0.0.34
          Azure-Data-Lake-Store-SDK-For-Python]
      x-ms-client-request-id: [685fc030-dbd6-11e8-9d74-000d3a041d7c.0]
    method: GET
    uri: https://akharitadls.azuredatalakestore.net/webhdfs/v1/azure_python_sdk_test_dir09a10d70-be51-4e07-9161-481937d28385/a?api-version=2018-05-01&OP=GETFILESTATUS
  response:
    body: {string: '{"FileStatus":{"length":16,"pathSuffix":"","type":"FILE","blockSize":268435456,"accessTime":1540857455325,"modificationTime":1540857455468,"replication":1,"permission":"770","owner":"a0b3cb87-9ca9-4769-af48-e687823d8937","group":"6d86a146-d7dc-49d0-862f-1897c5dd2afe","msExpirationTime":0,"aclBit":false}}'}
    headers:
      cache-control: ['no-cache, no-cache, no-store, max-age=0']
      content-length: ['305']
      content-type: [application/json; charset=utf-8]
      date: ['Mon, 29 Oct 2018 23:57:35 GMT']
      expires: ['-1']
      pragma: [no-cache]
      status: ['0x0']
      strict-transport-security: [max-age=15724800; includeSubDomains]
      x-content-type-options: [nosniff]
      x-ms-request-id: [352398ec-3200-4097-92e8-4b6b227efa3a]
      x-ms-webhdfs-version: [17.04.24.00]
    status: {code: 200, message: OK}
- request:
    body: null
    headers:
      Accept: ['*/*']
      Accept-Encoding: ['gzip, deflate']
      Connection: [keep-alive]
      User-Agent: [python/2.7.13 (Windows-10-10.0.14393) azure.datalake.store.lib/0.0.34
          Azure-Data-Lake-Store-SDK-For-Python]
      x-ms-client-request-id: [6862a661-dbd6-11e8-9132-000d3a041d7c.0]
    method: GET
    uri: https://akharitadls.azuredatalakestore.net/webhdfs/v1/azure_python_sdk_test_dir09a10d70-be51-4e07-9161-481937d28385/a?api-version=2018-05-01&OP=GETFILESTATUS
  response:
    body: {string: '{"FileStatus":{"length":16,"pathSuffix":"","type":"FILE","blockSize":268435456,"accessTime":1540857455325,"modificationTime":1540857455468,"replication":1,"permission":"770","owner":"a0b3cb87-9ca9-4769-af48-e687823d8937","group":"6d86a146-d7dc-49d0-862f-1897c5dd2afe","msExpirationTime":0,"aclBit":false}}'}
    headers:
      cache-control: ['no-cache, no-cache, no-store, max-age=0']
      content-length: ['305']
      content-type: [application/json; charset=utf-8]
      date: ['Mon, 29 Oct 2018 23:57:35 GMT']
      expires: ['-1']
      pragma: [no-cache]
      status: ['0x0']
      strict-transport-security: [max-age=15724800; includeSubDomains]
      x-content-type-options: [nosniff]
      x-ms-request-id: [712bc27a-809e-45eb-84d0-315d182ec2ed]
      x-ms-webhdfs-version: [17.04.24.00]
    status: {code: 200, message: OK}
- request:
    body: null
    headers:
      Accept: ['*/*']
      Accept-Encoding: ['gzip, deflate']
      Connection: [keep-alive]
      User-Agent: [python/2.7.13 (Windows-10-10.0.14393) azure.datalake.store.lib/0.0.34
          Azure-Data-Lake-Store-SDK-For-Python]
      x-ms-client-request-id: [6867d680-dbd6-11e8-821f-000d3a041d7c.0]
    method: GET
    uri: https://akharitadls.azuredatalakestore.net/webhdfs/v1/azure_python_sdk_test_dir09a10d70-be51-4e07-9161-481937d28385/a?api-version=2018-05-01&OP=GETFILESTATUS
  response:
    body: {string: '{"FileStatus":{"length":16,"pathSuffix":"","type":"FILE","blockSize":268435456,"accessTime":1540857455325,"modificationTime":1540857455468,"replication":1,"permission":"770","owner":"a0b3cb87-9ca9-4769-af48-e687823d8937","group":"6d86a146-d7dc-49d0-862f-1897c5dd2afe","msExpirationTime":0,"aclBit":false}}'}
    headers:
      cache-control: ['no-cache, no-cache, no-store, max-age=0']
      content-length: ['305']
      content-type: [application/json; charset=utf-8]
      date: ['Mon, 29 Oct 2018 23:57:35 GMT']
      expires: ['-1']
      pragma: [no-cache]
      status: ['0x0']
      strict-transport-security: [max-age=15724800; includeSubDomains]
      x-content-type-options: [nosniff]
      x-ms-request-id: [05be12ac-177c-4aad-98a2-ec594c0e852f]
      x-ms-webhdfs-version: [17.04.24.00]
    status: {code: 200, message: OK}
- request:
    body: null
    headers:
      Accept: ['*/*']
      Accept-Encoding: ['gzip, deflate']
      Connection: [keep-alive]
      User-Agent: [python/2.7.13 (Windows-10-10.0.14393) azure.datalake.store.lib/0.0.34
          Azure-Data-Lake-Store-SDK-For-Python]
      x-ms-client-request-id: [686a4780-dbd6-11e8-b61f-000d3a041d7c.0]
    method: GET
    uri: https://akharitadls.azuredatalakestore.net/webhdfs/v1/azure_python_sdk_test_dir09a10d70-be51-4e07-9161-481937d28385/a?filesessionid=93d163d1-a4c8-49b7-88a7-9d07482934da&read=true&length=4&offset=2&api-version=2018-05-01&OP=OPEN
  response:
    body: {string: '2345'}
    headers:
      cache-control: ['no-cache, no-cache, no-store, max-age=0']
      content-type: [application/octet-stream]
      date: ['Mon, 29 Oct 2018 23:57:35 GMT']
      expires: ['-1']
      pragma: [no-cache]
      status: ['0x0']
      strict-transport-security: [max-age=15724800; includeSubDomains]
      transfer-encoding: [chunked]
      x-content-type-options: [nosniff]
      x-ms-request-id: [22a1f0d1-845f-4427-a179-6dc6dceed856]
      x-ms-webhdfs-version: [17.04.24.00]
    status: {code: 200, message: OK}
- request:
    body: null
    headers:
      Accept: ['*/*']
      Accept-Encoding: ['gzip, deflate']
      Connection: [keep-alive]
      User-Agent: [python/2.7.13 (Windows-10-10.0.14393) azure.datalake.store.lib/0.0.34
          Azure-Data-Lake-Store-SDK-For-Python]
      x-ms-client-request-id: [687d3340-dbd6-11e8-87be-000d3a041d7c.0]
    method: GET
    uri: https://akharitadls.azuredatalakestore.net/webhdfs/v1/azure_python_sdk_test_dir09a10d70-be51-4e07-9161-481937d28385/a?filesessionid=93d163d1-a4c8-49b7-88a7-9d07482934da&read=true&length=4&offset=6&api-version=2018-05-01&OP=OPEN
  response:
    body: {string: '6789'}
    headers:
      cache-control: ['no-cache, no-cache, no-store, max-age=0']
      content-type: [application/octet-stream]
      date: ['Mon, 29 Oct 2018 23:57:35 GMT']
      expires: ['-1']
      pragma: [no-cache]
      status: ['0x0']
      strict-transport-security: [max-age=15724800; includeSubDomains]
      transfer-encoding: [chunked]
      x-content-type-options: [nosniff]
      x-ms-request-id: [d1e7bd34-d0a5-4812-946e-2535c872ab50]
      x-ms-webhdfs-version: [17.04.24.00]
    status: {code: 200, message: OK}
- request:
    body: null
    headers:
      Accept: ['*/*']
      Accept-Encoding: ['gzip, deflate']
      Connection: [keep-alive]
      User-Agent: [python/2.7.13 (Windows-10-10.0.14393) azure.datalake.store.lib/0.0.34
          Azure-Data-Lake-Store-SDK-For-Python]
      x-ms-client-request-id: [6880dcc0-dbd6-11e8-9345-000d3a041d7c.0]
    method: GET
    uri: https://akharitadls.azuredatalakestore.net/webhdfs/v1/azure_python_sdk_test_dir09a10d70-be51-4e07-9161-481937d28385/a?api-version=2018-05-01&OP=GETFILESTATUS
  response:
    body: {string: '{"FileStatus":{"length":16,"pathSuffix":"","type":"FILE","blockSize":268435456,"accessTime":1540857455325,"modificationTime":1540857455468,"replication":1,"permission":"770","owner":"a0b3cb87-9ca9-4769-af48-e687823d8937","group":"6d86a146-d7dc-49d0-862f-1897c5dd2afe","msExpirationTime":0,"aclBit":false}}'}
    headers:
      cache-control: ['no-cache, no-cache, no-store, max-age=0']
      content-length: ['305']
      content-type: [application/json; charset=utf-8]
      date: ['Mon, 29 Oct 2018 23:57:35 GMT']
      expires: ['-1']
      pragma: [no-cache]
      status: ['0x0']
      strict-transport-security: [max-age=15724800; includeSubDomains]
      x-content-type-options: [nosniff]
      x-ms-request-id: [5f2403df-4148-463b-a1de-a5a127c489a5]
      x-ms-webhdfs-version: [17.04.24.00]
    status: {code: 200, message: OK}
- request:
    body: null
    headers:
      Accept: ['*/*']
      Accept-Encoding: ['gzip, deflate']
      Connection: [keep-alive]
      Content-Length: ['0']
      User-Agent: [python/2.7.13 (Windows-10-10.0.14393) azure.datalake.store.lib/0.0.34
          Azure-Data-Lake-Store-SDK-For-Python]
      x-ms-client-request-id: [68854991-dbd6-11e8-b2fa-000d3a041d7c.0]
    method: DELETE
    uri: https://akharitadls.azuredatalakestore.net/webhdfs/v1/azure_python_sdk_test_dir09a10d70-be51-4e07-9161-481937d28385/a?api-version=2018-05-01&recursive=True&OP=DELETE
  response:
    body: {string: '{"boolean":true}'}
    headers:
      cache-control: ['no-cache, no-cache, no-store, max-age=0']
      content-length: ['16']
      content-type: [application/json; charset=utf-8]
      date: ['Mon, 29 Oct 2018 23:57:35 GMT']
      expires: ['-1']
      pragma: [no-cache]
      status: ['0x0']
      strict-transport-security: [max-age=15724800; includeSubDomains]
      x-content-type-options: [nosniff]
      x-ms-request-id: [3f8e85a9-9cd0-430c-acfb-7f77f2dfa0b0]
      x-ms-webhdfs-version: [17.04.24.00]
    status: {code: 200, message: OK}
- request:
    body: null
    headers:
      Accept: ['*/*']
      Accept-Encoding: ['gzip, deflate']
      Connection: [keep-alive]
      User-Agent: [python/3.7.0 (Windows-10-10.0.14393-SP0) azure.datalake.store.lib/0.0.37
          Azure-Data-Lake-Store-SDK-For-Python]
      x-ms-client-request-id: [5bc4fd7e-e6d5-11e8-9f56-000d3a02e7d7.0]
    method: GET
    uri: https://akharitadls.azuredatalakestore.net/webhdfs/v1/azure_python_sdk_test_dir22bc5d88-20b0-431d-ba7c-a88cf6baf681/a?OP=GETFILESTATUS&api-version=2018-05-01
  response:
    body: {string: '{"RemoteException":{"exception":"FileNotFoundException","message":"File/Folder
        does not exist: /azure_python_sdk_test_dir22bc5d88-20b0-431d-ba7c-a88cf6baf681/a
        [64f195b9-5e94-47b6-a49e-193a6dec886c][2018-11-12T15:47:47.7215358-08:00]","javaClassName":"java.io.FileNotFoundException"}}'}
    headers:
      Cache-Control: ['no-cache, no-cache, no-store, max-age=0']
      Content-Length: ['284']
      Content-Type: [application/json; charset=utf-8]
      Date: ['Mon, 12 Nov 2018 23:47:46 GMT']
      Expires: ['-1']
      Pragma: [no-cache]
      Status: ['0x8309000A']
      Strict-Transport-Security: [max-age=15724800; includeSubDomains]
      X-Content-Type-Options: [nosniff]
      x-ms-request-id: [64f195b9-5e94-47b6-a49e-193a6dec886c]
      x-ms-webhdfs-version: [17.04.24.00]
    status: {code: 404, message: Not Found}
- request:
    body: 0123456789abcdef
    headers:
      Accept: ['*/*']
      Accept-Encoding: ['gzip, deflate']
      Connection: [keep-alive]
      Content-Length: ['16']
      User-Agent: [python/3.7.0 (Windows-10-10.0.14393-SP0) azure.datalake.store.lib/0.0.37
          Azure-Data-Lake-Store-SDK-For-Python]
      x-ms-client-request-id: [5bce85da-e6d5-11e8-a77e-000d3a02e7d7.0]
    method: PUT
    uri: https://akharitadls.azuredatalakestore.net/webhdfs/v1/azure_python_sdk_test_dir22bc5d88-20b0-431d-ba7c-a88cf6baf681/a?OP=CREATE&api-version=2018-05-01&overwrite=true&write=true&syncFlag=CLOSE&leaseid=cf4aecbf-7bae-4cbe-ba32-222e95c9820d&filesessionid=cf4aecbf-7bae-4cbe-ba32-222e95c9820d
  response:
    body: {string: ''}
    headers:
      Cache-Control: ['no-cache, no-cache, no-store, max-age=0']
      Content-Length: ['0']
      ContentLength: ['0']
      Date: ['Mon, 12 Nov 2018 23:47:47 GMT']
      Expires: ['-1']
      Location: ['https://akharitadls.azuredatalakestore.net/webhdfs/v1/azure_python_sdk_test_dir22bc5d88-20b0-431d-ba7c-a88cf6baf681/a?OP=CREATE&api-version=2018-05-01&overwrite=true&write=true&syncFlag=CLOSE&leaseid=cf4aecbf-7bae-4cbe-ba32-222e95c9820d&filesessionid=cf4aecbf-7bae-4cbe-ba32-222e95c9820d']
      Pragma: [no-cache]
      Status: ['0x0']
      Strict-Transport-Security: [max-age=15724800; includeSubDomains]
      X-Content-Type-Options: [nosniff]
      x-ms-request-id: [0a207f59-2d86-4cc6-a879-6531e33af794]
      x-ms-webhdfs-version: [17.04.24.00]
    status: {code: 201, message: Created}
- request:
    body: null
    headers:
      Accept: ['*/*']
      Accept-Encoding: ['gzip, deflate']
      Connection: [keep-alive]
      User-Agent: [python/3.7.0 (Windows-10-10.0.14393-SP0) azure.datalake.store.lib/0.0.37
          Azure-Data-Lake-Store-SDK-For-Python]
      x-ms-client-request-id: [5bf97098-e6d5-11e8-8834-000d3a02e7d7.0]
    method: GET
    uri: https://akharitadls.azuredatalakestore.net/webhdfs/v1/azure_python_sdk_test_dir22bc5d88-20b0-431d-ba7c-a88cf6baf681/a?OP=GETFILESTATUS&api-version=2018-05-01
  response:
    body: {string: '{"FileStatus":{"length":16,"pathSuffix":"","type":"FILE","blockSize":268435456,"accessTime":1542066467805,"modificationTime":1542066467940,"replication":1,"permission":"770","owner":"a0b3cb87-9ca9-4769-af48-e687823d8937","group":"6d86a146-d7dc-49d0-862f-1897c5dd2afe","msExpirationTime":0,"aclBit":false}}'}
    headers:
      Cache-Control: ['no-cache, no-cache, no-store, max-age=0']
      Content-Length: ['305']
      Content-Type: [application/json; charset=utf-8]
      Date: ['Mon, 12 Nov 2018 23:47:47 GMT']
      Expires: ['-1']
      Pragma: [no-cache]
      Status: ['0x0']
      Strict-Transport-Security: [max-age=15724800; includeSubDomains]
      X-Content-Type-Options: [nosniff]
      x-ms-request-id: [55a7bcf9-b68d-4076-9753-efaa5acf2a2b]
      x-ms-webhdfs-version: [17.04.24.00]
    status: {code: 200, message: OK}
- request:
    body: null
    headers:
      Accept: ['*/*']
      Accept-Encoding: ['gzip, deflate']
      Connection: [keep-alive]
      User-Agent: [python/3.7.0 (Windows-10-10.0.14393-SP0) azure.datalake.store.lib/0.0.37
          Azure-Data-Lake-Store-SDK-For-Python]
      x-ms-client-request-id: [5c07bf68-e6d5-11e8-9ed6-000d3a02e7d7.0]
    method: GET
    uri: https://akharitadls.azuredatalakestore.net/webhdfs/v1/azure_python_sdk_test_dir22bc5d88-20b0-431d-ba7c-a88cf6baf681/a?OP=GETFILESTATUS&api-version=2018-05-01
  response:
    body: {string: '{"FileStatus":{"length":16,"pathSuffix":"","type":"FILE","blockSize":268435456,"accessTime":1542066467805,"modificationTime":1542066467940,"replication":1,"permission":"770","owner":"a0b3cb87-9ca9-4769-af48-e687823d8937","group":"6d86a146-d7dc-49d0-862f-1897c5dd2afe","msExpirationTime":0,"aclBit":false}}'}
    headers:
      Cache-Control: ['no-cache, no-cache, no-store, max-age=0']
      Content-Length: ['305']
      Content-Type: [application/json; charset=utf-8]
      Date: ['Mon, 12 Nov 2018 23:47:47 GMT']
      Expires: ['-1']
      Pragma: [no-cache]
      Status: ['0x0']
      Strict-Transport-Security: [max-age=15724800; includeSubDomains]
      X-Content-Type-Options: [nosniff]
      x-ms-request-id: [050e133b-c928-4621-b050-6df2e417a750]
      x-ms-webhdfs-version: [17.04.24.00]
    status: {code: 200, message: OK}
- request:
    body: null
    headers:
      Accept: ['*/*']
      Accept-Encoding: ['gzip, deflate']
      Connection: [keep-alive]
      User-Agent: [python/3.7.0 (Windows-10-10.0.14393-SP0) azure.datalake.store.lib/0.0.37
          Azure-Data-Lake-Store-SDK-For-Python]
      x-ms-client-request-id: [5c0ee6fe-e6d5-11e8-bd76-000d3a02e7d7.0]
    method: GET
    uri: https://akharitadls.azuredatalakestore.net/webhdfs/v1/azure_python_sdk_test_dir22bc5d88-20b0-431d-ba7c-a88cf6baf681/a?OP=GETFILESTATUS&api-version=2018-05-01
  response:
    body: {string: '{"FileStatus":{"length":16,"pathSuffix":"","type":"FILE","blockSize":268435456,"accessTime":1542066467805,"modificationTime":1542066467940,"replication":1,"permission":"770","owner":"a0b3cb87-9ca9-4769-af48-e687823d8937","group":"6d86a146-d7dc-49d0-862f-1897c5dd2afe","msExpirationTime":0,"aclBit":false}}'}
    headers:
      Cache-Control: ['no-cache, no-cache, no-store, max-age=0']
      Content-Length: ['305']
      Content-Type: [application/json; charset=utf-8]
      Date: ['Mon, 12 Nov 2018 23:47:47 GMT']
      Expires: ['-1']
      Pragma: [no-cache]
      Status: ['0x0']
      Strict-Transport-Security: [max-age=15724800; includeSubDomains]
      X-Content-Type-Options: [nosniff]
      x-ms-request-id: [f9c36772-f1c7-411e-aef0-a078df90246f]
      x-ms-webhdfs-version: [17.04.24.00]
    status: {code: 200, message: OK}
- request:
    body: null
    headers:
      Accept: ['*/*']
      Accept-Encoding: ['gzip, deflate']
      Connection: [keep-alive]
      User-Agent: [python/3.7.0 (Windows-10-10.0.14393-SP0) azure.datalake.store.lib/0.0.37
          Azure-Data-Lake-Store-SDK-For-Python]
      x-ms-client-request-id: [5c18708c-e6d5-11e8-9659-000d3a02e7d7.0]
    method: GET
    uri: https://akharitadls.azuredatalakestore.net/webhdfs/v1/azure_python_sdk_test_dir22bc5d88-20b0-431d-ba7c-a88cf6baf681/a?OP=OPEN&api-version=2018-05-01&offset=2&length=4&read=true&filesessionid=016b9c6f-7d17-400c-948c-a324dff9e29e
  response:
    body: {string: '2345'}
    headers:
      Cache-Control: ['no-cache, no-cache, no-store, max-age=0']
      Content-Type: [application/octet-stream]
      Date: ['Mon, 12 Nov 2018 23:47:47 GMT']
      Expires: ['-1']
      Pragma: [no-cache]
      Status: ['0x0']
      Strict-Transport-Security: [max-age=15724800; includeSubDomains]
      Transfer-Encoding: [chunked]
      X-Content-Type-Options: [nosniff]
      x-ms-request-id: [03ed8611-e0e8-414f-9a52-ec948201ce80]
      x-ms-webhdfs-version: [17.04.24.00]
    status: {code: 200, message: OK}
- request:
    body: null
    headers:
      Accept: ['*/*']
      Accept-Encoding: ['gzip, deflate']
      Connection: [keep-alive]
      User-Agent: [python/3.7.0 (Windows-10-10.0.14393-SP0) azure.datalake.store.lib/0.0.37
          Azure-Data-Lake-Store-SDK-For-Python]
      x-ms-client-request-id: [5c8b3dd0-e6d5-11e8-bade-000d3a02e7d7.0]
    method: GET
    uri: https://akharitadls.azuredatalakestore.net/webhdfs/v1/azure_python_sdk_test_dir22bc5d88-20b0-431d-ba7c-a88cf6baf681/a?OP=OPEN&api-version=2018-05-01&offset=6&length=4&read=true&filesessionid=016b9c6f-7d17-400c-948c-a324dff9e29e
  response:
    body: {string: '6789'}
    headers:
      Cache-Control: ['no-cache, no-cache, no-store, max-age=0']
      Content-Type: [application/octet-stream]
      Date: ['Mon, 12 Nov 2018 23:47:48 GMT']
      Expires: ['-1']
      Pragma: [no-cache]
      Status: ['0x0']
      Strict-Transport-Security: [max-age=15724800; includeSubDomains]
      Transfer-Encoding: [chunked]
      X-Content-Type-Options: [nosniff]
      x-ms-request-id: [1acf2ccd-85ad-4582-a623-7a371360f7a8]
      x-ms-webhdfs-version: [17.04.24.00]
    status: {code: 200, message: OK}
- request:
    body: null
    headers:
      Accept: ['*/*']
      Accept-Encoding: ['gzip, deflate']
      Connection: [keep-alive]
      User-Agent: [python/3.7.0 (Windows-10-10.0.14393-SP0) azure.datalake.store.lib/0.0.37
          Azure-Data-Lake-Store-SDK-For-Python]
      x-ms-client-request-id: [5c9002dc-e6d5-11e8-bbac-000d3a02e7d7.0]
    method: GET
    uri: https://akharitadls.azuredatalakestore.net/webhdfs/v1/azure_python_sdk_test_dir22bc5d88-20b0-431d-ba7c-a88cf6baf681/a?OP=GETFILESTATUS&api-version=2018-05-01
  response:
    body: {string: '{"FileStatus":{"length":16,"pathSuffix":"","type":"FILE","blockSize":268435456,"accessTime":1542066467805,"modificationTime":1542066467940,"replication":1,"permission":"770","owner":"a0b3cb87-9ca9-4769-af48-e687823d8937","group":"6d86a146-d7dc-49d0-862f-1897c5dd2afe","msExpirationTime":0,"aclBit":false}}'}
    headers:
      Cache-Control: ['no-cache, no-cache, no-store, max-age=0']
      Content-Length: ['305']
      Content-Type: [application/json; charset=utf-8]
      Date: ['Mon, 12 Nov 2018 23:47:48 GMT']
      Expires: ['-1']
      Pragma: [no-cache]
      Status: ['0x0']
      Strict-Transport-Security: [max-age=15724800; includeSubDomains]
      X-Content-Type-Options: [nosniff]
      x-ms-request-id: [b348486a-2222-4dff-8740-9baa235f10f8]
      x-ms-webhdfs-version: [17.04.24.00]
    status: {code: 200, message: OK}
- request:
    body: null
    headers:
      Accept: ['*/*']
      Accept-Encoding: ['gzip, deflate']
      Connection: [keep-alive]
      Content-Length: ['0']
      User-Agent: [python/3.7.0 (Windows-10-10.0.14393-SP0) azure.datalake.store.lib/0.0.37
          Azure-Data-Lake-Store-SDK-For-Python]
      x-ms-client-request-id: [5c926470-e6d5-11e8-bcfe-000d3a02e7d7.0]
    method: DELETE
    uri: https://akharitadls.azuredatalakestore.net/webhdfs/v1/azure_python_sdk_test_dir22bc5d88-20b0-431d-ba7c-a88cf6baf681/a?OP=DELETE&api-version=2018-05-01&recursive=True
  response:
    body: {string: '{"boolean":true}'}
    headers:
      Cache-Control: ['no-cache, no-cache, no-store, max-age=0']
      Content-Length: ['16']
      Content-Type: [application/json; charset=utf-8]
      Date: ['Mon, 12 Nov 2018 23:47:48 GMT']
      Expires: ['-1']
      Pragma: [no-cache]
      Status: ['0x0']
      Strict-Transport-Security: [max-age=15724800; includeSubDomains]
      X-Content-Type-Options: [nosniff]
      x-ms-request-id: [f4673eee-a736-45d9-a6ae-8afcbd01d6a5]
      x-ms-webhdfs-version: [17.04.24.00]
    status: {code: 200, message: OK}
- request:
    body: null
    headers:
      Accept: ['*/*']
      Accept-Encoding: ['gzip, deflate']
      Connection: [keep-alive]
      User-Agent: [python/3.6.3 (Windows-10-10.0.14393-SP0) azure.datalake.store.lib/0.0.41
          Azure-Data-Lake-Store-SDK-For-Python]
      x-ms-client-request-id: [eab251fe-25b6-11e9-8975-480fcf66f040.0]
    method: GET
    uri: https://akharitadls.azuredatalakestore.net/webhdfs/v1/azure_python_sdk_test_dir4dafa5a0-90c8-45f3-afb6-f48b9df3b8d0/a?OP=GETFILESTATUS&api-version=2018-09-01
  response:
    body: {string: '{"RemoteException":{"exception":"FileNotFoundException","message":"File/Folder
        does not exist: /azure_python_sdk_test_dir4dafa5a0-90c8-45f3-afb6-f48b9df3b8d0/a
        [30d2aee9-5582-4e23-861b-2230146d955b][2019-01-31T16:18:36.6714118-08:00]","javaClassName":"java.io.FileNotFoundException"}}'}
    headers:
      Cache-Control: ['no-cache, no-cache, no-store, max-age=0']
      Content-Length: ['284']
      Content-Type: [application/json; charset=utf-8]
      Date: ['Fri, 01 Feb 2019 00:18:36 GMT']
      Expires: ['-1']
      Pragma: [no-cache]
      Status: ['0x8309000A']
      Strict-Transport-Security: [max-age=15724800; includeSubDomains]
      X-Content-Type-Options: [nosniff]
      x-ms-request-id: [30d2aee9-5582-4e23-861b-2230146d955b]
      x-ms-webhdfs-version: [17.04.24.00]
    status: {code: 404, message: Not Found}
- request:
    body: 0123456789abcdef
    headers:
      Accept: ['*/*']
      Accept-Encoding: ['gzip, deflate']
      Connection: [keep-alive]
      Content-Length: ['16']
      User-Agent: [python/3.6.3 (Windows-10-10.0.14393-SP0) azure.datalake.store.lib/0.0.41
          Azure-Data-Lake-Store-SDK-For-Python]
      x-ms-client-request-id: [eaed2734-25b6-11e9-98db-480fcf66f040.0]
    method: PUT
    uri: https://akharitadls.azuredatalakestore.net/webhdfs/v1/azure_python_sdk_test_dir4dafa5a0-90c8-45f3-afb6-f48b9df3b8d0/a?OP=CREATE&api-version=2018-09-01&overwrite=true&write=true&syncFlag=CLOSE&leaseid=8dae551c-b8f8-483e-abfe-6266d513e853&filesessionid=8dae551c-b8f8-483e-abfe-6266d513e853
  response:
    body: {string: ''}
    headers:
      Cache-Control: ['no-cache, no-cache, no-store, max-age=0']
      Content-Length: ['0']
      ContentLength: ['0']
      Date: ['Fri, 01 Feb 2019 00:18:36 GMT']
      Expires: ['-1']
      Location: ['https://akharitadls.azuredatalakestore.net/webhdfs/v1/azure_python_sdk_test_dir4dafa5a0-90c8-45f3-afb6-f48b9df3b8d0/a?OP=CREATE&api-version=2018-09-01&overwrite=true&write=true&syncFlag=CLOSE&leaseid=8dae551c-b8f8-483e-abfe-6266d513e853&filesessionid=8dae551c-b8f8-483e-abfe-6266d513e853']
      Pragma: [no-cache]
      Status: ['0x0']
      Strict-Transport-Security: [max-age=15724800; includeSubDomains]
      X-Content-Type-Options: [nosniff]
      x-ms-request-id: [23486a6d-8677-42d5-b9ab-5decb972a21a]
      x-ms-webhdfs-version: [17.04.24.00]
    status: {code: 201, message: Created}
- request:
    body: null
    headers:
      Accept: ['*/*']
      Accept-Encoding: ['gzip, deflate']
      Connection: [keep-alive]
      User-Agent: [python/3.6.3 (Windows-10-10.0.14393-SP0) azure.datalake.store.lib/0.0.41
          Azure-Data-Lake-Store-SDK-For-Python]
      x-ms-client-request-id: [eb0abcec-25b6-11e9-a506-480fcf66f040.0]
    method: GET
    uri: https://akharitadls.azuredatalakestore.net/webhdfs/v1/azure_python_sdk_test_dir4dafa5a0-90c8-45f3-afb6-f48b9df3b8d0/a?OP=GETFILESTATUS&api-version=2018-09-01
  response:
    body: {string: '{"FileStatus":{"length":16,"pathSuffix":"","type":"FILE","blockSize":268435456,"accessTime":1548980316789,"modificationTime":1548980316843,"replication":1,"permission":"770","owner":"a0b3cb87-9ca9-4769-af48-e687823d8937","group":"6d86a146-d7dc-49d0-862f-1897c5dd2afe","msExpirationTime":0,"aclBit":false}}'}
    headers:
      Cache-Control: ['no-cache, no-cache, no-store, max-age=0']
      Content-Length: ['305']
      Content-Type: [application/json; charset=utf-8]
      Date: ['Fri, 01 Feb 2019 00:18:36 GMT']
      Expires: ['-1']
      Pragma: [no-cache]
      Status: ['0x0']
      Strict-Transport-Security: [max-age=15724800; includeSubDomains]
      X-Content-Type-Options: [nosniff]
      x-ms-request-id: [c9f6c352-af28-4303-b6b1-0b630f3b5628]
      x-ms-webhdfs-version: [17.04.24.00]
    status: {code: 200, message: OK}
- request:
    body: null
    headers:
      Accept: ['*/*']
      Accept-Encoding: ['gzip, deflate']
      Connection: [keep-alive]
      User-Agent: [python/3.6.3 (Windows-10-10.0.14393-SP0) azure.datalake.store.lib/0.0.41
          Azure-Data-Lake-Store-SDK-For-Python]
      x-ms-client-request-id: [eb1a5386-25b6-11e9-9485-480fcf66f040.0]
    method: GET
    uri: https://akharitadls.azuredatalakestore.net/webhdfs/v1/azure_python_sdk_test_dir4dafa5a0-90c8-45f3-afb6-f48b9df3b8d0/a?OP=GETFILESTATUS&api-version=2018-09-01
  response:
    body: {string: '{"FileStatus":{"length":16,"pathSuffix":"","type":"FILE","blockSize":268435456,"accessTime":1548980316789,"modificationTime":1548980316843,"replication":1,"permission":"770","owner":"a0b3cb87-9ca9-4769-af48-e687823d8937","group":"6d86a146-d7dc-49d0-862f-1897c5dd2afe","msExpirationTime":0,"aclBit":false}}'}
    headers:
      Cache-Control: ['no-cache, no-cache, no-store, max-age=0']
      Content-Length: ['305']
      Content-Type: [application/json; charset=utf-8]
      Date: ['Fri, 01 Feb 2019 00:18:36 GMT']
      Expires: ['-1']
      Pragma: [no-cache]
      Status: ['0x0']
      Strict-Transport-Security: [max-age=15724800; includeSubDomains]
      X-Content-Type-Options: [nosniff]
      x-ms-request-id: [e27c7aed-4d90-4994-9571-5982ca97d0aa]
      x-ms-webhdfs-version: [17.04.24.00]
    status: {code: 200, message: OK}
- request:
    body: null
    headers:
      Accept: ['*/*']
      Accept-Encoding: ['gzip, deflate']
      Connection: [keep-alive]
      User-Agent: [python/3.6.3 (Windows-10-10.0.14393-SP0) azure.datalake.store.lib/0.0.41
          Azure-Data-Lake-Store-SDK-For-Python]
      x-ms-client-request-id: [eb29f7d8-25b6-11e9-ad68-480fcf66f040.0]
    method: GET
    uri: https://akharitadls.azuredatalakestore.net/webhdfs/v1/azure_python_sdk_test_dir4dafa5a0-90c8-45f3-afb6-f48b9df3b8d0/a?OP=GETFILESTATUS&api-version=2018-09-01
  response:
    body: {string: '{"FileStatus":{"length":16,"pathSuffix":"","type":"FILE","blockSize":268435456,"accessTime":1548980316789,"modificationTime":1548980316843,"replication":1,"permission":"770","owner":"a0b3cb87-9ca9-4769-af48-e687823d8937","group":"6d86a146-d7dc-49d0-862f-1897c5dd2afe","msExpirationTime":0,"aclBit":false}}'}
    headers:
      Cache-Control: ['no-cache, no-cache, no-store, max-age=0']
      Content-Length: ['305']
      Content-Type: [application/json; charset=utf-8]
      Date: ['Fri, 01 Feb 2019 00:18:36 GMT']
      Expires: ['-1']
      Pragma: [no-cache]
      Status: ['0x0']
      Strict-Transport-Security: [max-age=15724800; includeSubDomains]
      X-Content-Type-Options: [nosniff]
      x-ms-request-id: [e40103a1-3419-41b7-a5b5-fafa75c45890]
      x-ms-webhdfs-version: [17.04.24.00]
    status: {code: 200, message: OK}
- request:
    body: null
    headers:
      Accept: ['*/*']
      Accept-Encoding: ['gzip, deflate']
      Connection: [keep-alive]
      User-Agent: [python/3.6.3 (Windows-10-10.0.14393-SP0) azure.datalake.store.lib/0.0.41
          Azure-Data-Lake-Store-SDK-For-Python]
      x-ms-client-request-id: [eb3a0434-25b6-11e9-90b4-480fcf66f040.0]
    method: GET
    uri: https://akharitadls.azuredatalakestore.net/webhdfs/v1/azure_python_sdk_test_dir4dafa5a0-90c8-45f3-afb6-f48b9df3b8d0/a?OP=OPEN&api-version=2018-09-01&offset=2&length=4&read=true&filesessionid=bcabfdd5-1f70-4561-9e16-5d25e4a0efd4
  response:
    body: {string: '2345'}
    headers:
      Cache-Control: ['no-cache, no-cache, no-store, max-age=0']
      Content-Type: [application/octet-stream]
      Date: ['Fri, 01 Feb 2019 00:18:36 GMT']
      Expires: ['-1']
      Pragma: [no-cache]
      Status: ['0x0']
      Strict-Transport-Security: [max-age=15724800; includeSubDomains]
      Transfer-Encoding: [chunked]
      X-Content-Type-Options: [nosniff]
      x-ms-request-id: [891bfe8d-edbb-49d3-9d01-42feb5c12fd2]
      x-ms-webhdfs-version: [17.04.24.00]
    status: {code: 200, message: OK}
- request:
    body: null
    headers:
      Accept: ['*/*']
      Accept-Encoding: ['gzip, deflate']
      Connection: [keep-alive]
      User-Agent: [python/3.6.3 (Windows-10-10.0.14393-SP0) azure.datalake.store.lib/0.0.41
          Azure-Data-Lake-Store-SDK-For-Python]
      x-ms-client-request-id: [eb55fd52-25b6-11e9-9c47-480fcf66f040.0]
    method: GET
    uri: https://akharitadls.azuredatalakestore.net/webhdfs/v1/azure_python_sdk_test_dir4dafa5a0-90c8-45f3-afb6-f48b9df3b8d0/a?OP=OPEN&api-version=2018-09-01&offset=6&length=4&read=true&filesessionid=bcabfdd5-1f70-4561-9e16-5d25e4a0efd4
  response:
    body: {string: '6789'}
    headers:
      Cache-Control: ['no-cache, no-cache, no-store, max-age=0']
      Content-Type: [application/octet-stream]
      Date: ['Fri, 01 Feb 2019 00:18:37 GMT']
      Expires: ['-1']
      Pragma: [no-cache]
      Status: ['0x0']
      Strict-Transport-Security: [max-age=15724800; includeSubDomains]
      Transfer-Encoding: [chunked]
      X-Content-Type-Options: [nosniff]
      x-ms-request-id: [fd071566-74d5-4a8d-9ded-e234e10701fb]
      x-ms-webhdfs-version: [17.04.24.00]
    status: {code: 200, message: OK}
- request:
    body: null
    headers:
      Accept: ['*/*']
      Accept-Encoding: ['gzip, deflate']
      Connection: [keep-alive]
      User-Agent: [python/3.6.3 (Windows-10-10.0.14393-SP0) azure.datalake.store.lib/0.0.41
          Azure-Data-Lake-Store-SDK-For-Python]
      x-ms-client-request-id: [eb661948-25b6-11e9-9320-480fcf66f040.0]
    method: GET
    uri: https://akharitadls.azuredatalakestore.net/webhdfs/v1/azure_python_sdk_test_dir4dafa5a0-90c8-45f3-afb6-f48b9df3b8d0/a?OP=GETFILESTATUS&api-version=2018-09-01
  response:
    body: {string: '{"FileStatus":{"length":16,"pathSuffix":"","type":"FILE","blockSize":268435456,"accessTime":1548980316789,"modificationTime":1548980316843,"replication":1,"permission":"770","owner":"a0b3cb87-9ca9-4769-af48-e687823d8937","group":"6d86a146-d7dc-49d0-862f-1897c5dd2afe","msExpirationTime":0,"aclBit":false}}'}
    headers:
      Cache-Control: ['no-cache, no-cache, no-store, max-age=0']
      Content-Length: ['305']
      Content-Type: [application/json; charset=utf-8]
      Date: ['Fri, 01 Feb 2019 00:18:37 GMT']
      Expires: ['-1']
      Pragma: [no-cache]
      Status: ['0x0']
      Strict-Transport-Security: [max-age=15724800; includeSubDomains]
      X-Content-Type-Options: [nosniff]
      x-ms-request-id: [280f259a-4337-4b45-b2cf-51abeeb3706f]
      x-ms-webhdfs-version: [17.04.24.00]
    status: {code: 200, message: OK}
- request:
    body: null
    headers:
      Accept: ['*/*']
      Accept-Encoding: ['gzip, deflate']
      Connection: [keep-alive]
      Content-Length: ['0']
      User-Agent: [python/3.6.3 (Windows-10-10.0.14393-SP0) azure.datalake.store.lib/0.0.41
          Azure-Data-Lake-Store-SDK-For-Python]
      x-ms-client-request-id: [eb75a046-25b6-11e9-884e-480fcf66f040.0]
    method: DELETE
    uri: https://akharitadls.azuredatalakestore.net/webhdfs/v1/azure_python_sdk_test_dir4dafa5a0-90c8-45f3-afb6-f48b9df3b8d0/a?OP=DELETE&api-version=2018-09-01&recursive=True
  response:
    body: {string: '{"boolean":true}'}
    headers:
      Cache-Control: ['no-cache, no-cache, no-store, max-age=0']
      Content-Length: ['16']
      Content-Type: [application/json; charset=utf-8]
      Date: ['Fri, 01 Feb 2019 00:18:37 GMT']
      Expires: ['-1']
      Pragma: [no-cache]
      Status: ['0x0']
      Strict-Transport-Security: [max-age=15724800; includeSubDomains]
      X-Content-Type-Options: [nosniff]
      x-ms-request-id: [25aac113-c1c0-4476-aae0-ca41b432c859]
      x-ms-webhdfs-version: [17.04.24.00]
    status: {code: 200, message: OK}
- request:
    body: null
    headers:
      Accept: ['*/*']
      Accept-Encoding: ['gzip, deflate']
      Connection: [keep-alive]
      User-Agent: [python/3.6.3 (Windows-10-10.0.14393-SP0) azure.datalake.store.lib/0.0.41
          Azure-Data-Lake-Store-SDK-For-Python]
      x-ms-client-request-id: [4e7316cc-25be-11e9-9de1-480fcf66f040.0]
    method: GET
    uri: https://akharitadls.azuredatalakestore.net/webhdfs/v1/azure_python_sdk_test_dir8db4de56-65b4-40a9-9c48-c118e88508b3/a?OP=GETFILESTATUS&api-version=2018-05-01
  response:
    body: {string: '{"RemoteException":{"exception":"FileNotFoundException","message":"File/Folder
        does not exist: /azure_python_sdk_test_dir8db4de56-65b4-40a9-9c48-c118e88508b3/a
        [6706508c-2ebb-4a16-8738-5110586974a1][2019-01-31T17:11:30.5620193-08:00]","javaClassName":"java.io.FileNotFoundException"}}'}
    headers:
      Cache-Control: ['no-cache, no-cache, no-store, max-age=0']
      Content-Length: ['284']
      Content-Type: [application/json; charset=utf-8]
      Date: ['Fri, 01 Feb 2019 01:11:30 GMT']
      Expires: ['-1']
      Pragma: [no-cache]
      Status: ['0x8309000A']
      Strict-Transport-Security: [max-age=15724800; includeSubDomains]
      X-Content-Type-Options: [nosniff]
      x-ms-request-id: [6706508c-2ebb-4a16-8738-5110586974a1]
      x-ms-webhdfs-version: [17.04.24.00]
    status: {code: 404, message: Not Found}
- request:
    body: 0123456789abcdef
    headers:
      Accept: ['*/*']
      Accept-Encoding: ['gzip, deflate']
      Connection: [keep-alive]
      Content-Length: ['16']
      User-Agent: [python/3.6.3 (Windows-10-10.0.14393-SP0) azure.datalake.store.lib/0.0.41
          Azure-Data-Lake-Store-SDK-For-Python]
      x-ms-client-request-id: [4eb7996e-25be-11e9-b50c-480fcf66f040.0]
    method: PUT
    uri: https://akharitadls.azuredatalakestore.net/webhdfs/v1/azure_python_sdk_test_dir8db4de56-65b4-40a9-9c48-c118e88508b3/a?OP=CREATE&api-version=2018-05-01&overwrite=true&write=true&syncFlag=CLOSE&leaseid=ef58325f-198d-4513-a7be-1a3ae3a5a3d3&filesessionid=ef58325f-198d-4513-a7be-1a3ae3a5a3d3
  response:
    body: {string: ''}
    headers:
      Cache-Control: ['no-cache, no-cache, no-store, max-age=0']
      Content-Length: ['0']
      ContentLength: ['0']
      Date: ['Fri, 01 Feb 2019 01:11:30 GMT']
      Expires: ['-1']
      Location: ['https://akharitadls.azuredatalakestore.net/webhdfs/v1/azure_python_sdk_test_dir8db4de56-65b4-40a9-9c48-c118e88508b3/a?OP=CREATE&api-version=2018-05-01&overwrite=true&write=true&syncFlag=CLOSE&leaseid=ef58325f-198d-4513-a7be-1a3ae3a5a3d3&filesessionid=ef58325f-198d-4513-a7be-1a3ae3a5a3d3']
      Pragma: [no-cache]
      Status: ['0x0']
      Strict-Transport-Security: [max-age=15724800; includeSubDomains]
      X-Content-Type-Options: [nosniff]
      x-ms-request-id: [f7fc9cab-be57-4419-97de-f0eba3015e48]
      x-ms-webhdfs-version: [17.04.24.00]
    status: {code: 201, message: Created}
- request:
    body: null
    headers:
      Accept: ['*/*']
      Accept-Encoding: ['gzip, deflate']
      Connection: [keep-alive]
      User-Agent: [python/3.6.3 (Windows-10-10.0.14393-SP0) azure.datalake.store.lib/0.0.41
          Azure-Data-Lake-Store-SDK-For-Python]
      x-ms-client-request-id: [4edd6468-25be-11e9-afab-480fcf66f040.0]
    method: GET
    uri: https://akharitadls.azuredatalakestore.net/webhdfs/v1/azure_python_sdk_test_dir8db4de56-65b4-40a9-9c48-c118e88508b3/a?OP=GETFILESTATUS&api-version=2018-05-01
  response:
    body: {string: '{"FileStatus":{"length":16,"pathSuffix":"","type":"FILE","blockSize":268435456,"accessTime":1548983490700,"modificationTime":1548983490733,"replication":1,"permission":"770","owner":"a0b3cb87-9ca9-4769-af48-e687823d8937","group":"6d86a146-d7dc-49d0-862f-1897c5dd2afe","msExpirationTime":0,"aclBit":false}}'}
    headers:
      Cache-Control: ['no-cache, no-cache, no-store, max-age=0']
      Content-Length: ['305']
      Content-Type: [application/json; charset=utf-8]
      Date: ['Fri, 01 Feb 2019 01:11:30 GMT']
      Expires: ['-1']
      Pragma: [no-cache]
      Status: ['0x0']
      Strict-Transport-Security: [max-age=15724800; includeSubDomains]
      X-Content-Type-Options: [nosniff]
      x-ms-request-id: [22390dac-8674-4f04-b7e3-e1592f4505c0]
      x-ms-webhdfs-version: [17.04.24.00]
    status: {code: 200, message: OK}
- request:
    body: null
    headers:
      Accept: ['*/*']
      Accept-Encoding: ['gzip, deflate']
      Connection: [keep-alive]
      User-Agent: [python/3.6.3 (Windows-10-10.0.14393-SP0) azure.datalake.store.lib/0.0.41
          Azure-Data-Lake-Store-SDK-For-Python]
      x-ms-client-request-id: [4efbcb3e-25be-11e9-ae3e-480fcf66f040.0]
    method: GET
    uri: https://akharitadls.azuredatalakestore.net/webhdfs/v1/azure_python_sdk_test_dir8db4de56-65b4-40a9-9c48-c118e88508b3/a?OP=GETFILESTATUS&api-version=2018-05-01
  response:
    body: {string: '{"FileStatus":{"length":16,"pathSuffix":"","type":"FILE","blockSize":268435456,"accessTime":1548983490700,"modificationTime":1548983490733,"replication":1,"permission":"770","owner":"a0b3cb87-9ca9-4769-af48-e687823d8937","group":"6d86a146-d7dc-49d0-862f-1897c5dd2afe","msExpirationTime":0,"aclBit":false}}'}
    headers:
      Cache-Control: ['no-cache, no-cache, no-store, max-age=0']
      Content-Length: ['305']
      Content-Type: [application/json; charset=utf-8]
      Date: ['Fri, 01 Feb 2019 01:11:31 GMT']
      Expires: ['-1']
      Pragma: [no-cache]
      Status: ['0x0']
      Strict-Transport-Security: [max-age=15724800; includeSubDomains]
      X-Content-Type-Options: [nosniff]
      x-ms-request-id: [7c2fa4b2-8c16-4d74-be39-85d7403f1aa5]
      x-ms-webhdfs-version: [17.04.24.00]
    status: {code: 200, message: OK}
- request:
    body: null
    headers:
      Accept: ['*/*']
      Accept-Encoding: ['gzip, deflate']
      Connection: [keep-alive]
      User-Agent: [python/3.6.3 (Windows-10-10.0.14393-SP0) azure.datalake.store.lib/0.0.41
          Azure-Data-Lake-Store-SDK-For-Python]
      x-ms-client-request-id: [4f10b6a4-25be-11e9-947f-480fcf66f040.0]
    method: GET
    uri: https://akharitadls.azuredatalakestore.net/webhdfs/v1/azure_python_sdk_test_dir8db4de56-65b4-40a9-9c48-c118e88508b3/a?OP=GETFILESTATUS&api-version=2018-05-01
  response:
    body: {string: '{"FileStatus":{"length":16,"pathSuffix":"","type":"FILE","blockSize":268435456,"accessTime":1548983490700,"modificationTime":1548983490733,"replication":1,"permission":"770","owner":"a0b3cb87-9ca9-4769-af48-e687823d8937","group":"6d86a146-d7dc-49d0-862f-1897c5dd2afe","msExpirationTime":0,"aclBit":false}}'}
    headers:
      Cache-Control: ['no-cache, no-cache, no-store, max-age=0']
      Content-Length: ['305']
      Content-Type: [application/json; charset=utf-8]
      Date: ['Fri, 01 Feb 2019 01:11:31 GMT']
      Expires: ['-1']
      Pragma: [no-cache]
      Status: ['0x0']
      Strict-Transport-Security: [max-age=15724800; includeSubDomains]
      X-Content-Type-Options: [nosniff]
      x-ms-request-id: [3a2ac626-e5c8-4c62-910a-c49778682ff0]
      x-ms-webhdfs-version: [17.04.24.00]
    status: {code: 200, message: OK}
- request:
    body: null
    headers:
      Accept: ['*/*']
      Accept-Encoding: ['gzip, deflate']
      Connection: [keep-alive]
      User-Agent: [python/3.6.3 (Windows-10-10.0.14393-SP0) azure.datalake.store.lib/0.0.41
          Azure-Data-Lake-Store-SDK-For-Python]
      x-ms-client-request-id: [4f209814-25be-11e9-94ba-480fcf66f040.0]
    method: GET
    uri: https://akharitadls.azuredatalakestore.net/webhdfs/v1/azure_python_sdk_test_dir8db4de56-65b4-40a9-9c48-c118e88508b3/a?OP=OPEN&api-version=2018-05-01&offset=2&length=4&read=true&filesessionid=a4d4882f-be68-41ed-bc90-d953131d58d2
  response:
    body: {string: '2345'}
    headers:
      Cache-Control: ['no-cache, no-cache, no-store, max-age=0']
      Content-Type: [application/octet-stream]
      Date: ['Fri, 01 Feb 2019 01:11:31 GMT']
      Expires: ['-1']
      Pragma: [no-cache]
      Status: ['0x0']
      Strict-Transport-Security: [max-age=15724800; includeSubDomains]
      Transfer-Encoding: [chunked]
      X-Content-Type-Options: [nosniff]
      x-ms-request-id: [e0934773-17aa-4514-afae-9a977db90396]
      x-ms-webhdfs-version: [17.04.24.00]
    status: {code: 200, message: OK}
- request:
    body: null
    headers:
      Accept: ['*/*']
      Accept-Encoding: ['gzip, deflate']
      Connection: [keep-alive]
      User-Agent: [python/3.6.3 (Windows-10-10.0.14393-SP0) azure.datalake.store.lib/0.0.41
          Azure-Data-Lake-Store-SDK-For-Python]
      x-ms-client-request-id: [4f3e3792-25be-11e9-8f8d-480fcf66f040.0]
    method: GET
    uri: https://akharitadls.azuredatalakestore.net/webhdfs/v1/azure_python_sdk_test_dir8db4de56-65b4-40a9-9c48-c118e88508b3/a?OP=OPEN&api-version=2018-05-01&offset=6&length=4&read=true&filesessionid=a4d4882f-be68-41ed-bc90-d953131d58d2
  response:
    body: {string: '6789'}
    headers:
      Cache-Control: ['no-cache, no-cache, no-store, max-age=0']
      Content-Type: [application/octet-stream]
      Date: ['Fri, 01 Feb 2019 01:11:31 GMT']
      Expires: ['-1']
      Pragma: [no-cache]
      Status: ['0x0']
      Strict-Transport-Security: [max-age=15724800; includeSubDomains]
      Transfer-Encoding: [chunked]
      X-Content-Type-Options: [nosniff]
      x-ms-request-id: [19d0c379-6304-4d69-9913-cf4469516ea8]
      x-ms-webhdfs-version: [17.04.24.00]
    status: {code: 200, message: OK}
- request:
    body: null
    headers:
      Accept: ['*/*']
      Accept-Encoding: ['gzip, deflate']
      Connection: [keep-alive]
      User-Agent: [python/3.6.3 (Windows-10-10.0.14393-SP0) azure.datalake.store.lib/0.0.41
          Azure-Data-Lake-Store-SDK-For-Python]
      x-ms-client-request-id: [4f4f51b4-25be-11e9-8035-480fcf66f040.0]
    method: GET
    uri: https://akharitadls.azuredatalakestore.net/webhdfs/v1/azure_python_sdk_test_dir8db4de56-65b4-40a9-9c48-c118e88508b3/a?OP=GETFILESTATUS&api-version=2018-05-01
  response:
    body: {string: '{"FileStatus":{"length":16,"pathSuffix":"","type":"FILE","blockSize":268435456,"accessTime":1548983490700,"modificationTime":1548983490733,"replication":1,"permission":"770","owner":"a0b3cb87-9ca9-4769-af48-e687823d8937","group":"6d86a146-d7dc-49d0-862f-1897c5dd2afe","msExpirationTime":0,"aclBit":false}}'}
    headers:
      Cache-Control: ['no-cache, no-cache, no-store, max-age=0']
      Content-Length: ['305']
      Content-Type: [application/json; charset=utf-8]
      Date: ['Fri, 01 Feb 2019 01:11:31 GMT']
      Expires: ['-1']
      Pragma: [no-cache]
      Status: ['0x0']
      Strict-Transport-Security: [max-age=15724800; includeSubDomains]
      X-Content-Type-Options: [nosniff]
      x-ms-request-id: [f8e1b511-0900-447f-a1a2-af33ab19cadd]
      x-ms-webhdfs-version: [17.04.24.00]
    status: {code: 200, message: OK}
- request:
    body: null
    headers:
      Accept: ['*/*']
      Accept-Encoding: ['gzip, deflate']
      Connection: [keep-alive]
      Content-Length: ['0']
      User-Agent: [python/3.6.3 (Windows-10-10.0.14393-SP0) azure.datalake.store.lib/0.0.41
          Azure-Data-Lake-Store-SDK-For-Python]
      x-ms-client-request-id: [4f5f3324-25be-11e9-92f6-480fcf66f040.0]
    method: DELETE
    uri: https://akharitadls.azuredatalakestore.net/webhdfs/v1/azure_python_sdk_test_dir8db4de56-65b4-40a9-9c48-c118e88508b3/a?OP=DELETE&api-version=2018-05-01&recursive=True
  response:
    body: {string: '{"boolean":true}'}
    headers:
      Cache-Control: ['no-cache, no-cache, no-store, max-age=0']
      Content-Length: ['16']
      Content-Type: [application/json; charset=utf-8]
      Date: ['Fri, 01 Feb 2019 01:11:32 GMT']
      Expires: ['-1']
      Pragma: [no-cache]
      Status: ['0x0']
      Strict-Transport-Security: [max-age=15724800; includeSubDomains]
      X-Content-Type-Options: [nosniff]
      x-ms-request-id: [8b84100b-0421-403a-84ed-52ea7f08da84]
      x-ms-webhdfs-version: [17.04.24.00]
    status: {code: 200, message: OK}
version: 1
