interactions:
- request:
    body: 0123456789
    headers:
      Accept: ['*/*']
      Accept-Encoding: ['gzip, deflate']
      Connection: [keep-alive]
      Content-Length: ['10']
      User-Agent: [python/3.5.2 (Darwin-15.6.0-x86_64-i386-64bit) azure.datalake.store.lib/0.0.1
          Azure-Data-Lake-Store-SDK-For-Python]
      x-ms-client-request-id: [9c5ea1b0-9a49-11e6-b85e-acbc32b2789b]
    method: PUT
    uri: https://fakestore.azuredatalakestore.net/webhdfs/v1/azure_test_dir/a?OP=CREATE&overwrite=true&write=true
  response:
    body: {string: ''}
    headers:
      Cache-Control: ['no-cache, no-cache, no-store, max-age=0']
      Content-Length: ['0']
      ContentLength: ['0']
      Date: ['Tue, 25 Oct 2016 00:26:02 GMT']
      Expires: ['-1']
      Location: ['https://fakestore.azuredatalakestore.net/webhdfs/v1/azure_test_dir/a?OP=CREATE&overwrite=true&write=true']
      Pragma: [no-cache]
      Status: ['0x0']
      Strict-Transport-Security: [max-age=15724800; includeSubDomains]
      X-Content-Type-Options: [nosniff]
      x-ms-request-id: [8547790c-12d8-4078-8d19-78d22a144fac]
      x-ms-webhdfs-version: [16.07.18.01]
    status: {code: 201, message: Created}
- request:
    body: null
    headers:
      Accept: ['*/*']
      Accept-Encoding: ['gzip, deflate']
      Connection: [keep-alive]
      User-Agent: [python/3.5.2 (Darwin-15.6.0-x86_64-i386-64bit) azure.datalake.store.lib/0.0.1
          Azure-Data-Lake-Store-SDK-For-Python]
      x-ms-client-request-id: [9ca0e226-9a49-11e6-a672-acbc32b2789b]
    method: GET
    uri: https://fakestore.azuredatalakestore.net/webhdfs/v1/azure_test_dir?OP=LISTSTATUS
  response:
    body: {string: '{"FileStatuses":{"FileStatus":[{"length":10,"pathSuffix":"a","type":"FILE","blockSize":268435456,"accessTime":1477355162474,"modificationTime":1477355162572,"replication":1,"permission":"770","owner":"49b2f9ec-818a-49ca-9424-249e1f19f7d7","group":"49b2f9ec-818a-49ca-9424-249e1f19f7d7"}]}}'}
    headers:
      Cache-Control: ['no-cache, no-cache, no-store, max-age=0']
      Content-Length: ['289']
      Content-Type: [application/json; charset=utf-8]
      Date: ['Tue, 25 Oct 2016 00:26:02 GMT']
      Expires: ['-1']
      Pragma: [no-cache]
      Status: ['0x0']
      Strict-Transport-Security: [max-age=15724800; includeSubDomains]
      X-Content-Type-Options: [nosniff]
      x-ms-request-id: [81c61bc9-428d-4a7f-ad37-d4a3ce9e8527]
      x-ms-webhdfs-version: [16.07.18.01]
    status: {code: 200, message: OK}
- request:
    body: null
    headers:
      Accept: ['*/*']
      Accept-Encoding: ['gzip, deflate']
      Connection: [keep-alive]
      User-Agent: [python/3.5.2 (Darwin-15.6.0-x86_64-i386-64bit) azure.datalake.store.lib/0.0.1
          Azure-Data-Lake-Store-SDK-For-Python]
      x-ms-client-request-id: [9cbe8708-9a49-11e6-ad3e-acbc32b2789b]
    method: GET
    uri: https://fakestore.azuredatalakestore.net/webhdfs/v1/azure_test_dir/a?OP=OPEN&offset=0&read=true&length=10
  response:
    body: {string: 0123456789}
    headers:
      Cache-Control: ['no-cache, no-cache, no-store, max-age=0']
      Content-Type: [application/octet-stream]
      Date: ['Tue, 25 Oct 2016 00:26:02 GMT']
      Expires: ['-1']
      Pragma: [no-cache]
      Status: ['0x0']
      Strict-Transport-Security: [max-age=15724800; includeSubDomains]
      Transfer-Encoding: [chunked]
      X-Content-Type-Options: [nosniff]
      x-ms-request-id: [d4f58121-1f91-4de9-8868-0bf0377d429a]
      x-ms-webhdfs-version: [16.07.18.01]
    status: {code: 200, message: OK}
- request:
    body: null
    headers:
      Accept: ['*/*']
      Accept-Encoding: ['gzip, deflate']
      Connection: [keep-alive]
      User-Agent: [python/3.5.2 (Darwin-15.6.0-x86_64-i386-64bit) azure.datalake.store.lib/0.0.1
          Azure-Data-Lake-Store-SDK-For-Python]
      x-ms-client-request-id: [9ce7a550-9a49-11e6-a2eb-acbc32b2789b]
    method: GET
    uri: https://fakestore.azuredatalakestore.net/webhdfs/v1/azure_test_dir?OP=LISTSTATUS
  response:
    body: {string: '{"FileStatuses":{"FileStatus":[{"length":10,"pathSuffix":"a","type":"FILE","blockSize":268435456,"accessTime":1477355162474,"modificationTime":1477355162572,"replication":1,"permission":"770","owner":"49b2f9ec-818a-49ca-9424-249e1f19f7d7","group":"49b2f9ec-818a-49ca-9424-249e1f19f7d7"}]}}'}
    headers:
      Cache-Control: ['no-cache, no-cache, no-store, max-age=0']
      Content-Length: ['289']
      Content-Type: [application/json; charset=utf-8]
      Date: ['Tue, 25 Oct 2016 00:26:03 GMT']
      Expires: ['-1']
      Pragma: [no-cache]
      Status: ['0x0']
      Strict-Transport-Security: [max-age=15724800; includeSubDomains]
      X-Content-Type-Options: [nosniff]
      x-ms-request-id: [fcd8f88a-0f85-43fe-ae27-3592bbaaa348]
      x-ms-webhdfs-version: [16.07.18.01]
    status: {code: 200, message: OK}
- request:
    body: null
    headers:
      Accept: ['*/*']
      Accept-Encoding: ['gzip, deflate']
      Connection: [keep-alive]
      User-Agent: [python/3.5.2 (Darwin-15.6.0-x86_64-i386-64bit) azure.datalake.store.lib/0.0.1
          Azure-Data-Lake-Store-SDK-For-Python]
      x-ms-client-request-id: [9d02d578-9a49-11e6-9ac0-acbc32b2789b]
    method: GET
    uri: https://fakestore.azuredatalakestore.net/webhdfs/v1/azure_test_dir?OP=LISTSTATUS
  response:
    body: {string: '{"FileStatuses":{"FileStatus":[{"length":10,"pathSuffix":"a","type":"FILE","blockSize":268435456,"accessTime":1477355162474,"modificationTime":1477355162572,"replication":1,"permission":"770","owner":"49b2f9ec-818a-49ca-9424-249e1f19f7d7","group":"49b2f9ec-818a-49ca-9424-249e1f19f7d7"}]}}'}
    headers:
      Cache-Control: ['no-cache, no-cache, no-store, max-age=0']
      Content-Length: ['289']
      Content-Type: [application/json; charset=utf-8]
      Date: ['Tue, 25 Oct 2016 00:26:02 GMT']
      Expires: ['-1']
      Pragma: [no-cache]
      Status: ['0x0']
      Strict-Transport-Security: [max-age=15724800; includeSubDomains]
      X-Content-Type-Options: [nosniff]
      x-ms-request-id: [ea13a31b-73ff-4cb6-931e-9f2c0654dab2]
      x-ms-webhdfs-version: [16.07.18.01]
    status: {code: 200, message: OK}
- request:
    body: null
    headers:
      Accept: ['*/*']
      Accept-Encoding: ['gzip, deflate']
      Connection: [keep-alive]
      User-Agent: [python/3.5.2 (Darwin-15.6.0-x86_64-i386-64bit) azure.datalake.store.lib/0.0.1
          Azure-Data-Lake-Store-SDK-For-Python]
      x-ms-client-request-id: [9d1e8ff4-9a49-11e6-a498-acbc32b2789b]
    method: GET
    uri: https://fakestore.azuredatalakestore.net/webhdfs/v1/azure_test_dir?OP=LISTSTATUS
  response:
    body: {string: '{"FileStatuses":{"FileStatus":[{"length":10,"pathSuffix":"a","type":"FILE","blockSize":268435456,"accessTime":1477355162474,"modificationTime":1477355162572,"replication":1,"permission":"770","owner":"49b2f9ec-818a-49ca-9424-249e1f19f7d7","group":"49b2f9ec-818a-49ca-9424-249e1f19f7d7"}]}}'}
    headers:
      Cache-Control: ['no-cache, no-cache, no-store, max-age=0']
      Content-Length: ['289']
      Content-Type: [application/json; charset=utf-8]
      Date: ['Tue, 25 Oct 2016 00:26:02 GMT']
      Expires: ['-1']
      Pragma: [no-cache]
      Status: ['0x0']
      Strict-Transport-Security: [max-age=15724800; includeSubDomains]
      X-Content-Type-Options: [nosniff]
      x-ms-request-id: [5dae4a91-6718-420e-8aae-798458978e03]
      x-ms-webhdfs-version: [16.07.18.01]
    status: {code: 200, message: OK}
- request:
    body: null
    headers:
      Accept: ['*/*']
      Accept-Encoding: ['gzip, deflate']
      Connection: [keep-alive]
      User-Agent: [python/3.5.2 (Darwin-15.6.0-x86_64-i386-64bit) azure.datalake.store.lib/0.0.1
          Azure-Data-Lake-Store-SDK-For-Python]
      x-ms-client-request-id: [9d395026-9a49-11e6-8447-acbc32b2789b]
    method: GET
    uri: https://fakestore.azuredatalakestore.net/webhdfs/v1/azure_test_dir?OP=LISTSTATUS
  response:
    body: {string: '{"FileStatuses":{"FileStatus":[{"length":10,"pathSuffix":"a","type":"FILE","blockSize":268435456,"accessTime":1477355162474,"modificationTime":1477355162572,"replication":1,"permission":"770","owner":"49b2f9ec-818a-49ca-9424-249e1f19f7d7","group":"49b2f9ec-818a-49ca-9424-249e1f19f7d7"}]}}'}
    headers:
      Cache-Control: ['no-cache, no-cache, no-store, max-age=0']
      Content-Length: ['289']
      Content-Type: [application/json; charset=utf-8]
      Date: ['Tue, 25 Oct 2016 00:26:03 GMT']
      Expires: ['-1']
      Pragma: [no-cache]
      Status: ['0x0']
      Strict-Transport-Security: [max-age=15724800; includeSubDomains]
      X-Content-Type-Options: [nosniff]
      x-ms-request-id: [aafda8d9-cab6-43c9-8294-256ad4384b1e]
      x-ms-webhdfs-version: [16.07.18.01]
    status: {code: 200, message: OK}
- request:
    body: null
    headers:
      Accept: ['*/*']
      Accept-Encoding: ['gzip, deflate']
      Connection: [keep-alive]
      Content-Length: ['0']
      User-Agent: [python/3.5.2 (Darwin-15.6.0-x86_64-i386-64bit) azure.datalake.store.lib/0.0.1
          Azure-Data-Lake-Store-SDK-For-Python]
      x-ms-client-request-id: [9d56e4f6-9a49-11e6-9f22-acbc32b2789b]
    method: DELETE
    uri: https://fakestore.azuredatalakestore.net/webhdfs/v1/azure_test_dir/a?OP=DELETE&recursive=True
  response:
    body: {string: '{"boolean":true}'}
    headers:
      Cache-Control: ['no-cache, no-cache, no-store, max-age=0']
      Content-Length: ['16']
      Content-Type: [application/json; charset=utf-8]
      Date: ['Tue, 25 Oct 2016 00:26:03 GMT']
      Expires: ['-1']
      Pragma: [no-cache]
      Status: ['0x0']
      Strict-Transport-Security: [max-age=15724800; includeSubDomains]
      X-Content-Type-Options: [nosniff]
      x-ms-request-id: [75fc8ce6-8f9c-419e-8882-767fde742ac8]
      x-ms-webhdfs-version: [16.07.18.01]
    status: {code: 200, message: OK}
version: 1
