interactions:
- request:
    body: null
    headers:
      Accept: ['*/*']
      Accept-Encoding: ['gzip, deflate']
      Connection: [keep-alive]
      Content-Length: ['0']
      User-Agent: [python-requests/2.10.0]
    method: PUT
    uri: https://fakestore.azuredatalakestore.net/webhdfs/v1/azure_test_dir/a?overwrite=True&OP=CREATE
  response:
    body: {string: !!python/unicode ''}
    headers:
      cache-control: [no-cache]
      content-length: ['0']
      contentlength: ['0']
      date: ['Sun, 21 Aug 2016 08:52:48 GMT']
      expires: ['-1']
      location: ['https://fakestore.azuredatalakestore.net/webhdfs/v1/azure_test_dir/a?overwrite=True&OP=CREATE&write=true']
      pragma: [no-cache]
      server-perf: ['[78c70d44-d3e5-4fcc-b421-a588ead41cd3][ AuthTime::0::PostAuthTime::0
          ][S-HdfsGetFileStatusV2 :: 00:00:005 ms]%0a[CREATE :: 00:00:006 ms]%0a']
      status: ['0x8309000A']
      strict-transport-security: [max-age=15724800; includeSubDomains]
      x-content-type-options: [nosniff]
      x-ms-request-id: [78c70d44-d3e5-4fcc-b421-a588ead41cd3]
      x-ms-webhdfs-version: [16.07.07.01]
    status: {code: 307, message: Temporary Redirect}
- request:
    body: null
    headers:
      Accept: ['*/*']
      Accept-Encoding: ['gzip, deflate']
      Connection: [keep-alive]
      Content-Length: ['0']
      User-Agent: [python-requests/2.10.0]
    method: PUT
    uri: https://fakestore.azuredatalakestore.net/webhdfs/v1/azure_test_dir/a?overwrite=True&OP=CREATE&write=true
  response:
    body: {string: !!python/unicode ''}
    headers:
      cache-control: [no-cache]
      content-length: ['0']
      contentlength: ['0']
      date: ['Sun, 21 Aug 2016 08:52:48 GMT']
      expires: ['-1']
      location: ['https://fakestore.azuredatalakestore.net/webhdfs/v1/azure_test_dir/a?overwrite=True&OP=CREATE&write=true']
      pragma: [no-cache]
      server-perf: ['[8c10d155-7090-42e2-925c-976b40d62c66][ AuthTime::0::PostAuthTime::0
          ][S-HdfsGetFileStatusV2 :: 00:00:006 ms]%0a[S-HdfsCheckAccess :: 00:00:002
          ms]%0a[S-FsDelete :: 00:00:006 ms]%0a[S-FsOpenStream :: 00:00:028 ms]%0a[BufferingTime
          :: 00:00:000 ms]%0a[WriteTime :: 00:00:000 ms]%0a[S-FsCloseHandle :: 00:00:001
          ms]%0a[CREATE :: 00:00:047 ms]%0a']
      status: ['0x0']
      strict-transport-security: [max-age=15724800; includeSubDomains]
      x-content-type-options: [nosniff]
      x-ms-request-id: [8c10d155-7090-42e2-925c-976b40d62c66]
      x-ms-webhdfs-version: [16.07.07.01]
    status: {code: 201, message: Created}
- request:
    body: !!python/unicode 0123456789
    headers:
      Accept: ['*/*']
      Accept-Encoding: ['gzip, deflate']
      Connection: [keep-alive]
      Content-Length: ['10']
      User-Agent: [python-requests/2.10.0]
    method: POST
    uri: https://fakestore.azuredatalakestore.net/webhdfs/v1/azure_test_dir/a?OP=APPEND
  response:
    body: {string: !!python/unicode ''}
    headers:
      cache-control: [no-cache]
      content-length: ['0']
      contentlength: ['0']
      date: ['Sun, 21 Aug 2016 08:52:48 GMT']
      expires: ['-1']
      location: ['https://fakestore.azuredatalakestore.net/webhdfs/v1/azure_test_dir/a?OP=APPEND&append=true']
      pragma: [no-cache]
      server-perf: ['[60dbc819-18f9-4893-9e70-cbf0d776bf76][ AuthTime::0::PostAuthTime::0
          ][APPEND :: 00:00:000 ms]%0a']
      status: ['0x0']
      strict-transport-security: [max-age=15724800; includeSubDomains]
      x-content-type-options: [nosniff]
      x-ms-request-id: [60dbc819-18f9-4893-9e70-cbf0d776bf76]
      x-ms-webhdfs-version: [16.07.07.01]
    status: {code: 307, message: Temporary Redirect}
- request:
    body: !!python/unicode 0123456789
    headers:
      Accept: ['*/*']
      Accept-Encoding: ['gzip, deflate']
      Connection: [keep-alive]
      Content-Length: ['10']
      User-Agent: [python-requests/2.10.0]
    method: POST
    uri: https://fakestore.azuredatalakestore.net/webhdfs/v1/azure_test_dir/a?OP=APPEND&append=true
  response:
    body: {string: !!python/unicode ''}
    headers:
      cache-control: [no-cache]
      content-length: ['0']
      date: ['Sun, 21 Aug 2016 08:52:49 GMT']
      expires: ['-1']
      pragma: [no-cache]
      server-perf: ['[8929a3b4-f3ed-49ef-bec8-2dd16952edba][ AuthTime::0::PostAuthTime::0
          ][S-FsOpenStream :: 00:00:010 ms]%0a[S-FsGetStreamLength :: 00:00:080 ms]%0a[S-FsAppendStream
          :: 00:00:139 ms]%0a[BufferingTime :: 00:00:000 ms]%0a[WriteTime :: 00:00:139
          ms]%0a[S-FsCloseHandle :: 00:00:001 ms]%0a[APPEND :: 00:00:233 ms]%0a']
      status: ['0x0']
      strict-transport-security: [max-age=15724800; includeSubDomains]
      x-content-type-options: [nosniff]
      x-ms-request-id: [8929a3b4-f3ed-49ef-bec8-2dd16952edba]
      x-ms-webhdfs-version: [16.07.07.01]
    status: {code: 200, message: OK}
- request:
    body: null
    headers:
      Accept: ['*/*']
      Accept-Encoding: ['gzip, deflate']
      Connection: [keep-alive]
      User-Agent: [python-requests/2.10.0]
    method: GET
    uri: https://fakestore.azuredatalakestore.net/webhdfs/v1/azure_test_dir?OP=LISTSTATUS
  response:
    body: {string: !!python/unicode '{"FileStatuses":{"FileStatus":[{"length":10,"pathSuffix":"a","type":"FILE","blockSize":268435456,"accessTime":1471769568983,"modificationTime":1471769569442,"replication":1,"permission":"770","owner":"49b2f9ec-818a-49ca-9424-249e1f19f7d7","group":"49b2f9ec-818a-49ca-9424-249e1f19f7d7"}]}}'}
    headers:
      cache-control: [no-cache]
      content-length: ['289']
      content-type: [application/json; charset=utf-8]
      date: ['Sun, 21 Aug 2016 08:52:49 GMT']
      expires: ['-1']
      pragma: [no-cache]
      server-perf: ['[aac78919-978b-4dc4-a4c7-54419cc2995a][ AuthTime::0::PostAuthTime::0
          ][S-HdfsListStatus :: 00:00:011 ms]%0a[LISTSTATUS :: 00:00:011 ms]%0a']
      status: ['0x0']
      strict-transport-security: [max-age=15724800; includeSubDomains]
      x-content-type-options: [nosniff]
      x-ms-request-id: [aac78919-978b-4dc4-a4c7-54419cc2995a]
      x-ms-webhdfs-version: [16.07.07.01]
    status: {code: 200, message: OK}
- request:
    body: null
    headers:
      Accept: ['*/*']
      Accept-Encoding: ['gzip, deflate']
      Connection: [keep-alive]
      User-Agent: [python-requests/2.10.0]
    method: GET
    uri: https://fakestore.azuredatalakestore.net/webhdfs/v1/azure_test_dir/a?length=3&offset=7&OP=OPEN
  response:
    body: {string: !!python/unicode ''}
    headers:
      cache-control: [no-cache]
      content-length: ['0']
      contentlength: ['0']
      date: ['Sun, 21 Aug 2016 08:52:50 GMT']
      expires: ['-1']
      location: ['https://fakestore.azuredatalakestore.net/webhdfs/v1/azure_test_dir/a?length=3&offset=7&OP=OPEN&read=true']
      pragma: [no-cache]
      server-perf: ['[8afd0629-25c5-48c0-bfc0-077029f5c09a][ AuthTime::0::PostAuthTime::0
          ][OPEN :: 00:00:000 ms]%0a']
      status: ['0x0']
      strict-transport-security: [max-age=15724800; includeSubDomains]
      x-content-type-options: [nosniff]
      x-ms-request-id: [8afd0629-25c5-48c0-bfc0-077029f5c09a]
      x-ms-webhdfs-version: [16.07.07.01]
    status: {code: 307, message: Temporary Redirect}
- request:
    body: null
    headers:
      Accept: ['*/*']
      Accept-Encoding: ['gzip, deflate']
      Connection: [keep-alive]
      User-Agent: [python-requests/2.10.0]
    method: GET
    uri: https://fakestore.azuredatalakestore.net/webhdfs/v1/azure_test_dir/a?length=3&offset=7&OP=OPEN&read=true
  response:
    body: {string: !!python/unicode 789}
    headers:
      cache-control: [no-cache]
      content-type: [application/octet-stream]
      date: ['Sun, 21 Aug 2016 08:52:50 GMT']
      expires: ['-1']
      pragma: [no-cache]
      server-perf: ['[1ec6da3d-7f60-4abc-8ee2-4107cc20d72f][ AuthTime::0::PostAuthTime::0
          ][S-FsOpenStream :: 00:00:012 ms]%0a[S-FsReadStream :: 00:00:014 ms]%0a[OPEN
          :: 00:00:027 ms]%0a']
      status: ['0x0']
      strict-transport-security: [max-age=15724800; includeSubDomains]
      transfer-encoding: [chunked]
      x-content-type-options: [nosniff]
      x-ms-request-id: [1ec6da3d-7f60-4abc-8ee2-4107cc20d72f]
      x-ms-webhdfs-version: [16.07.07.01]
    status: {code: 200, message: OK}
- request:
    body: null
    headers:
      Accept: ['*/*']
      Accept-Encoding: ['gzip, deflate']
      Connection: [keep-alive]
      User-Agent: [python-requests/2.10.0]
    method: GET
    uri: https://fakestore.azuredatalakestore.net/webhdfs/v1/azure_test_dir/a?length=6&offset=0&OP=OPEN
  response:
    body: {string: !!python/unicode ''}
    headers:
      cache-control: [no-cache]
      content-length: ['0']
      contentlength: ['0']
      date: ['Sun, 21 Aug 2016 08:52:49 GMT']
      expires: ['-1']
      location: ['https://fakestore.azuredatalakestore.net/webhdfs/v1/azure_test_dir/a?length=6&offset=0&OP=OPEN&read=true']
      pragma: [no-cache]
      server-perf: ['[56199963-c02e-481f-9747-33e9700368e9][ AuthTime::0::PostAuthTime::0
          ][OPEN :: 00:00:000 ms]%0a']
      status: ['0x0']
      strict-transport-security: [max-age=15724800; includeSubDomains]
      x-content-type-options: [nosniff]
      x-ms-request-id: [56199963-c02e-481f-9747-33e9700368e9]
      x-ms-webhdfs-version: [16.07.07.01]
    status: {code: 307, message: Temporary Redirect}
- request:
    body: null
    headers:
      Accept: ['*/*']
      Accept-Encoding: ['gzip, deflate']
      Connection: [keep-alive]
      User-Agent: [python-requests/2.10.0]
    method: GET
    uri: https://fakestore.azuredatalakestore.net/webhdfs/v1/azure_test_dir/a?length=6&offset=0&OP=OPEN&read=true
  response:
    body: {string: !!python/unicode 012345}
    headers:
      cache-control: [no-cache]
      content-type: [application/octet-stream]
      date: ['Sun, 21 Aug 2016 08:52:50 GMT']
      expires: ['-1']
      pragma: [no-cache]
      server-perf: ['[1ec87b27-3fd5-45c3-b86a-104c822cc368][ AuthTime::0::PostAuthTime::0
          ][S-FsOpenStream :: 00:00:012 ms]%0a[S-FsReadStream :: 00:00:311 ms]%0a[OPEN
          :: 00:00:324 ms]%0a']
      status: ['0x0']
      strict-transport-security: [max-age=15724800; includeSubDomains]
      transfer-encoding: [chunked]
      x-content-type-options: [nosniff]
      x-ms-request-id: [1ec87b27-3fd5-45c3-b86a-104c822cc368]
      x-ms-webhdfs-version: [16.07.07.01]
    status: {code: 200, message: OK}
- request:
    body: null
    headers:
      Accept: ['*/*']
      Accept-Encoding: ['gzip, deflate']
      Connection: [keep-alive]
      User-Agent: [python-requests/2.10.0]
    method: GET
    uri: https://fakestore.azuredatalakestore.net/webhdfs/v1/azure_test_dir/a?length=10&offset=0&OP=OPEN
  response:
    body: {string: !!python/unicode ''}
    headers:
      cache-control: [no-cache]
      content-length: ['0']
      contentlength: ['0']
      date: ['Sun, 21 Aug 2016 08:52:50 GMT']
      expires: ['-1']
      location: ['https://fakestore.azuredatalakestore.net/webhdfs/v1/azure_test_dir/a?length=10&offset=0&OP=OPEN&read=true']
      pragma: [no-cache]
      server-perf: ['[ae73a666-6f1b-43a4-8592-bbd947dc6298][ AuthTime::0::PostAuthTime::0
          ][OPEN :: 00:00:000 ms]%0a']
      status: ['0x0']
      strict-transport-security: [max-age=15724800; includeSubDomains]
      x-content-type-options: [nosniff]
      x-ms-request-id: [ae73a666-6f1b-43a4-8592-bbd947dc6298]
      x-ms-webhdfs-version: [16.07.07.01]
    status: {code: 307, message: Temporary Redirect}
- request:
    body: null
    headers:
      Accept: ['*/*']
      Accept-Encoding: ['gzip, deflate']
      Connection: [keep-alive]
      User-Agent: [python-requests/2.10.0]
    method: GET
    uri: https://fakestore.azuredatalakestore.net/webhdfs/v1/azure_test_dir/a?length=10&offset=0&OP=OPEN&read=true
  response:
    body: {string: !!python/unicode 0123456789}
    headers:
      cache-control: [no-cache]
      content-type: [application/octet-stream]
      date: ['Sun, 21 Aug 2016 08:52:50 GMT']
      expires: ['-1']
      pragma: [no-cache]
      server-perf: ['[ca57b914-b80f-4f64-855a-55ab4c2bcf17][ AuthTime::0::PostAuthTime::0
          ][S-FsOpenStream :: 00:00:012 ms]%0a[S-FsReadStream :: 00:00:012 ms]%0a[OPEN
          :: 00:00:025 ms]%0a']
      status: ['0x0']
      strict-transport-security: [max-age=15724800; includeSubDomains]
      transfer-encoding: [chunked]
      x-content-type-options: [nosniff]
      x-ms-request-id: [ca57b914-b80f-4f64-855a-55ab4c2bcf17]
      x-ms-webhdfs-version: [16.07.07.01]
    status: {code: 200, message: OK}
- request:
    body: null
    headers:
      Accept: ['*/*']
      Accept-Encoding: ['gzip, deflate']
      Connection: [keep-alive]
      Content-Length: ['0']
      User-Agent: [python-requests/2.10.0]
    method: DELETE
    uri: https://fakestore.azuredatalakestore.net/webhdfs/v1/azure_test_dir/a?recursive=True&OP=DELETE
  response:
    body: {string: !!python/unicode '{"boolean":true}'}
    headers:
      cache-control: [no-cache]
      content-length: ['16']
      content-type: [application/json; charset=utf-8]
      date: ['Sun, 21 Aug 2016 08:52:51 GMT']
      expires: ['-1']
      pragma: [no-cache]
      server-perf: ['[9e59aec9-3f67-49fd-9fe7-a9c049bfe28b][ AuthTime::0::PostAuthTime::0
          ][S-FsDelete :: 00:00:040 ms]%0a[DELETE :: 00:00:040 ms]%0a']
      status: ['0x0']
      strict-transport-security: [max-age=15724800; includeSubDomains]
      x-content-type-options: [nosniff]
      x-ms-request-id: [9e59aec9-3f67-49fd-9fe7-a9c049bfe28b]
      x-ms-webhdfs-version: [16.07.07.01]
    status: {code: 200, message: OK}
version: 1
