interactions:
- request:
    body: null
    headers:
      Accept: ['*/*']
      Accept-Encoding: ['gzip, deflate']
      Connection: [keep-alive]
      User-Agent: [python/3.7.0 (Windows-10-10.0.14393-SP0) azure.datalake.store.lib/0.0.34
          Azure-Data-Lake-Store-SDK-For-Python]
      x-ms-client-request-id: [c8721cee-d194-11e8-ae16-000d3a041d7c.0]
    method: GET
    uri: https://akharitadls.azuredatalakestore.net/webhdfs/v1/azure_python_sdk_test_dir437f8326-2c53-487e-b0f0-0cd298e9ca49/12%2C%2B3%23456%3F.txt?OP=GETFILESTATUS&api-version=2018-05-01
  response:
    body: {string: '{"RemoteException":{"exception":"FileNotFoundException","message":"File/Folder
        does not exist: /azure_python_sdk_test_dir437f8326-2c53-487e-b0f0-0cd298e9ca49/12,+3#456?.txt
        [09ae723a-06cb-44f3-a9d3-4cb24708a515][2018-10-16T15:42:38.3822450-07:00]","javaClassName":"java.io.FileNotFoundException"}}'}
    headers:
      Cache-Control: ['no-cache, no-cache, no-store, max-age=0']
      Content-Length: ['297']
      Content-Type: [application/json; charset=utf-8]
      Date: ['Tue, 16 Oct 2018 22:42:37 GMT']
      Expires: ['-1']
      Pragma: [no-cache]
      Status: ['0x8309000A']
      Strict-Transport-Security: [max-age=15724800; includeSubDomains]
      X-Content-Type-Options: [nosniff]
      x-ms-request-id: [09ae723a-06cb-44f3-a9d3-4cb24708a515]
      x-ms-webhdfs-version: [17.04.24.00]
    status: {code: 404, message: Not Found}
- request:
    body: 0123456789
    headers:
      Accept: ['*/*']
      Accept-Encoding: ['gzip, deflate']
      Connection: [keep-alive]
      Content-Length: ['10']
      User-Agent: [python/3.7.0 (Windows-10-10.0.14393-SP0) azure.datalake.store.lib/0.0.34
          Azure-Data-Lake-Store-SDK-For-Python]
      x-ms-client-request-id: [c87cf264-d194-11e8-9faf-000d3a041d7c.0]
    method: PUT
    uri: https://akharitadls.azuredatalakestore.net/webhdfs/v1/azure_python_sdk_test_dir437f8326-2c53-487e-b0f0-0cd298e9ca49/12%2C%2B3%23456%3F.txt?OP=CREATE&api-version=2018-05-01&overwrite=true&write=true&syncFlag=CLOSE&leaseid=dead7629-1993-4c7f-a062-9dd47bd69639&filesessionid=dead7629-1993-4c7f-a062-9dd47bd69639
  response:
    body: {string: ''}
    headers:
      Cache-Control: ['no-cache, no-cache, no-store, max-age=0']
      Content-Length: ['0']
      ContentLength: ['0']
      Date: ['Tue, 16 Oct 2018 22:42:38 GMT']
      Expires: ['-1']
      Location: ['https://akharitadls.azuredatalakestore.net/webhdfs/v1/azure_python_sdk_test_dir437f8326-2c53-487e-b0f0-0cd298e9ca49/12,+3%23456%3F.txt?OP=CREATE&api-version=2018-05-01&overwrite=true&write=true&syncFlag=CLOSE&leaseid=dead7629-1993-4c7f-a062-9dd47bd69639&filesessionid=dead7629-1993-4c7f-a062-9dd47bd69639']
      Pragma: [no-cache]
      Status: ['0x0']
      Strict-Transport-Security: [max-age=15724800; includeSubDomains]
      X-Content-Type-Options: [nosniff]
      x-ms-request-id: [22216092-ad50-4199-bc84-d0bbab3e5376]
      x-ms-webhdfs-version: [17.04.24.00]
    status: {code: 201, message: Created}
- request:
    body: null
    headers:
      Accept: ['*/*']
      Accept-Encoding: ['gzip, deflate']
      Connection: [keep-alive]
      User-Agent: [python/3.7.0 (Windows-10-10.0.14393-SP0) azure.datalake.store.lib/0.0.34
          Azure-Data-Lake-Store-SDK-For-Python]
      x-ms-client-request-id: [c89018f4-d194-11e8-9644-000d3a041d7c.0]
    method: GET
    uri: https://akharitadls.azuredatalakestore.net/webhdfs/v1/azure_python_sdk_test_dir437f8326-2c53-487e-b0f0-0cd298e9ca49/12%2C%2B3%23456%3F.txt?OP=GETFILESTATUS&api-version=2018-05-01
  response:
    body: {string: '{"FileStatus":{"length":10,"pathSuffix":"","type":"FILE","blockSize":268435456,"accessTime":1539729758404,"modificationTime":1539729758460,"replication":1,"permission":"770","owner":"a0b3cb87-9ca9-4769-af48-e687823d8937","group":"6d86a146-d7dc-49d0-862f-1897c5dd2afe","msExpirationTime":0,"aclBit":false}}'}
    headers:
      Cache-Control: ['no-cache, no-cache, no-store, max-age=0']
      Content-Length: ['305']
      Content-Type: [application/json; charset=utf-8]
      Date: ['Tue, 16 Oct 2018 22:42:38 GMT']
      Expires: ['-1']
      Pragma: [no-cache]
      Status: ['0x0']
      Strict-Transport-Security: [max-age=15724800; includeSubDomains]
      X-Content-Type-Options: [nosniff]
      x-ms-request-id: [1016343b-020a-4cdc-8ce4-9666da390ca1]
      x-ms-webhdfs-version: [17.04.24.00]
    status: {code: 200, message: OK}
- request:
    body: null
    headers:
      Accept: ['*/*']
      Accept-Encoding: ['gzip, deflate']
      Connection: [keep-alive]
      User-Agent: [python/3.7.0 (Windows-10-10.0.14393-SP0) azure.datalake.store.lib/0.0.34
          Azure-Data-Lake-Store-SDK-For-Python]
      x-ms-client-request-id: [c894ed6c-d194-11e8-9092-000d3a041d7c.0]
    method: GET
    uri: https://akharitadls.azuredatalakestore.net/webhdfs/v1/azure_python_sdk_test_dir437f8326-2c53-487e-b0f0-0cd298e9ca49/12%2C%2B3%23456%3F.txt?OP=GETFILESTATUS&api-version=2018-05-01
  response:
    body: {string: '{"FileStatus":{"length":10,"pathSuffix":"","type":"FILE","blockSize":268435456,"accessTime":1539729758404,"modificationTime":1539729758460,"replication":1,"permission":"770","owner":"a0b3cb87-9ca9-4769-af48-e687823d8937","group":"6d86a146-d7dc-49d0-862f-1897c5dd2afe","msExpirationTime":0,"aclBit":false}}'}
    headers:
      Cache-Control: ['no-cache, no-cache, no-store, max-age=0']
      Content-Length: ['305']
      Content-Type: [application/json; charset=utf-8]
      Date: ['Tue, 16 Oct 2018 22:42:38 GMT']
      Expires: ['-1']
      Pragma: [no-cache]
      Status: ['0x0']
      Strict-Transport-Security: [max-age=15724800; includeSubDomains]
      X-Content-Type-Options: [nosniff]
      x-ms-request-id: [bf9caa40-d8b9-4f6b-8e0a-45a9f37801ce]
      x-ms-webhdfs-version: [17.04.24.00]
    status: {code: 200, message: OK}
- request:
    body: null
    headers:
      Accept: ['*/*']
      Accept-Encoding: ['gzip, deflate']
      Connection: [keep-alive]
      User-Agent: [python/3.7.0 (Windows-10-10.0.14393-SP0) azure.datalake.store.lib/0.0.34
          Azure-Data-Lake-Store-SDK-For-Python]
      x-ms-client-request-id: [c897d39a-d194-11e8-be17-000d3a041d7c.0]
    method: GET
    uri: https://akharitadls.azuredatalakestore.net/webhdfs/v1/azure_python_sdk_test_dir437f8326-2c53-487e-b0f0-0cd298e9ca49/12%2C%2B3%23456%3F.txt?OP=GETFILESTATUS&api-version=2018-05-01
  response:
    body: {string: '{"FileStatus":{"length":10,"pathSuffix":"","type":"FILE","blockSize":268435456,"accessTime":1539729758404,"modificationTime":1539729758460,"replication":1,"permission":"770","owner":"a0b3cb87-9ca9-4769-af48-e687823d8937","group":"6d86a146-d7dc-49d0-862f-1897c5dd2afe","msExpirationTime":0,"aclBit":false}}'}
    headers:
      Cache-Control: ['no-cache, no-cache, no-store, max-age=0']
      Content-Length: ['305']
      Content-Type: [application/json; charset=utf-8]
      Date: ['Tue, 16 Oct 2018 22:42:38 GMT']
      Expires: ['-1']
      Pragma: [no-cache]
      Status: ['0x0']
      Strict-Transport-Security: [max-age=15724800; includeSubDomains]
      X-Content-Type-Options: [nosniff]
      x-ms-request-id: [503831cb-a56d-4f76-89e4-00ca063fe1fa]
      x-ms-webhdfs-version: [17.04.24.00]
    status: {code: 200, message: OK}
- request:
    body: null
    headers:
      Accept: ['*/*']
      Accept-Encoding: ['gzip, deflate']
      Connection: [keep-alive]
      User-Agent: [python/3.7.0 (Windows-10-10.0.14393-SP0) azure.datalake.store.lib/0.0.34
          Azure-Data-Lake-Store-SDK-For-Python]
      x-ms-client-request-id: [c89a4474-d194-11e8-bbab-000d3a041d7c.0]
    method: GET
    uri: https://akharitadls.azuredatalakestore.net/webhdfs/v1/azure_python_sdk_test_dir437f8326-2c53-487e-b0f0-0cd298e9ca49/12%2C%2B3%23456%3F.txt?OP=OPEN&api-version=2018-05-01&offset=0&length=10&read=true&filesessionid=f37f917f-6c25-403c-8798-799bc73dcc1c
  response:
    body: {string: 0123456789}
    headers:
      Cache-Control: ['no-cache, no-cache, no-store, max-age=0']
      Content-Type: [application/octet-stream]
      Date: ['Tue, 16 Oct 2018 22:42:38 GMT']
      Expires: ['-1']
      Pragma: [no-cache]
      Status: ['0x0']
      Strict-Transport-Security: [max-age=15724800; includeSubDomains]
      Transfer-Encoding: [chunked]
      X-Content-Type-Options: [nosniff]
      x-ms-request-id: [7c2c650a-5f53-4950-93cd-95b7244fb1e1]
      x-ms-webhdfs-version: [17.04.24.00]
    status: {code: 200, message: OK}
- request:
    body: null
    headers:
      Accept: ['*/*']
      Accept-Encoding: ['gzip, deflate']
      Connection: [keep-alive]
      User-Agent: [python/3.7.0 (Windows-10-10.0.14393-SP0) azure.datalake.store.lib/0.0.34
          Azure-Data-Lake-Store-SDK-For-Python]
      x-ms-client-request-id: [c8acc4c8-d194-11e8-8057-000d3a041d7c.0]
    method: GET
    uri: https://akharitadls.azuredatalakestore.net/webhdfs/v1/azure_python_sdk_test_dir437f8326-2c53-487e-b0f0-0cd298e9ca49/12%2C%2B3%23456%3F.txt?OP=GETFILESTATUS&api-version=2018-05-01
  response:
    body: {string: '{"FileStatus":{"length":10,"pathSuffix":"","type":"FILE","blockSize":268435456,"accessTime":1539729758404,"modificationTime":1539729758460,"replication":1,"permission":"770","owner":"a0b3cb87-9ca9-4769-af48-e687823d8937","group":"6d86a146-d7dc-49d0-862f-1897c5dd2afe","msExpirationTime":0,"aclBit":false}}'}
    headers:
      Cache-Control: ['no-cache, no-cache, no-store, max-age=0']
      Content-Length: ['305']
      Content-Type: [application/json; charset=utf-8]
      Date: ['Tue, 16 Oct 2018 22:42:38 GMT']
      Expires: ['-1']
      Pragma: [no-cache]
      Status: ['0x0']
      Strict-Transport-Security: [max-age=15724800; includeSubDomains]
      X-Content-Type-Options: [nosniff]
      x-ms-request-id: [e39598d2-e807-44a3-9412-7934bf5ff801]
      x-ms-webhdfs-version: [17.04.24.00]
    status: {code: 200, message: OK}
- request:
    body: null
    headers:
      Accept: ['*/*']
      Accept-Encoding: ['gzip, deflate']
      Connection: [keep-alive]
      User-Agent: [python/3.7.0 (Windows-10-10.0.14393-SP0) azure.datalake.store.lib/0.0.34
          Azure-Data-Lake-Store-SDK-For-Python]
      x-ms-client-request-id: [c8af5cde-d194-11e8-8fa2-000d3a041d7c.0]
    method: GET
    uri: https://akharitadls.azuredatalakestore.net/webhdfs/v1/azure_python_sdk_test_dir437f8326-2c53-487e-b0f0-0cd298e9ca49/12%2C%2B3%23456%3F.txt?OP=GETFILESTATUS&api-version=2018-05-01
  response:
    body: {string: '{"FileStatus":{"length":10,"pathSuffix":"","type":"FILE","blockSize":268435456,"accessTime":1539729758404,"modificationTime":1539729758460,"replication":1,"permission":"770","owner":"a0b3cb87-9ca9-4769-af48-e687823d8937","group":"6d86a146-d7dc-49d0-862f-1897c5dd2afe","msExpirationTime":0,"aclBit":false}}'}
    headers:
      Cache-Control: ['no-cache, no-cache, no-store, max-age=0']
      Content-Length: ['305']
      Content-Type: [application/json; charset=utf-8]
      Date: ['Tue, 16 Oct 2018 22:42:38 GMT']
      Expires: ['-1']
      Pragma: [no-cache]
      Status: ['0x0']
      Strict-Transport-Security: [max-age=15724800; includeSubDomains]
      X-Content-Type-Options: [nosniff]
      x-ms-request-id: [e6b63b79-c377-4af6-8a48-2c8118816eb3]
      x-ms-webhdfs-version: [17.04.24.00]
    status: {code: 200, message: OK}
- request:
    body: null
    headers:
      Accept: ['*/*']
      Accept-Encoding: ['gzip, deflate']
      Connection: [keep-alive]
      User-Agent: [python/3.7.0 (Windows-10-10.0.14393-SP0) azure.datalake.store.lib/0.0.34
          Azure-Data-Lake-Store-SDK-For-Python]
      x-ms-client-request-id: [c8b1f4ec-d194-11e8-84a5-000d3a041d7c.0]
    method: GET
    uri: https://akharitadls.azuredatalakestore.net/webhdfs/v1/azure_python_sdk_test_dir437f8326-2c53-487e-b0f0-0cd298e9ca49/12%2C%2B3%23456%3F.txt?OP=GETFILESTATUS&api-version=2018-05-01
  response:
    body: {string: '{"FileStatus":{"length":10,"pathSuffix":"","type":"FILE","blockSize":268435456,"accessTime":1539729758404,"modificationTime":1539729758460,"replication":1,"permission":"770","owner":"a0b3cb87-9ca9-4769-af48-e687823d8937","group":"6d86a146-d7dc-49d0-862f-1897c5dd2afe","msExpirationTime":0,"aclBit":false}}'}
    headers:
      Cache-Control: ['no-cache, no-cache, no-store, max-age=0']
      Content-Length: ['305']
      Content-Type: [application/json; charset=utf-8]
      Date: ['Tue, 16 Oct 2018 22:42:38 GMT']
      Expires: ['-1']
      Pragma: [no-cache]
      Status: ['0x0']
      Strict-Transport-Security: [max-age=15724800; includeSubDomains]
      X-Content-Type-Options: [nosniff]
      x-ms-request-id: [d30d8221-b442-4a95-ad3f-05d07ed51bf1]
      x-ms-webhdfs-version: [17.04.24.00]
    status: {code: 200, message: OK}
- request:
    body: null
    headers:
      Accept: ['*/*']
      Accept-Encoding: ['gzip, deflate']
      Connection: [keep-alive]
      User-Agent: [python/3.7.0 (Windows-10-10.0.14393-SP0) azure.datalake.store.lib/0.0.34
          Azure-Data-Lake-Store-SDK-For-Python]
      x-ms-client-request-id: [c8b43eee-d194-11e8-8743-000d3a041d7c.0]
    method: GET
    uri: https://akharitadls.azuredatalakestore.net/webhdfs/v1/azure_python_sdk_test_dir437f8326-2c53-487e-b0f0-0cd298e9ca49/12%2C%2B3%23456%3F.txt?OP=OPEN&api-version=2018-05-01&offset=0&length=10&read=true&filesessionid=10be85dc-1a40-4615-bc98-ce3a7ead7cd1
  response:
    body: {string: 0123456789}
    headers:
      Cache-Control: ['no-cache, no-cache, no-store, max-age=0']
      Content-Type: [application/octet-stream]
      Date: ['Tue, 16 Oct 2018 22:42:38 GMT']
      Expires: ['-1']
      Pragma: [no-cache]
      Status: ['0x0']
      Strict-Transport-Security: [max-age=15724800; includeSubDomains]
      Transfer-Encoding: [chunked]
      X-Content-Type-Options: [nosniff]
      x-ms-request-id: [44aa3821-b5e7-45eb-b299-8f8023efe12e]
      x-ms-webhdfs-version: [17.04.24.00]
    status: {code: 200, message: OK}
- request:
    body: null
    headers:
      Accept: ['*/*']
      Accept-Encoding: ['gzip, deflate']
      Connection: [keep-alive]
      User-Agent: [python/3.7.0 (Windows-10-10.0.14393-SP0) azure.datalake.store.lib/0.0.34
          Azure-Data-Lake-Store-SDK-For-Python]
      x-ms-client-request-id: [c8b8369e-d194-11e8-bb03-000d3a041d7c.0]
    method: GET
    uri: https://akharitadls.azuredatalakestore.net/webhdfs/v1/azure_python_sdk_test_dir437f8326-2c53-487e-b0f0-0cd298e9ca49/12%2C%2B3%23456%3F.txt?OP=GETFILESTATUS&api-version=2018-05-01
  response:
    body: {string: '{"FileStatus":{"length":10,"pathSuffix":"","type":"FILE","blockSize":268435456,"accessTime":1539729758404,"modificationTime":1539729758460,"replication":1,"permission":"770","owner":"a0b3cb87-9ca9-4769-af48-e687823d8937","group":"6d86a146-d7dc-49d0-862f-1897c5dd2afe","msExpirationTime":0,"aclBit":false}}'}
    headers:
      Cache-Control: ['no-cache, no-cache, no-store, max-age=0']
      Content-Length: ['305']
      Content-Type: [application/json; charset=utf-8]
      Date: ['Tue, 16 Oct 2018 22:42:38 GMT']
      Expires: ['-1']
      Pragma: [no-cache]
      Status: ['0x0']
      Strict-Transport-Security: [max-age=15724800; includeSubDomains]
      X-Content-Type-Options: [nosniff]
      x-ms-request-id: [c4ddb548-a268-4280-bec1-ef25045e3b13]
      x-ms-webhdfs-version: [17.04.24.00]
    status: {code: 200, message: OK}
- request:
    body: null
    headers:
      Accept: ['*/*']
      Accept-Encoding: ['gzip, deflate']
      Connection: [keep-alive]
      User-Agent: [python/3.7.0 (Windows-10-10.0.14393-SP0) azure.datalake.store.lib/0.0.34
          Azure-Data-Lake-Store-SDK-For-Python]
      x-ms-client-request-id: [c8ba8074-d194-11e8-a687-000d3a041d7c.0]
    method: GET
    uri: https://akharitadls.azuredatalakestore.net/webhdfs/v1/azure_python_sdk_test_dir437f8326-2c53-487e-b0f0-0cd298e9ca49/12%2C%2B3%23456%3F.txt?OP=GETFILESTATUS&api-version=2018-05-01
  response:
    body: {string: '{"FileStatus":{"length":10,"pathSuffix":"","type":"FILE","blockSize":268435456,"accessTime":1539729758404,"modificationTime":1539729758460,"replication":1,"permission":"770","owner":"a0b3cb87-9ca9-4769-af48-e687823d8937","group":"6d86a146-d7dc-49d0-862f-1897c5dd2afe","msExpirationTime":0,"aclBit":false}}'}
    headers:
      Cache-Control: ['no-cache, no-cache, no-store, max-age=0']
      Content-Length: ['305']
      Content-Type: [application/json; charset=utf-8]
      Date: ['Tue, 16 Oct 2018 22:42:38 GMT']
      Expires: ['-1']
      Pragma: [no-cache]
      Status: ['0x0']
      Strict-Transport-Security: [max-age=15724800; includeSubDomains]
      X-Content-Type-Options: [nosniff]
      x-ms-request-id: [88196648-4eb0-4dff-a4ed-252ac92fef70]
      x-ms-webhdfs-version: [17.04.24.00]
    status: {code: 200, message: OK}
- request:
    body: null
    headers:
      Accept: ['*/*']
      Accept-Encoding: ['gzip, deflate']
      Connection: [keep-alive]
      User-Agent: [python/3.7.0 (Windows-10-10.0.14393-SP0) azure.datalake.store.lib/0.0.34
          Azure-Data-Lake-Store-SDK-For-Python]
      x-ms-client-request-id: [c8bcca70-d194-11e8-ac49-000d3a041d7c.0]
    method: GET
    uri: https://akharitadls.azuredatalakestore.net/webhdfs/v1/azure_python_sdk_test_dir437f8326-2c53-487e-b0f0-0cd298e9ca49/12%2C%2B3%23456%3F.txt?OP=GETFILESTATUS&api-version=2018-05-01
  response:
    body: {string: '{"FileStatus":{"length":10,"pathSuffix":"","type":"FILE","blockSize":268435456,"accessTime":1539729758404,"modificationTime":1539729758460,"replication":1,"permission":"770","owner":"a0b3cb87-9ca9-4769-af48-e687823d8937","group":"6d86a146-d7dc-49d0-862f-1897c5dd2afe","msExpirationTime":0,"aclBit":false}}'}
    headers:
      Cache-Control: ['no-cache, no-cache, no-store, max-age=0']
      Content-Length: ['305']
      Content-Type: [application/json; charset=utf-8]
      Date: ['Tue, 16 Oct 2018 22:42:38 GMT']
      Expires: ['-1']
      Pragma: [no-cache]
      Status: ['0x0']
      Strict-Transport-Security: [max-age=15724800; includeSubDomains]
      X-Content-Type-Options: [nosniff]
      x-ms-request-id: [28eafef9-328a-4d04-834d-03ec5df82001]
      x-ms-webhdfs-version: [17.04.24.00]
    status: {code: 200, message: OK}
- request:
    body: null
    headers:
      Accept: ['*/*']
      Accept-Encoding: ['gzip, deflate']
      Connection: [keep-alive]
      User-Agent: [python/3.7.0 (Windows-10-10.0.14393-SP0) azure.datalake.store.lib/0.0.34
          Azure-Data-Lake-Store-SDK-For-Python]
      x-ms-client-request-id: [c8bf1458-d194-11e8-bbcc-000d3a041d7c.0]
    method: GET
    uri: https://akharitadls.azuredatalakestore.net/webhdfs/v1/azure_python_sdk_test_dir437f8326-2c53-487e-b0f0-0cd298e9ca49/12%2C%2B3%23456%3F.txt?OP=OPEN&api-version=2018-05-01&offset=3&length=7&read=true&filesessionid=d39a5ae0-820a-4afc-abb0-085e6ffc6bc4
  response:
    body: {string: '3456789'}
    headers:
      Cache-Control: ['no-cache, no-cache, no-store, max-age=0']
      Content-Type: [application/octet-stream]
      Date: ['Tue, 16 Oct 2018 22:42:38 GMT']
      Expires: ['-1']
      Pragma: [no-cache]
      Status: ['0x0']
      Strict-Transport-Security: [max-age=15724800; includeSubDomains]
      Transfer-Encoding: [chunked]
      X-Content-Type-Options: [nosniff]
      x-ms-request-id: [7ab2aee3-efbb-442c-a1e7-115566cf5881]
      x-ms-webhdfs-version: [17.04.24.00]
    status: {code: 200, message: OK}
- request:
    body: null
    headers:
      Accept: ['*/*']
      Accept-Encoding: ['gzip, deflate']
      Connection: [keep-alive]
      User-Agent: [python/3.7.0 (Windows-10-10.0.14393-SP0) azure.datalake.store.lib/0.0.34
          Azure-Data-Lake-Store-SDK-For-Python]
      x-ms-client-request-id: [c8c2e906-d194-11e8-91f4-000d3a041d7c.0]
    method: GET
    uri: https://akharitadls.azuredatalakestore.net/webhdfs/v1/azure_python_sdk_test_dir437f8326-2c53-487e-b0f0-0cd298e9ca49/12%2C%2B3%23456%3F.txt?OP=GETFILESTATUS&api-version=2018-05-01
  response:
    body: {string: '{"FileStatus":{"length":10,"pathSuffix":"","type":"FILE","blockSize":268435456,"accessTime":1539729758404,"modificationTime":1539729758460,"replication":1,"permission":"770","owner":"a0b3cb87-9ca9-4769-af48-e687823d8937","group":"6d86a146-d7dc-49d0-862f-1897c5dd2afe","msExpirationTime":0,"aclBit":false}}'}
    headers:
      Cache-Control: ['no-cache, no-cache, no-store, max-age=0']
      Content-Length: ['305']
      Content-Type: [application/json; charset=utf-8]
      Date: ['Tue, 16 Oct 2018 22:42:38 GMT']
      Expires: ['-1']
      Pragma: [no-cache]
      Status: ['0x0']
      Strict-Transport-Security: [max-age=15724800; includeSubDomains]
      X-Content-Type-Options: [nosniff]
      x-ms-request-id: [bad069a9-89b2-4269-92d7-22d93db1ce47]
      x-ms-webhdfs-version: [17.04.24.00]
    status: {code: 200, message: OK}
- request:
    body: null
    headers:
      Accept: ['*/*']
      Accept-Encoding: ['gzip, deflate']
      Connection: [keep-alive]
      Content-Length: ['0']
      User-Agent: [python/3.7.0 (Windows-10-10.0.14393-SP0) azure.datalake.store.lib/0.0.34
          Azure-Data-Lake-Store-SDK-For-Python]
      x-ms-client-request-id: [c8c532e2-d194-11e8-90c2-000d3a041d7c.0]
    method: DELETE
    uri: https://akharitadls.azuredatalakestore.net/webhdfs/v1/azure_python_sdk_test_dir437f8326-2c53-487e-b0f0-0cd298e9ca49/12%2C%2B3%23456%3F.txt?OP=DELETE&api-version=2018-05-01&recursive=True
  response:
    body: {string: '{"boolean":true}'}
    headers:
      Cache-Control: ['no-cache, no-cache, no-store, max-age=0']
      Content-Length: ['16']
      Content-Type: [application/json; charset=utf-8]
      Date: ['Tue, 16 Oct 2018 22:42:38 GMT']
      Expires: ['-1']
      Pragma: [no-cache]
      Status: ['0x0']
      Strict-Transport-Security: [max-age=15724800; includeSubDomains]
      X-Content-Type-Options: [nosniff]
      x-ms-request-id: [045b1b40-9ed2-4ab5-9bcd-59b2a168d2be]
      x-ms-webhdfs-version: [17.04.24.00]
    status: {code: 200, message: OK}
- request:
    body: null
    headers:
      Accept: ['*/*']
      Accept-Encoding: ['gzip, deflate']
      Connection: [keep-alive]
      User-Agent: [python/2.7.13 (Windows-10-10.0.14393) azure.datalake.store.lib/0.0.34
          Azure-Data-Lake-Store-SDK-For-Python]
      x-ms-client-request-id: [65ea0540-dbd6-11e8-80c0-000d3a041d7c.0]
    method: GET
    uri: https://akharitadls.azuredatalakestore.net/webhdfs/v1/azure_python_sdk_test_dir09a10d70-be51-4e07-9161-481937d28385/12%2C%2B3%23456%3F.txt?api-version=2018-05-01&OP=GETFILESTATUS
  response:
    body: {string: '{"RemoteException":{"exception":"FileNotFoundException","message":"File/Folder
        does not exist: /azure_python_sdk_test_dir09a10d70-be51-4e07-9161-481937d28385/12,+3#456?.txt
        [d846b734-0da6-419d-bbd0-e9ead51cc4f6][2018-10-29T16:57:31.4506427-07:00]","javaClassName":"java.io.FileNotFoundException"}}'}
    headers:
      cache-control: ['no-cache, no-cache, no-store, max-age=0']
      content-length: ['297']
      content-type: [application/json; charset=utf-8]
      date: ['Mon, 29 Oct 2018 23:57:30 GMT']
      expires: ['-1']
      pragma: [no-cache]
      status: ['0x8309000A']
      strict-transport-security: [max-age=15724800; includeSubDomains]
      x-content-type-options: [nosniff]
      x-ms-request-id: [d846b734-0da6-419d-bbd0-e9ead51cc4f6]
      x-ms-webhdfs-version: [17.04.24.00]
    status: {code: 404, message: Not Found}
- request:
    body: 0123456789
    headers:
      Accept: ['*/*']
      Accept-Encoding: ['gzip, deflate']
      Connection: [keep-alive]
      Content-Length: ['10']
      User-Agent: [python/2.7.13 (Windows-10-10.0.14393) azure.datalake.store.lib/0.0.34
          Azure-Data-Lake-Store-SDK-For-Python]
      x-ms-client-request-id: [65f13130-dbd6-11e8-93df-000d3a041d7c.0]
    method: PUT
    uri: https://akharitadls.azuredatalakestore.net/webhdfs/v1/azure_python_sdk_test_dir09a10d70-be51-4e07-9161-481937d28385/12%2C%2B3%23456%3F.txt?filesessionid=6ad46486-f31a-46b0-94d5-a01b66bad64e&write=true&leaseid=6ad46486-f31a-46b0-94d5-a01b66bad64e&api-version=2018-05-01&syncFlag=CLOSE&overwrite=true&OP=CREATE
  response:
    body: {string: ''}
    headers:
      cache-control: ['no-cache, no-cache, no-store, max-age=0']
      content-length: ['0']
      contentlength: ['0']
      date: ['Mon, 29 Oct 2018 23:57:31 GMT']
      expires: ['-1']
      location: ['https://akharitadls.azuredatalakestore.net/webhdfs/v1/azure_python_sdk_test_dir09a10d70-be51-4e07-9161-481937d28385/12,+3%23456%3F.txt?filesessionid=6ad46486-f31a-46b0-94d5-a01b66bad64e&write=true&leaseid=6ad46486-f31a-46b0-94d5-a01b66bad64e&api-version=2018-05-01&syncFlag=CLOSE&overwrite=true&OP=CREATE']
      pragma: [no-cache]
      status: ['0x0']
      strict-transport-security: [max-age=15724800; includeSubDomains]
      x-content-type-options: [nosniff]
      x-ms-request-id: [682033cc-4f80-4129-9876-079573dee2a1]
      x-ms-webhdfs-version: [17.04.24.00]
    status: {code: 201, message: Created}
- request:
    body: null
    headers:
      Accept: ['*/*']
      Accept-Encoding: ['gzip, deflate']
      Connection: [keep-alive]
      User-Agent: [python/2.7.13 (Windows-10-10.0.14393) azure.datalake.store.lib/0.0.34
          Azure-Data-Lake-Store-SDK-For-Python]
      x-ms-client-request-id: [66024830-dbd6-11e8-bd27-000d3a041d7c.0]
    method: GET
    uri: https://akharitadls.azuredatalakestore.net/webhdfs/v1/azure_python_sdk_test_dir09a10d70-be51-4e07-9161-481937d28385/12%2C%2B3%23456%3F.txt?api-version=2018-05-01&OP=GETFILESTATUS
  response:
    body: {string: '{"FileStatus":{"length":10,"pathSuffix":"","type":"FILE","blockSize":268435456,"accessTime":1540857451477,"modificationTime":1540857451497,"replication":1,"permission":"770","owner":"a0b3cb87-9ca9-4769-af48-e687823d8937","group":"6d86a146-d7dc-49d0-862f-1897c5dd2afe","msExpirationTime":0,"aclBit":false}}'}
    headers:
      cache-control: ['no-cache, no-cache, no-store, max-age=0']
      content-length: ['305']
      content-type: [application/json; charset=utf-8]
      date: ['Mon, 29 Oct 2018 23:57:31 GMT']
      expires: ['-1']
      pragma: [no-cache]
      status: ['0x0']
      strict-transport-security: [max-age=15724800; includeSubDomains]
      x-content-type-options: [nosniff]
      x-ms-request-id: [650fc117-53bd-41af-b258-531e5c4a8a24]
      x-ms-webhdfs-version: [17.04.24.00]
    status: {code: 200, message: OK}
- request:
    body: null
    headers:
      Accept: ['*/*']
      Accept-Encoding: ['gzip, deflate']
      Connection: [keep-alive]
      User-Agent: [python/2.7.13 (Windows-10-10.0.14393) azure.datalake.store.lib/0.0.34
          Azure-Data-Lake-Store-SDK-For-Python]
      x-ms-client-request-id: [6605074f-dbd6-11e8-9d34-000d3a041d7c.0]
    method: GET
    uri: https://akharitadls.azuredatalakestore.net/webhdfs/v1/azure_python_sdk_test_dir09a10d70-be51-4e07-9161-481937d28385/12%2C%2B3%23456%3F.txt?api-version=2018-05-01&OP=GETFILESTATUS
  response:
    body: {string: '{"FileStatus":{"length":10,"pathSuffix":"","type":"FILE","blockSize":268435456,"accessTime":1540857451477,"modificationTime":1540857451497,"replication":1,"permission":"770","owner":"a0b3cb87-9ca9-4769-af48-e687823d8937","group":"6d86a146-d7dc-49d0-862f-1897c5dd2afe","msExpirationTime":0,"aclBit":false}}'}
    headers:
      cache-control: ['no-cache, no-cache, no-store, max-age=0']
      content-length: ['305']
      content-type: [application/json; charset=utf-8]
      date: ['Mon, 29 Oct 2018 23:57:31 GMT']
      expires: ['-1']
      pragma: [no-cache]
      status: ['0x0']
      strict-transport-security: [max-age=15724800; includeSubDomains]
      x-content-type-options: [nosniff]
      x-ms-request-id: [f0274c54-eb26-4153-a303-c14a4ab051af]
      x-ms-webhdfs-version: [17.04.24.00]
    status: {code: 200, message: OK}
- request:
    body: null
    headers:
      Accept: ['*/*']
      Accept-Encoding: ['gzip, deflate']
      Connection: [keep-alive]
      User-Agent: [python/2.7.13 (Windows-10-10.0.14393) azure.datalake.store.lib/0.0.34
          Azure-Data-Lake-Store-SDK-For-Python]
      x-ms-client-request-id: [66079f5e-dbd6-11e8-aac2-000d3a041d7c.0]
    method: GET
    uri: https://akharitadls.azuredatalakestore.net/webhdfs/v1/azure_python_sdk_test_dir09a10d70-be51-4e07-9161-481937d28385/12%2C%2B3%23456%3F.txt?api-version=2018-05-01&OP=GETFILESTATUS
  response:
    body: {string: '{"FileStatus":{"length":10,"pathSuffix":"","type":"FILE","blockSize":268435456,"accessTime":1540857451477,"modificationTime":1540857451497,"replication":1,"permission":"770","owner":"a0b3cb87-9ca9-4769-af48-e687823d8937","group":"6d86a146-d7dc-49d0-862f-1897c5dd2afe","msExpirationTime":0,"aclBit":false}}'}
    headers:
      cache-control: ['no-cache, no-cache, no-store, max-age=0']
      content-length: ['305']
      content-type: [application/json; charset=utf-8]
      date: ['Mon, 29 Oct 2018 23:57:31 GMT']
      expires: ['-1']
      pragma: [no-cache]
      status: ['0x0']
      strict-transport-security: [max-age=15724800; includeSubDomains]
      x-content-type-options: [nosniff]
      x-ms-request-id: [b1a30573-6ad9-40d8-9802-ec7eb2c30b51]
      x-ms-webhdfs-version: [17.04.24.00]
    status: {code: 200, message: OK}
- request:
    body: null
    headers:
      Accept: ['*/*']
      Accept-Encoding: ['gzip, deflate']
      Connection: [keep-alive]
      User-Agent: [python/2.7.13 (Windows-10-10.0.14393) azure.datalake.store.lib/0.0.34
          Azure-Data-Lake-Store-SDK-For-Python]
      x-ms-client-request-id: [660a105e-dbd6-11e8-aa22-000d3a041d7c.0]
    method: GET
    uri: https://akharitadls.azuredatalakestore.net/webhdfs/v1/azure_python_sdk_test_dir09a10d70-be51-4e07-9161-481937d28385/12%2C%2B3%23456%3F.txt?filesessionid=acf09279-1498-4f88-ad39-0ceac3972c30&read=true&length=10&offset=0&api-version=2018-05-01&OP=OPEN
  response:
    body: {string: 0123456789}
    headers:
      cache-control: ['no-cache, no-cache, no-store, max-age=0']
      content-type: [application/octet-stream]
      date: ['Mon, 29 Oct 2018 23:57:31 GMT']
      expires: ['-1']
      pragma: [no-cache]
      status: ['0x0']
      strict-transport-security: [max-age=15724800; includeSubDomains]
      transfer-encoding: [chunked]
      x-content-type-options: [nosniff]
      x-ms-request-id: [2711ff99-d0f3-4318-ac98-38c4fa270fbf]
      x-ms-webhdfs-version: [17.04.24.00]
    status: {code: 200, message: OK}
- request:
    body: null
    headers:
      Accept: ['*/*']
      Accept-Encoding: ['gzip, deflate']
      Connection: [keep-alive]
      User-Agent: [python/2.7.13 (Windows-10-10.0.14393) azure.datalake.store.lib/0.0.34
          Azure-Data-Lake-Store-SDK-For-Python]
      x-ms-client-request-id: [661d9861-dbd6-11e8-88fa-000d3a041d7c.0]
    method: GET
    uri: https://akharitadls.azuredatalakestore.net/webhdfs/v1/azure_python_sdk_test_dir09a10d70-be51-4e07-9161-481937d28385/12%2C%2B3%23456%3F.txt?api-version=2018-05-01&OP=GETFILESTATUS
  response:
    body: {string: '{"FileStatus":{"length":10,"pathSuffix":"","type":"FILE","blockSize":268435456,"accessTime":1540857451477,"modificationTime":1540857451497,"replication":1,"permission":"770","owner":"a0b3cb87-9ca9-4769-af48-e687823d8937","group":"6d86a146-d7dc-49d0-862f-1897c5dd2afe","msExpirationTime":0,"aclBit":false}}'}
    headers:
      cache-control: ['no-cache, no-cache, no-store, max-age=0']
      content-length: ['305']
      content-type: [application/json; charset=utf-8]
      date: ['Mon, 29 Oct 2018 23:57:31 GMT']
      expires: ['-1']
      pragma: [no-cache]
      status: ['0x0']
      strict-transport-security: [max-age=15724800; includeSubDomains]
      x-content-type-options: [nosniff]
      x-ms-request-id: [b61f3df6-a409-4fcc-92d7-4feaf5116b3a]
      x-ms-webhdfs-version: [17.04.24.00]
    status: {code: 200, message: OK}
- request:
    body: null
    headers:
      Accept: ['*/*']
      Accept-Encoding: ['gzip, deflate']
      Connection: [keep-alive]
      User-Agent: [python/2.7.13 (Windows-10-10.0.14393) azure.datalake.store.lib/0.0.34
          Azure-Data-Lake-Store-SDK-For-Python]
      x-ms-client-request-id: [6620ccae-dbd6-11e8-b05c-000d3a041d7c.0]
    method: GET
    uri: https://akharitadls.azuredatalakestore.net/webhdfs/v1/azure_python_sdk_test_dir09a10d70-be51-4e07-9161-481937d28385/12%2C%2B3%23456%3F.txt?api-version=2018-05-01&OP=GETFILESTATUS
  response:
    body: {string: '{"FileStatus":{"length":10,"pathSuffix":"","type":"FILE","blockSize":268435456,"accessTime":1540857451477,"modificationTime":1540857451497,"replication":1,"permission":"770","owner":"a0b3cb87-9ca9-4769-af48-e687823d8937","group":"6d86a146-d7dc-49d0-862f-1897c5dd2afe","msExpirationTime":0,"aclBit":false}}'}
    headers:
      cache-control: ['no-cache, no-cache, no-store, max-age=0']
      content-length: ['305']
      content-type: [application/json; charset=utf-8]
      date: ['Mon, 29 Oct 2018 23:57:31 GMT']
      expires: ['-1']
      pragma: [no-cache]
      status: ['0x0']
      strict-transport-security: [max-age=15724800; includeSubDomains]
      x-content-type-options: [nosniff]
      x-ms-request-id: [afcec0a7-748e-44ce-80ef-4704a2d8f5e5]
      x-ms-webhdfs-version: [17.04.24.00]
    status: {code: 200, message: OK}
- request:
    body: null
    headers:
      Accept: ['*/*']
      Accept-Encoding: ['gzip, deflate']
      Connection: [keep-alive]
      User-Agent: [python/2.7.13 (Windows-10-10.0.14393) azure.datalake.store.lib/0.0.34
          Azure-Data-Lake-Store-SDK-For-Python]
      x-ms-client-request-id: [6623b2de-dbd6-11e8-acce-000d3a041d7c.0]
    method: GET
    uri: https://akharitadls.azuredatalakestore.net/webhdfs/v1/azure_python_sdk_test_dir09a10d70-be51-4e07-9161-481937d28385/12%2C%2B3%23456%3F.txt?api-version=2018-05-01&OP=GETFILESTATUS
  response:
    body: {string: '{"FileStatus":{"length":10,"pathSuffix":"","type":"FILE","blockSize":268435456,"accessTime":1540857451477,"modificationTime":1540857451497,"replication":1,"permission":"770","owner":"a0b3cb87-9ca9-4769-af48-e687823d8937","group":"6d86a146-d7dc-49d0-862f-1897c5dd2afe","msExpirationTime":0,"aclBit":false}}'}
    headers:
      cache-control: ['no-cache, no-cache, no-store, max-age=0']
      content-length: ['305']
      content-type: [application/json; charset=utf-8]
      date: ['Mon, 29 Oct 2018 23:57:31 GMT']
      expires: ['-1']
      pragma: [no-cache]
      status: ['0x0']
      strict-transport-security: [max-age=15724800; includeSubDomains]
      x-content-type-options: [nosniff]
      x-ms-request-id: [8efefafc-8904-4f4c-b333-a154b8d5e961]
      x-ms-webhdfs-version: [17.04.24.00]
    status: {code: 200, message: OK}
- request:
    body: null
    headers:
      Accept: ['*/*']
      Accept-Encoding: ['gzip, deflate']
      Connection: [keep-alive]
      User-Agent: [python/2.7.13 (Windows-10-10.0.14393) azure.datalake.store.lib/0.0.34
          Azure-Data-Lake-Store-SDK-For-Python]
      x-ms-client-request-id: [66264aee-dbd6-11e8-8e85-000d3a041d7c.0]
    method: GET
    uri: https://akharitadls.azuredatalakestore.net/webhdfs/v1/azure_python_sdk_test_dir09a10d70-be51-4e07-9161-481937d28385/12%2C%2B3%23456%3F.txt?filesessionid=cd464bf2-c0d5-4609-8b75-dff53d28eec6&read=true&length=10&offset=0&api-version=2018-05-01&OP=OPEN
  response:
    body: {string: 0123456789}
    headers:
      cache-control: ['no-cache, no-cache, no-store, max-age=0']
      content-type: [application/octet-stream]
      date: ['Mon, 29 Oct 2018 23:57:31 GMT']
      expires: ['-1']
      pragma: [no-cache]
      status: ['0x0']
      strict-transport-security: [max-age=15724800; includeSubDomains]
      transfer-encoding: [chunked]
      x-content-type-options: [nosniff]
      x-ms-request-id: [85b64f7e-a127-4d93-88ce-102bd7aa3bd6]
      x-ms-webhdfs-version: [17.04.24.00]
    status: {code: 200, message: OK}
- request:
    body: null
    headers:
      Accept: ['*/*']
      Accept-Encoding: ['gzip, deflate']
      Connection: [keep-alive]
      User-Agent: [python/2.7.13 (Windows-10-10.0.14393) azure.datalake.store.lib/0.0.34
          Azure-Data-Lake-Store-SDK-For-Python]
      x-ms-client-request-id: [662a428f-dbd6-11e8-bff7-000d3a041d7c.0]
    method: GET
    uri: https://akharitadls.azuredatalakestore.net/webhdfs/v1/azure_python_sdk_test_dir09a10d70-be51-4e07-9161-481937d28385/12%2C%2B3%23456%3F.txt?api-version=2018-05-01&OP=GETFILESTATUS
  response:
    body: {string: '{"FileStatus":{"length":10,"pathSuffix":"","type":"FILE","blockSize":268435456,"accessTime":1540857451477,"modificationTime":1540857451497,"replication":1,"permission":"770","owner":"a0b3cb87-9ca9-4769-af48-e687823d8937","group":"6d86a146-d7dc-49d0-862f-1897c5dd2afe","msExpirationTime":0,"aclBit":false}}'}
    headers:
      cache-control: ['no-cache, no-cache, no-store, max-age=0']
      content-length: ['305']
      content-type: [application/json; charset=utf-8]
      date: ['Mon, 29 Oct 2018 23:57:31 GMT']
      expires: ['-1']
      pragma: [no-cache]
      status: ['0x0']
      strict-transport-security: [max-age=15724800; includeSubDomains]
      x-content-type-options: [nosniff]
      x-ms-request-id: [1bb7482c-fd2d-4cbe-b03a-03a607e17fae]
      x-ms-webhdfs-version: [17.04.24.00]
    status: {code: 200, message: OK}
- request:
    body: null
    headers:
      Accept: ['*/*']
      Accept-Encoding: ['gzip, deflate']
      Connection: [keep-alive]
      User-Agent: [python/2.7.13 (Windows-10-10.0.14393) azure.datalake.store.lib/0.0.34
          Azure-Data-Lake-Store-SDK-For-Python]
      x-ms-client-request-id: [664d8200-dbd6-11e8-b495-000d3a041d7c.0]
    method: GET
    uri: https://akharitadls.azuredatalakestore.net/webhdfs/v1/azure_python_sdk_test_dir09a10d70-be51-4e07-9161-481937d28385/12%2C%2B3%23456%3F.txt?api-version=2018-05-01&OP=GETFILESTATUS
  response:
    body: {string: '{"FileStatus":{"length":10,"pathSuffix":"","type":"FILE","blockSize":268435456,"accessTime":1540857451477,"modificationTime":1540857451497,"replication":1,"permission":"770","owner":"a0b3cb87-9ca9-4769-af48-e687823d8937","group":"6d86a146-d7dc-49d0-862f-1897c5dd2afe","msExpirationTime":0,"aclBit":false}}'}
    headers:
      cache-control: ['no-cache, no-cache, no-store, max-age=0']
      content-length: ['305']
      content-type: [application/json; charset=utf-8]
      date: ['Mon, 29 Oct 2018 23:57:31 GMT']
      expires: ['-1']
      pragma: [no-cache]
      status: ['0x0']
      strict-transport-security: [max-age=15724800; includeSubDomains]
      x-content-type-options: [nosniff]
      x-ms-request-id: [6b2858f9-7cc9-49bf-b05b-b34a727f1ff9]
      x-ms-webhdfs-version: [17.04.24.00]
    status: {code: 200, message: OK}
- request:
    body: null
    headers:
      Accept: ['*/*']
      Accept-Encoding: ['gzip, deflate']
      Connection: [keep-alive]
      User-Agent: [python/2.7.13 (Windows-10-10.0.14393) azure.datalake.store.lib/0.0.34
          Azure-Data-Lake-Store-SDK-For-Python]
      x-ms-client-request-id: [667443e1-dbd6-11e8-92b5-000d3a041d7c.0]
    method: GET
    uri: https://akharitadls.azuredatalakestore.net/webhdfs/v1/azure_python_sdk_test_dir09a10d70-be51-4e07-9161-481937d28385/12%2C%2B3%23456%3F.txt?api-version=2018-05-01&OP=GETFILESTATUS
  response:
    body: {string: '{"FileStatus":{"length":10,"pathSuffix":"","type":"FILE","blockSize":268435456,"accessTime":1540857451477,"modificationTime":1540857451497,"replication":1,"permission":"770","owner":"a0b3cb87-9ca9-4769-af48-e687823d8937","group":"6d86a146-d7dc-49d0-862f-1897c5dd2afe","msExpirationTime":0,"aclBit":false}}'}
    headers:
      cache-control: ['no-cache, no-cache, no-store, max-age=0']
      content-length: ['305']
      content-type: [application/json; charset=utf-8]
      date: ['Mon, 29 Oct 2018 23:57:31 GMT']
      expires: ['-1']
      pragma: [no-cache]
      status: ['0x0']
      strict-transport-security: [max-age=15724800; includeSubDomains]
      x-content-type-options: [nosniff]
      x-ms-request-id: [a69bd000-3647-47ee-ba3d-95fe60386391]
      x-ms-webhdfs-version: [17.04.24.00]
    status: {code: 200, message: OK}
- request:
    body: null
    headers:
      Accept: ['*/*']
      Accept-Encoding: ['gzip, deflate']
      Connection: [keep-alive]
      User-Agent: [python/2.7.13 (Windows-10-10.0.14393) azure.datalake.store.lib/0.0.34
          Azure-Data-Lake-Store-SDK-For-Python]
      x-ms-client-request-id: [6678b0ae-dbd6-11e8-bcd7-000d3a041d7c.0]
    method: GET
    uri: https://akharitadls.azuredatalakestore.net/webhdfs/v1/azure_python_sdk_test_dir09a10d70-be51-4e07-9161-481937d28385/12%2C%2B3%23456%3F.txt?filesessionid=de15da2b-64db-4ca9-bcde-4ce7a85f8b5a&read=true&length=7&offset=3&api-version=2018-05-01&OP=OPEN
  response:
    body: {string: '3456789'}
    headers:
      cache-control: ['no-cache, no-cache, no-store, max-age=0']
      content-type: [application/octet-stream]
      date: ['Mon, 29 Oct 2018 23:57:31 GMT']
      expires: ['-1']
      pragma: [no-cache]
      status: ['0x0']
      strict-transport-security: [max-age=15724800; includeSubDomains]
      transfer-encoding: [chunked]
      x-content-type-options: [nosniff]
      x-ms-request-id: [d4af7a54-4673-49dc-b560-5286cb4f9114]
      x-ms-webhdfs-version: [17.04.24.00]
    status: {code: 200, message: OK}
- request:
    body: null
    headers:
      Accept: ['*/*']
      Accept-Encoding: ['gzip, deflate']
      Connection: [keep-alive]
      User-Agent: [python/2.7.13 (Windows-10-10.0.14393) azure.datalake.store.lib/0.0.34
          Azure-Data-Lake-Store-SDK-For-Python]
      x-ms-client-request-id: [667ccf61-dbd6-11e8-9ec5-000d3a041d7c.0]
    method: GET
    uri: https://akharitadls.azuredatalakestore.net/webhdfs/v1/azure_python_sdk_test_dir09a10d70-be51-4e07-9161-481937d28385/12%2C%2B3%23456%3F.txt?api-version=2018-05-01&OP=GETFILESTATUS
  response:
    body: {string: '{"FileStatus":{"length":10,"pathSuffix":"","type":"FILE","blockSize":268435456,"accessTime":1540857451477,"modificationTime":1540857451497,"replication":1,"permission":"770","owner":"a0b3cb87-9ca9-4769-af48-e687823d8937","group":"6d86a146-d7dc-49d0-862f-1897c5dd2afe","msExpirationTime":0,"aclBit":false}}'}
    headers:
      cache-control: ['no-cache, no-cache, no-store, max-age=0']
      content-length: ['305']
      content-type: [application/json; charset=utf-8]
      date: ['Mon, 29 Oct 2018 23:57:31 GMT']
      expires: ['-1']
      pragma: [no-cache]
      status: ['0x0']
      strict-transport-security: [max-age=15724800; includeSubDomains]
      x-content-type-options: [nosniff]
      x-ms-request-id: [6af1adb3-f012-4864-9604-5ea47e8e4ead]
      x-ms-webhdfs-version: [17.04.24.00]
    status: {code: 200, message: OK}
- request:
    body: null
    headers:
      Accept: ['*/*']
      Accept-Encoding: ['gzip, deflate']
      Connection: [keep-alive]
      Content-Length: ['0']
      User-Agent: [python/2.7.13 (Windows-10-10.0.14393) azure.datalake.store.lib/0.0.34
          Azure-Data-Lake-Store-SDK-For-Python]
      x-ms-client-request-id: [667f6770-dbd6-11e8-8660-000d3a041d7c.0]
    method: DELETE
    uri: https://akharitadls.azuredatalakestore.net/webhdfs/v1/azure_python_sdk_test_dir09a10d70-be51-4e07-9161-481937d28385/12%2C%2B3%23456%3F.txt?api-version=2018-05-01&recursive=True&OP=DELETE
  response:
    body: {string: '{"boolean":true}'}
    headers:
      cache-control: ['no-cache, no-cache, no-store, max-age=0']
      content-length: ['16']
      content-type: [application/json; charset=utf-8]
      date: ['Mon, 29 Oct 2018 23:57:32 GMT']
      expires: ['-1']
      pragma: [no-cache]
      status: ['0x0']
      strict-transport-security: [max-age=15724800; includeSubDomains]
      x-content-type-options: [nosniff]
      x-ms-request-id: [a7bb1b2f-20e7-4c13-8c08-c70832cb3188]
      x-ms-webhdfs-version: [17.04.24.00]
    status: {code: 200, message: OK}
- request:
    body: null
    headers:
      Accept: ['*/*']
      Accept-Encoding: ['gzip, deflate']
      Connection: [keep-alive]
      User-Agent: [python/3.7.0 (Windows-10-10.0.14393-SP0) azure.datalake.store.lib/0.0.37
          Azure-Data-Lake-Store-SDK-For-Python]
      x-ms-client-request-id: [5991c136-e6d5-11e8-b3b9-000d3a02e7d7.0]
    method: GET
    uri: https://akharitadls.azuredatalakestore.net/webhdfs/v1/azure_python_sdk_test_dir22bc5d88-20b0-431d-ba7c-a88cf6baf681/12%2C%2B3%23456%3F.txt?OP=GETFILESTATUS&api-version=2018-05-01
  response:
    body: {string: '{"RemoteException":{"exception":"FileNotFoundException","message":"File/Folder
        does not exist: /azure_python_sdk_test_dir22bc5d88-20b0-431d-ba7c-a88cf6baf681/12,+3#456?.txt
        [304b4c16-1aae-49d3-9f04-663dc35616de][2018-11-12T15:47:44.0400153-08:00]","javaClassName":"java.io.FileNotFoundException"}}'}
    headers:
      Cache-Control: ['no-cache, no-cache, no-store, max-age=0']
      Content-Length: ['297']
      Content-Type: [application/json; charset=utf-8]
      Date: ['Mon, 12 Nov 2018 23:47:43 GMT']
      Expires: ['-1']
      Pragma: [no-cache]
      Status: ['0x8309000A']
      Strict-Transport-Security: [max-age=15724800; includeSubDomains]
      X-Content-Type-Options: [nosniff]
      x-ms-request-id: [304b4c16-1aae-49d3-9f04-663dc35616de]
      x-ms-webhdfs-version: [17.04.24.00]
    status: {code: 404, message: Not Found}
- request:
    body: 0123456789
    headers:
      Accept: ['*/*']
      Accept-Encoding: ['gzip, deflate']
      Connection: [keep-alive]
      Content-Length: ['10']
      User-Agent: [python/3.7.0 (Windows-10-10.0.14393-SP0) azure.datalake.store.lib/0.0.37
          Azure-Data-Lake-Store-SDK-For-Python]
      x-ms-client-request-id: [599b4c30-e6d5-11e8-9677-000d3a02e7d7.0]
    method: PUT
    uri: https://akharitadls.azuredatalakestore.net/webhdfs/v1/azure_python_sdk_test_dir22bc5d88-20b0-431d-ba7c-a88cf6baf681/12%2C%2B3%23456%3F.txt?OP=CREATE&api-version=2018-05-01&overwrite=true&write=true&syncFlag=CLOSE&leaseid=9be01a9c-4cf1-4eac-a147-66dcee5b1fc3&filesessionid=9be01a9c-4cf1-4eac-a147-66dcee5b1fc3
  response:
    body: {string: ''}
    headers:
      Cache-Control: ['no-cache, no-cache, no-store, max-age=0']
      Content-Length: ['0']
      ContentLength: ['0']
      Date: ['Mon, 12 Nov 2018 23:47:43 GMT']
      Expires: ['-1']
      Location: ['https://akharitadls.azuredatalakestore.net/webhdfs/v1/azure_python_sdk_test_dir22bc5d88-20b0-431d-ba7c-a88cf6baf681/12,+3%23456%3F.txt?OP=CREATE&api-version=2018-05-01&overwrite=true&write=true&syncFlag=CLOSE&leaseid=9be01a9c-4cf1-4eac-a147-66dcee5b1fc3&filesessionid=9be01a9c-4cf1-4eac-a147-66dcee5b1fc3']
      Pragma: [no-cache]
      Status: ['0x0']
      Strict-Transport-Security: [max-age=15724800; includeSubDomains]
      X-Content-Type-Options: [nosniff]
      x-ms-request-id: [1c56be3a-a4e7-4435-9aa1-d0c6bb792928]
      x-ms-webhdfs-version: [17.04.24.00]
    status: {code: 201, message: Created}
- request:
    body: null
    headers:
      Accept: ['*/*']
      Accept-Encoding: ['gzip, deflate']
      Connection: [keep-alive]
      User-Agent: [python/3.7.0 (Windows-10-10.0.14393-SP0) azure.datalake.store.lib/0.0.37
          Azure-Data-Lake-Store-SDK-For-Python]
      x-ms-client-request-id: [59ae5ee8-e6d5-11e8-b7f0-000d3a02e7d7.0]
    method: GET
    uri: https://akharitadls.azuredatalakestore.net/webhdfs/v1/azure_python_sdk_test_dir22bc5d88-20b0-431d-ba7c-a88cf6baf681/12%2C%2B3%23456%3F.txt?OP=GETFILESTATUS&api-version=2018-05-01
  response:
    body: {string: '{"FileStatus":{"length":10,"pathSuffix":"","type":"FILE","blockSize":268435456,"accessTime":1542066464078,"modificationTime":1542066464133,"replication":1,"permission":"770","owner":"a0b3cb87-9ca9-4769-af48-e687823d8937","group":"6d86a146-d7dc-49d0-862f-1897c5dd2afe","msExpirationTime":0,"aclBit":false}}'}
    headers:
      Cache-Control: ['no-cache, no-cache, no-store, max-age=0']
      Content-Length: ['305']
      Content-Type: [application/json; charset=utf-8]
      Date: ['Mon, 12 Nov 2018 23:47:43 GMT']
      Expires: ['-1']
      Pragma: [no-cache]
      Status: ['0x0']
      Strict-Transport-Security: [max-age=15724800; includeSubDomains]
      X-Content-Type-Options: [nosniff]
      x-ms-request-id: [59cb68a2-dfae-453c-80f5-8998e708197c]
      x-ms-webhdfs-version: [17.04.24.00]
    status: {code: 200, message: OK}
- request:
    body: null
    headers:
      Accept: ['*/*']
      Accept-Encoding: ['gzip, deflate']
      Connection: [keep-alive]
      User-Agent: [python/3.7.0 (Windows-10-10.0.14393-SP0) azure.datalake.store.lib/0.0.37
          Azure-Data-Lake-Store-SDK-For-Python]
      x-ms-client-request-id: [59b3236c-e6d5-11e8-8d5d-000d3a02e7d7.0]
    method: GET
    uri: https://akharitadls.azuredatalakestore.net/webhdfs/v1/azure_python_sdk_test_dir22bc5d88-20b0-431d-ba7c-a88cf6baf681/12%2C%2B3%23456%3F.txt?OP=GETFILESTATUS&api-version=2018-05-01
  response:
    body: {string: '{"FileStatus":{"length":10,"pathSuffix":"","type":"FILE","blockSize":268435456,"accessTime":1542066464078,"modificationTime":1542066464133,"replication":1,"permission":"770","owner":"a0b3cb87-9ca9-4769-af48-e687823d8937","group":"6d86a146-d7dc-49d0-862f-1897c5dd2afe","msExpirationTime":0,"aclBit":false}}'}
    headers:
      Cache-Control: ['no-cache, no-cache, no-store, max-age=0']
      Content-Length: ['305']
      Content-Type: [application/json; charset=utf-8]
      Date: ['Mon, 12 Nov 2018 23:47:43 GMT']
      Expires: ['-1']
      Pragma: [no-cache]
      Status: ['0x0']
      Strict-Transport-Security: [max-age=15724800; includeSubDomains]
      X-Content-Type-Options: [nosniff]
      x-ms-request-id: [d5a95e07-b60d-4f3f-92e5-0197b0aecd03]
      x-ms-webhdfs-version: [17.04.24.00]
    status: {code: 200, message: OK}
- request:
    body: null
    headers:
      Accept: ['*/*']
      Accept-Encoding: ['gzip, deflate']
      Connection: [keep-alive]
      User-Agent: [python/3.7.0 (Windows-10-10.0.14393-SP0) azure.datalake.store.lib/0.0.37
          Azure-Data-Lake-Store-SDK-For-Python]
      x-ms-client-request-id: [59b58534-e6d5-11e8-a8dc-000d3a02e7d7.0]
    method: GET
    uri: https://akharitadls.azuredatalakestore.net/webhdfs/v1/azure_python_sdk_test_dir22bc5d88-20b0-431d-ba7c-a88cf6baf681/12%2C%2B3%23456%3F.txt?OP=GETFILESTATUS&api-version=2018-05-01
  response:
    body: {string: '{"FileStatus":{"length":10,"pathSuffix":"","type":"FILE","blockSize":268435456,"accessTime":1542066464078,"modificationTime":1542066464133,"replication":1,"permission":"770","owner":"a0b3cb87-9ca9-4769-af48-e687823d8937","group":"6d86a146-d7dc-49d0-862f-1897c5dd2afe","msExpirationTime":0,"aclBit":false}}'}
    headers:
      Cache-Control: ['no-cache, no-cache, no-store, max-age=0']
      Content-Length: ['305']
      Content-Type: [application/json; charset=utf-8]
      Date: ['Mon, 12 Nov 2018 23:47:43 GMT']
      Expires: ['-1']
      Pragma: [no-cache]
      Status: ['0x0']
      Strict-Transport-Security: [max-age=15724800; includeSubDomains]
      X-Content-Type-Options: [nosniff]
      x-ms-request-id: [dd164f92-eb8f-4bd1-bfc9-c35879c633fb]
      x-ms-webhdfs-version: [17.04.24.00]
    status: {code: 200, message: OK}
- request:
    body: null
    headers:
      Accept: ['*/*']
      Accept-Encoding: ['gzip, deflate']
      Connection: [keep-alive]
      User-Agent: [python/3.7.0 (Windows-10-10.0.14393-SP0) azure.datalake.store.lib/0.0.37
          Azure-Data-Lake-Store-SDK-For-Python]
      x-ms-client-request-id: [59ba4a08-e6d5-11e8-a97f-000d3a02e7d7.0]
    method: GET
    uri: https://akharitadls.azuredatalakestore.net/webhdfs/v1/azure_python_sdk_test_dir22bc5d88-20b0-431d-ba7c-a88cf6baf681/12%2C%2B3%23456%3F.txt?OP=OPEN&api-version=2018-05-01&offset=0&length=10&read=true&filesessionid=36f12aa1-8a94-4630-a0cd-adc8bba73e70
  response:
    body: {string: 0123456789}
    headers:
      Cache-Control: ['no-cache, no-cache, no-store, max-age=0']
      Content-Type: [application/octet-stream]
      Date: ['Mon, 12 Nov 2018 23:47:43 GMT']
      Expires: ['-1']
      Pragma: [no-cache]
      Status: ['0x0']
      Strict-Transport-Security: [max-age=15724800; includeSubDomains]
      Transfer-Encoding: [chunked]
      X-Content-Type-Options: [nosniff]
      x-ms-request-id: [306a4c30-9fd0-4179-8ace-4685f3668992]
      x-ms-webhdfs-version: [17.04.24.00]
    status: {code: 200, message: OK}
- request:
    body: null
    headers:
      Accept: ['*/*']
      Accept-Encoding: ['gzip, deflate']
      Connection: [keep-alive]
      User-Agent: [python/3.7.0 (Windows-10-10.0.14393-SP0) azure.datalake.store.lib/0.0.37
          Azure-Data-Lake-Store-SDK-For-Python]
      x-ms-client-request-id: [59c896f6-e6d5-11e8-8dfc-000d3a02e7d7.0]
    method: GET
    uri: https://akharitadls.azuredatalakestore.net/webhdfs/v1/azure_python_sdk_test_dir22bc5d88-20b0-431d-ba7c-a88cf6baf681/12%2C%2B3%23456%3F.txt?OP=GETFILESTATUS&api-version=2018-05-01
  response:
    body: {string: '{"FileStatus":{"length":10,"pathSuffix":"","type":"FILE","blockSize":268435456,"accessTime":1542066464078,"modificationTime":1542066464133,"replication":1,"permission":"770","owner":"a0b3cb87-9ca9-4769-af48-e687823d8937","group":"6d86a146-d7dc-49d0-862f-1897c5dd2afe","msExpirationTime":0,"aclBit":false}}'}
    headers:
      Cache-Control: ['no-cache, no-cache, no-store, max-age=0']
      Content-Length: ['305']
      Content-Type: [application/json; charset=utf-8]
      Date: ['Mon, 12 Nov 2018 23:47:43 GMT']
      Expires: ['-1']
      Pragma: [no-cache]
      Status: ['0x0']
      Strict-Transport-Security: [max-age=15724800; includeSubDomains]
      X-Content-Type-Options: [nosniff]
      x-ms-request-id: [92f09714-47f4-4d73-b61f-aaf33b8e19fd]
      x-ms-webhdfs-version: [17.04.24.00]
    status: {code: 200, message: OK}
- request:
    body: null
    headers:
      Accept: ['*/*']
      Accept-Encoding: ['gzip, deflate']
      Connection: [keep-alive]
      User-Agent: [python/3.7.0 (Windows-10-10.0.14393-SP0) azure.datalake.store.lib/0.0.37
          Azure-Data-Lake-Store-SDK-For-Python]
      x-ms-client-request-id: [59cafa92-e6d5-11e8-90f2-000d3a02e7d7.0]
    method: GET
    uri: https://akharitadls.azuredatalakestore.net/webhdfs/v1/azure_python_sdk_test_dir22bc5d88-20b0-431d-ba7c-a88cf6baf681/12%2C%2B3%23456%3F.txt?OP=GETFILESTATUS&api-version=2018-05-01
  response:
    body: {string: '{"FileStatus":{"length":10,"pathSuffix":"","type":"FILE","blockSize":268435456,"accessTime":1542066464078,"modificationTime":1542066464133,"replication":1,"permission":"770","owner":"a0b3cb87-9ca9-4769-af48-e687823d8937","group":"6d86a146-d7dc-49d0-862f-1897c5dd2afe","msExpirationTime":0,"aclBit":false}}'}
    headers:
      Cache-Control: ['no-cache, no-cache, no-store, max-age=0']
      Content-Length: ['305']
      Content-Type: [application/json; charset=utf-8]
      Date: ['Mon, 12 Nov 2018 23:47:43 GMT']
      Expires: ['-1']
      Pragma: [no-cache]
      Status: ['0x0']
      Strict-Transport-Security: [max-age=15724800; includeSubDomains]
      X-Content-Type-Options: [nosniff]
      x-ms-request-id: [2e800835-a0c9-4d76-ad54-2050b0d8f766]
      x-ms-webhdfs-version: [17.04.24.00]
    status: {code: 200, message: OK}
- request:
    body: null
    headers:
      Accept: ['*/*']
      Accept-Encoding: ['gzip, deflate']
      Connection: [keep-alive]
      User-Agent: [python/3.7.0 (Windows-10-10.0.14393-SP0) azure.datalake.store.lib/0.0.37
          Azure-Data-Lake-Store-SDK-For-Python]
      x-ms-client-request-id: [59cd5c8a-e6d5-11e8-85dd-000d3a02e7d7.0]
    method: GET
    uri: https://akharitadls.azuredatalakestore.net/webhdfs/v1/azure_python_sdk_test_dir22bc5d88-20b0-431d-ba7c-a88cf6baf681/12%2C%2B3%23456%3F.txt?OP=GETFILESTATUS&api-version=2018-05-01
  response:
    body: {string: '{"FileStatus":{"length":10,"pathSuffix":"","type":"FILE","blockSize":268435456,"accessTime":1542066464078,"modificationTime":1542066464133,"replication":1,"permission":"770","owner":"a0b3cb87-9ca9-4769-af48-e687823d8937","group":"6d86a146-d7dc-49d0-862f-1897c5dd2afe","msExpirationTime":0,"aclBit":false}}'}
    headers:
      Cache-Control: ['no-cache, no-cache, no-store, max-age=0']
      Content-Length: ['305']
      Content-Type: [application/json; charset=utf-8]
      Date: ['Mon, 12 Nov 2018 23:47:43 GMT']
      Expires: ['-1']
      Pragma: [no-cache]
      Status: ['0x0']
      Strict-Transport-Security: [max-age=15724800; includeSubDomains]
      X-Content-Type-Options: [nosniff]
      x-ms-request-id: [1bc49878-9b15-4e49-af8e-188e09d202e6]
      x-ms-webhdfs-version: [17.04.24.00]
    status: {code: 200, message: OK}
- request:
    body: null
    headers:
      Accept: ['*/*']
      Accept-Encoding: ['gzip, deflate']
      Connection: [keep-alive]
      User-Agent: [python/3.7.0 (Windows-10-10.0.14393-SP0) azure.datalake.store.lib/0.0.37
          Azure-Data-Lake-Store-SDK-For-Python]
      x-ms-client-request-id: [59d22100-e6d5-11e8-a1e1-000d3a02e7d7.0]
    method: GET
    uri: https://akharitadls.azuredatalakestore.net/webhdfs/v1/azure_python_sdk_test_dir22bc5d88-20b0-431d-ba7c-a88cf6baf681/12%2C%2B3%23456%3F.txt?OP=OPEN&api-version=2018-05-01&offset=0&length=10&read=true&filesessionid=1e11902b-c10f-4d98-abba-bfbd176523f7
  response:
    body: {string: 0123456789}
    headers:
      Cache-Control: ['no-cache, no-cache, no-store, max-age=0']
      Content-Type: [application/octet-stream]
      Date: ['Mon, 12 Nov 2018 23:47:43 GMT']
      Expires: ['-1']
      Pragma: [no-cache]
      Status: ['0x0']
      Strict-Transport-Security: [max-age=15724800; includeSubDomains]
      Transfer-Encoding: [chunked]
      X-Content-Type-Options: [nosniff]
      x-ms-request-id: [c0499c9d-68ba-4a8e-8e94-19b84c9e9d2b]
      x-ms-webhdfs-version: [17.04.24.00]
    status: {code: 200, message: OK}
- request:
    body: null
    headers:
      Accept: ['*/*']
      Accept-Encoding: ['gzip, deflate']
      Connection: [keep-alive]
      User-Agent: [python/3.7.0 (Windows-10-10.0.14393-SP0) azure.datalake.store.lib/0.0.37
          Azure-Data-Lake-Store-SDK-For-Python]
      x-ms-client-request-id: [59d6e75c-e6d5-11e8-87ed-000d3a02e7d7.0]
    method: GET
    uri: https://akharitadls.azuredatalakestore.net/webhdfs/v1/azure_python_sdk_test_dir22bc5d88-20b0-431d-ba7c-a88cf6baf681/12%2C%2B3%23456%3F.txt?OP=GETFILESTATUS&api-version=2018-05-01
  response:
    body: {string: '{"FileStatus":{"length":10,"pathSuffix":"","type":"FILE","blockSize":268435456,"accessTime":1542066464078,"modificationTime":1542066464133,"replication":1,"permission":"770","owner":"a0b3cb87-9ca9-4769-af48-e687823d8937","group":"6d86a146-d7dc-49d0-862f-1897c5dd2afe","msExpirationTime":0,"aclBit":false}}'}
    headers:
      Cache-Control: ['no-cache, no-cache, no-store, max-age=0']
      Content-Length: ['305']
      Content-Type: [application/json; charset=utf-8]
      Date: ['Mon, 12 Nov 2018 23:47:43 GMT']
      Expires: ['-1']
      Pragma: [no-cache]
      Status: ['0x0']
      Strict-Transport-Security: [max-age=15724800; includeSubDomains]
      X-Content-Type-Options: [nosniff]
      x-ms-request-id: [5c865e1d-a5d6-4010-814e-13753746297e]
      x-ms-webhdfs-version: [17.04.24.00]
    status: {code: 200, message: OK}
- request:
    body: null
    headers:
      Accept: ['*/*']
      Accept-Encoding: ['gzip, deflate']
      Connection: [keep-alive]
      User-Agent: [python/3.7.0 (Windows-10-10.0.14393-SP0) azure.datalake.store.lib/0.0.37
          Azure-Data-Lake-Store-SDK-For-Python]
      x-ms-client-request-id: [59d94978-e6d5-11e8-8a35-000d3a02e7d7.0]
    method: GET
    uri: https://akharitadls.azuredatalakestore.net/webhdfs/v1/azure_python_sdk_test_dir22bc5d88-20b0-431d-ba7c-a88cf6baf681/12%2C%2B3%23456%3F.txt?OP=GETFILESTATUS&api-version=2018-05-01
  response:
    body: {string: '{"FileStatus":{"length":10,"pathSuffix":"","type":"FILE","blockSize":268435456,"accessTime":1542066464078,"modificationTime":1542066464133,"replication":1,"permission":"770","owner":"a0b3cb87-9ca9-4769-af48-e687823d8937","group":"6d86a146-d7dc-49d0-862f-1897c5dd2afe","msExpirationTime":0,"aclBit":false}}'}
    headers:
      Cache-Control: ['no-cache, no-cache, no-store, max-age=0']
      Content-Length: ['305']
      Content-Type: [application/json; charset=utf-8]
      Date: ['Mon, 12 Nov 2018 23:47:43 GMT']
      Expires: ['-1']
      Pragma: [no-cache]
      Status: ['0x0']
      Strict-Transport-Security: [max-age=15724800; includeSubDomains]
      X-Content-Type-Options: [nosniff]
      x-ms-request-id: [4cd39f3c-3957-4b0a-8e41-6c624e09e3eb]
      x-ms-webhdfs-version: [17.04.24.00]
    status: {code: 200, message: OK}
- request:
    body: null
    headers:
      Accept: ['*/*']
      Accept-Encoding: ['gzip, deflate']
      Connection: [keep-alive]
      User-Agent: [python/3.7.0 (Windows-10-10.0.14393-SP0) azure.datalake.store.lib/0.0.37
          Azure-Data-Lake-Store-SDK-For-Python]
      x-ms-client-request-id: [59de0d40-e6d5-11e8-8179-000d3a02e7d7.0]
    method: GET
    uri: https://akharitadls.azuredatalakestore.net/webhdfs/v1/azure_python_sdk_test_dir22bc5d88-20b0-431d-ba7c-a88cf6baf681/12%2C%2B3%23456%3F.txt?OP=GETFILESTATUS&api-version=2018-05-01
  response:
    body: {string: '{"FileStatus":{"length":10,"pathSuffix":"","type":"FILE","blockSize":268435456,"accessTime":1542066464078,"modificationTime":1542066464133,"replication":1,"permission":"770","owner":"a0b3cb87-9ca9-4769-af48-e687823d8937","group":"6d86a146-d7dc-49d0-862f-1897c5dd2afe","msExpirationTime":0,"aclBit":false}}'}
    headers:
      Cache-Control: ['no-cache, no-cache, no-store, max-age=0']
      Content-Length: ['305']
      Content-Type: [application/json; charset=utf-8]
      Date: ['Mon, 12 Nov 2018 23:47:43 GMT']
      Expires: ['-1']
      Pragma: [no-cache]
      Status: ['0x0']
      Strict-Transport-Security: [max-age=15724800; includeSubDomains]
      X-Content-Type-Options: [nosniff]
      x-ms-request-id: [189dc6b5-d86c-4737-b3d0-2e1a2a0459b7]
      x-ms-webhdfs-version: [17.04.24.00]
    status: {code: 200, message: OK}
- request:
    body: null
    headers:
      Accept: ['*/*']
      Accept-Encoding: ['gzip, deflate']
      Connection: [keep-alive]
      User-Agent: [python/3.7.0 (Windows-10-10.0.14393-SP0) azure.datalake.store.lib/0.0.37
          Azure-Data-Lake-Store-SDK-For-Python]
      x-ms-client-request-id: [59e07010-e6d5-11e8-82fe-000d3a02e7d7.0]
    method: GET
    uri: https://akharitadls.azuredatalakestore.net/webhdfs/v1/azure_python_sdk_test_dir22bc5d88-20b0-431d-ba7c-a88cf6baf681/12%2C%2B3%23456%3F.txt?OP=OPEN&api-version=2018-05-01&offset=3&length=7&read=true&filesessionid=47a7024c-e2d9-4de0-9bac-e71a2fda581c
  response:
    body: {string: '3456789'}
    headers:
      Cache-Control: ['no-cache, no-cache, no-store, max-age=0']
      Content-Type: [application/octet-stream]
      Date: ['Mon, 12 Nov 2018 23:47:43 GMT']
      Expires: ['-1']
      Pragma: [no-cache]
      Status: ['0x0']
      Strict-Transport-Security: [max-age=15724800; includeSubDomains]
      Transfer-Encoding: [chunked]
      X-Content-Type-Options: [nosniff]
      x-ms-request-id: [464f12ef-80c2-4498-bc7b-f67300a6e9ca]
      x-ms-webhdfs-version: [17.04.24.00]
    status: {code: 200, message: OK}
- request:
    body: null
    headers:
      Accept: ['*/*']
      Accept-Encoding: ['gzip, deflate']
      Connection: [keep-alive]
      User-Agent: [python/3.7.0 (Windows-10-10.0.14393-SP0) azure.datalake.store.lib/0.0.37
          Azure-Data-Lake-Store-SDK-For-Python]
      x-ms-client-request-id: [59e9f9b8-e6d5-11e8-8d98-000d3a02e7d7.0]
    method: GET
    uri: https://akharitadls.azuredatalakestore.net/webhdfs/v1/azure_python_sdk_test_dir22bc5d88-20b0-431d-ba7c-a88cf6baf681/12%2C%2B3%23456%3F.txt?OP=GETFILESTATUS&api-version=2018-05-01
  response:
    body: {string: '{"FileStatus":{"length":10,"pathSuffix":"","type":"FILE","blockSize":268435456,"accessTime":1542066464078,"modificationTime":1542066464133,"replication":1,"permission":"770","owner":"a0b3cb87-9ca9-4769-af48-e687823d8937","group":"6d86a146-d7dc-49d0-862f-1897c5dd2afe","msExpirationTime":0,"aclBit":false}}'}
    headers:
      Cache-Control: ['no-cache, no-cache, no-store, max-age=0']
      Content-Length: ['305']
      Content-Type: [application/json; charset=utf-8]
      Date: ['Mon, 12 Nov 2018 23:47:43 GMT']
      Expires: ['-1']
      Pragma: [no-cache]
      Status: ['0x0']
      Strict-Transport-Security: [max-age=15724800; includeSubDomains]
      X-Content-Type-Options: [nosniff]
      x-ms-request-id: [f887ee51-ce58-4367-90fe-c7a6bd449133]
      x-ms-webhdfs-version: [17.04.24.00]
    status: {code: 200, message: OK}
- request:
    body: null
    headers:
      Accept: ['*/*']
      Accept-Encoding: ['gzip, deflate']
      Connection: [keep-alive]
      Content-Length: ['0']
      User-Agent: [python/3.7.0 (Windows-10-10.0.14393-SP0) azure.datalake.store.lib/0.0.37
          Azure-Data-Lake-Store-SDK-For-Python]
      x-ms-client-request-id: [59ec5bee-e6d5-11e8-ba2a-000d3a02e7d7.0]
    method: DELETE
    uri: https://akharitadls.azuredatalakestore.net/webhdfs/v1/azure_python_sdk_test_dir22bc5d88-20b0-431d-ba7c-a88cf6baf681/12%2C%2B3%23456%3F.txt?OP=DELETE&api-version=2018-05-01&recursive=True
  response:
    body: {string: '{"boolean":true}'}
    headers:
      Cache-Control: ['no-cache, no-cache, no-store, max-age=0']
      Content-Length: ['16']
      Content-Type: [application/json; charset=utf-8]
      Date: ['Mon, 12 Nov 2018 23:47:43 GMT']
      Expires: ['-1']
      Pragma: [no-cache]
      Status: ['0x0']
      Strict-Transport-Security: [max-age=15724800; includeSubDomains]
      X-Content-Type-Options: [nosniff]
      x-ms-request-id: [50a872d7-8bc1-4214-bac1-7c27ca88f467]
      x-ms-webhdfs-version: [17.04.24.00]
    status: {code: 200, message: OK}
version: 1
