interactions:
- request:
    body: null
    headers:
      Accept: ['*/*']
      Accept-Encoding: ['gzip, deflate']
      Connection: [keep-alive]
      Content-Length: ['0']
      User-Agent: [python-requests/2.11.1]
    method: PUT
    uri: https://fakestore.azuredatalakestore.net/webhdfs/v1/azure_test_dir/a?OP=CREATE&overwrite=True
  response:
    body: {string: ''}
    headers:
      Cache-Control: [no-cache]
      Content-Length: ['0']
      ContentLength: ['0']
      Date: ['Thu, 01 Sep 2016 17:12:05 GMT']
      Expires: ['-1']
      Location: ['https://fakestore.azuredatalakestore.net/webhdfs/v1/azure_test_dir/a?OP=CREATE&overwrite=True&write=true']
      Pragma: [no-cache]
      Server-Perf: ['[003850ac-f561-4ca6-925f-b82eb4a1d06e][ AuthTime::0::PostAuthTime::0
          ][S-HdfsGetFileStatusV2 :: 00:00:005 ms]%0a[CREATE :: 00:00:005 ms]%0a']
      Status: ['0x8309000A']
      Strict-Transport-Security: [max-age=15724800; includeSubDomains]
      X-Content-Type-Options: [nosniff]
      x-ms-request-id: [003850ac-f561-4ca6-925f-b82eb4a1d06e]
      x-ms-webhdfs-version: [16.07.07.01]
    status: {code: 307, message: Temporary Redirect}
- request:
    body: null
    headers:
      Accept: ['*/*']
      Accept-Encoding: ['gzip, deflate']
      Connection: [keep-alive]
      Content-Length: ['0']
      User-Agent: [python-requests/2.11.1]
    method: PUT
    uri: https://fakestore.azuredatalakestore.net/webhdfs/v1/azure_test_dir/a?OP=CREATE&overwrite=True&write=true
  response:
    body: {string: ''}
    headers:
      Cache-Control: [no-cache]
      Content-Length: ['0']
      ContentLength: ['0']
      Date: ['Thu, 01 Sep 2016 17:12:05 GMT']
      Expires: ['-1']
      Location: ['https://fakestore.azuredatalakestore.net/webhdfs/v1/azure_test_dir/a?OP=CREATE&overwrite=True&write=true']
      Pragma: [no-cache]
      Server-Perf: ['[8993902d-894d-4935-8ff4-92c10a925e96][ AuthTime::0::PostAuthTime::0
          ][S-HdfsGetFileStatusV2 :: 00:00:005 ms]%0a[S-HdfsCheckAccess :: 00:00:002
          ms]%0a[S-FsDelete :: 00:00:005 ms]%0a[S-FsOpenStream :: 00:00:063 ms]%0a[BufferingTime
          :: 00:00:000 ms]%0a[WriteTime :: 00:00:000 ms]%0a[S-FsAppendStream :: 00:00:036
          ms]%0a[S-FsCloseHandle :: 00:00:001 ms]%0a[CREATE :: 00:00:117 ms]%0a']
      Status: ['0x0']
      Strict-Transport-Security: [max-age=15724800; includeSubDomains]
      X-Content-Type-Options: [nosniff]
      x-ms-request-id: [8993902d-894d-4935-8ff4-92c10a925e96]
      x-ms-webhdfs-version: [16.07.07.01]
    status: {code: 201, message: Created}
- request:
    body: null
    headers:
      Accept: ['*/*']
      Accept-Encoding: ['gzip, deflate']
      Connection: [keep-alive]
      User-Agent: [python-requests/2.11.1]
    method: GET
    uri: https://fakestore.azuredatalakestore.net/webhdfs/v1/azure_test_dir?OP=LISTSTATUS
  response:
    body: {string: '{"FileStatuses":{"FileStatus":[{"length":0,"pathSuffix":"a","type":"FILE","blockSize":268435456,"accessTime":1472749926287,"modificationTime":1472749926287,"replication":1,"permission":"770","owner":"49b2f9ec-818a-49ca-9424-249e1f19f7d7","group":"49b2f9ec-818a-49ca-9424-249e1f19f7d7"}]}}'}
    headers:
      Cache-Control: [no-cache]
      Content-Length: ['288']
      Content-Type: [application/json; charset=utf-8]
      Date: ['Thu, 01 Sep 2016 17:12:06 GMT']
      Expires: ['-1']
      Pragma: [no-cache]
      Server-Perf: ['[d4e9dc0c-908a-4060-8c98-81079d233bd4][ AuthTime::0::PostAuthTime::0
          ][S-HdfsListStatus :: 00:00:011 ms]%0a[LISTSTATUS :: 00:00:011 ms]%0a']
      Status: ['0x0']
      Strict-Transport-Security: [max-age=15724800; includeSubDomains]
      X-Content-Type-Options: [nosniff]
      x-ms-request-id: [d4e9dc0c-908a-4060-8c98-81079d233bd4]
      x-ms-webhdfs-version: [16.07.07.01]
    status: {code: 200, message: OK}
- request:
    body: null
    headers:
      Accept: ['*/*']
      Accept-Encoding: ['gzip, deflate']
      Connection: [keep-alive]
      Content-Length: ['0']
      User-Agent: [python-requests/2.11.1]
    method: PUT
    uri: https://fakestore.azuredatalakestore.net/webhdfs/v1/azure_test_dir/a?OP=SETPERMISSION&permission=0555
  response:
    body: {string: ''}
    headers:
      Cache-Control: [no-cache]
      Content-Length: ['0']
      Date: ['Thu, 01 Sep 2016 17:12:06 GMT']
      Expires: ['-1']
      Pragma: [no-cache]
      Server-Perf: ['[f65c8a51-72ad-4c35-a117-0aa7bff9be71][ AuthTime::0::PostAuthTime::0
          ][S-HdfsSetPermission :: 00:00:016 ms]%0a[SETPERMISSION :: 00:00:016 ms]%0a']
      Status: ['0x0']
      Strict-Transport-Security: [max-age=15724800; includeSubDomains]
      X-Content-Type-Options: [nosniff]
      x-ms-request-id: [f65c8a51-72ad-4c35-a117-0aa7bff9be71]
      x-ms-webhdfs-version: [16.07.07.01]
    status: {code: 200, message: OK}
- request:
    body: null
    headers:
      Accept: ['*/*']
      Accept-Encoding: ['gzip, deflate']
      Connection: [keep-alive]
      User-Agent: [python-requests/2.11.1]
    method: GET
    uri: https://fakestore.azuredatalakestore.net/webhdfs/v1/azure_test_dir?OP=LISTSTATUS
  response:
    body: {string: '{"FileStatuses":{"FileStatus":[{"length":0,"pathSuffix":"a","type":"FILE","blockSize":268435456,"accessTime":1472749926287,"modificationTime":1472749926287,"replication":1,"permission":"555","owner":"49b2f9ec-818a-49ca-9424-249e1f19f7d7","group":"49b2f9ec-818a-49ca-9424-249e1f19f7d7"}]}}'}
    headers:
      Cache-Control: [no-cache]
      Content-Length: ['288']
      Content-Type: [application/json; charset=utf-8]
      Date: ['Thu, 01 Sep 2016 17:12:06 GMT']
      Expires: ['-1']
      Pragma: [no-cache]
      Server-Perf: ['[e662c7de-7693-4366-83a0-c8275bc0d57a][ AuthTime::0::PostAuthTime::0
          ][S-HdfsListStatus :: 00:00:010 ms]%0a[LISTSTATUS :: 00:00:010 ms]%0a']
      Status: ['0x0']
      Strict-Transport-Security: [max-age=15724800; includeSubDomains]
      X-Content-Type-Options: [nosniff]
      x-ms-request-id: [e662c7de-7693-4366-83a0-c8275bc0d57a]
      x-ms-webhdfs-version: [16.07.07.01]
    status: {code: 200, message: OK}
- request:
    body: data
    headers:
      Accept: ['*/*']
      Accept-Encoding: ['gzip, deflate']
      Connection: [keep-alive]
      Content-Length: ['4']
      User-Agent: [python-requests/2.11.1]
    method: POST
    uri: https://fakestore.azuredatalakestore.net/webhdfs/v1/azure_test_dir/a?OP=APPEND
  response:
    body: {string: ''}
    headers:
      Cache-Control: [no-cache]
      Content-Length: ['0']
      ContentLength: ['0']
      Date: ['Thu, 01 Sep 2016 17:12:07 GMT']
      Expires: ['-1']
      Location: ['https://fakestore.azuredatalakestore.net/webhdfs/v1/azure_test_dir/a?OP=APPEND&append=true']
      Pragma: [no-cache]
      Server-Perf: ['[7204d557-6d5c-4962-a733-c7dc29750d28][ AuthTime::0::PostAuthTime::0
          ][APPEND :: 00:00:000 ms]%0a']
      Status: ['0x0']
      Strict-Transport-Security: [max-age=15724800; includeSubDomains]
      X-Content-Type-Options: [nosniff]
      x-ms-request-id: [7204d557-6d5c-4962-a733-c7dc29750d28]
      x-ms-webhdfs-version: [16.07.07.01]
    status: {code: 307, message: Temporary Redirect}
- request:
    body: data
    headers:
      Accept: ['*/*']
      Accept-Encoding: ['gzip, deflate']
      Connection: [keep-alive]
      Content-Length: ['4']
      User-Agent: [python-requests/2.11.1]
    method: POST
    uri: https://fakestore.azuredatalakestore.net/webhdfs/v1/azure_test_dir/a?OP=APPEND&append=true
  response:
    body: {string: '{"RemoteException":{"exception":"AccessControlException","message":"Operation
        failed. failed with error 0x83090aa2 (Either the resource does not exist or
        the current user is not authorized to perform the requested operation). [379d2015-be03-4609-8686-f5678418192e][2016-09-01T10:12:07.3397113-07:00]","javaClassName":"org.apache.hadoop.security.AccessControlException"}}'}
    headers:
      Cache-Control: [no-cache]
      Content-Length: ['370']
      Content-Type: [application/json; charset=utf-8]
      Date: ['Thu, 01 Sep 2016 17:12:07 GMT']
      Expires: ['-1']
      Pragma: [no-cache]
      Server-Perf: ['[379d2015-be03-4609-8686-f5678418192e][ AuthTime::0::PostAuthTime::0
          ][S-FsOpenStream :: 00:00:004 ms]%0a[APPEND :: 00:00:008 ms]%0a']
      Status: ['0x83090AA2']
      Strict-Transport-Security: [max-age=15724800; includeSubDomains]
      X-Content-Type-Options: [nosniff]
      x-ms-request-id: [379d2015-be03-4609-8686-f5678418192e]
      x-ms-webhdfs-version: [16.07.07.01]
    status: {code: 403, message: Forbidden}
- request:
    body: null
    headers:
      Accept: ['*/*']
      Accept-Encoding: ['gzip, deflate']
      Connection: [keep-alive]
      Content-Length: ['0']
      User-Agent: [python-requests/2.11.1]
    method: PUT
    uri: https://fakestore.azuredatalakestore.net/webhdfs/v1/azure_test_dir/a?OP=SETPERMISSION&permission=0770
  response:
    body: {string: ''}
    headers:
      Cache-Control: [no-cache]
      Content-Length: ['0']
      Date: ['Thu, 01 Sep 2016 17:12:06 GMT']
      Expires: ['-1']
      Pragma: [no-cache]
      Server-Perf: ['[5d87af82-b869-4055-982f-7c2823dce1b1][ AuthTime::0::PostAuthTime::0
          ][S-HdfsSetPermission :: 00:00:024 ms]%0a[SETPERMISSION :: 00:00:026 ms]%0a']
      Status: ['0x0']
      Strict-Transport-Security: [max-age=15724800; includeSubDomains]
      X-Content-Type-Options: [nosniff]
      x-ms-request-id: [5d87af82-b869-4055-982f-7c2823dce1b1]
      x-ms-webhdfs-version: [16.07.07.01]
    status: {code: 200, message: OK}
- request:
    body: null
    headers:
      Accept: ['*/*']
      Accept-Encoding: ['gzip, deflate']
      Connection: [keep-alive]
      User-Agent: [python-requests/2.11.1]
    method: GET
    uri: https://fakestore.azuredatalakestore.net/webhdfs/v1/azure_test_dir?OP=LISTSTATUS
  response:
    body: {string: '{"FileStatuses":{"FileStatus":[{"length":0,"pathSuffix":"a","type":"FILE","blockSize":268435456,"accessTime":1472749926287,"modificationTime":1472749926287,"replication":1,"permission":"770","owner":"49b2f9ec-818a-49ca-9424-249e1f19f7d7","group":"49b2f9ec-818a-49ca-9424-249e1f19f7d7"}]}}'}
    headers:
      Cache-Control: [no-cache]
      Content-Length: ['288']
      Content-Type: [application/json; charset=utf-8]
      Date: ['Thu, 01 Sep 2016 17:12:07 GMT']
      Expires: ['-1']
      Pragma: [no-cache]
      Server-Perf: ['[a5aeeb80-1129-4fda-adc3-9004778a469a][ AuthTime::0::PostAuthTime::0
          ][S-HdfsListStatus :: 00:00:010 ms]%0a[LISTSTATUS :: 00:00:010 ms]%0a']
      Status: ['0x0']
      Strict-Transport-Security: [max-age=15724800; includeSubDomains]
      X-Content-Type-Options: [nosniff]
      x-ms-request-id: [a5aeeb80-1129-4fda-adc3-9004778a469a]
      x-ms-webhdfs-version: [16.07.07.01]
    status: {code: 200, message: OK}
- request:
    body: null
    headers:
      Accept: ['*/*']
      Accept-Encoding: ['gzip, deflate']
      Connection: [keep-alive]
      Content-Length: ['0']
      User-Agent: [python-requests/2.11.1]
    method: DELETE
    uri: https://fakestore.azuredatalakestore.net/webhdfs/v1/azure_test_dir/a?OP=DELETE&recursive=False
  response:
    body: {string: '{"boolean":true}'}
    headers:
      Cache-Control: [no-cache]
      Content-Length: ['16']
      Content-Type: [application/json; charset=utf-8]
      Date: ['Thu, 01 Sep 2016 17:12:08 GMT']
      Expires: ['-1']
      Pragma: [no-cache]
      Server-Perf: ['[fbbf129a-8a23-4ce7-939f-1a14a98fdf27][ AuthTime::0::PostAuthTime::0
          ][S-FsDelete :: 00:00:099 ms]%0a[DELETE :: 00:00:117 ms]%0a']
      Status: ['0x0']
      Strict-Transport-Security: [max-age=15724800; includeSubDomains]
      X-Content-Type-Options: [nosniff]
      x-ms-request-id: [fbbf129a-8a23-4ce7-939f-1a14a98fdf27]
      x-ms-webhdfs-version: [16.07.07.01]
    status: {code: 200, message: OK}
- request:
    body: null
    headers:
      Accept: ['*/*']
      Accept-Encoding: ['gzip, deflate']
      Connection: [keep-alive]
      Content-Length: ['0']
      User-Agent: [python-requests/2.11.1]
    method: PUT
    uri: https://fakestore.azuredatalakestore.net/webhdfs/v1/azure_test_dir/deep?OP=MKDIRS
  response:
    body: {string: '{"boolean":true}'}
    headers:
      Cache-Control: [no-cache]
      Content-Length: ['16']
      Content-Type: [application/json; charset=utf-8]
      Date: ['Thu, 01 Sep 2016 17:12:07 GMT']
      Expires: ['-1']
      Pragma: [no-cache]
      Server-Perf: ['[aefc6cc4-7e0b-4f2c-a3fb-705566150761][ AuthTime::0::PostAuthTime::0
          ][S-HdfsMkdirs :: 00:00:021 ms]%0a[MKDIRS :: 00:00:021 ms]%0a']
      Status: ['0x0']
      Strict-Transport-Security: [max-age=15724800; includeSubDomains]
      X-Content-Type-Options: [nosniff]
      x-ms-request-id: [aefc6cc4-7e0b-4f2c-a3fb-705566150761]
      x-ms-webhdfs-version: [16.07.07.01]
    status: {code: 200, message: OK}
- request:
    body: null
    headers:
      Accept: ['*/*']
      Accept-Encoding: ['gzip, deflate']
      Connection: [keep-alive]
      Content-Length: ['0']
      User-Agent: [python-requests/2.11.1]
    method: PUT
    uri: https://fakestore.azuredatalakestore.net/webhdfs/v1/azure_test_dir/deep/file?OP=CREATE&overwrite=True
  response:
    body: {string: ''}
    headers:
      Cache-Control: [no-cache]
      Content-Length: ['0']
      ContentLength: ['0']
      Date: ['Thu, 01 Sep 2016 17:12:08 GMT']
      Expires: ['-1']
      Location: ['https://fakestore.azuredatalakestore.net/webhdfs/v1/azure_test_dir/deep/file?OP=CREATE&overwrite=True&write=true']
      Pragma: [no-cache]
      Server-Perf: ['[cfe13e52-45e8-4bcd-827d-4acd57c0fec6][ AuthTime::0::PostAuthTime::0
          ][S-HdfsGetFileStatusV2 :: 00:00:007 ms]%0a[CREATE :: 00:00:007 ms]%0a']
      Status: ['0x8309000A']
      Strict-Transport-Security: [max-age=15724800; includeSubDomains]
      X-Content-Type-Options: [nosniff]
      x-ms-request-id: [cfe13e52-45e8-4bcd-827d-4acd57c0fec6]
      x-ms-webhdfs-version: [16.07.07.01]
    status: {code: 307, message: Temporary Redirect}
- request:
    body: null
    headers:
      Accept: ['*/*']
      Accept-Encoding: ['gzip, deflate']
      Connection: [keep-alive]
      Content-Length: ['0']
      User-Agent: [python-requests/2.11.1]
    method: PUT
    uri: https://fakestore.azuredatalakestore.net/webhdfs/v1/azure_test_dir/deep/file?OP=CREATE&overwrite=True&write=true
  response:
    body: {string: ''}
    headers:
      Cache-Control: [no-cache]
      Content-Length: ['0']
      ContentLength: ['0']
      Date: ['Thu, 01 Sep 2016 17:12:08 GMT']
      Expires: ['-1']
      Location: ['https://fakestore.azuredatalakestore.net/webhdfs/v1/azure_test_dir/deep/file?OP=CREATE&overwrite=True&write=true']
      Pragma: [no-cache]
      Server-Perf: ['[040361b4-7308-4d7c-8102-890923382b7c][ AuthTime::0::PostAuthTime::0
          ][S-HdfsGetFileStatusV2 :: 00:00:005 ms]%0a[S-HdfsCheckAccess :: 00:00:002
          ms]%0a[S-FsDelete :: 00:00:005 ms]%0a[S-FsOpenStream :: 00:00:069 ms]%0a[BufferingTime
          :: 00:00:000 ms]%0a[WriteTime :: 00:00:000 ms]%0a[S-FsAppendStream :: 00:00:031
          ms]%0a[S-FsCloseHandle :: 00:00:001 ms]%0a[CREATE :: 00:00:119 ms]%0a']
      Status: ['0x0']
      Strict-Transport-Security: [max-age=15724800; includeSubDomains]
      X-Content-Type-Options: [nosniff]
      x-ms-request-id: [040361b4-7308-4d7c-8102-890923382b7c]
      x-ms-webhdfs-version: [16.07.07.01]
    status: {code: 201, message: Created}
- request:
    body: null
    headers:
      Accept: ['*/*']
      Accept-Encoding: ['gzip, deflate']
      Connection: [keep-alive]
      Content-Length: ['0']
      User-Agent: [python-requests/2.11.1]
    method: PUT
    uri: https://fakestore.azuredatalakestore.net/webhdfs/v1/azure_test_dir/deep?OP=SETPERMISSION&permission=660
  response:
    body: {string: ''}
    headers:
      Cache-Control: [no-cache]
      Content-Length: ['0']
      Date: ['Thu, 01 Sep 2016 17:12:08 GMT']
      Expires: ['-1']
      Pragma: [no-cache]
      Server-Perf: ['[4befc25e-4b00-4bc7-9554-95e11b6f957f][ AuthTime::0::PostAuthTime::0
          ][S-HdfsSetPermission :: 00:00:011 ms]%0a[SETPERMISSION :: 00:00:014 ms]%0a']
      Status: ['0x0']
      Strict-Transport-Security: [max-age=15724800; includeSubDomains]
      X-Content-Type-Options: [nosniff]
      x-ms-request-id: [4befc25e-4b00-4bc7-9554-95e11b6f957f]
      x-ms-webhdfs-version: [16.07.07.01]
    status: {code: 200, message: OK}
- request:
    body: null
    headers:
      Accept: ['*/*']
      Accept-Encoding: ['gzip, deflate']
      Connection: [keep-alive]
      User-Agent: [python-requests/2.11.1]
    method: GET
    uri: https://fakestore.azuredatalakestore.net/webhdfs/v1/azure_test_dir/deep?OP=LISTSTATUS
  response:
    body: {string: '{"RemoteException":{"exception":"AccessControlException","message":"ListStatus
        failed with error 0x83090aa2 (Either the resource does not exist or the current
        user is not authorized to perform the requested operation). [20d4f47a-489f-433f-a4a6-9289c15e03e6][2016-09-01T10:12:10.5047660-07:00]","javaClassName":"org.apache.hadoop.security.AccessControlException"}}'}
    headers:
      Cache-Control: [no-cache]
      Content-Length: ['363']
      Content-Type: [application/json; charset=utf-8]
      Date: ['Thu, 01 Sep 2016 17:12:10 GMT']
      Expires: ['-1']
      Pragma: [no-cache]
      Server-Perf: ['[20d4f47a-489f-433f-a4a6-9289c15e03e6][ AuthTime::0::PostAuthTime::0
          ][S-HdfsListStatus :: 00:00:006 ms]%0a[S-HdfsListStatus :: 00:00:006 ms]%0a[S-HdfsListStatus
          :: 00:00:005 ms]%0a[S-HdfsListStatus :: 00:00:005 ms]%0a[S-HdfsListStatus
          :: 00:00:006 ms]%0a[LISTSTATUS :: 00:01:265 ms]%0a']
      Status: ['0x83090AA2']
      Strict-Transport-Security: [max-age=15724800; includeSubDomains]
      X-Content-Type-Options: [nosniff]
      x-ms-request-id: [20d4f47a-489f-433f-a4a6-9289c15e03e6]
      x-ms-webhdfs-version: [16.07.07.01]
    status: {code: 403, message: Forbidden}
- request:
    body: null
    headers:
      Accept: ['*/*']
      Accept-Encoding: ['gzip, deflate']
      Connection: [keep-alive]
      Content-Length: ['0']
      User-Agent: [python-requests/2.11.1]
    method: PUT
    uri: https://fakestore.azuredatalakestore.net/webhdfs/v1/azure_test_dir/deep?OP=SETPERMISSION&permission=770
  response:
    body: {string: ''}
    headers:
      Cache-Control: [no-cache]
      Content-Length: ['0']
      Date: ['Thu, 01 Sep 2016 17:12:10 GMT']
      Expires: ['-1']
      Pragma: [no-cache]
      Server-Perf: ['[883b47be-342b-45b0-aa9d-c70f2a36427f][ AuthTime::0::PostAuthTime::0
          ][S-HdfsSetPermission :: 00:00:016 ms]%0a[SETPERMISSION :: 00:00:016 ms]%0a']
      Status: ['0x0']
      Strict-Transport-Security: [max-age=15724800; includeSubDomains]
      X-Content-Type-Options: [nosniff]
      x-ms-request-id: [883b47be-342b-45b0-aa9d-c70f2a36427f]
      x-ms-webhdfs-version: [16.07.07.01]
    status: {code: 200, message: OK}
- request:
    body: null
    headers:
      Accept: ['*/*']
      Accept-Encoding: ['gzip, deflate']
      Connection: [keep-alive]
      User-Agent: [python-requests/2.11.1]
    method: GET
    uri: https://fakestore.azuredatalakestore.net/webhdfs/v1/azure_test_dir?OP=LISTSTATUS
  response:
    body: {string: '{"FileStatuses":{"FileStatus":[{"length":0,"pathSuffix":"deep","type":"DIRECTORY","blockSize":0,"accessTime":1472749928366,"modificationTime":1472749928710,"replication":0,"permission":"770","owner":"49b2f9ec-818a-49ca-9424-249e1f19f7d7","group":"49b2f9ec-818a-49ca-9424-249e1f19f7d7"}]}}'}
    headers:
      Cache-Control: [no-cache]
      Content-Length: ['288']
      Content-Type: [application/json; charset=utf-8]
      Date: ['Thu, 01 Sep 2016 17:12:10 GMT']
      Expires: ['-1']
      Pragma: [no-cache]
      Server-Perf: ['[91637add-3763-437a-ac3c-be9156072adf][ AuthTime::0::PostAuthTime::0
          ][S-HdfsListStatus :: 00:00:005 ms]%0a[LISTSTATUS :: 00:00:006 ms]%0a']
      Status: ['0x0']
      Strict-Transport-Security: [max-age=15724800; includeSubDomains]
      X-Content-Type-Options: [nosniff]
      x-ms-request-id: [91637add-3763-437a-ac3c-be9156072adf]
      x-ms-webhdfs-version: [16.07.07.01]
    status: {code: 200, message: OK}
- request:
    body: null
    headers:
      Accept: ['*/*']
      Accept-Encoding: ['gzip, deflate']
      Connection: [keep-alive]
      Content-Length: ['0']
      User-Agent: [python-requests/2.11.1]
    method: DELETE
    uri: https://fakestore.azuredatalakestore.net/webhdfs/v1/azure_test_dir/deep?OP=DELETE&recursive=True
  response:
    body: {string: '{"boolean":true}'}
    headers:
      Cache-Control: [no-cache]
      Content-Length: ['16']
      Content-Type: [application/json; charset=utf-8]
      Date: ['Thu, 01 Sep 2016 17:12:11 GMT']
      Expires: ['-1']
      Pragma: [no-cache]
      Server-Perf: ['[e90b5655-34fb-4e87-a243-aa5735b064de][ AuthTime::0::PostAuthTime::0
          ][S-FsDelete :: 00:00:061 ms]%0a[DELETE :: 00:00:062 ms]%0a']
      Status: ['0x0']
      Strict-Transport-Security: [max-age=15724800; includeSubDomains]
      X-Content-Type-Options: [nosniff]
      x-ms-request-id: [e90b5655-34fb-4e87-a243-aa5735b064de]
      x-ms-webhdfs-version: [16.07.07.01]
    status: {code: 200, message: OK}
- request:
    body: data
    headers:
      Accept: ['*/*']
      Accept-Encoding: ['gzip, deflate']
      Connection: [keep-alive]
      Content-Length: ['4']
      User-Agent: [python-requests/2.11.1]
    method: POST
    uri: https://fakestore.azuredatalakestore.net/webhdfs/v1/azure_test_dir/a?OP=APPEND
  response:
    body: {string: ''}
    headers:
      Cache-Control: [no-cache]
      Content-Length: ['0']
      ContentLength: ['0']
      Date: ['Thu, 01 Sep 2016 17:12:11 GMT']
      Expires: ['-1']
      Location: ['https://fakestore.azuredatalakestore.net/webhdfs/v1/azure_test_dir/a?OP=APPEND&append=true']
      Pragma: [no-cache]
      Server-Perf: ['[d5ed1e80-7331-460b-95fe-38a1d6ea05b1][ AuthTime::957.518099401412::PostAuthTime::242.052364565073
          ][APPEND :: 00:00:000 ms]%0a']
      Status: ['0x0']
      Strict-Transport-Security: [max-age=15724800; includeSubDomains]
      X-Content-Type-Options: [nosniff]
      x-ms-request-id: [d5ed1e80-7331-460b-95fe-38a1d6ea05b1]
      x-ms-webhdfs-version: [16.07.07.01]
    status: {code: 307, message: Temporary Redirect}
- request:
    body: data
    headers:
      Accept: ['*/*']
      Accept-Encoding: ['gzip, deflate']
      Connection: [keep-alive]
      Content-Length: ['4']
      User-Agent: [python-requests/2.11.1]
    method: POST
    uri: https://fakestore.azuredatalakestore.net/webhdfs/v1/azure_test_dir/a?OP=APPEND&append=true
  response:
    body: {string: '{"RemoteException":{"exception":"FileNotFoundException","message":"Operation
        failed. failed with error 0x8309000a (Stream not found). [7476b55c-9c75-47b1-b1b4-be67f5ffc632][2016-09-01T10:12:11.9266655-07:00]","javaClassName":"java.io.FileNotFoundException"}}'}
    headers:
      Cache-Control: [no-cache]
      Content-Length: ['258']
      Content-Type: [application/json; charset=utf-8]
      Date: ['Thu, 01 Sep 2016 17:12:11 GMT']
      Expires: ['-1']
      Pragma: [no-cache]
      Server-Perf: ['[7476b55c-9c75-47b1-b1b4-be67f5ffc632][ AuthTime::0::PostAuthTime::0
          ][S-FsOpenStream :: 00:00:005 ms]%0a[APPEND :: 00:00:009 ms]%0a']
      Status: ['0x8309000A']
      Strict-Transport-Security: [max-age=15724800; includeSubDomains]
      X-Content-Type-Options: [nosniff]
      x-ms-request-id: [7476b55c-9c75-47b1-b1b4-be67f5ffc632]
      x-ms-webhdfs-version: [16.07.07.01]
    status: {code: 404, message: Not Found}
- request:
    body: null
    headers:
      Accept: ['*/*']
      Accept-Encoding: ['gzip, deflate']
      Connection: [keep-alive]
      Content-Length: ['0']
      User-Agent: [python-requests/2.11.1]
    method: PUT
    uri: https://fakestore.azuredatalakestore.net/webhdfs/v1/azure_test_dir/a?overwrite=true&OP=CREATE
  response:
    body: {string: ''}
    headers:
      Cache-Control: [no-cache]
      Content-Length: ['0']
      ContentLength: ['0']
      Date: ['Tue, 06 Sep 2016 13:42:16 GMT']
      Expires: ['-1']
      Location: ['https://fakestore.azuredatalakestore.net/webhdfs/v1/azure_test_dir/a?overwrite=true&OP=CREATE&write=true']
      Pragma: [no-cache]
      Server-Perf: ['[612bef21-f7b2-4aa6-b0bd-92686d484e5e][ AuthTime::0::PostAuthTime::0
          ][S-HdfsGetFileStatusV2 :: 00:00:005 ms]%0a[CREATE :: 00:00:006 ms]%0a']
      Status: ['0x8309000A']
      Strict-Transport-Security: [max-age=15724800; includeSubDomains]
      X-Content-Type-Options: [nosniff]
      x-ms-request-id: [612bef21-f7b2-4aa6-b0bd-92686d484e5e]
      x-ms-webhdfs-version: [16.07.07.01]
    status: {code: 307, message: Temporary Redirect}
- request:
    body: null
    headers:
      Accept: ['*/*']
      Accept-Encoding: ['gzip, deflate']
      Connection: [keep-alive]
      Content-Length: ['0']
      User-Agent: [python-requests/2.11.1]
    method: PUT
    uri: https://fakestore.azuredatalakestore.net/webhdfs/v1/azure_test_dir/a?overwrite=true&OP=CREATE&write=true
  response:
    body: {string: ''}
    headers:
      Cache-Control: [no-cache]
      Content-Length: ['0']
      ContentLength: ['0']
      Date: ['Tue, 06 Sep 2016 13:42:16 GMT']
      Expires: ['-1']
      Location: ['https://fakestore.azuredatalakestore.net/webhdfs/v1/azure_test_dir/a?overwrite=true&OP=CREATE&write=true']
      Pragma: [no-cache]
      Server-Perf: ['[4ba5fb23-7834-4368-a166-6496b84244c4][ AuthTime::0::PostAuthTime::0
          ][S-HdfsGetFileStatusV2 :: 00:00:006 ms]%0a[S-HdfsCheckAccess :: 00:00:002
          ms]%0a[S-FsDelete :: 00:00:005 ms]%0a[S-FsOpenStream :: 00:00:038 ms]%0a[BufferingTime
          :: 00:00:000 ms]%0a[WriteTime :: 00:00:000 ms]%0a[S-FsAppendStream :: 00:00:118
          ms]%0a[S-FsCloseHandle :: 00:00:001 ms]%0a[CREATE :: 00:00:174 ms]%0a']
      Status: ['0x0']
      Strict-Transport-Security: [max-age=15724800; includeSubDomains]
      X-Content-Type-Options: [nosniff]
      x-ms-request-id: [4ba5fb23-7834-4368-a166-6496b84244c4]
      x-ms-webhdfs-version: [16.07.07.01]
    status: {code: 201, message: Created}
- request:
    body: null
    headers:
      Accept: ['*/*']
      Accept-Encoding: ['gzip, deflate']
      Connection: [keep-alive]
      User-Agent: [python-requests/2.11.1]
    method: GET
    uri: https://fakestore.azuredatalakestore.net/webhdfs/v1/azure_test_dir?OP=LISTSTATUS
  response:
    body: {string: '{"FileStatuses":{"FileStatus":[{"length":0,"pathSuffix":"a","type":"FILE","blockSize":268435456,"accessTime":1473169337641,"modificationTime":1473169337641,"replication":1,"permission":"770","owner":"49b2f9ec-818a-49ca-9424-249e1f19f7d7","group":"49b2f9ec-818a-49ca-9424-249e1f19f7d7"}]}}'}
    headers:
      Cache-Control: [no-cache]
      Content-Length: ['288']
      Content-Type: [application/json; charset=utf-8]
      Date: ['Tue, 06 Sep 2016 13:42:17 GMT']
      Expires: ['-1']
      Pragma: [no-cache]
      Server-Perf: ['[f6526ec1-edf6-4f8d-8fb1-be29da8ee4ba][ AuthTime::0::PostAuthTime::0
          ][S-HdfsListStatus :: 00:00:010 ms]%0a[LISTSTATUS :: 00:00:011 ms]%0a']
      Status: ['0x0']
      Strict-Transport-Security: [max-age=15724800; includeSubDomains]
      X-Content-Type-Options: [nosniff]
      x-ms-request-id: [f6526ec1-edf6-4f8d-8fb1-be29da8ee4ba]
      x-ms-webhdfs-version: [16.07.07.01]
    status: {code: 200, message: OK}
- request:
    body: null
    headers:
      Accept: ['*/*']
      Accept-Encoding: ['gzip, deflate']
      Connection: [keep-alive]
      Content-Length: ['0']
      User-Agent: [python-requests/2.11.1]
    method: PUT
    uri: https://fakestore.azuredatalakestore.net/webhdfs/v1/azure_test_dir/a?permission=0555&OP=SETPERMISSION
  response:
    body: {string: ''}
    headers:
      Cache-Control: [no-cache]
      Content-Length: ['0']
      Date: ['Tue, 06 Sep 2016 13:42:17 GMT']
      Expires: ['-1']
      Pragma: [no-cache]
      Server-Perf: ['[7edf5423-d8e6-4e8d-8894-37feaeea664a][ AuthTime::0::PostAuthTime::0
          ][S-HdfsSetPermission :: 00:00:014 ms]%0a[SETPERMISSION :: 00:00:025 ms]%0a']
      Status: ['0x0']
      Strict-Transport-Security: [max-age=15724800; includeSubDomains]
      X-Content-Type-Options: [nosniff]
      x-ms-request-id: [7edf5423-d8e6-4e8d-8894-37feaeea664a]
      x-ms-webhdfs-version: [16.07.07.01]
    status: {code: 200, message: OK}
- request:
    body: null
    headers:
      Accept: ['*/*']
      Accept-Encoding: ['gzip, deflate']
      Connection: [keep-alive]
      User-Agent: [python-requests/2.11.1]
    method: GET
    uri: https://fakestore.azuredatalakestore.net/webhdfs/v1/azure_test_dir?OP=LISTSTATUS
  response:
    body: {string: '{"FileStatuses":{"FileStatus":[{"length":0,"pathSuffix":"a","type":"FILE","blockSize":268435456,"accessTime":1473169337641,"modificationTime":1473169337641,"replication":1,"permission":"555","owner":"49b2f9ec-818a-49ca-9424-249e1f19f7d7","group":"49b2f9ec-818a-49ca-9424-249e1f19f7d7"}]}}'}
    headers:
      Cache-Control: [no-cache]
      Content-Length: ['288']
      Content-Type: [application/json; charset=utf-8]
      Date: ['Tue, 06 Sep 2016 13:42:17 GMT']
      Expires: ['-1']
      Pragma: [no-cache]
      Server-Perf: ['[b4c6a794-6ffe-4ef3-b553-8ce2d582d02a][ AuthTime::0::PostAuthTime::0
          ][S-HdfsListStatus :: 00:00:121 ms]%0a[LISTSTATUS :: 00:00:121 ms]%0a']
      Status: ['0x0']
      Strict-Transport-Security: [max-age=15724800; includeSubDomains]
      X-Content-Type-Options: [nosniff]
      x-ms-request-id: [b4c6a794-6ffe-4ef3-b553-8ce2d582d02a]
      x-ms-webhdfs-version: [16.07.07.01]
    status: {code: 200, message: OK}
- request:
    body: data
    headers:
      Accept: ['*/*']
      Accept-Encoding: ['gzip, deflate']
      Connection: [keep-alive]
      Content-Length: ['4']
      User-Agent: [python-requests/2.11.1]
    method: POST
    uri: https://fakestore.azuredatalakestore.net/webhdfs/v1/azure_test_dir/a?OP=APPEND
  response:
    body: {string: ''}
    headers:
      Cache-Control: [no-cache]
      Content-Length: ['0']
      ContentLength: ['0']
      Date: ['Tue, 06 Sep 2016 13:42:18 GMT']
      Expires: ['-1']
      Location: ['https://fakestore.azuredatalakestore.net/webhdfs/v1/azure_test_dir/a?OP=APPEND&append=true']
      Pragma: [no-cache]
      Server-Perf: ['[20bf6cfb-ced1-4777-83f2-378dec929dab][ AuthTime::0::PostAuthTime::0
          ][APPEND :: 00:00:000 ms]%0a']
      Status: ['0x0']
      Strict-Transport-Security: [max-age=15724800; includeSubDomains]
      X-Content-Type-Options: [nosniff]
      x-ms-request-id: [20bf6cfb-ced1-4777-83f2-378dec929dab]
      x-ms-webhdfs-version: [16.07.07.01]
    status: {code: 307, message: Temporary Redirect}
- request:
    body: data
    headers:
      Accept: ['*/*']
      Accept-Encoding: ['gzip, deflate']
      Connection: [keep-alive]
      Content-Length: ['4']
      User-Agent: [python-requests/2.11.1]
    method: POST
    uri: https://fakestore.azuredatalakestore.net/webhdfs/v1/azure_test_dir/a?OP=APPEND&append=true
  response:
    body: {string: '{"RemoteException":{"exception":"AccessControlException","message":"Operation
        failed. failed with error 0x83090aa2 (Either the resource does not exist or
        the current user is not authorized to perform the requested operation). [32ac18c2-46d4-4389-b0ec-957ed9a98c8b][2016-09-06T06:42:18.8988024-07:00]","javaClassName":"org.apache.hadoop.security.AccessControlException"}}'}
    headers:
      Cache-Control: [no-cache]
      Content-Length: ['370']
      Content-Type: [application/json; charset=utf-8]
      Date: ['Tue, 06 Sep 2016 13:42:18 GMT']
      Expires: ['-1']
      Pragma: [no-cache]
      Server-Perf: ['[32ac18c2-46d4-4389-b0ec-957ed9a98c8b][ AuthTime::0::PostAuthTime::0
          ][S-FsOpenStream :: 00:00:004 ms]%0a[APPEND :: 00:00:009 ms]%0a']
      Status: ['0x83090AA2']
      Strict-Transport-Security: [max-age=15724800; includeSubDomains]
      X-Content-Type-Options: [nosniff]
      x-ms-request-id: [32ac18c2-46d4-4389-b0ec-957ed9a98c8b]
      x-ms-webhdfs-version: [16.07.07.01]
    status: {code: 403, message: Forbidden}
- request:
    body: null
    headers:
      Accept: ['*/*']
      Accept-Encoding: ['gzip, deflate']
      Connection: [keep-alive]
      Content-Length: ['0']
      User-Agent: [python-requests/2.11.1]
    method: PUT
    uri: https://fakestore.azuredatalakestore.net/webhdfs/v1/azure_test_dir/a?permission=0770&OP=SETPERMISSION
  response:
    body: {string: ''}
    headers:
      Cache-Control: [no-cache]
      Content-Length: ['0']
      Date: ['Tue, 06 Sep 2016 13:42:18 GMT']
      Expires: ['-1']
      Pragma: [no-cache]
      Server-Perf: ['[dc6495c0-5325-4606-9b83-7fdff2c18c41][ AuthTime::0::PostAuthTime::0
          ][S-HdfsSetPermission :: 00:00:014 ms]%0a[SETPERMISSION :: 00:00:017 ms]%0a']
      Status: ['0x0']
      Strict-Transport-Security: [max-age=15724800; includeSubDomains]
      X-Content-Type-Options: [nosniff]
      x-ms-request-id: [dc6495c0-5325-4606-9b83-7fdff2c18c41]
      x-ms-webhdfs-version: [16.07.07.01]
    status: {code: 200, message: OK}
- request:
    body: null
    headers:
      Accept: ['*/*']
      Accept-Encoding: ['gzip, deflate']
      Connection: [keep-alive]
      User-Agent: [python-requests/2.11.1]
    method: GET
    uri: https://fakestore.azuredatalakestore.net/webhdfs/v1/azure_test_dir?OP=LISTSTATUS
  response:
    body: {string: '{"FileStatuses":{"FileStatus":[{"length":0,"pathSuffix":"a","type":"FILE","blockSize":268435456,"accessTime":1473169337641,"modificationTime":1473169337641,"replication":1,"permission":"770","owner":"49b2f9ec-818a-49ca-9424-249e1f19f7d7","group":"49b2f9ec-818a-49ca-9424-249e1f19f7d7"}]}}'}
    headers:
      Cache-Control: [no-cache]
      Content-Length: ['288']
      Content-Type: [application/json; charset=utf-8]
      Date: ['Tue, 06 Sep 2016 13:42:18 GMT']
      Expires: ['-1']
      Pragma: [no-cache]
      Server-Perf: ['[8e7c52c6-32c8-424c-94a6-a28abc61a57f][ AuthTime::0::PostAuthTime::0
          ][S-HdfsListStatus :: 00:00:038 ms]%0a[LISTSTATUS :: 00:00:040 ms]%0a']
      Status: ['0x0']
      Strict-Transport-Security: [max-age=15724800; includeSubDomains]
      X-Content-Type-Options: [nosniff]
      x-ms-request-id: [8e7c52c6-32c8-424c-94a6-a28abc61a57f]
      x-ms-webhdfs-version: [16.07.07.01]
    status: {code: 200, message: OK}
- request:
    body: null
    headers:
      Accept: ['*/*']
      Accept-Encoding: ['gzip, deflate']
      Connection: [keep-alive]
      Content-Length: ['0']
      User-Agent: [python-requests/2.11.1]
    method: DELETE
    uri: https://fakestore.azuredatalakestore.net/webhdfs/v1/azure_test_dir/a?recursive=False&OP=DELETE
  response:
    body: {string: '{"boolean":true}'}
    headers:
      Cache-Control: [no-cache]
      Content-Length: ['16']
      Content-Type: [application/json; charset=utf-8]
      Date: ['Tue, 06 Sep 2016 13:42:19 GMT']
      Expires: ['-1']
      Pragma: [no-cache]
      Server-Perf: ['[6f761734-7902-4a7b-a5ae-cdcda3bd2f11][ AuthTime::0::PostAuthTime::0
          ][S-FsDelete :: 00:00:050 ms]%0a[DELETE :: 00:00:051 ms]%0a']
      Status: ['0x0']
      Strict-Transport-Security: [max-age=15724800; includeSubDomains]
      X-Content-Type-Options: [nosniff]
      x-ms-request-id: [6f761734-7902-4a7b-a5ae-cdcda3bd2f11]
      x-ms-webhdfs-version: [16.07.07.01]
    status: {code: 200, message: OK}
- request:
    body: null
    headers:
      Accept: ['*/*']
      Accept-Encoding: ['gzip, deflate']
      Connection: [keep-alive]
      Content-Length: ['0']
      User-Agent: [python-requests/2.11.1]
    method: PUT
    uri: https://fakestore.azuredatalakestore.net/webhdfs/v1/azure_test_dir/deep?OP=MKDIRS
  response:
    body: {string: '{"boolean":true}'}
    headers:
      Cache-Control: [no-cache]
      Content-Length: ['16']
      Content-Type: [application/json; charset=utf-8]
      Date: ['Tue, 06 Sep 2016 13:42:19 GMT']
      Expires: ['-1']
      Pragma: [no-cache]
      Server-Perf: ['[677432a9-bdd4-431e-82ac-042b85557426][ AuthTime::0::PostAuthTime::0
          ][S-HdfsMkdirs :: 00:00:025 ms]%0a[MKDIRS :: 00:00:027 ms]%0a']
      Status: ['0x0']
      Strict-Transport-Security: [max-age=15724800; includeSubDomains]
      X-Content-Type-Options: [nosniff]
      x-ms-request-id: [677432a9-bdd4-431e-82ac-042b85557426]
      x-ms-webhdfs-version: [16.07.07.01]
    status: {code: 200, message: OK}
- request:
    body: null
    headers:
      Accept: ['*/*']
      Accept-Encoding: ['gzip, deflate']
      Connection: [keep-alive]
      Content-Length: ['0']
      User-Agent: [python-requests/2.11.1]
    method: PUT
    uri: https://fakestore.azuredatalakestore.net/webhdfs/v1/azure_test_dir/deep/file?overwrite=true&OP=CREATE
  response:
    body: {string: ''}
    headers:
      Cache-Control: [no-cache]
      Content-Length: ['0']
      ContentLength: ['0']
      Date: ['Tue, 06 Sep 2016 13:42:19 GMT']
      Expires: ['-1']
      Location: ['https://fakestore.azuredatalakestore.net/webhdfs/v1/azure_test_dir/deep/file?overwrite=true&OP=CREATE&write=true']
      Pragma: [no-cache]
      Server-Perf: ['[bc57187c-f662-428d-8ba4-a248c4508678][ AuthTime::0::PostAuthTime::0
          ][S-HdfsGetFileStatusV2 :: 00:00:006 ms]%0a[CREATE :: 00:00:006 ms]%0a']
      Status: ['0x8309000A']
      Strict-Transport-Security: [max-age=15724800; includeSubDomains]
      X-Content-Type-Options: [nosniff]
      x-ms-request-id: [bc57187c-f662-428d-8ba4-a248c4508678]
      x-ms-webhdfs-version: [16.07.07.01]
    status: {code: 307, message: Temporary Redirect}
- request:
    body: null
    headers:
      Accept: ['*/*']
      Accept-Encoding: ['gzip, deflate']
      Connection: [keep-alive]
      Content-Length: ['0']
      User-Agent: [python-requests/2.11.1]
    method: PUT
    uri: https://fakestore.azuredatalakestore.net/webhdfs/v1/azure_test_dir/deep/file?overwrite=true&OP=CREATE&write=true
  response:
    body: {string: ''}
    headers:
      Cache-Control: [no-cache]
      Content-Length: ['0']
      ContentLength: ['0']
      Date: ['Tue, 06 Sep 2016 13:42:19 GMT']
      Expires: ['-1']
      Location: ['https://fakestore.azuredatalakestore.net/webhdfs/v1/azure_test_dir/deep/file?overwrite=true&OP=CREATE&write=true']
      Pragma: [no-cache]
      Server-Perf: ['[07b6cc89-a680-4e13-aa91-eea4cbda5c5e][ AuthTime::0::PostAuthTime::0
          ][S-HdfsGetFileStatusV2 :: 00:00:005 ms]%0a[S-HdfsCheckAccess :: 00:00:002
          ms]%0a[S-FsDelete :: 00:00:005 ms]%0a[S-FsOpenStream :: 00:00:051 ms]%0a[BufferingTime
          :: 00:00:000 ms]%0a[WriteTime :: 00:00:000 ms]%0a[S-FsAppendStream :: 00:00:069
          ms]%0a[S-FsCloseHandle :: 00:00:001 ms]%0a[CREATE :: 00:00:140 ms]%0a']
      Status: ['0x0']
      Strict-Transport-Security: [max-age=15724800; includeSubDomains]
      X-Content-Type-Options: [nosniff]
      x-ms-request-id: [07b6cc89-a680-4e13-aa91-eea4cbda5c5e]
      x-ms-webhdfs-version: [16.07.07.01]
    status: {code: 201, message: Created}
- request:
    body: null
    headers:
      Accept: ['*/*']
      Accept-Encoding: ['gzip, deflate']
      Connection: [keep-alive]
      Content-Length: ['0']
      User-Agent: [python-requests/2.11.1]
    method: PUT
    uri: https://fakestore.azuredatalakestore.net/webhdfs/v1/azure_test_dir/deep?permission=660&OP=SETPERMISSION
  response:
    body: {string: ''}
    headers:
      Cache-Control: [no-cache]
      Content-Length: ['0']
      Date: ['Tue, 06 Sep 2016 13:42:19 GMT']
      Expires: ['-1']
      Pragma: [no-cache]
      Server-Perf: ['[9eeb302c-49ab-4bd9-9edd-97b6a64f568c][ AuthTime::0::PostAuthTime::0
          ][S-HdfsSetPermission :: 00:00:007 ms]%0a[SETPERMISSION :: 00:00:007 ms]%0a']
      Status: ['0x0']
      Strict-Transport-Security: [max-age=15724800; includeSubDomains]
      X-Content-Type-Options: [nosniff]
      x-ms-request-id: [9eeb302c-49ab-4bd9-9edd-97b6a64f568c]
      x-ms-webhdfs-version: [16.07.07.01]
    status: {code: 200, message: OK}
- request:
    body: null
    headers:
      Accept: ['*/*']
      Accept-Encoding: ['gzip, deflate']
      Connection: [keep-alive]
      User-Agent: [python-requests/2.11.1]
    method: GET
    uri: https://fakestore.azuredatalakestore.net/webhdfs/v1/azure_test_dir/deep?OP=LISTSTATUS
  response:
    body: {string: '{"RemoteException":{"exception":"AccessControlException","message":"ListStatus
        failed with error 0x83090aa2 (Either the resource does not exist or the current
        user is not authorized to perform the requested operation). [4382ce04-5c40-4bbc-bbe6-b140db7c9162][2016-09-06T06:42:22.1046128-07:00]","javaClassName":"org.apache.hadoop.security.AccessControlException"}}'}
    headers:
      Cache-Control: [no-cache]
      Content-Length: ['363']
      Content-Type: [application/json; charset=utf-8]
      Date: ['Tue, 06 Sep 2016 13:42:21 GMT']
      Expires: ['-1']
      Pragma: [no-cache]
      Server-Perf: ['[4382ce04-5c40-4bbc-bbe6-b140db7c9162][ AuthTime::0::PostAuthTime::0
          ][S-HdfsListStatus :: 00:00:006 ms]%0a[S-HdfsListStatus :: 00:00:006 ms]%0a[S-HdfsListStatus
          :: 00:00:006 ms]%0a[S-HdfsListStatus :: 00:00:006 ms]%0a[S-HdfsListStatus
          :: 00:00:005 ms]%0a[LISTSTATUS :: 00:01:286 ms]%0a']
      Status: ['0x83090AA2']
      Strict-Transport-Security: [max-age=15724800; includeSubDomains]
      X-Content-Type-Options: [nosniff]
      x-ms-request-id: [4382ce04-5c40-4bbc-bbe6-b140db7c9162]
      x-ms-webhdfs-version: [16.07.07.01]
    status: {code: 403, message: Forbidden}
- request:
    body: null
    headers:
      Accept: ['*/*']
      Accept-Encoding: ['gzip, deflate']
      Connection: [keep-alive]
      Content-Length: ['0']
      User-Agent: [python-requests/2.11.1]
    method: PUT
    uri: https://fakestore.azuredatalakestore.net/webhdfs/v1/azure_test_dir/deep?permission=770&OP=SETPERMISSION
  response:
    body: {string: ''}
    headers:
      Cache-Control: [no-cache]
      Content-Length: ['0']
      Date: ['Tue, 06 Sep 2016 13:42:22 GMT']
      Expires: ['-1']
      Pragma: [no-cache]
      Server-Perf: ['[3548ed99-7ec0-41c3-a6d9-b7df34d657a5][ AuthTime::0::PostAuthTime::0
          ][S-HdfsSetPermission :: 00:00:006 ms]%0a[SETPERMISSION :: 00:00:010 ms]%0a']
      Status: ['0x0']
      Strict-Transport-Security: [max-age=15724800; includeSubDomains]
      X-Content-Type-Options: [nosniff]
      x-ms-request-id: [3548ed99-7ec0-41c3-a6d9-b7df34d657a5]
      x-ms-webhdfs-version: [16.07.07.01]
    status: {code: 200, message: OK}
- request:
    body: null
    headers:
      Accept: ['*/*']
      Accept-Encoding: ['gzip, deflate']
      Connection: [keep-alive]
      User-Agent: [python-requests/2.11.1]
    method: GET
    uri: https://fakestore.azuredatalakestore.net/webhdfs/v1/azure_test_dir?OP=LISTSTATUS
  response:
    body: {string: '{"FileStatuses":{"FileStatus":[{"length":0,"pathSuffix":"deep","type":"DIRECTORY","blockSize":0,"accessTime":1473169339883,"modificationTime":1473169340252,"replication":0,"permission":"770","owner":"49b2f9ec-818a-49ca-9424-249e1f19f7d7","group":"49b2f9ec-818a-49ca-9424-249e1f19f7d7"}]}}'}
    headers:
      Cache-Control: [no-cache]
      Content-Length: ['288']
      Content-Type: [application/json; charset=utf-8]
      Date: ['Tue, 06 Sep 2016 13:42:22 GMT']
      Expires: ['-1']
      Pragma: [no-cache]
      Server-Perf: ['[af770c54-3b14-4a73-9437-05b98b7f22a0][ AuthTime::0::PostAuthTime::0
          ][S-HdfsListStatus :: 00:00:006 ms]%0a[LISTSTATUS :: 00:00:007 ms]%0a']
      Status: ['0x0']
      Strict-Transport-Security: [max-age=15724800; includeSubDomains]
      X-Content-Type-Options: [nosniff]
      x-ms-request-id: [af770c54-3b14-4a73-9437-05b98b7f22a0]
      x-ms-webhdfs-version: [16.07.07.01]
    status: {code: 200, message: OK}
- request:
    body: null
    headers:
      Accept: ['*/*']
      Accept-Encoding: ['gzip, deflate']
      Connection: [keep-alive]
      Content-Length: ['0']
      User-Agent: [python-requests/2.11.1]
    method: DELETE
    uri: https://fakestore.azuredatalakestore.net/webhdfs/v1/azure_test_dir/deep?recursive=True&OP=DELETE
  response:
    body: {string: '{"boolean":true}'}
    headers:
      Cache-Control: [no-cache]
      Content-Length: ['16']
      Content-Type: [application/json; charset=utf-8]
      Date: ['Tue, 06 Sep 2016 13:42:21 GMT']
      Expires: ['-1']
      Pragma: [no-cache]
      Server-Perf: ['[ab77878a-b37e-455d-9ae4-219a09652668][ AuthTime::0::PostAuthTime::0
          ][S-FsDelete :: 00:00:046 ms]%0a[DELETE :: 00:00:049 ms]%0a']
      Status: ['0x0']
      Strict-Transport-Security: [max-age=15724800; includeSubDomains]
      X-Content-Type-Options: [nosniff]
      x-ms-request-id: [ab77878a-b37e-455d-9ae4-219a09652668]
      x-ms-webhdfs-version: [16.07.07.01]
    status: {code: 200, message: OK}
- request:
    body: data
    headers:
      Accept: ['*/*']
      Accept-Encoding: ['gzip, deflate']
      Connection: [keep-alive]
      Content-Length: ['4']
      User-Agent: [python-requests/2.11.1]
    method: POST
    uri: https://fakestore.azuredatalakestore.net/webhdfs/v1/azure_test_dir/a?OP=APPEND
  response:
    body: {string: ''}
    headers:
      Cache-Control: [no-cache]
      Content-Length: ['0']
      ContentLength: ['0']
      Date: ['Tue, 06 Sep 2016 13:42:22 GMT']
      Expires: ['-1']
      Location: ['https://fakestore.azuredatalakestore.net/webhdfs/v1/azure_test_dir/a?OP=APPEND&append=true']
      Pragma: [no-cache]
      Server-Perf: ['[391ea3e2-7654-4eab-a79a-dd35cb8ae010][ AuthTime::0::PostAuthTime::0
          ][APPEND :: 00:00:000 ms]%0a']
      Status: ['0x0']
      Strict-Transport-Security: [max-age=15724800; includeSubDomains]
      X-Content-Type-Options: [nosniff]
      x-ms-request-id: [391ea3e2-7654-4eab-a79a-dd35cb8ae010]
      x-ms-webhdfs-version: [16.07.07.01]
    status: {code: 307, message: Temporary Redirect}
- request:
    body: data
    headers:
      Accept: ['*/*']
      Accept-Encoding: ['gzip, deflate']
      Connection: [keep-alive]
      Content-Length: ['4']
      User-Agent: [python-requests/2.11.1]
    method: POST
    uri: https://fakestore.azuredatalakestore.net/webhdfs/v1/azure_test_dir/a?OP=APPEND&append=true
  response:
    body: {string: '{"RemoteException":{"exception":"FileNotFoundException","message":"Operation
        failed. failed with error 0x8309000a (Stream not found). [e2e1d562-189f-42cc-932e-0963af41470d][2016-09-06T06:42:23.1043091-07:00]","javaClassName":"java.io.FileNotFoundException"}}'}
    headers:
      Cache-Control: [no-cache]
      Content-Length: ['258']
      Content-Type: [application/json; charset=utf-8]
      Date: ['Tue, 06 Sep 2016 13:42:22 GMT']
      Expires: ['-1']
      Pragma: [no-cache]
      Server-Perf: ['[e2e1d562-189f-42cc-932e-0963af41470d][ AuthTime::0::PostAuthTime::0
          ][S-FsOpenStream :: 00:00:005 ms]%0a[APPEND :: 00:00:006 ms]%0a']
      Status: ['0x8309000A']
      Strict-Transport-Security: [max-age=15724800; includeSubDomains]
      X-Content-Type-Options: [nosniff]
      x-ms-request-id: [e2e1d562-189f-42cc-932e-0963af41470d]
      x-ms-webhdfs-version: [16.07.07.01]
    status: {code: 404, message: Not Found}
- request:
    body: null
    headers:
      Accept: ['*/*']
      Accept-Encoding: ['gzip, deflate']
      Connection: [keep-alive]
      Content-Length: ['0']
      User-Agent: [python-requests/2.11.1]
    method: PUT
    uri: https://fakestore.azuredatalakestore.net/webhdfs/v1/azure_test_dir/a?OP=CREATE&overwrite=true&write=true
  response:
    body: {string: ''}
    headers:
      Cache-Control: [no-cache]
      Content-Length: ['0']
      ContentLength: ['0']
      Date: ['Thu, 08 Sep 2016 21:38:12 GMT']
      Expires: ['-1']
      Location: ['https://fakestore.azuredatalakestore.net/webhdfs/v1/azure_test_dir/a?OP=CREATE&overwrite=true&write=true']
      Pragma: [no-cache]
      Server-Perf: ['[3236cad8-5c91-4a43-b8f4-822e718927ac][ AuthTime::0::PostAuthTime::0
          ][S-HdfsGetFileStatusV2 :: 00:00:006 ms]%0a[S-HdfsCheckAccess :: 00:00:003
          ms]%0a[S-FsDelete :: 00:00:006 ms]%0a[S-FsOpenStream :: 00:00:046 ms]%0a[BufferingTime
          :: 00:00:000 ms]%0a[WriteTime :: 00:00:000 ms]%0a[S-FsAppendStream :: 00:00:033
          ms]%0a[S-FsCloseHandle :: 00:00:001 ms]%0a[CREATE :: 00:00:102 ms]%0a']
      Status: ['0x0']
      Strict-Transport-Security: [max-age=15724800; includeSubDomains]
      X-Content-Type-Options: [nosniff]
      x-ms-request-id: [3236cad8-5c91-4a43-b8f4-822e718927ac]
      x-ms-webhdfs-version: [16.07.07.01]
    status: {code: 201, message: Created}
- request:
    body: null
    headers:
      Accept: ['*/*']
      Accept-Encoding: ['gzip, deflate']
      Connection: [keep-alive]
      User-Agent: [python-requests/2.11.1]
    method: GET
    uri: https://fakestore.azuredatalakestore.net/webhdfs/v1/azure_test_dir?OP=LISTSTATUS
  response:
    body: {string: '{"FileStatuses":{"FileStatus":[{"length":0,"pathSuffix":"a","type":"FILE","blockSize":268435456,"accessTime":1473370693602,"modificationTime":1473370693602,"replication":1,"permission":"770","owner":"49b2f9ec-818a-49ca-9424-249e1f19f7d7","group":"49b2f9ec-818a-49ca-9424-249e1f19f7d7"}]}}'}
    headers:
      Cache-Control: [no-cache]
      Content-Length: ['288']
      Content-Type: [application/json; charset=utf-8]
      Date: ['Thu, 08 Sep 2016 21:38:13 GMT']
      Expires: ['-1']
      Pragma: [no-cache]
      Server-Perf: ['[0d66bb06-3689-477c-a31e-1b2e10f2b808][ AuthTime::0::PostAuthTime::0
          ][S-HdfsListStatus :: 00:00:012 ms]%0a[LISTSTATUS :: 00:00:012 ms]%0a']
      Status: ['0x0']
      Strict-Transport-Security: [max-age=15724800; includeSubDomains]
      X-Content-Type-Options: [nosniff]
      x-ms-request-id: [0d66bb06-3689-477c-a31e-1b2e10f2b808]
      x-ms-webhdfs-version: [16.07.07.01]
    status: {code: 200, message: OK}
- request:
    body: null
    headers:
      Accept: ['*/*']
      Accept-Encoding: ['gzip, deflate']
      Connection: [keep-alive]
      Content-Length: ['0']
      User-Agent: [python-requests/2.11.1]
    method: PUT
    uri: https://fakestore.azuredatalakestore.net/webhdfs/v1/azure_test_dir/a?OP=SETPERMISSION&permission=0555
  response:
    body: {string: ''}
    headers:
      Cache-Control: [no-cache]
      Content-Length: ['0']
      Date: ['Thu, 08 Sep 2016 21:38:13 GMT']
      Expires: ['-1']
      Pragma: [no-cache]
      Server-Perf: ['[3c9cbf1e-a4a7-458e-ac6f-9d5fbe8a401e][ AuthTime::0::PostAuthTime::0
          ][S-HdfsSetPermission :: 00:00:013 ms]%0a[SETPERMISSION :: 00:00:014 ms]%0a']
      Status: ['0x0']
      Strict-Transport-Security: [max-age=15724800; includeSubDomains]
      X-Content-Type-Options: [nosniff]
      x-ms-request-id: [3c9cbf1e-a4a7-458e-ac6f-9d5fbe8a401e]
      x-ms-webhdfs-version: [16.07.07.01]
    status: {code: 200, message: OK}
- request:
    body: null
    headers:
      Accept: ['*/*']
      Accept-Encoding: ['gzip, deflate']
      Connection: [keep-alive]
      User-Agent: [python-requests/2.11.1]
    method: GET
    uri: https://fakestore.azuredatalakestore.net/webhdfs/v1/azure_test_dir?OP=LISTSTATUS
  response:
    body: {string: '{"FileStatuses":{"FileStatus":[{"length":0,"pathSuffix":"a","type":"FILE","blockSize":268435456,"accessTime":1473370693602,"modificationTime":1473370693602,"replication":1,"permission":"555","owner":"49b2f9ec-818a-49ca-9424-249e1f19f7d7","group":"49b2f9ec-818a-49ca-9424-249e1f19f7d7"}]}}'}
    headers:
      Cache-Control: [no-cache]
      Content-Length: ['288']
      Content-Type: [application/json; charset=utf-8]
      Date: ['Thu, 08 Sep 2016 21:38:14 GMT']
      Expires: ['-1']
      Pragma: [no-cache]
      Server-Perf: ['[96cb1809-9f23-404f-8a54-909fd25bd791][ AuthTime::0::PostAuthTime::0
          ][S-HdfsListStatus :: 00:00:011 ms]%0a[LISTSTATUS :: 00:00:011 ms]%0a']
      Status: ['0x0']
      Strict-Transport-Security: [max-age=15724800; includeSubDomains]
      X-Content-Type-Options: [nosniff]
      x-ms-request-id: [96cb1809-9f23-404f-8a54-909fd25bd791]
      x-ms-webhdfs-version: [16.07.07.01]
    status: {code: 200, message: OK}
- request:
    body: null
    headers:
      Accept: ['*/*']
      Accept-Encoding: ['gzip, deflate']
      Connection: [keep-alive]
      Content-Length: ['0']
      User-Agent: [python-requests/2.11.1]
    method: DELETE
    uri: https://fakestore.azuredatalakestore.net/webhdfs/v1/azure_test_dir/a?OP=DELETE&recursive=True
  response:
    body: {string: '{"boolean":true}'}
    headers:
      Cache-Control: [no-cache]
      Content-Length: ['16']
      Content-Type: [application/json; charset=utf-8]
      Date: ['Thu, 08 Sep 2016 21:38:14 GMT']
      Expires: ['-1']
      Pragma: [no-cache]
      Server-Perf: ['[1bdc9e7b-8a42-4087-bc9e-a3898e98c698][ AuthTime::0::PostAuthTime::0
          ][S-FsDelete :: 00:00:100 ms]%0a[DELETE :: 00:00:101 ms]%0a']
      Status: ['0x0']
      Strict-Transport-Security: [max-age=15724800; includeSubDomains]
      X-Content-Type-Options: [nosniff]
      x-ms-request-id: [1bdc9e7b-8a42-4087-bc9e-a3898e98c698]
      x-ms-webhdfs-version: [16.07.07.01]
    status: {code: 200, message: OK}
- request:
    body: null
    headers:
      Accept: ['*/*']
      Accept-Encoding: ['gzip, deflate']
      Connection: [keep-alive]
      Content-Length: ['0']
      User-Agent: [python-requests/2.11.1]
    method: PUT
    uri: https://fakestore.azuredatalakestore.net/webhdfs/v1/azure_test_dir/a?write=true&overwrite=true&OP=CREATE
  response:
    body: {string: ''}
    headers:
      Cache-Control: [no-cache]
      Content-Length: ['0']
      ContentLength: ['0']
      Date: ['Thu, 08 Sep 2016 21:42:35 GMT']
      Expires: ['-1']
      Location: ['https://fakestore.azuredatalakestore.net/webhdfs/v1/azure_test_dir/a?write=true&overwrite=true&OP=CREATE']
      Pragma: [no-cache]
      Server-Perf: ['[e778b2ae-6b73-4862-8f7b-bf1e6085fcf5][ AuthTime::0::PostAuthTime::0
          ][S-HdfsGetFileStatusV2 :: 00:00:007 ms]%0a[S-HdfsCheckAccess :: 00:00:003
          ms]%0a[S-FsDelete :: 00:00:007 ms]%0a[S-FsOpenStream :: 00:00:052 ms]%0a[BufferingTime
          :: 00:00:000 ms]%0a[WriteTime :: 00:00:000 ms]%0a[S-FsAppendStream :: 00:00:033
          ms]%0a[S-FsCloseHandle :: 00:00:002 ms]%0a[CREATE :: 00:00:107 ms]%0a']
      Status: ['0x0']
      Strict-Transport-Security: [max-age=15724800; includeSubDomains]
      X-Content-Type-Options: [nosniff]
      x-ms-request-id: [e778b2ae-6b73-4862-8f7b-bf1e6085fcf5]
      x-ms-webhdfs-version: [16.07.07.01]
    status: {code: 201, message: Created}
- request:
    body: null
    headers:
      Accept: ['*/*']
      Accept-Encoding: ['gzip, deflate']
      Connection: [keep-alive]
      User-Agent: [python-requests/2.11.1]
    method: GET
    uri: https://fakestore.azuredatalakestore.net/webhdfs/v1/azure_test_dir?OP=LISTSTATUS
  response:
    body: {string: '{"FileStatuses":{"FileStatus":[{"length":0,"pathSuffix":"a","type":"FILE","blockSize":268435456,"accessTime":1473370955695,"modificationTime":1473370955695,"replication":1,"permission":"770","owner":"49b2f9ec-818a-49ca-9424-249e1f19f7d7","group":"49b2f9ec-818a-49ca-9424-249e1f19f7d7"}]}}'}
    headers:
      Cache-Control: [no-cache]
      Content-Length: ['288']
      Content-Type: [application/json; charset=utf-8]
      Date: ['Thu, 08 Sep 2016 21:42:35 GMT']
      Expires: ['-1']
      Pragma: [no-cache]
      Server-Perf: ['[7cd0a9c3-5961-4f46-93b5-fd4cdb0ca70f][ AuthTime::0::PostAuthTime::0
          ][S-HdfsListStatus :: 00:00:012 ms]%0a[LISTSTATUS :: 00:00:012 ms]%0a']
      Status: ['0x0']
      Strict-Transport-Security: [max-age=15724800; includeSubDomains]
      X-Content-Type-Options: [nosniff]
      x-ms-request-id: [7cd0a9c3-5961-4f46-93b5-fd4cdb0ca70f]
      x-ms-webhdfs-version: [16.07.07.01]
    status: {code: 200, message: OK}
- request:
    body: null
    headers:
      Accept: ['*/*']
      Accept-Encoding: ['gzip, deflate']
      Connection: [keep-alive]
      Content-Length: ['0']
      User-Agent: [python-requests/2.11.1]
    method: PUT
    uri: https://fakestore.azuredatalakestore.net/webhdfs/v1/azure_test_dir/a?permission=0555&OP=SETPERMISSION
  response:
    body: {string: ''}
    headers:
      Cache-Control: [no-cache]
      Content-Length: ['0']
      Date: ['Thu, 08 Sep 2016 21:42:35 GMT']
      Expires: ['-1']
      Pragma: [no-cache]
      Server-Perf: ['[da427452-858a-445a-b9fb-78741f7e2dae][ AuthTime::0::PostAuthTime::0
          ][S-HdfsSetPermission :: 00:00:019 ms]%0a[SETPERMISSION :: 00:00:020 ms]%0a']
      Status: ['0x0']
      Strict-Transport-Security: [max-age=15724800; includeSubDomains]
      X-Content-Type-Options: [nosniff]
      x-ms-request-id: [da427452-858a-445a-b9fb-78741f7e2dae]
      x-ms-webhdfs-version: [16.07.07.01]
    status: {code: 200, message: OK}
- request:
    body: null
    headers:
      Accept: ['*/*']
      Accept-Encoding: ['gzip, deflate']
      Connection: [keep-alive]
      User-Agent: [python-requests/2.11.1]
    method: GET
    uri: https://fakestore.azuredatalakestore.net/webhdfs/v1/azure_test_dir?OP=LISTSTATUS
  response:
    body: {string: '{"FileStatuses":{"FileStatus":[{"length":0,"pathSuffix":"a","type":"FILE","blockSize":268435456,"accessTime":1473370955695,"modificationTime":1473370955695,"replication":1,"permission":"555","owner":"49b2f9ec-818a-49ca-9424-249e1f19f7d7","group":"49b2f9ec-818a-49ca-9424-249e1f19f7d7"}]}}'}
    headers:
      Cache-Control: [no-cache]
      Content-Length: ['288']
      Content-Type: [application/json; charset=utf-8]
      Date: ['Thu, 08 Sep 2016 21:42:36 GMT']
      Expires: ['-1']
      Pragma: [no-cache]
      Server-Perf: ['[7895cd5a-db62-4bf6-ba9f-b00b3df7e98d][ AuthTime::0::PostAuthTime::0
          ][S-HdfsListStatus :: 00:00:012 ms]%0a[LISTSTATUS :: 00:00:012 ms]%0a']
      Status: ['0x0']
      Strict-Transport-Security: [max-age=15724800; includeSubDomains]
      X-Content-Type-Options: [nosniff]
      x-ms-request-id: [7895cd5a-db62-4bf6-ba9f-b00b3df7e98d]
      x-ms-webhdfs-version: [16.07.07.01]
    status: {code: 200, message: OK}
- request:
    body: data
    headers:
      Accept: ['*/*']
      Accept-Encoding: ['gzip, deflate']
      Connection: [keep-alive]
      Content-Length: ['4']
      User-Agent: [python-requests/2.11.1]
    method: POST
    uri: https://fakestore.azuredatalakestore.net/webhdfs/v1/azure_test_dir/a?append=true&OP=APPEND
  response:
    body: {string: '{"RemoteException":{"exception":"AccessControlException","message":"Operation
        failed. failed with error 0x83090aa2 (Either the resource does not exist or
        the current user is not authorized to perform the requested operation). [1d7c6fd4-fa02-4695-96c3-c798cea55905][2016-09-08T14:42:36.7050379-07:00]","javaClassName":"org.apache.hadoop.security.AccessControlException"}}'}
    headers:
      Cache-Control: [no-cache]
      Content-Length: ['370']
      Content-Type: [application/json; charset=utf-8]
      Date: ['Thu, 08 Sep 2016 21:42:36 GMT']
      Expires: ['-1']
      Pragma: [no-cache]
      Server-Perf: ['[1d7c6fd4-fa02-4695-96c3-c798cea55905][ AuthTime::0::PostAuthTime::0
          ][S-FsOpenStream :: 00:00:004 ms]%0a[APPEND :: 00:00:006 ms]%0a']
      Status: ['0x83090AA2']
      Strict-Transport-Security: [max-age=15724800; includeSubDomains]
      X-Content-Type-Options: [nosniff]
      x-ms-request-id: [1d7c6fd4-fa02-4695-96c3-c798cea55905]
      x-ms-webhdfs-version: [16.07.07.01]
    status: {code: 403, message: Forbidden}
- request:
    body: null
    headers:
      Accept: ['*/*']
      Accept-Encoding: ['gzip, deflate']
      Connection: [keep-alive]
      Content-Length: ['0']
      User-Agent: [python-requests/2.11.1]
    method: PUT
    uri: https://fakestore.azuredatalakestore.net/webhdfs/v1/azure_test_dir/a?permission=0770&OP=SETPERMISSION
  response:
    body: {string: ''}
    headers:
      Cache-Control: [no-cache]
      Content-Length: ['0']
      Date: ['Thu, 08 Sep 2016 21:42:36 GMT']
      Expires: ['-1']
      Pragma: [no-cache]
      Server-Perf: ['[1bc44564-b1e4-4b5d-aca9-8a0a334405da][ AuthTime::0::PostAuthTime::0
          ][S-HdfsSetPermission :: 00:00:019 ms]%0a[SETPERMISSION :: 00:00:019 ms]%0a']
      Status: ['0x0']
      Strict-Transport-Security: [max-age=15724800; includeSubDomains]
      X-Content-Type-Options: [nosniff]
      x-ms-request-id: [1bc44564-b1e4-4b5d-aca9-8a0a334405da]
      x-ms-webhdfs-version: [16.07.07.01]
    status: {code: 200, message: OK}
- request:
    body: null
    headers:
      Accept: ['*/*']
      Accept-Encoding: ['gzip, deflate']
      Connection: [keep-alive]
      User-Agent: [python-requests/2.11.1]
    method: GET
    uri: https://fakestore.azuredatalakestore.net/webhdfs/v1/azure_test_dir?OP=LISTSTATUS
  response:
    body: {string: '{"FileStatuses":{"FileStatus":[{"length":0,"pathSuffix":"a","type":"FILE","blockSize":268435456,"accessTime":1473370955695,"modificationTime":1473370955695,"replication":1,"permission":"770","owner":"49b2f9ec-818a-49ca-9424-249e1f19f7d7","group":"49b2f9ec-818a-49ca-9424-249e1f19f7d7"}]}}'}
    headers:
      Cache-Control: [no-cache]
      Content-Length: ['288']
      Content-Type: [application/json; charset=utf-8]
      Date: ['Thu, 08 Sep 2016 21:42:37 GMT']
      Expires: ['-1']
      Pragma: [no-cache]
      Server-Perf: ['[a161f59f-2931-4b0a-b2f4-362e854fb4e5][ AuthTime::0::PostAuthTime::0
          ][S-HdfsListStatus :: 00:00:011 ms]%0a[LISTSTATUS :: 00:00:011 ms]%0a']
      Status: ['0x0']
      Strict-Transport-Security: [max-age=15724800; includeSubDomains]
      X-Content-Type-Options: [nosniff]
      x-ms-request-id: [a161f59f-2931-4b0a-b2f4-362e854fb4e5]
      x-ms-webhdfs-version: [16.07.07.01]
    status: {code: 200, message: OK}
- request:
    body: null
    headers:
      Accept: ['*/*']
      Accept-Encoding: ['gzip, deflate']
      Connection: [keep-alive]
      Content-Length: ['0']
      User-Agent: [python-requests/2.11.1]
    method: DELETE
    uri: https://fakestore.azuredatalakestore.net/webhdfs/v1/azure_test_dir/a?recursive=False&OP=DELETE
  response:
    body: {string: '{"boolean":true}'}
    headers:
      Cache-Control: [no-cache]
      Content-Length: ['16']
      Content-Type: [application/json; charset=utf-8]
      Date: ['Thu, 08 Sep 2016 21:42:37 GMT']
      Expires: ['-1']
      Pragma: [no-cache]
      Server-Perf: ['[e21bf050-5f73-4f5f-803d-dfe29b974d5d][ AuthTime::0::PostAuthTime::0
          ][S-FsDelete :: 00:00:068 ms]%0a[DELETE :: 00:00:355 ms]%0a']
      Status: ['0x0']
      Strict-Transport-Security: [max-age=15724800; includeSubDomains]
      X-Content-Type-Options: [nosniff]
      x-ms-request-id: [e21bf050-5f73-4f5f-803d-dfe29b974d5d]
      x-ms-webhdfs-version: [16.07.07.01]
    status: {code: 200, message: OK}
- request:
    body: null
    headers:
      Accept: ['*/*']
      Accept-Encoding: ['gzip, deflate']
      Connection: [keep-alive]
      Content-Length: ['0']
      User-Agent: [python-requests/2.11.1]
    method: PUT
    uri: https://fakestore.azuredatalakestore.net/webhdfs/v1/azure_test_dir/deep?OP=MKDIRS
  response:
    body: {string: '{"boolean":true}'}
    headers:
      Cache-Control: [no-cache]
      Content-Length: ['16']
      Content-Type: [application/json; charset=utf-8]
      Date: ['Thu, 08 Sep 2016 21:42:37 GMT']
      Expires: ['-1']
      Pragma: [no-cache]
      Server-Perf: ['[3b370baf-8b4e-4063-b7b0-136005719bc0][ AuthTime::0::PostAuthTime::0
          ][S-HdfsMkdirs :: 00:00:010 ms]%0a[MKDIRS :: 00:00:010 ms]%0a']
      Status: ['0x0']
      Strict-Transport-Security: [max-age=15724800; includeSubDomains]
      X-Content-Type-Options: [nosniff]
      x-ms-request-id: [3b370baf-8b4e-4063-b7b0-136005719bc0]
      x-ms-webhdfs-version: [16.07.07.01]
    status: {code: 200, message: OK}
- request:
    body: null
    headers:
      Accept: ['*/*']
      Accept-Encoding: ['gzip, deflate']
      Connection: [keep-alive]
      Content-Length: ['0']
      User-Agent: [python-requests/2.11.1]
    method: PUT
    uri: https://fakestore.azuredatalakestore.net/webhdfs/v1/azure_test_dir/deep/file?write=true&overwrite=true&OP=CREATE
  response:
    body: {string: ''}
    headers:
      Cache-Control: [no-cache]
      Content-Length: ['0']
      ContentLength: ['0']
      Date: ['Thu, 08 Sep 2016 21:42:37 GMT']
      Expires: ['-1']
      Location: ['https://fakestore.azuredatalakestore.net/webhdfs/v1/azure_test_dir/deep/file?write=true&overwrite=true&OP=CREATE']
      Pragma: [no-cache]
      Server-Perf: ['[9808069d-73f0-414e-87cc-473e33c4a540][ AuthTime::0::PostAuthTime::0
          ][S-HdfsGetFileStatusV2 :: 00:00:007 ms]%0a[S-HdfsCheckAccess :: 00:00:002
          ms]%0a[S-FsDelete :: 00:00:005 ms]%0a[S-FsOpenStream :: 00:00:048 ms]%0a[BufferingTime
          :: 00:00:000 ms]%0a[WriteTime :: 00:00:000 ms]%0a[S-FsAppendStream :: 00:00:036
          ms]%0a[S-FsCloseHandle :: 00:00:001 ms]%0a[CREATE :: 00:00:103 ms]%0a']
      Status: ['0x0']
      Strict-Transport-Security: [max-age=15724800; includeSubDomains]
      X-Content-Type-Options: [nosniff]
      x-ms-request-id: [9808069d-73f0-414e-87cc-473e33c4a540]
      x-ms-webhdfs-version: [16.07.07.01]
    status: {code: 201, message: Created}
- request:
    body: null
    headers:
      Accept: ['*/*']
      Accept-Encoding: ['gzip, deflate']
      Connection: [keep-alive]
      Content-Length: ['0']
      User-Agent: [python-requests/2.11.1]
    method: PUT
    uri: https://fakestore.azuredatalakestore.net/webhdfs/v1/azure_test_dir/deep?permission=660&OP=SETPERMISSION
  response:
    body: {string: ''}
    headers:
      Cache-Control: [no-cache]
      Content-Length: ['0']
      Date: ['Thu, 08 Sep 2016 21:42:38 GMT']
      Expires: ['-1']
      Pragma: [no-cache]
      Server-Perf: ['[653c5f2b-af91-4839-8b93-6e8be2f3c233][ AuthTime::0::PostAuthTime::0
          ][S-HdfsSetPermission :: 00:00:024 ms]%0a[SETPERMISSION :: 00:00:024 ms]%0a']
      Status: ['0x0']
      Strict-Transport-Security: [max-age=15724800; includeSubDomains]
      X-Content-Type-Options: [nosniff]
      x-ms-request-id: [653c5f2b-af91-4839-8b93-6e8be2f3c233]
      x-ms-webhdfs-version: [16.07.07.01]
    status: {code: 200, message: OK}
- request:
    body: null
    headers:
      Accept: ['*/*']
      Accept-Encoding: ['gzip, deflate']
      Connection: [keep-alive]
      User-Agent: [python-requests/2.11.1]
    method: GET
    uri: https://fakestore.azuredatalakestore.net/webhdfs/v1/azure_test_dir/deep?OP=LISTSTATUS
  response:
    body: {string: '{"RemoteException":{"exception":"AccessControlException","message":"ListStatus
        failed with error 0x83090aa2 (Either the resource does not exist or the current
        user is not authorized to perform the requested operation). [674bf229-b096-4400-bfa3-0c36de5334d7][2016-09-08T14:42:40.3379864-07:00]","javaClassName":"org.apache.hadoop.security.AccessControlException"}}'}
    headers:
      Cache-Control: [no-cache]
      Content-Length: ['363']
      Content-Type: [application/json; charset=utf-8]
      Date: ['Thu, 08 Sep 2016 21:42:40 GMT']
      Expires: ['-1']
      Pragma: [no-cache]
      Server-Perf: ['[674bf229-b096-4400-bfa3-0c36de5334d7][ AuthTime::0::PostAuthTime::0
          ][S-HdfsListStatus :: 00:00:005 ms]%0a[S-HdfsListStatus :: 00:00:006 ms]%0a[S-HdfsListStatus
          :: 00:00:006 ms]%0a[S-HdfsListStatus :: 00:00:006 ms]%0a[S-HdfsListStatus
          :: 00:00:006 ms]%0a[LISTSTATUS :: 00:01:253 ms]%0a']
      Status: ['0x83090AA2']
      Strict-Transport-Security: [max-age=15724800; includeSubDomains]
      X-Content-Type-Options: [nosniff]
      x-ms-request-id: [674bf229-b096-4400-bfa3-0c36de5334d7]
      x-ms-webhdfs-version: [16.07.07.01]
    status: {code: 403, message: Forbidden}
- request:
    body: null
    headers:
      Accept: ['*/*']
      Accept-Encoding: ['gzip, deflate']
      Connection: [keep-alive]
      Content-Length: ['0']
      User-Agent: [python-requests/2.11.1]
    method: PUT
    uri: https://fakestore.azuredatalakestore.net/webhdfs/v1/azure_test_dir/deep?permission=770&OP=SETPERMISSION
  response:
    body: {string: ''}
    headers:
      Cache-Control: [no-cache]
      Content-Length: ['0']
      Date: ['Thu, 08 Sep 2016 21:42:40 GMT']
      Expires: ['-1']
      Pragma: [no-cache]
      Server-Perf: ['[201796d6-d78e-4fb9-9b5e-d08398cc2737][ AuthTime::0::PostAuthTime::0
          ][S-HdfsSetPermission :: 00:00:016 ms]%0a[SETPERMISSION :: 00:00:018 ms]%0a']
      Status: ['0x0']
      Strict-Transport-Security: [max-age=15724800; includeSubDomains]
      X-Content-Type-Options: [nosniff]
      x-ms-request-id: [201796d6-d78e-4fb9-9b5e-d08398cc2737]
      x-ms-webhdfs-version: [16.07.07.01]
    status: {code: 200, message: OK}
- request:
    body: null
    headers:
      Accept: ['*/*']
      Accept-Encoding: ['gzip, deflate']
      Connection: [keep-alive]
      User-Agent: [python-requests/2.11.1]
    method: GET
    uri: https://fakestore.azuredatalakestore.net/webhdfs/v1/azure_test_dir?OP=LISTSTATUS
  response:
    body: {string: '{"FileStatuses":{"FileStatus":[{"length":0,"pathSuffix":"deep","type":"DIRECTORY","blockSize":0,"accessTime":1473370958286,"modificationTime":1473370958576,"replication":0,"permission":"770","owner":"49b2f9ec-818a-49ca-9424-249e1f19f7d7","group":"49b2f9ec-818a-49ca-9424-249e1f19f7d7"}]}}'}
    headers:
      Cache-Control: [no-cache]
      Content-Length: ['288']
      Content-Type: [application/json; charset=utf-8]
      Date: ['Thu, 08 Sep 2016 21:42:41 GMT']
      Expires: ['-1']
      Pragma: [no-cache]
      Server-Perf: ['[2187ad24-1cbe-401d-b01c-d42fe6ed16b2][ AuthTime::0::PostAuthTime::0
          ][S-HdfsListStatus :: 00:00:006 ms]%0a[LISTSTATUS :: 00:00:555 ms]%0a']
      Status: ['0x0']
      Strict-Transport-Security: [max-age=15724800; includeSubDomains]
      X-Content-Type-Options: [nosniff]
      x-ms-request-id: [2187ad24-1cbe-401d-b01c-d42fe6ed16b2]
      x-ms-webhdfs-version: [16.07.07.01]
    status: {code: 200, message: OK}
- request:
    body: null
    headers:
      Accept: ['*/*']
      Accept-Encoding: ['gzip, deflate']
      Connection: [keep-alive]
      Content-Length: ['0']
      User-Agent: [python-requests/2.11.1]
    method: DELETE
    uri: https://fakestore.azuredatalakestore.net/webhdfs/v1/azure_test_dir/deep?recursive=True&OP=DELETE
  response:
    body: {string: '{"boolean":true}'}
    headers:
      Cache-Control: [no-cache]
      Content-Length: ['16']
      Content-Type: [application/json; charset=utf-8]
      Date: ['Thu, 08 Sep 2016 21:42:41 GMT']
      Expires: ['-1']
      Pragma: [no-cache]
      Server-Perf: ['[c3526421-524e-484e-9933-bd9d588a8116][ AuthTime::0::PostAuthTime::0
          ][S-FsDelete :: 00:00:051 ms]%0a[DELETE :: 00:00:051 ms]%0a']
      Status: ['0x0']
      Strict-Transport-Security: [max-age=15724800; includeSubDomains]
      X-Content-Type-Options: [nosniff]
      x-ms-request-id: [c3526421-524e-484e-9933-bd9d588a8116]
      x-ms-webhdfs-version: [16.07.07.01]
    status: {code: 200, message: OK}
- request:
    body: data
    headers:
      Accept: ['*/*']
      Accept-Encoding: ['gzip, deflate']
      Connection: [keep-alive]
      Content-Length: ['4']
      User-Agent: [python-requests/2.11.1]
    method: POST
    uri: https://fakestore.azuredatalakestore.net/webhdfs/v1/azure_test_dir/a?append=true&OP=APPEND
  response:
    body: {string: '{"RemoteException":{"exception":"FileNotFoundException","message":"Operation
        failed. failed with error 0x8309000a (Stream not found). [39ccd223-8a48-44e4-988f-a69eb4bfc909][2016-09-08T14:42:42.3282086-07:00]","javaClassName":"java.io.FileNotFoundException"}}'}
    headers:
      Cache-Control: [no-cache]
      Content-Length: ['258']
      Content-Type: [application/json; charset=utf-8]
      Date: ['Thu, 08 Sep 2016 21:42:41 GMT']
      Expires: ['-1']
      Pragma: [no-cache]
      Server-Perf: ['[39ccd223-8a48-44e4-988f-a69eb4bfc909][ AuthTime::0::PostAuthTime::0
          ][S-FsOpenStream :: 00:00:007 ms]%0a[APPEND :: 00:00:009 ms]%0a']
      Status: ['0x8309000A']
      Strict-Transport-Security: [max-age=15724800; includeSubDomains]
      X-Content-Type-Options: [nosniff]
      x-ms-request-id: [39ccd223-8a48-44e4-988f-a69eb4bfc909]
      x-ms-webhdfs-version: [16.07.07.01]
    status: {code: 404, message: Not Found}
- request:
    body: null
    headers:
      Accept: ['*/*']
      Accept-Encoding: ['gzip, deflate']
      Connection: [keep-alive]
      Content-Length: ['0']
      User-Agent: [python-requests/2.11.1]
    method: PUT
    uri: https://fakestore.azuredatalakestore.net/webhdfs/v1/azure_test_dir/a?overwrite=true&write=true&OP=CREATE
  response:
    body: {string: ''}
    headers:
      Cache-Control: [no-cache]
      Content-Length: ['0']
      ContentLength: ['0']
      Date: ['Thu, 08 Sep 2016 22:01:02 GMT']
      Expires: ['-1']
      Location: ['https://fakestore.azuredatalakestore.net/webhdfs/v1/azure_test_dir/a?overwrite=true&write=true&OP=CREATE']
      Pragma: [no-cache]
      Server-Perf: ['[39d31986-d1be-401c-87a6-bf7a16450ed6][ AuthTime::0::PostAuthTime::0
          ][S-HdfsGetFileStatusV2 :: 00:00:006 ms]%0a[S-HdfsCheckAccess :: 00:00:002
          ms]%0a[S-FsDelete :: 00:00:007 ms]%0a[S-FsOpenStream :: 00:00:053 ms]%0a[BufferingTime
          :: 00:00:000 ms]%0a[WriteTime :: 00:00:000 ms]%0a[S-FsAppendStream :: 00:00:030
          ms]%0a[S-FsCloseHandle :: 00:00:001 ms]%0a[CREATE :: 00:00:103 ms]%0a']
      Status: ['0x0']
      Strict-Transport-Security: [max-age=15724800; includeSubDomains]
      X-Content-Type-Options: [nosniff]
      x-ms-request-id: [39d31986-d1be-401c-87a6-bf7a16450ed6]
      x-ms-webhdfs-version: [16.07.07.01]
    status: {code: 201, message: Created}
- request:
    body: null
    headers:
      Accept: ['*/*']
      Accept-Encoding: ['gzip, deflate']
      Connection: [keep-alive]
      User-Agent: [python-requests/2.11.1]
    method: GET
    uri: https://fakestore.azuredatalakestore.net/webhdfs/v1/azure_test_dir?OP=LISTSTATUS
  response:
    body: {string: '{"FileStatuses":{"FileStatus":[{"length":0,"pathSuffix":"a","type":"FILE","blockSize":268435456,"accessTime":1473372063102,"modificationTime":1473372063102,"replication":1,"permission":"770","owner":"49b2f9ec-818a-49ca-9424-249e1f19f7d7","group":"49b2f9ec-818a-49ca-9424-249e1f19f7d7"}]}}'}
    headers:
      Cache-Control: [no-cache]
      Content-Length: ['288']
      Content-Type: [application/json; charset=utf-8]
      Date: ['Thu, 08 Sep 2016 22:01:02 GMT']
      Expires: ['-1']
      Pragma: [no-cache]
      Server-Perf: ['[bdf75416-6421-496e-bcb3-6fb2ac55d074][ AuthTime::0::PostAuthTime::0
          ][S-HdfsListStatus :: 00:00:012 ms]%0a[LISTSTATUS :: 00:00:012 ms]%0a']
      Status: ['0x0']
      Strict-Transport-Security: [max-age=15724800; includeSubDomains]
      X-Content-Type-Options: [nosniff]
      x-ms-request-id: [bdf75416-6421-496e-bcb3-6fb2ac55d074]
      x-ms-webhdfs-version: [16.07.07.01]
    status: {code: 200, message: OK}
- request:
    body: null
    headers:
      Accept: ['*/*']
      Accept-Encoding: ['gzip, deflate']
      Connection: [keep-alive]
      Content-Length: ['0']
      User-Agent: [python-requests/2.11.1]
    method: PUT
    uri: https://fakestore.azuredatalakestore.net/webhdfs/v1/azure_test_dir/a?permission=0555&OP=SETPERMISSION
  response:
    body: {string: ''}
    headers:
      Cache-Control: [no-cache]
      Content-Length: ['0']
      Date: ['Thu, 08 Sep 2016 22:01:04 GMT']
      Expires: ['-1']
      Pragma: [no-cache]
      Server-Perf: ['[d0afe938-f39f-4393-ba03-2f9a57d769ad][ AuthTime::0::PostAuthTime::0
          ][S-HdfsSetPermission :: 00:00:017 ms]%0a[SETPERMISSION :: 00:01:253 ms]%0a']
      Status: ['0x0']
      Strict-Transport-Security: [max-age=15724800; includeSubDomains]
      X-Content-Type-Options: [nosniff]
      x-ms-request-id: [d0afe938-f39f-4393-ba03-2f9a57d769ad]
      x-ms-webhdfs-version: [16.07.07.01]
    status: {code: 200, message: OK}
- request:
    body: null
    headers:
      Accept: ['*/*']
      Accept-Encoding: ['gzip, deflate']
      Connection: [keep-alive]
      User-Agent: [python-requests/2.11.1]
    method: GET
    uri: https://fakestore.azuredatalakestore.net/webhdfs/v1/azure_test_dir?OP=LISTSTATUS
  response:
    body: {string: '{"FileStatuses":{"FileStatus":[{"length":0,"pathSuffix":"a","type":"FILE","blockSize":268435456,"accessTime":1473372063102,"modificationTime":1473372063102,"replication":1,"permission":"555","owner":"49b2f9ec-818a-49ca-9424-249e1f19f7d7","group":"49b2f9ec-818a-49ca-9424-249e1f19f7d7"}]}}'}
    headers:
      Cache-Control: [no-cache]
      Content-Length: ['288']
      Content-Type: [application/json; charset=utf-8]
      Date: ['Thu, 08 Sep 2016 22:01:05 GMT']
      Expires: ['-1']
      Pragma: [no-cache]
      Server-Perf: ['[9046bd6a-b377-4188-b883-849047da6b92][ AuthTime::0::PostAuthTime::0
          ][S-HdfsListStatus :: 00:00:013 ms]%0a[LISTSTATUS :: 00:00:014 ms]%0a']
      Status: ['0x0']
      Strict-Transport-Security: [max-age=15724800; includeSubDomains]
      X-Content-Type-Options: [nosniff]
      x-ms-request-id: [9046bd6a-b377-4188-b883-849047da6b92]
      x-ms-webhdfs-version: [16.07.07.01]
    status: {code: 200, message: OK}
- request:
    body: data
    headers:
      Accept: ['*/*']
      Accept-Encoding: ['gzip, deflate']
      Connection: [keep-alive]
      Content-Length: ['4']
      User-Agent: [python-requests/2.11.1]
    method: POST
    uri: https://fakestore.azuredatalakestore.net/webhdfs/v1/azure_test_dir/a?append=true&OP=APPEND
  response:
    body: {string: '{"RemoteException":{"exception":"AccessControlException","message":"Operation
        failed. failed with error 0x83090aa2 (Either the resource does not exist or
        the current user is not authorized to perform the requested operation). [1c74648f-c243-479e-a57c-bf086816259b][2016-09-08T15:01:05.4451281-07:00]","javaClassName":"org.apache.hadoop.security.AccessControlException"}}'}
    headers:
      Cache-Control: [no-cache]
      Content-Length: ['370']
      Content-Type: [application/json; charset=utf-8]
      Date: ['Thu, 08 Sep 2016 22:01:04 GMT']
      Expires: ['-1']
      Pragma: [no-cache]
      Server-Perf: ['[1c74648f-c243-479e-a57c-bf086816259b][ AuthTime::0::PostAuthTime::0
          ][S-FsOpenStream :: 00:00:004 ms]%0a[APPEND :: 00:00:006 ms]%0a']
      Status: ['0x83090AA2']
      Strict-Transport-Security: [max-age=15724800; includeSubDomains]
      X-Content-Type-Options: [nosniff]
      x-ms-request-id: [1c74648f-c243-479e-a57c-bf086816259b]
      x-ms-webhdfs-version: [16.07.07.01]
    status: {code: 403, message: Forbidden}
- request:
    body: null
    headers:
      Accept: ['*/*']
      Accept-Encoding: ['gzip, deflate']
      Connection: [keep-alive]
      Content-Length: ['0']
      User-Agent: [python-requests/2.11.1]
    method: PUT
    uri: https://fakestore.azuredatalakestore.net/webhdfs/v1/azure_test_dir/a?permission=0770&OP=SETPERMISSION
  response:
    body: {string: ''}
    headers:
      Cache-Control: [no-cache]
      Content-Length: ['0']
      Date: ['Thu, 08 Sep 2016 22:01:04 GMT']
      Expires: ['-1']
      Pragma: [no-cache]
      Server-Perf: ['[f04ea003-c5fe-435c-8700-19a5e92b0670][ AuthTime::0::PostAuthTime::0
          ][S-HdfsSetPermission :: 00:00:035 ms]%0a[SETPERMISSION :: 00:00:035 ms]%0a']
      Status: ['0x0']
      Strict-Transport-Security: [max-age=15724800; includeSubDomains]
      X-Content-Type-Options: [nosniff]
      x-ms-request-id: [f04ea003-c5fe-435c-8700-19a5e92b0670]
      x-ms-webhdfs-version: [16.07.07.01]
    status: {code: 200, message: OK}
- request:
    body: null
    headers:
      Accept: ['*/*']
      Accept-Encoding: ['gzip, deflate']
      Connection: [keep-alive]
      User-Agent: [python-requests/2.11.1]
    method: GET
    uri: https://fakestore.azuredatalakestore.net/webhdfs/v1/azure_test_dir?OP=LISTSTATUS
  response:
    body: {string: '{"FileStatuses":{"FileStatus":[{"length":0,"pathSuffix":"a","type":"FILE","blockSize":268435456,"accessTime":1473372063102,"modificationTime":1473372063102,"replication":1,"permission":"770","owner":"49b2f9ec-818a-49ca-9424-249e1f19f7d7","group":"49b2f9ec-818a-49ca-9424-249e1f19f7d7"}]}}'}
    headers:
      Cache-Control: [no-cache]
      Content-Length: ['288']
      Content-Type: [application/json; charset=utf-8]
      Date: ['Thu, 08 Sep 2016 22:01:05 GMT']
      Expires: ['-1']
      Pragma: [no-cache]
      Server-Perf: ['[d3e7b463-f46e-44f4-9abd-8012b92dd113][ AuthTime::0::PostAuthTime::0
          ][S-HdfsListStatus :: 00:00:011 ms]%0a[LISTSTATUS :: 00:00:011 ms]%0a']
      Status: ['0x0']
      Strict-Transport-Security: [max-age=15724800; includeSubDomains]
      X-Content-Type-Options: [nosniff]
      x-ms-request-id: [d3e7b463-f46e-44f4-9abd-8012b92dd113]
      x-ms-webhdfs-version: [16.07.07.01]
    status: {code: 200, message: OK}
- request:
    body: null
    headers:
      Accept: ['*/*']
      Accept-Encoding: ['gzip, deflate']
      Connection: [keep-alive]
      Content-Length: ['0']
      User-Agent: [python-requests/2.11.1]
    method: DELETE
    uri: https://fakestore.azuredatalakestore.net/webhdfs/v1/azure_test_dir/a?recursive=False&OP=DELETE
  response:
    body: {string: '{"boolean":true}'}
    headers:
      Cache-Control: [no-cache]
      Content-Length: ['16']
      Content-Type: [application/json; charset=utf-8]
      Date: ['Thu, 08 Sep 2016 22:01:06 GMT']
      Expires: ['-1']
      Pragma: [no-cache]
      Server-Perf: ['[411fcc4f-d287-44fa-97bb-2af554c0f9e3][ AuthTime::0::PostAuthTime::0
          ][S-FsDelete :: 00:00:066 ms]%0a[DELETE :: 00:00:066 ms]%0a']
      Status: ['0x0']
      Strict-Transport-Security: [max-age=15724800; includeSubDomains]
      X-Content-Type-Options: [nosniff]
      x-ms-request-id: [411fcc4f-d287-44fa-97bb-2af554c0f9e3]
      x-ms-webhdfs-version: [16.07.07.01]
    status: {code: 200, message: OK}
- request:
    body: null
    headers:
      Accept: ['*/*']
      Accept-Encoding: ['gzip, deflate']
      Connection: [keep-alive]
      Content-Length: ['0']
      User-Agent: [python-requests/2.11.1]
    method: PUT
    uri: https://fakestore.azuredatalakestore.net/webhdfs/v1/azure_test_dir/deep?OP=MKDIRS
  response:
    body: {string: '{"boolean":true}'}
    headers:
      Cache-Control: [no-cache]
      Content-Length: ['16']
      Content-Type: [application/json; charset=utf-8]
      Date: ['Thu, 08 Sep 2016 22:01:06 GMT']
      Expires: ['-1']
      Pragma: [no-cache]
      Server-Perf: ['[8021622c-3d96-466f-aa0d-e379c6c199c2][ AuthTime::0::PostAuthTime::0
          ][S-HdfsMkdirs :: 00:00:016 ms]%0a[MKDIRS :: 00:00:017 ms]%0a']
      Status: ['0x0']
      Strict-Transport-Security: [max-age=15724800; includeSubDomains]
      X-Content-Type-Options: [nosniff]
      x-ms-request-id: [8021622c-3d96-466f-aa0d-e379c6c199c2]
      x-ms-webhdfs-version: [16.07.07.01]
    status: {code: 200, message: OK}
- request:
    body: null
    headers:
      Accept: ['*/*']
      Accept-Encoding: ['gzip, deflate']
      Connection: [keep-alive]
      Content-Length: ['0']
      User-Agent: [python-requests/2.11.1]
    method: PUT
    uri: https://fakestore.azuredatalakestore.net/webhdfs/v1/azure_test_dir/deep/file?overwrite=true&write=true&OP=CREATE
  response:
    body: {string: ''}
    headers:
      Cache-Control: [no-cache]
      Content-Length: ['0']
      ContentLength: ['0']
      Date: ['Thu, 08 Sep 2016 22:01:05 GMT']
      Expires: ['-1']
      Location: ['https://fakestore.azuredatalakestore.net/webhdfs/v1/azure_test_dir/deep/file?overwrite=true&write=true&OP=CREATE']
      Pragma: [no-cache]
      Server-Perf: ['[863ff6ee-98ae-46a1-91b4-329a3c77a5fd][ AuthTime::0::PostAuthTime::0
          ][S-HdfsGetFileStatusV2 :: 00:00:006 ms]%0a[S-HdfsCheckAccess :: 00:00:002
          ms]%0a[S-FsDelete :: 00:00:005 ms]%0a[S-FsOpenStream :: 00:00:056 ms]%0a[BufferingTime
          :: 00:00:000 ms]%0a[WriteTime :: 00:00:000 ms]%0a[S-FsAppendStream :: 00:00:074
          ms]%0a[S-FsCloseHandle :: 00:00:001 ms]%0a[CREATE :: 00:00:149 ms]%0a']
      Status: ['0x0']
      Strict-Transport-Security: [max-age=15724800; includeSubDomains]
      X-Content-Type-Options: [nosniff]
      x-ms-request-id: [863ff6ee-98ae-46a1-91b4-329a3c77a5fd]
      x-ms-webhdfs-version: [16.07.07.01]
    status: {code: 201, message: Created}
- request:
    body: null
    headers:
      Accept: ['*/*']
      Accept-Encoding: ['gzip, deflate']
      Connection: [keep-alive]
      Content-Length: ['0']
      User-Agent: [python-requests/2.11.1]
    method: PUT
    uri: https://fakestore.azuredatalakestore.net/webhdfs/v1/azure_test_dir/deep?permission=660&OP=SETPERMISSION
  response:
    body: {string: ''}
    headers:
      Cache-Control: [no-cache]
      Content-Length: ['0']
      Date: ['Thu, 08 Sep 2016 22:01:06 GMT']
      Expires: ['-1']
      Pragma: [no-cache]
      Server-Perf: ['[221cb2d2-d897-468d-a21f-6738394a5c89][ AuthTime::0::PostAuthTime::0
          ][S-HdfsSetPermission :: 00:00:016 ms]%0a[SETPERMISSION :: 00:00:017 ms]%0a']
      Status: ['0x0']
      Strict-Transport-Security: [max-age=15724800; includeSubDomains]
      X-Content-Type-Options: [nosniff]
      x-ms-request-id: [221cb2d2-d897-468d-a21f-6738394a5c89]
      x-ms-webhdfs-version: [16.07.07.01]
    status: {code: 200, message: OK}
- request:
    body: null
    headers:
      Accept: ['*/*']
      Accept-Encoding: ['gzip, deflate']
      Connection: [keep-alive]
      User-Agent: [python-requests/2.11.1]
    method: GET
    uri: https://fakestore.azuredatalakestore.net/webhdfs/v1/azure_test_dir/deep?OP=LISTSTATUS
  response:
    body: {string: '{"RemoteException":{"exception":"AccessControlException","message":"ListStatus
        failed with error 0x83090aa2 (Either the resource does not exist or the current
        user is not authorized to perform the requested operation). [b7e96152-20e2-4ab6-8731-f6c670fdc8be][2016-09-08T15:01:08.5268266-07:00]","javaClassName":"org.apache.hadoop.security.AccessControlException"}}'}
    headers:
      Cache-Control: [no-cache]
      Content-Length: ['363']
      Content-Type: [application/json; charset=utf-8]
      Date: ['Thu, 08 Sep 2016 22:01:08 GMT']
      Expires: ['-1']
      Pragma: [no-cache]
      Server-Perf: ['[b7e96152-20e2-4ab6-8731-f6c670fdc8be][ AuthTime::0::PostAuthTime::0
          ][S-HdfsListStatus :: 00:00:007 ms]%0a[S-HdfsListStatus :: 00:00:006 ms]%0a[S-HdfsListStatus
          :: 00:00:007 ms]%0a[S-HdfsListStatus :: 00:00:006 ms]%0a[S-HdfsListStatus
          :: 00:00:006 ms]%0a[LISTSTATUS :: 00:01:262 ms]%0a']
      Status: ['0x83090AA2']
      Strict-Transport-Security: [max-age=15724800; includeSubDomains]
      X-Content-Type-Options: [nosniff]
      x-ms-request-id: [b7e96152-20e2-4ab6-8731-f6c670fdc8be]
      x-ms-webhdfs-version: [16.07.07.01]
    status: {code: 403, message: Forbidden}
- request:
    body: null
    headers:
      Accept: ['*/*']
      Accept-Encoding: ['gzip, deflate']
      Connection: [keep-alive]
      Content-Length: ['0']
      User-Agent: [python-requests/2.11.1]
    method: PUT
    uri: https://fakestore.azuredatalakestore.net/webhdfs/v1/azure_test_dir/deep?permission=770&OP=SETPERMISSION
  response:
    body: {string: ''}
    headers:
      Cache-Control: [no-cache]
      Content-Length: ['0']
      Date: ['Thu, 08 Sep 2016 22:01:07 GMT']
      Expires: ['-1']
      Pragma: [no-cache]
      Server-Perf: ['[d10988b3-6e0a-46ba-a70e-a74924f4b43a][ AuthTime::0::PostAuthTime::0
          ][S-HdfsSetPermission :: 00:00:007 ms]%0a[SETPERMISSION :: 00:00:011 ms]%0a']
      Status: ['0x0']
      Strict-Transport-Security: [max-age=15724800; includeSubDomains]
      X-Content-Type-Options: [nosniff]
      x-ms-request-id: [d10988b3-6e0a-46ba-a70e-a74924f4b43a]
      x-ms-webhdfs-version: [16.07.07.01]
    status: {code: 200, message: OK}
- request:
    body: null
    headers:
      Accept: ['*/*']
      Accept-Encoding: ['gzip, deflate']
      Connection: [keep-alive]
      User-Agent: [python-requests/2.11.1]
    method: GET
    uri: https://fakestore.azuredatalakestore.net/webhdfs/v1/azure_test_dir?OP=LISTSTATUS
  response:
    body: {string: '{"FileStatuses":{"FileStatus":[{"length":0,"pathSuffix":"deep","type":"DIRECTORY","blockSize":0,"accessTime":1473372066441,"modificationTime":1473372066731,"replication":0,"permission":"770","owner":"49b2f9ec-818a-49ca-9424-249e1f19f7d7","group":"49b2f9ec-818a-49ca-9424-249e1f19f7d7"}]}}'}
    headers:
      Cache-Control: [no-cache]
      Content-Length: ['288']
      Content-Type: [application/json; charset=utf-8]
      Date: ['Thu, 08 Sep 2016 22:01:08 GMT']
      Expires: ['-1']
      Pragma: [no-cache]
      Server-Perf: ['[c37027fa-057d-4d31-8c26-111d1b6f77ae][ AuthTime::0::PostAuthTime::0
          ][S-HdfsListStatus :: 00:00:006 ms]%0a[LISTSTATUS :: 00:00:006 ms]%0a']
      Status: ['0x0']
      Strict-Transport-Security: [max-age=15724800; includeSubDomains]
      X-Content-Type-Options: [nosniff]
      x-ms-request-id: [c37027fa-057d-4d31-8c26-111d1b6f77ae]
      x-ms-webhdfs-version: [16.07.07.01]
    status: {code: 200, message: OK}
- request:
    body: null
    headers:
      Accept: ['*/*']
      Accept-Encoding: ['gzip, deflate']
      Connection: [keep-alive]
      Content-Length: ['0']
      User-Agent: [python-requests/2.11.1]
    method: DELETE
    uri: https://fakestore.azuredatalakestore.net/webhdfs/v1/azure_test_dir/deep?recursive=True&OP=DELETE
  response:
    body: {string: '{"boolean":true}'}
    headers:
      Cache-Control: [no-cache]
      Content-Length: ['16']
      Content-Type: [application/json; charset=utf-8]
      Date: ['Thu, 08 Sep 2016 22:01:08 GMT']
      Expires: ['-1']
      Pragma: [no-cache]
      Server-Perf: ['[976c58c7-2f7c-42e5-bf30-2f5b55f61121][ AuthTime::0::PostAuthTime::0
          ][S-FsDelete :: 00:00:037 ms]%0a[DELETE :: 00:00:143 ms]%0a']
      Status: ['0x0']
      Strict-Transport-Security: [max-age=15724800; includeSubDomains]
      X-Content-Type-Options: [nosniff]
      x-ms-request-id: [976c58c7-2f7c-42e5-bf30-2f5b55f61121]
      x-ms-webhdfs-version: [16.07.07.01]
    status: {code: 200, message: OK}
- request:
    body: data
    headers:
      Accept: ['*/*']
      Accept-Encoding: ['gzip, deflate']
      Connection: [keep-alive]
      Content-Length: ['4']
      User-Agent: [python-requests/2.11.1]
    method: POST
    uri: https://fakestore.azuredatalakestore.net/webhdfs/v1/azure_test_dir/a?append=true&OP=APPEND
  response:
    body: {string: '{"RemoteException":{"exception":"FileNotFoundException","message":"Operation
        failed. failed with error 0x8309000a (Stream not found). [b2e7d629-641a-415c-a348-e5160280f383][2016-09-08T15:01:09.8619387-07:00]","javaClassName":"java.io.FileNotFoundException"}}'}
    headers:
      Cache-Control: [no-cache]
      Content-Length: ['258']
      Content-Type: [application/json; charset=utf-8]
      Date: ['Thu, 08 Sep 2016 22:01:09 GMT']
      Expires: ['-1']
      Pragma: [no-cache]
      Server-Perf: ['[b2e7d629-641a-415c-a348-e5160280f383][ AuthTime::0::PostAuthTime::0
          ][S-FsOpenStream :: 00:00:006 ms]%0a[APPEND :: 00:00:007 ms]%0a']
      Status: ['0x8309000A']
      Strict-Transport-Security: [max-age=15724800; includeSubDomains]
      X-Content-Type-Options: [nosniff]
      x-ms-request-id: [b2e7d629-641a-415c-a348-e5160280f383]
      x-ms-webhdfs-version: [16.07.07.01]
    status: {code: 404, message: Not Found}
- request:
    body: null
    headers:
      Accept: ['*/*']
      Accept-Encoding: ['gzip, deflate']
      Connection: [keep-alive]
      Content-Length: ['0']
      User-Agent: [python-requests/2.11.1]
    method: PUT
    uri: https://fakestore.azuredatalakestore.net/webhdfs/v1/azure_test_dir/a?overwrite=true&write=true&OP=CREATE
  response:
    body: {string: ''}
    headers:
      Cache-Control: [no-cache]
      Content-Length: ['0']
      ContentLength: ['0']
      Date: ['Thu, 08 Sep 2016 22:07:56 GMT']
      Expires: ['-1']
      Location: ['https://fakestore.azuredatalakestore.net/webhdfs/v1/azure_test_dir/a?overwrite=true&write=true&OP=CREATE']
      Pragma: [no-cache]
      Server-Perf: ['[9704a5a1-637b-49ba-b48b-e86bd65f8e0b][ AuthTime::0::PostAuthTime::0
          ][S-HdfsGetFileStatusV2 :: 00:00:006 ms]%0a[S-HdfsCheckAccess :: 00:00:002
          ms]%0a[S-FsDelete :: 00:00:007 ms]%0a[S-FsOpenStream :: 00:00:037 ms]%0a[BufferingTime
          :: 00:00:000 ms]%0a[WriteTime :: 00:00:000 ms]%0a[S-FsAppendStream :: 00:00:040
          ms]%0a[S-FsCloseHandle :: 00:00:001 ms]%0a[CREATE :: 00:00:098 ms]%0a']
      Status: ['0x0']
      Strict-Transport-Security: [max-age=15724800; includeSubDomains]
      X-Content-Type-Options: [nosniff]
      x-ms-request-id: [9704a5a1-637b-49ba-b48b-e86bd65f8e0b]
      x-ms-webhdfs-version: [16.07.07.01]
    status: {code: 201, message: Created}
- request:
    body: null
    headers:
      Accept: ['*/*']
      Accept-Encoding: ['gzip, deflate']
      Connection: [keep-alive]
      User-Agent: [python-requests/2.11.1]
    method: GET
    uri: https://fakestore.azuredatalakestore.net/webhdfs/v1/azure_test_dir?OP=LISTSTATUS
  response:
    body: {string: '{"FileStatuses":{"FileStatus":[{"length":0,"pathSuffix":"a","type":"FILE","blockSize":268435456,"accessTime":1473372476630,"modificationTime":1473372476630,"replication":1,"permission":"770","owner":"49b2f9ec-818a-49ca-9424-249e1f19f7d7","group":"49b2f9ec-818a-49ca-9424-249e1f19f7d7"}]}}'}
    headers:
      Cache-Control: [no-cache]
      Content-Length: ['288']
      Content-Type: [application/json; charset=utf-8]
      Date: ['Thu, 08 Sep 2016 22:07:56 GMT']
      Expires: ['-1']
      Pragma: [no-cache]
      Server-Perf: ['[6f7512f5-6387-4e1e-9932-fb2a424d5e86][ AuthTime::0::PostAuthTime::0
          ][S-HdfsListStatus :: 00:00:012 ms]%0a[LISTSTATUS :: 00:00:012 ms]%0a']
      Status: ['0x0']
      Strict-Transport-Security: [max-age=15724800; includeSubDomains]
      X-Content-Type-Options: [nosniff]
      x-ms-request-id: [6f7512f5-6387-4e1e-9932-fb2a424d5e86]
      x-ms-webhdfs-version: [16.07.07.01]
    status: {code: 200, message: OK}
- request:
    body: null
    headers:
      Accept: ['*/*']
      Accept-Encoding: ['gzip, deflate']
      Connection: [keep-alive]
      Content-Length: ['0']
      User-Agent: [python-requests/2.11.1]
    method: PUT
    uri: https://fakestore.azuredatalakestore.net/webhdfs/v1/azure_test_dir/a?permission=0555&OP=SETPERMISSION
  response:
    body: {string: ''}
    headers:
      Cache-Control: [no-cache]
      Content-Length: ['0']
      Date: ['Thu, 08 Sep 2016 22:07:57 GMT']
      Expires: ['-1']
      Pragma: [no-cache]
      Server-Perf: ['[67fc0372-ce81-41a6-8352-23fcf7f06e8d][ AuthTime::0::PostAuthTime::0
          ][S-HdfsSetPermission :: 00:00:015 ms]%0a[SETPERMISSION :: 00:00:016 ms]%0a']
      Status: ['0x0']
      Strict-Transport-Security: [max-age=15724800; includeSubDomains]
      X-Content-Type-Options: [nosniff]
      x-ms-request-id: [67fc0372-ce81-41a6-8352-23fcf7f06e8d]
      x-ms-webhdfs-version: [16.07.07.01]
    status: {code: 200, message: OK}
- request:
    body: null
    headers:
      Accept: ['*/*']
      Accept-Encoding: ['gzip, deflate']
      Connection: [keep-alive]
      User-Agent: [python-requests/2.11.1]
    method: GET
    uri: https://fakestore.azuredatalakestore.net/webhdfs/v1/azure_test_dir?OP=LISTSTATUS
  response:
    body: {string: '{"FileStatuses":{"FileStatus":[{"length":0,"pathSuffix":"a","type":"FILE","blockSize":268435456,"accessTime":1473372476630,"modificationTime":1473372476630,"replication":1,"permission":"555","owner":"49b2f9ec-818a-49ca-9424-249e1f19f7d7","group":"49b2f9ec-818a-49ca-9424-249e1f19f7d7"}]}}'}
    headers:
      Cache-Control: [no-cache]
      Content-Length: ['288']
      Content-Type: [application/json; charset=utf-8]
      Date: ['Thu, 08 Sep 2016 22:07:57 GMT']
      Expires: ['-1']
      Pragma: [no-cache]
      Server-Perf: ['[74701cc5-92ad-4b8c-8b46-ffc5701eea89][ AuthTime::0::PostAuthTime::0
          ][S-HdfsListStatus :: 00:00:012 ms]%0a[LISTSTATUS :: 00:00:012 ms]%0a']
      Status: ['0x0']
      Strict-Transport-Security: [max-age=15724800; includeSubDomains]
      X-Content-Type-Options: [nosniff]
      x-ms-request-id: [74701cc5-92ad-4b8c-8b46-ffc5701eea89]
      x-ms-webhdfs-version: [16.07.07.01]
    status: {code: 200, message: OK}
- request:
    body: data
    headers:
      Accept: ['*/*']
      Accept-Encoding: ['gzip, deflate']
      Connection: [keep-alive]
      Content-Length: ['4']
      User-Agent: [python-requests/2.11.1]
    method: POST
    uri: https://fakestore.azuredatalakestore.net/webhdfs/v1/azure_test_dir/a?append=true&OP=APPEND
  response:
    body: {string: '{"RemoteException":{"exception":"AccessControlException","message":"Operation
        failed. failed with error 0x83090aa2 (Either the resource does not exist or
        the current user is not authorized to perform the requested operation). [61e54be1-1001-455f-bbe1-2411d0a448cc][2016-09-08T15:07:57.5532699-07:00]","javaClassName":"org.apache.hadoop.security.AccessControlException"}}'}
    headers:
      Cache-Control: [no-cache]
      Content-Length: ['370']
      Content-Type: [application/json; charset=utf-8]
      Date: ['Thu, 08 Sep 2016 22:07:57 GMT']
      Expires: ['-1']
      Pragma: [no-cache]
      Server-Perf: ['[61e54be1-1001-455f-bbe1-2411d0a448cc][ AuthTime::0::PostAuthTime::0
          ][S-FsOpenStream :: 00:00:004 ms]%0a[APPEND :: 00:00:005 ms]%0a']
      Status: ['0x83090AA2']
      Strict-Transport-Security: [max-age=15724800; includeSubDomains]
      X-Content-Type-Options: [nosniff]
      x-ms-request-id: [61e54be1-1001-455f-bbe1-2411d0a448cc]
      x-ms-webhdfs-version: [16.07.07.01]
    status: {code: 403, message: Forbidden}
- request:
    body: null
    headers:
      Accept: ['*/*']
      Accept-Encoding: ['gzip, deflate']
      Connection: [keep-alive]
      Content-Length: ['0']
      User-Agent: [python-requests/2.11.1]
    method: PUT
    uri: https://fakestore.azuredatalakestore.net/webhdfs/v1/azure_test_dir/a?permission=0770&OP=SETPERMISSION
  response:
    body: {string: ''}
    headers:
      Cache-Control: [no-cache]
      Content-Length: ['0']
      Date: ['Thu, 08 Sep 2016 22:07:56 GMT']
      Expires: ['-1']
      Pragma: [no-cache]
      Server-Perf: ['[8a92d70b-4428-46ca-924f-2fef3bc79ac4][ AuthTime::0::PostAuthTime::0
          ][S-HdfsSetPermission :: 00:00:015 ms]%0a[SETPERMISSION :: 00:00:016 ms]%0a']
      Status: ['0x0']
      Strict-Transport-Security: [max-age=15724800; includeSubDomains]
      X-Content-Type-Options: [nosniff]
      x-ms-request-id: [8a92d70b-4428-46ca-924f-2fef3bc79ac4]
      x-ms-webhdfs-version: [16.07.07.01]
    status: {code: 200, message: OK}
- request:
    body: null
    headers:
      Accept: ['*/*']
      Accept-Encoding: ['gzip, deflate']
      Connection: [keep-alive]
      User-Agent: [python-requests/2.11.1]
    method: GET
    uri: https://fakestore.azuredatalakestore.net/webhdfs/v1/azure_test_dir?OP=LISTSTATUS
  response:
    body: {string: '{"FileStatuses":{"FileStatus":[{"length":0,"pathSuffix":"a","type":"FILE","blockSize":268435456,"accessTime":1473372476630,"modificationTime":1473372476630,"replication":1,"permission":"770","owner":"49b2f9ec-818a-49ca-9424-249e1f19f7d7","group":"49b2f9ec-818a-49ca-9424-249e1f19f7d7"}]}}'}
    headers:
      Cache-Control: [no-cache]
      Content-Length: ['288']
      Content-Type: [application/json; charset=utf-8]
      Date: ['Thu, 08 Sep 2016 22:07:57 GMT']
      Expires: ['-1']
      Pragma: [no-cache]
      Server-Perf: ['[e57ac0d6-824a-44bd-be6b-559f99c61c8f][ AuthTime::0::PostAuthTime::0
          ][S-HdfsListStatus :: 00:00:013 ms]%0a[LISTSTATUS :: 00:00:013 ms]%0a']
      Status: ['0x0']
      Strict-Transport-Security: [max-age=15724800; includeSubDomains]
      X-Content-Type-Options: [nosniff]
      x-ms-request-id: [e57ac0d6-824a-44bd-be6b-559f99c61c8f]
      x-ms-webhdfs-version: [16.07.07.01]
    status: {code: 200, message: OK}
- request:
    body: null
    headers:
      Accept: ['*/*']
      Accept-Encoding: ['gzip, deflate']
      Connection: [keep-alive]
      Content-Length: ['0']
      User-Agent: [python-requests/2.11.1]
    method: DELETE
    uri: https://fakestore.azuredatalakestore.net/webhdfs/v1/azure_test_dir/a?recursive=False&OP=DELETE
  response:
    body: {string: '{"boolean":true}'}
    headers:
      Cache-Control: [no-cache]
      Content-Length: ['16']
      Content-Type: [application/json; charset=utf-8]
      Date: ['Thu, 08 Sep 2016 22:07:57 GMT']
      Expires: ['-1']
      Pragma: [no-cache]
      Server-Perf: ['[f7e7ff25-a8ba-441a-aa39-9b516087ac8a][ AuthTime::0::PostAuthTime::0
          ][S-FsDelete :: 00:00:065 ms]%0a[DELETE :: 00:00:065 ms]%0a']
      Status: ['0x0']
      Strict-Transport-Security: [max-age=15724800; includeSubDomains]
      X-Content-Type-Options: [nosniff]
      x-ms-request-id: [f7e7ff25-a8ba-441a-aa39-9b516087ac8a]
      x-ms-webhdfs-version: [16.07.07.01]
    status: {code: 200, message: OK}
- request:
    body: null
    headers:
      Accept: ['*/*']
      Accept-Encoding: ['gzip, deflate']
      Connection: [keep-alive]
      Content-Length: ['0']
      User-Agent: [python-requests/2.11.1]
    method: PUT
    uri: https://fakestore.azuredatalakestore.net/webhdfs/v1/azure_test_dir/deep?OP=MKDIRS
  response:
    body: {string: '{"boolean":true}'}
    headers:
      Cache-Control: [no-cache]
      Content-Length: ['16']
      Content-Type: [application/json; charset=utf-8]
      Date: ['Thu, 08 Sep 2016 22:07:57 GMT']
      Expires: ['-1']
      Pragma: [no-cache]
      Server-Perf: ['[78b8a1dc-712a-4619-87be-3237e4c557b6][ AuthTime::0::PostAuthTime::0
          ][S-HdfsMkdirs :: 00:00:018 ms]%0a[MKDIRS :: 00:00:019 ms]%0a']
      Status: ['0x0']
      Strict-Transport-Security: [max-age=15724800; includeSubDomains]
      X-Content-Type-Options: [nosniff]
      x-ms-request-id: [78b8a1dc-712a-4619-87be-3237e4c557b6]
      x-ms-webhdfs-version: [16.07.07.01]
    status: {code: 200, message: OK}
- request:
    body: null
    headers:
      Accept: ['*/*']
      Accept-Encoding: ['gzip, deflate']
      Connection: [keep-alive]
      Content-Length: ['0']
      User-Agent: [python-requests/2.11.1]
    method: PUT
    uri: https://fakestore.azuredatalakestore.net/webhdfs/v1/azure_test_dir/deep/file?overwrite=true&write=true&OP=CREATE
  response:
    body: {string: ''}
    headers:
      Cache-Control: [no-cache]
      Content-Length: ['0']
      ContentLength: ['0']
      Date: ['Thu, 08 Sep 2016 22:07:58 GMT']
      Expires: ['-1']
      Location: ['https://fakestore.azuredatalakestore.net/webhdfs/v1/azure_test_dir/deep/file?overwrite=true&write=true&OP=CREATE']
      Pragma: [no-cache]
      Server-Perf: ['[f824fc70-55c0-4cf1-8acf-1c5a01fac533][ AuthTime::0::PostAuthTime::0
          ][S-HdfsGetFileStatusV2 :: 00:00:006 ms]%0a[S-HdfsCheckAccess :: 00:00:003
          ms]%0a[S-FsDelete :: 00:00:006 ms]%0a[S-FsOpenStream :: 00:00:047 ms]%0a[BufferingTime
          :: 00:00:000 ms]%0a[WriteTime :: 00:00:000 ms]%0a[S-FsAppendStream :: 00:00:033
          ms]%0a[S-FsCloseHandle :: 00:00:001 ms]%0a[CREATE :: 00:00:099 ms]%0a']
      Status: ['0x0']
      Strict-Transport-Security: [max-age=15724800; includeSubDomains]
      X-Content-Type-Options: [nosniff]
      x-ms-request-id: [f824fc70-55c0-4cf1-8acf-1c5a01fac533]
      x-ms-webhdfs-version: [16.07.07.01]
    status: {code: 201, message: Created}
- request:
    body: null
    headers:
      Accept: ['*/*']
      Accept-Encoding: ['gzip, deflate']
      Connection: [keep-alive]
      Content-Length: ['0']
      User-Agent: [python-requests/2.11.1]
    method: PUT
    uri: https://fakestore.azuredatalakestore.net/webhdfs/v1/azure_test_dir/deep?permission=660&OP=SETPERMISSION
  response:
    body: {string: ''}
    headers:
      Cache-Control: [no-cache]
      Content-Length: ['0']
      Date: ['Thu, 08 Sep 2016 22:07:58 GMT']
      Expires: ['-1']
      Pragma: [no-cache]
      Server-Perf: ['[a012ae3e-4f3c-4ed0-b090-fe222bba67e5][ AuthTime::0::PostAuthTime::0
          ][S-HdfsSetPermission :: 00:00:009 ms]%0a[SETPERMISSION :: 00:00:009 ms]%0a']
      Status: ['0x0']
      Strict-Transport-Security: [max-age=15724800; includeSubDomains]
      X-Content-Type-Options: [nosniff]
      x-ms-request-id: [a012ae3e-4f3c-4ed0-b090-fe222bba67e5]
      x-ms-webhdfs-version: [16.07.07.01]
    status: {code: 200, message: OK}
- request:
    body: null
    headers:
      Accept: ['*/*']
      Accept-Encoding: ['gzip, deflate']
      Connection: [keep-alive]
      User-Agent: [python-requests/2.11.1]
    method: GET
    uri: https://fakestore.azuredatalakestore.net/webhdfs/v1/azure_test_dir/deep?OP=LISTSTATUS
  response:
    body: {string: '{"RemoteException":{"exception":"AccessControlException","message":"ListStatus
        failed with error 0x83090aa2 (Either the resource does not exist or the current
        user is not authorized to perform the requested operation). [3b4abf42-943b-4673-aecf-7bfccf99018d][2016-09-08T15:08:00.5485497-07:00]","javaClassName":"org.apache.hadoop.security.AccessControlException"}}'}
    headers:
      Cache-Control: [no-cache]
      Content-Length: ['363']
      Content-Type: [application/json; charset=utf-8]
      Date: ['Thu, 08 Sep 2016 22:08:00 GMT']
      Expires: ['-1']
      Pragma: [no-cache]
      Server-Perf: ['[3b4abf42-943b-4673-aecf-7bfccf99018d][ AuthTime::0::PostAuthTime::0
          ][S-HdfsListStatus :: 00:00:006 ms]%0a[S-HdfsListStatus :: 00:00:005 ms]%0a[S-HdfsListStatus
          :: 00:00:006 ms]%0a[S-HdfsListStatus :: 00:00:008 ms]%0a[S-HdfsListStatus
          :: 00:00:006 ms]%0a[LISTSTATUS :: 00:01:260 ms]%0a']
      Status: ['0x83090AA2']
      Strict-Transport-Security: [max-age=15724800; includeSubDomains]
      X-Content-Type-Options: [nosniff]
      x-ms-request-id: [3b4abf42-943b-4673-aecf-7bfccf99018d]
      x-ms-webhdfs-version: [16.07.07.01]
    status: {code: 403, message: Forbidden}
- request:
    body: null
    headers:
      Accept: ['*/*']
      Accept-Encoding: ['gzip, deflate']
      Connection: [keep-alive]
      Content-Length: ['0']
      User-Agent: [python-requests/2.11.1]
    method: PUT
    uri: https://fakestore.azuredatalakestore.net/webhdfs/v1/azure_test_dir/deep?permission=770&OP=SETPERMISSION
  response:
    body: {string: ''}
    headers:
      Cache-Control: [no-cache]
      Content-Length: ['0']
      Date: ['Thu, 08 Sep 2016 22:08:00 GMT']
      Expires: ['-1']
      Pragma: [no-cache]
      Server-Perf: ['[31464b23-b194-4474-9a90-a26eb49032fd][ AuthTime::0::PostAuthTime::0
          ][S-HdfsSetPermission :: 00:00:022 ms]%0a[SETPERMISSION :: 00:00:022 ms]%0a']
      Status: ['0x0']
      Strict-Transport-Security: [max-age=15724800; includeSubDomains]
      X-Content-Type-Options: [nosniff]
      x-ms-request-id: [31464b23-b194-4474-9a90-a26eb49032fd]
      x-ms-webhdfs-version: [16.07.07.01]
    status: {code: 200, message: OK}
- request:
    body: null
    headers:
      Accept: ['*/*']
      Accept-Encoding: ['gzip, deflate']
      Connection: [keep-alive]
      User-Agent: [python-requests/2.11.1]
    method: GET
    uri: https://fakestore.azuredatalakestore.net/webhdfs/v1/azure_test_dir?OP=LISTSTATUS
  response:
    body: {string: '{"FileStatuses":{"FileStatus":[{"length":0,"pathSuffix":"deep","type":"DIRECTORY","blockSize":0,"accessTime":1473372478535,"modificationTime":1473372478815,"replication":0,"permission":"770","owner":"49b2f9ec-818a-49ca-9424-249e1f19f7d7","group":"49b2f9ec-818a-49ca-9424-249e1f19f7d7"}]}}'}
    headers:
      Cache-Control: [no-cache]
      Content-Length: ['288']
      Content-Type: [application/json; charset=utf-8]
      Date: ['Thu, 08 Sep 2016 22:08:00 GMT']
      Expires: ['-1']
      Pragma: [no-cache]
      Server-Perf: ['[cd77c77e-0b29-4c67-ab30-6c27c40591ec][ AuthTime::0::PostAuthTime::0
          ][S-HdfsListStatus :: 00:00:006 ms]%0a[LISTSTATUS :: 00:00:006 ms]%0a']
      Status: ['0x0']
      Strict-Transport-Security: [max-age=15724800; includeSubDomains]
      X-Content-Type-Options: [nosniff]
      x-ms-request-id: [cd77c77e-0b29-4c67-ab30-6c27c40591ec]
      x-ms-webhdfs-version: [16.07.07.01]
    status: {code: 200, message: OK}
- request:
    body: null
    headers:
      Accept: ['*/*']
      Accept-Encoding: ['gzip, deflate']
      Connection: [keep-alive]
      Content-Length: ['0']
      User-Agent: [python-requests/2.11.1]
    method: DELETE
    uri: https://fakestore.azuredatalakestore.net/webhdfs/v1/azure_test_dir/deep?recursive=True&OP=DELETE
  response:
    body: {string: '{"boolean":true}'}
    headers:
      Cache-Control: [no-cache]
      Content-Length: ['16']
      Content-Type: [application/json; charset=utf-8]
      Date: ['Thu, 08 Sep 2016 22:08:00 GMT']
      Expires: ['-1']
      Pragma: [no-cache]
      Server-Perf: ['[90a9ad1f-36d9-48a0-b4df-7800488191c7][ AuthTime::0::PostAuthTime::0
          ][S-FsDelete :: 00:00:034 ms]%0a[DELETE :: 00:00:035 ms]%0a']
      Status: ['0x0']
      Strict-Transport-Security: [max-age=15724800; includeSubDomains]
      X-Content-Type-Options: [nosniff]
      x-ms-request-id: [90a9ad1f-36d9-48a0-b4df-7800488191c7]
      x-ms-webhdfs-version: [16.07.07.01]
    status: {code: 200, message: OK}
- request:
    body: data
    headers:
      Accept: ['*/*']
      Accept-Encoding: ['gzip, deflate']
      Connection: [keep-alive]
      Content-Length: ['4']
      User-Agent: [python-requests/2.11.1]
    method: POST
    uri: https://fakestore.azuredatalakestore.net/webhdfs/v1/azure_test_dir/a?append=true&OP=APPEND
  response:
    body: {string: '{"RemoteException":{"exception":"FileNotFoundException","message":"Operation
        failed. failed with error 0x8309000a (Stream not found). [092a08bc-5cb1-404e-bd44-39a2e986347a][2016-09-08T15:08:01.6056204-07:00]","javaClassName":"java.io.FileNotFoundException"}}'}
    headers:
      Cache-Control: [no-cache]
      Content-Length: ['258']
      Content-Type: [application/json; charset=utf-8]
      Date: ['Thu, 08 Sep 2016 22:08:00 GMT']
      Expires: ['-1']
      Pragma: [no-cache]
      Server-Perf: ['[092a08bc-5cb1-404e-bd44-39a2e986347a][ AuthTime::0::PostAuthTime::0
          ][S-FsOpenStream :: 00:00:016 ms]%0a[APPEND :: 00:00:019 ms]%0a']
      Status: ['0x8309000A']
      Strict-Transport-Security: [max-age=15724800; includeSubDomains]
      X-Content-Type-Options: [nosniff]
      x-ms-request-id: [092a08bc-5cb1-404e-bd44-39a2e986347a]
      x-ms-webhdfs-version: [16.07.07.01]
    status: {code: 404, message: Not Found}
- request:
    body: null
    headers:
      Accept: ['*/*']
      Accept-Encoding: ['gzip, deflate']
      Connection: [keep-alive]
      Content-Length: ['0']
      User-Agent: [python-requests/2.11.1]
    method: PUT
    uri: https://fakestore.azuredatalakestore.net/webhdfs/v1/azure_test_dir/a?overwrite=true&write=true&OP=CREATE
  response:
    body: {string: ''}
    headers:
      Cache-Control: [no-cache]
      Content-Length: ['0']
      ContentLength: ['0']
      Date: ['Tue, 13 Sep 2016 14:39:23 GMT']
      Expires: ['-1']
      Location: ['https://fakestore.azuredatalakestore.net/webhdfs/v1/azure_test_dir/a?overwrite=true&write=true&OP=CREATE']
      Pragma: [no-cache]
      Server-Perf: ['[e6a43862-2210-4491-a6d6-04205830cae6][ AuthTime::0::PostAuthTime::0
          ][S-HdfsGetFileStatusV2 :: 00:00:005 ms]%0a[S-HdfsCheckAccess :: 00:00:002
          ms]%0a[S-FsDelete :: 00:00:005 ms]%0a[S-FsOpenStream :: 00:00:049 ms]%0a[BufferingTime
          :: 00:00:000 ms]%0a[WriteTime :: 00:00:000 ms]%0a[S-FsAppendStream :: 00:00:033
          ms]%0a[S-FsCloseHandle :: 00:00:001 ms]%0a[CREATE :: 00:00:100 ms]%0a']
      Status: ['0x0']
      Strict-Transport-Security: [max-age=15724800; includeSubDomains]
      X-Content-Type-Options: [nosniff]
      x-ms-request-id: [e6a43862-2210-4491-a6d6-04205830cae6]
      x-ms-webhdfs-version: [16.07.07.01]
    status: {code: 201, message: Created}
- request:
    body: null
    headers:
      Accept: ['*/*']
      Accept-Encoding: ['gzip, deflate']
      Connection: [keep-alive]
      User-Agent: [python-requests/2.11.1]
    method: GET
    uri: https://fakestore.azuredatalakestore.net/webhdfs/v1/azure_test_dir?OP=LISTSTATUS
  response:
    body: {string: '{"FileStatuses":{"FileStatus":[{"length":0,"pathSuffix":"a","type":"FILE","blockSize":268435456,"accessTime":1473777564155,"modificationTime":1473777564155,"replication":1,"permission":"770","owner":"49b2f9ec-818a-49ca-9424-249e1f19f7d7","group":"49b2f9ec-818a-49ca-9424-249e1f19f7d7"}]}}'}
    headers:
      Cache-Control: [no-cache]
      Content-Length: ['288']
      Content-Type: [application/json; charset=utf-8]
      Date: ['Tue, 13 Sep 2016 14:39:24 GMT']
      Expires: ['-1']
      Pragma: [no-cache]
      Server-Perf: ['[3d74e25a-8711-4e16-9f9a-d9928b418895][ AuthTime::0::PostAuthTime::0
          ][S-HdfsListStatus :: 00:00:011 ms]%0a[LISTSTATUS :: 00:00:011 ms]%0a']
      Status: ['0x0']
      Strict-Transport-Security: [max-age=15724800; includeSubDomains]
      X-Content-Type-Options: [nosniff]
      x-ms-request-id: [3d74e25a-8711-4e16-9f9a-d9928b418895]
      x-ms-webhdfs-version: [16.07.07.01]
    status: {code: 200, message: OK}
- request:
    body: null
    headers:
      Accept: ['*/*']
      Accept-Encoding: ['gzip, deflate']
      Connection: [keep-alive]
      Content-Length: ['0']
      User-Agent: [python-requests/2.11.1]
    method: PUT
    uri: https://fakestore.azuredatalakestore.net/webhdfs/v1/azure_test_dir/a?permission=0555&OP=SETPERMISSION
  response:
    body: {string: ''}
    headers:
      Cache-Control: [no-cache]
      Content-Length: ['0']
      Date: ['Tue, 13 Sep 2016 14:39:24 GMT']
      Expires: ['-1']
      Pragma: [no-cache]
      Server-Perf: ['[938d6e26-9718-488f-aca2-c0d3c15b7df7][ AuthTime::0::PostAuthTime::0
          ][S-HdfsSetPermission :: 00:00:014 ms]%0a[SETPERMISSION :: 00:00:017 ms]%0a']
      Status: ['0x0']
      Strict-Transport-Security: [max-age=15724800; includeSubDomains]
      X-Content-Type-Options: [nosniff]
      x-ms-request-id: [938d6e26-9718-488f-aca2-c0d3c15b7df7]
      x-ms-webhdfs-version: [16.07.07.01]
    status: {code: 200, message: OK}
- request:
    body: null
    headers:
      Accept: ['*/*']
      Accept-Encoding: ['gzip, deflate']
      Connection: [keep-alive]
      User-Agent: [python-requests/2.11.1]
    method: GET
    uri: https://fakestore.azuredatalakestore.net/webhdfs/v1/azure_test_dir?OP=LISTSTATUS
  response:
    body: {string: '{"FileStatuses":{"FileStatus":[{"length":0,"pathSuffix":"a","type":"FILE","blockSize":268435456,"accessTime":1473777564155,"modificationTime":1473777564155,"replication":1,"permission":"555","owner":"49b2f9ec-818a-49ca-9424-249e1f19f7d7","group":"49b2f9ec-818a-49ca-9424-249e1f19f7d7"}]}}'}
    headers:
      Cache-Control: [no-cache]
      Content-Length: ['288']
      Content-Type: [application/json; charset=utf-8]
      Date: ['Tue, 13 Sep 2016 14:39:24 GMT']
      Expires: ['-1']
      Pragma: [no-cache]
      Server-Perf: ['[21fde8f0-1967-4112-b2d4-9a6ee3425e3e][ AuthTime::0::PostAuthTime::0
          ][S-HdfsListStatus :: 00:00:011 ms]%0a[LISTSTATUS :: 00:00:012 ms]%0a']
      Status: ['0x0']
      Strict-Transport-Security: [max-age=15724800; includeSubDomains]
      X-Content-Type-Options: [nosniff]
      x-ms-request-id: [21fde8f0-1967-4112-b2d4-9a6ee3425e3e]
      x-ms-webhdfs-version: [16.07.07.01]
    status: {code: 200, message: OK}
- request:
    body: data
    headers:
      Accept: ['*/*']
      Accept-Encoding: ['gzip, deflate']
      Connection: [keep-alive]
      Content-Length: ['4']
      User-Agent: [python-requests/2.11.1]
    method: POST
    uri: https://fakestore.azuredatalakestore.net/webhdfs/v1/azure_test_dir/a?append=true&OP=APPEND
  response:
    body: {string: '{"RemoteException":{"exception":"AccessControlException","message":"Operation
        failed. failed with error 0x83090aa2 (Either the resource does not exist or
        the current user is not authorized to perform the requested operation). [d656df18-0187-4563-9236-de10ad0719a4][2016-09-13T07:39:25.2068527-07:00]","javaClassName":"org.apache.hadoop.security.AccessControlException"}}'}
    headers:
      Cache-Control: [no-cache]
      Content-Length: ['370']
      Content-Type: [application/json; charset=utf-8]
      Date: ['Tue, 13 Sep 2016 14:39:24 GMT']
      Expires: ['-1']
      Pragma: [no-cache]
      Server-Perf: ['[d656df18-0187-4563-9236-de10ad0719a4][ AuthTime::0::PostAuthTime::0
          ][S-FsOpenStream :: 00:00:004 ms]%0a[APPEND :: 00:00:010 ms]%0a']
      Status: ['0x83090AA2']
      Strict-Transport-Security: [max-age=15724800; includeSubDomains]
      X-Content-Type-Options: [nosniff]
      x-ms-request-id: [d656df18-0187-4563-9236-de10ad0719a4]
      x-ms-webhdfs-version: [16.07.07.01]
    status: {code: 403, message: Forbidden}
- request:
    body: null
    headers:
      Accept: ['*/*']
      Accept-Encoding: ['gzip, deflate']
      Connection: [keep-alive]
      Content-Length: ['0']
      User-Agent: [python-requests/2.11.1]
    method: PUT
    uri: https://fakestore.azuredatalakestore.net/webhdfs/v1/azure_test_dir/a?permission=0770&OP=SETPERMISSION
  response:
    body: {string: ''}
    headers:
      Cache-Control: [no-cache]
      Content-Length: ['0']
      Date: ['Tue, 13 Sep 2016 14:39:25 GMT']
      Expires: ['-1']
      Pragma: [no-cache]
      Server-Perf: ['[37dc1785-8840-47f7-9d89-0b997b1295be][ AuthTime::0::PostAuthTime::0
          ][S-HdfsSetPermission :: 00:00:028 ms]%0a[SETPERMISSION :: 00:00:032 ms]%0a']
      Status: ['0x0']
      Strict-Transport-Security: [max-age=15724800; includeSubDomains]
      X-Content-Type-Options: [nosniff]
      x-ms-request-id: [37dc1785-8840-47f7-9d89-0b997b1295be]
      x-ms-webhdfs-version: [16.07.07.01]
    status: {code: 200, message: OK}
- request:
    body: null
    headers:
      Accept: ['*/*']
      Accept-Encoding: ['gzip, deflate']
      Connection: [keep-alive]
      User-Agent: [python-requests/2.11.1]
    method: GET
    uri: https://fakestore.azuredatalakestore.net/webhdfs/v1/azure_test_dir?OP=LISTSTATUS
  response:
    body: {string: '{"FileStatuses":{"FileStatus":[{"length":0,"pathSuffix":"a","type":"FILE","blockSize":268435456,"accessTime":1473777564155,"modificationTime":1473777564155,"replication":1,"permission":"770","owner":"49b2f9ec-818a-49ca-9424-249e1f19f7d7","group":"49b2f9ec-818a-49ca-9424-249e1f19f7d7"}]}}'}
    headers:
      Cache-Control: [no-cache]
      Content-Length: ['288']
      Content-Type: [application/json; charset=utf-8]
      Date: ['Tue, 13 Sep 2016 14:39:25 GMT']
      Expires: ['-1']
      Pragma: [no-cache]
      Server-Perf: ['[f45a3520-1a57-4e9a-897f-017db1c11de0][ AuthTime::0::PostAuthTime::0
          ][S-HdfsListStatus :: 00:00:014 ms]%0a[LISTSTATUS :: 00:00:014 ms]%0a']
      Status: ['0x0']
      Strict-Transport-Security: [max-age=15724800; includeSubDomains]
      X-Content-Type-Options: [nosniff]
      x-ms-request-id: [f45a3520-1a57-4e9a-897f-017db1c11de0]
      x-ms-webhdfs-version: [16.07.07.01]
    status: {code: 200, message: OK}
- request:
    body: null
    headers:
      Accept: ['*/*']
      Accept-Encoding: ['gzip, deflate']
      Connection: [keep-alive]
      Content-Length: ['0']
      User-Agent: [python-requests/2.11.1]
    method: DELETE
    uri: https://fakestore.azuredatalakestore.net/webhdfs/v1/azure_test_dir/a?recursive=False&OP=DELETE
  response:
    body: {string: '{"boolean":true}'}
    headers:
      Cache-Control: [no-cache]
      Content-Length: ['16']
      Content-Type: [application/json; charset=utf-8]
      Date: ['Tue, 13 Sep 2016 14:39:25 GMT']
      Expires: ['-1']
      Pragma: [no-cache]
      Server-Perf: ['[dad1f15a-277d-4ac5-9678-567511324b61][ AuthTime::0::PostAuthTime::0
          ][S-FsDelete :: 00:00:095 ms]%0a[DELETE :: 00:00:098 ms]%0a']
      Status: ['0x0']
      Strict-Transport-Security: [max-age=15724800; includeSubDomains]
      X-Content-Type-Options: [nosniff]
      x-ms-request-id: [dad1f15a-277d-4ac5-9678-567511324b61]
      x-ms-webhdfs-version: [16.07.07.01]
    status: {code: 200, message: OK}
- request:
    body: null
    headers:
      Accept: ['*/*']
      Accept-Encoding: ['gzip, deflate']
      Connection: [keep-alive]
      Content-Length: ['0']
      User-Agent: [python-requests/2.11.1]
    method: PUT
    uri: https://fakestore.azuredatalakestore.net/webhdfs/v1/azure_test_dir/deep?OP=MKDIRS
  response:
    body: {string: '{"boolean":true}'}
    headers:
      Cache-Control: [no-cache]
      Content-Length: ['16']
      Content-Type: [application/json; charset=utf-8]
      Date: ['Tue, 13 Sep 2016 14:39:26 GMT']
      Expires: ['-1']
      Pragma: [no-cache]
      Server-Perf: ['[3bbd0597-b7bc-4cbf-b099-68a7b9962a46][ AuthTime::0::PostAuthTime::0
          ][S-HdfsMkdirs :: 00:00:038 ms]%0a[MKDIRS :: 00:00:038 ms]%0a']
      Status: ['0x0']
      Strict-Transport-Security: [max-age=15724800; includeSubDomains]
      X-Content-Type-Options: [nosniff]
      x-ms-request-id: [3bbd0597-b7bc-4cbf-b099-68a7b9962a46]
      x-ms-webhdfs-version: [16.07.07.01]
    status: {code: 200, message: OK}
- request:
    body: null
    headers:
      Accept: ['*/*']
      Accept-Encoding: ['gzip, deflate']
      Connection: [keep-alive]
      Content-Length: ['0']
      User-Agent: [python-requests/2.11.1]
    method: PUT
    uri: https://fakestore.azuredatalakestore.net/webhdfs/v1/azure_test_dir/deep/file?overwrite=true&write=true&OP=CREATE
  response:
    body: {string: ''}
    headers:
      Cache-Control: [no-cache]
      Content-Length: ['0']
      ContentLength: ['0']
      Date: ['Tue, 13 Sep 2016 14:39:25 GMT']
      Expires: ['-1']
      Location: ['https://fakestore.azuredatalakestore.net/webhdfs/v1/azure_test_dir/deep/file?overwrite=true&write=true&OP=CREATE']
      Pragma: [no-cache]
      Server-Perf: ['[8b997af9-6e58-4ffd-be35-ec2cd599eb7a][ AuthTime::0::PostAuthTime::0
          ][S-HdfsGetFileStatusV2 :: 00:00:007 ms]%0a[S-HdfsCheckAccess :: 00:00:002
          ms]%0a[S-FsDelete :: 00:00:005 ms]%0a[S-FsOpenStream :: 00:00:050 ms]%0a[BufferingTime
          :: 00:00:000 ms]%0a[WriteTime :: 00:00:000 ms]%0a[S-FsAppendStream :: 00:00:032
          ms]%0a[S-FsCloseHandle :: 00:00:001 ms]%0a[CREATE :: 00:00:102 ms]%0a']
      Status: ['0x0']
      Strict-Transport-Security: [max-age=15724800; includeSubDomains]
      X-Content-Type-Options: [nosniff]
      x-ms-request-id: [8b997af9-6e58-4ffd-be35-ec2cd599eb7a]
      x-ms-webhdfs-version: [16.07.07.01]
    status: {code: 201, message: Created}
- request:
    body: null
    headers:
      Accept: ['*/*']
      Accept-Encoding: ['gzip, deflate']
      Connection: [keep-alive]
      Content-Length: ['0']
      User-Agent: [python-requests/2.11.1]
    method: PUT
    uri: https://fakestore.azuredatalakestore.net/webhdfs/v1/azure_test_dir/deep?permission=660&OP=SETPERMISSION
  response:
    body: {string: ''}
    headers:
      Cache-Control: [no-cache]
      Content-Length: ['0']
      Date: ['Tue, 13 Sep 2016 14:39:26 GMT']
      Expires: ['-1']
      Pragma: [no-cache]
      Server-Perf: ['[56e56678-112a-4a1e-8a48-c3063fa42be7][ AuthTime::0::PostAuthTime::0
          ][S-HdfsSetPermission :: 00:00:029 ms]%0a[SETPERMISSION :: 00:00:030 ms]%0a']
      Status: ['0x0']
      Strict-Transport-Security: [max-age=15724800; includeSubDomains]
      X-Content-Type-Options: [nosniff]
      x-ms-request-id: [56e56678-112a-4a1e-8a48-c3063fa42be7]
      x-ms-webhdfs-version: [16.07.07.01]
    status: {code: 200, message: OK}
- request:
    body: null
    headers:
      Accept: ['*/*']
      Accept-Encoding: ['gzip, deflate']
      Connection: [keep-alive]
      User-Agent: [python-requests/2.11.1]
    method: GET
    uri: https://fakestore.azuredatalakestore.net/webhdfs/v1/azure_test_dir/deep?OP=LISTSTATUS
  response:
    body: {string: '{"RemoteException":{"exception":"AccessControlException","message":"ListStatus
        failed with error 0x83090aa2 (Either the resource does not exist or the current
        user is not authorized to perform the requested operation). [f025a7df-c2c9-4f38-93e5-ad9ce6984312][2016-09-13T07:39:28.4486687-07:00]","javaClassName":"org.apache.hadoop.security.AccessControlException"}}'}
    headers:
      Cache-Control: [no-cache]
      Content-Length: ['363']
      Content-Type: [application/json; charset=utf-8]
      Date: ['Tue, 13 Sep 2016 14:39:27 GMT']
      Expires: ['-1']
      Pragma: [no-cache]
      Server-Perf: ['[f025a7df-c2c9-4f38-93e5-ad9ce6984312][ AuthTime::0::PostAuthTime::0
          ][S-HdfsListStatus :: 00:00:007 ms]%0a[S-HdfsListStatus :: 00:00:006 ms]%0a[S-HdfsListStatus
          :: 00:00:006 ms]%0a[S-HdfsListStatus :: 00:00:006 ms]%0a[S-HdfsListStatus
          :: 00:00:006 ms]%0a[LISTSTATUS :: 00:01:256 ms]%0a']
      Status: ['0x83090AA2']
      Strict-Transport-Security: [max-age=15724800; includeSubDomains]
      X-Content-Type-Options: [nosniff]
      x-ms-request-id: [f025a7df-c2c9-4f38-93e5-ad9ce6984312]
      x-ms-webhdfs-version: [16.07.07.01]
    status: {code: 403, message: Forbidden}
- request:
    body: null
    headers:
      Accept: ['*/*']
      Accept-Encoding: ['gzip, deflate']
      Connection: [keep-alive]
      Content-Length: ['0']
      User-Agent: [python-requests/2.11.1]
    method: PUT
    uri: https://fakestore.azuredatalakestore.net/webhdfs/v1/azure_test_dir/deep?permission=770&OP=SETPERMISSION
  response:
    body: {string: ''}
    headers:
      Cache-Control: [no-cache]
      Content-Length: ['0']
      Date: ['Tue, 13 Sep 2016 14:39:28 GMT']
      Expires: ['-1']
      Pragma: [no-cache]
      Server-Perf: ['[7f43d29e-c6c5-4e5f-be55-0d25c3669761][ AuthTime::0::PostAuthTime::0
          ][S-HdfsSetPermission :: 00:00:023 ms]%0a[SETPERMISSION :: 00:00:027 ms]%0a']
      Status: ['0x0']
      Strict-Transport-Security: [max-age=15724800; includeSubDomains]
      X-Content-Type-Options: [nosniff]
      x-ms-request-id: [7f43d29e-c6c5-4e5f-be55-0d25c3669761]
      x-ms-webhdfs-version: [16.07.07.01]
    status: {code: 200, message: OK}
- request:
    body: null
    headers:
      Accept: ['*/*']
      Accept-Encoding: ['gzip, deflate']
      Connection: [keep-alive]
      User-Agent: [python-requests/2.11.1]
    method: GET
    uri: https://fakestore.azuredatalakestore.net/webhdfs/v1/azure_test_dir?OP=LISTSTATUS
  response:
    body: {string: '{"FileStatuses":{"FileStatus":[{"length":0,"pathSuffix":"deep","type":"DIRECTORY","blockSize":0,"accessTime":1473777566285,"modificationTime":1473777566631,"replication":0,"permission":"770","owner":"49b2f9ec-818a-49ca-9424-249e1f19f7d7","group":"49b2f9ec-818a-49ca-9424-249e1f19f7d7"}]}}'}
    headers:
      Cache-Control: [no-cache]
      Content-Length: ['288']
      Content-Type: [application/json; charset=utf-8]
      Date: ['Tue, 13 Sep 2016 14:39:28 GMT']
      Expires: ['-1']
      Pragma: [no-cache]
      Server-Perf: ['[7149e7e9-1eeb-4da5-8a46-e64eb9ee90b3][ AuthTime::0::PostAuthTime::0
          ][S-HdfsListStatus :: 00:00:006 ms]%0a[LISTSTATUS :: 00:00:006 ms]%0a']
      Status: ['0x0']
      Strict-Transport-Security: [max-age=15724800; includeSubDomains]
      X-Content-Type-Options: [nosniff]
      x-ms-request-id: [7149e7e9-1eeb-4da5-8a46-e64eb9ee90b3]
      x-ms-webhdfs-version: [16.07.07.01]
    status: {code: 200, message: OK}
- request:
    body: null
    headers:
      Accept: ['*/*']
      Accept-Encoding: ['gzip, deflate']
      Connection: [keep-alive]
      Content-Length: ['0']
      User-Agent: [python-requests/2.11.1]
    method: DELETE
    uri: https://fakestore.azuredatalakestore.net/webhdfs/v1/azure_test_dir/deep?recursive=True&OP=DELETE
  response:
    body: {string: '{"boolean":true}'}
    headers:
      Cache-Control: [no-cache]
      Content-Length: ['16']
      Content-Type: [application/json; charset=utf-8]
      Date: ['Tue, 13 Sep 2016 14:39:28 GMT']
      Expires: ['-1']
      Pragma: [no-cache]
      Server-Perf: ['[c1ce95a3-de7c-414d-b4ec-2782134e9266][ AuthTime::0::PostAuthTime::0
          ][S-FsDelete :: 00:00:052 ms]%0a[DELETE :: 00:00:055 ms]%0a']
      Status: ['0x0']
      Strict-Transport-Security: [max-age=15724800; includeSubDomains]
      X-Content-Type-Options: [nosniff]
      x-ms-request-id: [c1ce95a3-de7c-414d-b4ec-2782134e9266]
      x-ms-webhdfs-version: [16.07.07.01]
    status: {code: 200, message: OK}
- request:
    body: data
    headers:
      Accept: ['*/*']
      Accept-Encoding: ['gzip, deflate']
      Connection: [keep-alive]
      Content-Length: ['4']
      User-Agent: [python-requests/2.11.1]
    method: POST
    uri: https://fakestore.azuredatalakestore.net/webhdfs/v1/azure_test_dir/a?append=true&OP=APPEND
  response:
    body: {string: '{"RemoteException":{"exception":"FileNotFoundException","message":"Operation
        failed. failed with error 0x8309000a (Stream not found). [d2155eaf-36b0-4707-81b2-11563e88fd11][2016-09-13T07:39:29.5906128-07:00]","javaClassName":"java.io.FileNotFoundException"}}'}
    headers:
      Cache-Control: [no-cache]
      Content-Length: ['258']
      Content-Type: [application/json; charset=utf-8]
      Date: ['Tue, 13 Sep 2016 14:39:29 GMT']
      Expires: ['-1']
      Pragma: [no-cache]
      Server-Perf: ['[d2155eaf-36b0-4707-81b2-11563e88fd11][ AuthTime::0::PostAuthTime::0
          ][S-FsOpenStream :: 00:00:008 ms]%0a[APPEND :: 00:00:013 ms]%0a']
      Status: ['0x8309000A']
      Strict-Transport-Security: [max-age=15724800; includeSubDomains]
      X-Content-Type-Options: [nosniff]
      x-ms-request-id: [d2155eaf-36b0-4707-81b2-11563e88fd11]
      x-ms-webhdfs-version: [16.07.07.01]
    status: {code: 404, message: Not Found}
- request:
    body: null
    headers:
      Accept: ['*/*']
      Accept-Encoding: ['gzip, deflate']
      Connection: [keep-alive]
      Content-Length: ['0']
      User-Agent: [python-requests/2.11.1]
    method: PUT
    uri: https://fakestore.azuredatalakestore.net/webhdfs/v1/azure_test_dir/a?write=true&overwrite=true&OP=CREATE
  response:
    body: {string: ''}
    headers:
      Cache-Control: [no-cache]
      Content-Length: ['0']
      ContentLength: ['0']
      Date: ['Tue, 13 Sep 2016 14:44:22 GMT']
      Expires: ['-1']
      Location: ['https://fakestore.azuredatalakestore.net/webhdfs/v1/azure_test_dir/a?write=true&overwrite=true&OP=CREATE']
      Pragma: [no-cache]
      Server-Perf: ['[fb832a42-8ec8-425a-a484-49a2dbbad917][ AuthTime::0::PostAuthTime::0
          ][S-HdfsGetFileStatusV2 :: 00:00:005 ms]%0a[S-HdfsCheckAccess :: 00:00:002
          ms]%0a[S-FsDelete :: 00:00:005 ms]%0a[S-FsOpenStream :: 00:00:070 ms]%0a[BufferingTime
          :: 00:00:000 ms]%0a[WriteTime :: 00:00:000 ms]%0a[S-FsAppendStream :: 00:00:033
          ms]%0a[S-FsCloseHandle :: 00:00:001 ms]%0a[CREATE :: 00:00:121 ms]%0a']
      Status: ['0x0']
      Strict-Transport-Security: [max-age=15724800; includeSubDomains]
      X-Content-Type-Options: [nosniff]
      x-ms-request-id: [fb832a42-8ec8-425a-a484-49a2dbbad917]
      x-ms-webhdfs-version: [16.07.07.01]
    status: {code: 201, message: Created}
- request:
    body: null
    headers:
      Accept: ['*/*']
      Accept-Encoding: ['gzip, deflate']
      Connection: [keep-alive]
      User-Agent: [python-requests/2.11.1]
    method: GET
    uri: https://fakestore.azuredatalakestore.net/webhdfs/v1/azure_test_dir?OP=LISTSTATUS
  response:
    body: {string: '{"FileStatuses":{"FileStatus":[{"length":0,"pathSuffix":"a","type":"FILE","blockSize":268435456,"accessTime":1473777863428,"modificationTime":1473777863428,"replication":1,"permission":"770","owner":"49b2f9ec-818a-49ca-9424-249e1f19f7d7","group":"49b2f9ec-818a-49ca-9424-249e1f19f7d7"}]}}'}
    headers:
      Cache-Control: [no-cache]
      Content-Length: ['288']
      Content-Type: [application/json; charset=utf-8]
      Date: ['Tue, 13 Sep 2016 14:44:23 GMT']
      Expires: ['-1']
      Pragma: [no-cache]
      Server-Perf: ['[8fc59974-1154-4c47-9594-e09801d4e8b3][ AuthTime::0::PostAuthTime::0
          ][S-HdfsListStatus :: 00:00:012 ms]%0a[LISTSTATUS :: 00:00:012 ms]%0a']
      Status: ['0x0']
      Strict-Transport-Security: [max-age=15724800; includeSubDomains]
      X-Content-Type-Options: [nosniff]
      x-ms-request-id: [8fc59974-1154-4c47-9594-e09801d4e8b3]
      x-ms-webhdfs-version: [16.07.07.01]
    status: {code: 200, message: OK}
- request:
    body: null
    headers:
      Accept: ['*/*']
      Accept-Encoding: ['gzip, deflate']
      Connection: [keep-alive]
      Content-Length: ['0']
      User-Agent: [python-requests/2.11.1]
    method: PUT
    uri: https://fakestore.azuredatalakestore.net/webhdfs/v1/azure_test_dir/a?permission=0555&OP=SETPERMISSION
  response:
    body: {string: ''}
    headers:
      Cache-Control: [no-cache]
      Content-Length: ['0']
      Date: ['Tue, 13 Sep 2016 14:44:23 GMT']
      Expires: ['-1']
      Pragma: [no-cache]
      Server-Perf: ['[1cb75521-541f-4e45-a4ce-a9a673889f63][ AuthTime::0::PostAuthTime::0
          ][S-HdfsSetPermission :: 00:00:033 ms]%0a[SETPERMISSION :: 00:00:036 ms]%0a']
      Status: ['0x0']
      Strict-Transport-Security: [max-age=15724800; includeSubDomains]
      X-Content-Type-Options: [nosniff]
      x-ms-request-id: [1cb75521-541f-4e45-a4ce-a9a673889f63]
      x-ms-webhdfs-version: [16.07.07.01]
    status: {code: 200, message: OK}
- request:
    body: null
    headers:
      Accept: ['*/*']
      Accept-Encoding: ['gzip, deflate']
      Connection: [keep-alive]
      User-Agent: [python-requests/2.11.1]
    method: GET
    uri: https://fakestore.azuredatalakestore.net/webhdfs/v1/azure_test_dir?OP=LISTSTATUS
  response:
    body: {string: '{"FileStatuses":{"FileStatus":[{"length":0,"pathSuffix":"a","type":"FILE","blockSize":268435456,"accessTime":1473777863428,"modificationTime":1473777863428,"replication":1,"permission":"555","owner":"49b2f9ec-818a-49ca-9424-249e1f19f7d7","group":"49b2f9ec-818a-49ca-9424-249e1f19f7d7"}]}}'}
    headers:
      Cache-Control: [no-cache]
      Content-Length: ['288']
      Content-Type: [application/json; charset=utf-8]
      Date: ['Tue, 13 Sep 2016 14:44:23 GMT']
      Expires: ['-1']
      Pragma: [no-cache]
      Server-Perf: ['[5969f61f-2797-4959-b1e0-fd99b98e36dc][ AuthTime::0::PostAuthTime::0
          ][S-HdfsListStatus :: 00:00:083 ms]%0a[LISTSTATUS :: 00:00:083 ms]%0a']
      Status: ['0x0']
      Strict-Transport-Security: [max-age=15724800; includeSubDomains]
      X-Content-Type-Options: [nosniff]
      x-ms-request-id: [5969f61f-2797-4959-b1e0-fd99b98e36dc]
      x-ms-webhdfs-version: [16.07.07.01]
    status: {code: 200, message: OK}
- request:
    body: data
    headers:
      Accept: ['*/*']
      Accept-Encoding: ['gzip, deflate']
      Connection: [keep-alive]
      Content-Length: ['4']
      User-Agent: [python-requests/2.11.1]
    method: POST
    uri: https://fakestore.azuredatalakestore.net/webhdfs/v1/azure_test_dir/a?OP=APPEND&append=true
  response:
    body: {string: '{"RemoteException":{"exception":"AccessControlException","message":"Operation
        failed. failed with error 0x83090aa2 (Either the resource does not exist or
        the current user is not authorized to perform the requested operation). [7f3535fe-d66d-439c-aebf-044f18c164ea][2016-09-13T07:44:24.5913651-07:00]","javaClassName":"org.apache.hadoop.security.AccessControlException"}}'}
    headers:
      Cache-Control: [no-cache]
      Content-Length: ['370']
      Content-Type: [application/json; charset=utf-8]
      Date: ['Tue, 13 Sep 2016 14:44:24 GMT']
      Expires: ['-1']
      Pragma: [no-cache]
      Server-Perf: ['[7f3535fe-d66d-439c-aebf-044f18c164ea][ AuthTime::0::PostAuthTime::0
          ][S-FsOpenStream :: 00:00:007 ms]%0a[APPEND :: 00:00:013 ms]%0a']
      Status: ['0x83090AA2']
      Strict-Transport-Security: [max-age=15724800; includeSubDomains]
      X-Content-Type-Options: [nosniff]
      x-ms-request-id: [7f3535fe-d66d-439c-aebf-044f18c164ea]
      x-ms-webhdfs-version: [16.07.07.01]
    status: {code: 403, message: Forbidden}
- request:
    body: null
    headers:
      Accept: ['*/*']
      Accept-Encoding: ['gzip, deflate']
      Connection: [keep-alive]
      Content-Length: ['0']
      User-Agent: [python-requests/2.11.1]
    method: PUT
    uri: https://fakestore.azuredatalakestore.net/webhdfs/v1/azure_test_dir/a?permission=0770&OP=SETPERMISSION
  response:
    body: {string: ''}
    headers:
      Cache-Control: [no-cache]
      Content-Length: ['0']
      Date: ['Tue, 13 Sep 2016 14:44:23 GMT']
      Expires: ['-1']
      Pragma: [no-cache]
      Server-Perf: ['[c68f0ccd-a6c0-4e29-9509-76753995dd91][ AuthTime::0::PostAuthTime::0
          ][S-HdfsSetPermission :: 00:00:018 ms]%0a[SETPERMISSION :: 00:00:019 ms]%0a']
      Status: ['0x0']
      Strict-Transport-Security: [max-age=15724800; includeSubDomains]
      X-Content-Type-Options: [nosniff]
      x-ms-request-id: [c68f0ccd-a6c0-4e29-9509-76753995dd91]
      x-ms-webhdfs-version: [16.07.07.01]
    status: {code: 200, message: OK}
- request:
    body: null
    headers:
      Accept: ['*/*']
      Accept-Encoding: ['gzip, deflate']
      Connection: [keep-alive]
      User-Agent: [python-requests/2.11.1]
    method: GET
    uri: https://fakestore.azuredatalakestore.net/webhdfs/v1/azure_test_dir?OP=LISTSTATUS
  response:
    body: {string: '{"FileStatuses":{"FileStatus":[{"length":0,"pathSuffix":"a","type":"FILE","blockSize":268435456,"accessTime":1473777863428,"modificationTime":1473777863428,"replication":1,"permission":"770","owner":"49b2f9ec-818a-49ca-9424-249e1f19f7d7","group":"49b2f9ec-818a-49ca-9424-249e1f19f7d7"}]}}'}
    headers:
      Cache-Control: [no-cache]
      Content-Length: ['288']
      Content-Type: [application/json; charset=utf-8]
      Date: ['Tue, 13 Sep 2016 14:44:24 GMT']
      Expires: ['-1']
      Pragma: [no-cache]
      Server-Perf: ['[e05dcbd5-3b5b-4471-800d-bb5fe1c8e7d5][ AuthTime::0::PostAuthTime::0
          ][S-HdfsListStatus :: 00:00:011 ms]%0a[LISTSTATUS :: 00:00:011 ms]%0a']
      Status: ['0x0']
      Strict-Transport-Security: [max-age=15724800; includeSubDomains]
      X-Content-Type-Options: [nosniff]
      x-ms-request-id: [e05dcbd5-3b5b-4471-800d-bb5fe1c8e7d5]
      x-ms-webhdfs-version: [16.07.07.01]
    status: {code: 200, message: OK}
- request:
    body: null
    headers:
      Accept: ['*/*']
      Accept-Encoding: ['gzip, deflate']
      Connection: [keep-alive]
      Content-Length: ['0']
      User-Agent: [python-requests/2.11.1]
    method: DELETE
    uri: https://fakestore.azuredatalakestore.net/webhdfs/v1/azure_test_dir/a?OP=DELETE&recursive=False
  response:
    body: {string: '{"boolean":true}'}
    headers:
      Cache-Control: [no-cache]
      Content-Length: ['16']
      Content-Type: [application/json; charset=utf-8]
      Date: ['Tue, 13 Sep 2016 14:44:24 GMT']
      Expires: ['-1']
      Pragma: [no-cache]
      Server-Perf: ['[ec839ff3-7a77-409a-8f43-4ecc1e704309][ AuthTime::0::PostAuthTime::0
          ][S-FsDelete :: 00:00:115 ms]%0a[DELETE :: 00:00:117 ms]%0a']
      Status: ['0x0']
      Strict-Transport-Security: [max-age=15724800; includeSubDomains]
      X-Content-Type-Options: [nosniff]
      x-ms-request-id: [ec839ff3-7a77-409a-8f43-4ecc1e704309]
      x-ms-webhdfs-version: [16.07.07.01]
    status: {code: 200, message: OK}
- request:
    body: null
    headers:
      Accept: ['*/*']
      Accept-Encoding: ['gzip, deflate']
      Connection: [keep-alive]
      Content-Length: ['0']
      User-Agent: [python-requests/2.11.1]
    method: PUT
    uri: https://fakestore.azuredatalakestore.net/webhdfs/v1/azure_test_dir/deep?OP=MKDIRS
  response:
    body: {string: '{"boolean":true}'}
    headers:
      Cache-Control: [no-cache]
      Content-Length: ['16']
      Content-Type: [application/json; charset=utf-8]
      Date: ['Tue, 13 Sep 2016 14:44:24 GMT']
      Expires: ['-1']
      Pragma: [no-cache]
      Server-Perf: ['[a09d33b4-3283-4fb1-a3ab-14e0f3f07780][ AuthTime::0::PostAuthTime::0
          ][S-HdfsMkdirs :: 00:00:025 ms]%0a[MKDIRS :: 00:00:027 ms]%0a']
      Status: ['0x0']
      Strict-Transport-Security: [max-age=15724800; includeSubDomains]
      X-Content-Type-Options: [nosniff]
      x-ms-request-id: [a09d33b4-3283-4fb1-a3ab-14e0f3f07780]
      x-ms-webhdfs-version: [16.07.07.01]
    status: {code: 200, message: OK}
- request:
    body: null
    headers:
      Accept: ['*/*']
      Accept-Encoding: ['gzip, deflate']
      Connection: [keep-alive]
      Content-Length: ['0']
      User-Agent: [python-requests/2.11.1]
    method: PUT
    uri: https://fakestore.azuredatalakestore.net/webhdfs/v1/azure_test_dir/deep/file?write=true&overwrite=true&OP=CREATE
  response:
    body: {string: ''}
    headers:
      Cache-Control: [no-cache]
      Content-Length: ['0']
      ContentLength: ['0']
      Date: ['Tue, 13 Sep 2016 14:44:25 GMT']
      Expires: ['-1']
      Location: ['https://fakestore.azuredatalakestore.net/webhdfs/v1/azure_test_dir/deep/file?write=true&overwrite=true&OP=CREATE']
      Pragma: [no-cache]
      Server-Perf: ['[aa12adbf-21d1-45a3-85be-df3cf6e1d372][ AuthTime::0::PostAuthTime::0
          ][S-HdfsGetFileStatusV2 :: 00:00:009 ms]%0a[S-HdfsCheckAccess :: 00:00:006
          ms]%0a[S-FsDelete :: 00:00:008 ms]%0a[S-FsOpenStream :: 00:00:060 ms]%0a[BufferingTime
          :: 00:00:000 ms]%0a[WriteTime :: 00:00:000 ms]%0a[S-FsAppendStream :: 00:00:046
          ms]%0a[S-FsCloseHandle :: 00:00:005 ms]%0a[CREATE :: 00:00:141 ms]%0a']
      Status: ['0x0']
      Strict-Transport-Security: [max-age=15724800; includeSubDomains]
      X-Content-Type-Options: [nosniff]
      x-ms-request-id: [aa12adbf-21d1-45a3-85be-df3cf6e1d372]
      x-ms-webhdfs-version: [16.07.07.01]
    status: {code: 201, message: Created}
- request:
    body: null
    headers:
      Accept: ['*/*']
      Accept-Encoding: ['gzip, deflate']
      Connection: [keep-alive]
      Content-Length: ['0']
      User-Agent: [python-requests/2.11.1]
    method: PUT
    uri: https://fakestore.azuredatalakestore.net/webhdfs/v1/azure_test_dir/deep?permission=660&OP=SETPERMISSION
  response:
    body: {string: ''}
    headers:
      Cache-Control: [no-cache]
      Content-Length: ['0']
      Date: ['Tue, 13 Sep 2016 14:44:25 GMT']
      Expires: ['-1']
      Pragma: [no-cache]
      Server-Perf: ['[231f706b-f1dd-4d80-9b72-7869b6286199][ AuthTime::0::PostAuthTime::0
          ][S-HdfsSetPermission :: 00:00:030 ms]%0a[SETPERMISSION :: 00:00:034 ms]%0a']
      Status: ['0x0']
      Strict-Transport-Security: [max-age=15724800; includeSubDomains]
      X-Content-Type-Options: [nosniff]
      x-ms-request-id: [231f706b-f1dd-4d80-9b72-7869b6286199]
      x-ms-webhdfs-version: [16.07.07.01]
    status: {code: 200, message: OK}
- request:
    body: null
    headers:
      Accept: ['*/*']
      Accept-Encoding: ['gzip, deflate']
      Connection: [keep-alive]
      User-Agent: [python-requests/2.11.1]
    method: GET
    uri: https://fakestore.azuredatalakestore.net/webhdfs/v1/azure_test_dir/deep?OP=LISTSTATUS
  response:
    body: {string: '{"RemoteException":{"exception":"AccessControlException","message":"ListStatus
        failed with error 0x83090aa2 (Either the resource does not exist or the current
        user is not authorized to perform the requested operation). [db739ebd-71be-4a4a-8756-d42c87b5e025][2016-09-13T07:44:27.9351952-07:00]","javaClassName":"org.apache.hadoop.security.AccessControlException"}}'}
    headers:
      Cache-Control: [no-cache]
      Content-Length: ['363']
      Content-Type: [application/json; charset=utf-8]
      Date: ['Tue, 13 Sep 2016 14:44:27 GMT']
      Expires: ['-1']
      Pragma: [no-cache]
      Server-Perf: ['[db739ebd-71be-4a4a-8756-d42c87b5e025][ AuthTime::1295.36725521985::PostAuthTime::809.551077626668
          ][S-HdfsListStatus :: 00:00:010 ms]%0a[S-HdfsListStatus :: 00:00:010 ms]%0a[S-HdfsListStatus
          :: 00:00:007 ms]%0a[S-HdfsListStatus :: 00:00:008 ms]%0a[S-HdfsListStatus
          :: 00:00:008 ms]%0a[LISTSTATUS :: 00:01:268 ms]%0a']
      Status: ['0x83090AA2']
      Strict-Transport-Security: [max-age=15724800; includeSubDomains]
      X-Content-Type-Options: [nosniff]
      x-ms-request-id: [db739ebd-71be-4a4a-8756-d42c87b5e025]
      x-ms-webhdfs-version: [16.07.07.01]
    status: {code: 403, message: Forbidden}
- request:
    body: null
    headers:
      Accept: ['*/*']
      Accept-Encoding: ['gzip, deflate']
      Connection: [keep-alive]
      Content-Length: ['0']
      User-Agent: [python-requests/2.11.1]
    method: PUT
    uri: https://fakestore.azuredatalakestore.net/webhdfs/v1/azure_test_dir/deep?permission=770&OP=SETPERMISSION
  response:
    body: {string: ''}
    headers:
      Cache-Control: [no-cache]
      Content-Length: ['0']
      Date: ['Tue, 13 Sep 2016 14:44:27 GMT']
      Expires: ['-1']
      Pragma: [no-cache]
      Server-Perf: ['[51a24289-aad6-40b4-b029-82eacc104f62][ AuthTime::2109.19488370561::PostAuthTime::628.652976286953
          ][S-HdfsSetPermission :: 00:00:035 ms]%0a[SETPERMISSION :: 00:00:035 ms]%0a']
      Status: ['0x0']
      Strict-Transport-Security: [max-age=15724800; includeSubDomains]
      X-Content-Type-Options: [nosniff]
      x-ms-request-id: [51a24289-aad6-40b4-b029-82eacc104f62]
      x-ms-webhdfs-version: [16.07.07.01]
    status: {code: 200, message: OK}
- request:
    body: null
    headers:
      Accept: ['*/*']
      Accept-Encoding: ['gzip, deflate']
      Connection: [keep-alive]
      User-Agent: [python-requests/2.11.1]
    method: GET
    uri: https://fakestore.azuredatalakestore.net/webhdfs/v1/azure_test_dir?OP=LISTSTATUS
  response:
    body: {string: '{"FileStatuses":{"FileStatus":[{"length":0,"pathSuffix":"deep","type":"DIRECTORY","blockSize":0,"accessTime":1473777865649,"modificationTime":1473777865981,"replication":0,"permission":"770","owner":"49b2f9ec-818a-49ca-9424-249e1f19f7d7","group":"49b2f9ec-818a-49ca-9424-249e1f19f7d7"}]}}'}
    headers:
      Cache-Control: [no-cache]
      Content-Length: ['288']
      Content-Type: [application/json; charset=utf-8]
      Date: ['Tue, 13 Sep 2016 14:44:28 GMT']
      Expires: ['-1']
      Pragma: [no-cache]
      Server-Perf: ['[8e7c7012-31df-4ae4-a5d8-30b2e37e0dee][ AuthTime::0::PostAuthTime::0
          ][S-HdfsListStatus :: 00:00:006 ms]%0a[LISTSTATUS :: 00:00:006 ms]%0a']
      Status: ['0x0']
      Strict-Transport-Security: [max-age=15724800; includeSubDomains]
      X-Content-Type-Options: [nosniff]
      x-ms-request-id: [8e7c7012-31df-4ae4-a5d8-30b2e37e0dee]
      x-ms-webhdfs-version: [16.07.07.01]
    status: {code: 200, message: OK}
- request:
    body: null
    headers:
      Accept: ['*/*']
      Accept-Encoding: ['gzip, deflate']
      Connection: [keep-alive]
      Content-Length: ['0']
      User-Agent: [python-requests/2.11.1]
    method: DELETE
    uri: https://fakestore.azuredatalakestore.net/webhdfs/v1/azure_test_dir/deep?OP=DELETE&recursive=True
  response:
    body: {string: '{"boolean":true}'}
    headers:
      Cache-Control: [no-cache]
      Content-Length: ['16']
      Content-Type: [application/json; charset=utf-8]
      Date: ['Tue, 13 Sep 2016 14:44:28 GMT']
      Expires: ['-1']
      Pragma: [no-cache]
      Server-Perf: ['[80cce356-0819-435f-9fb3-c1341f18d038][ AuthTime::0::PostAuthTime::0
          ][S-FsDelete :: 00:00:063 ms]%0a[DELETE :: 00:00:065 ms]%0a']
      Status: ['0x0']
      Strict-Transport-Security: [max-age=15724800; includeSubDomains]
      X-Content-Type-Options: [nosniff]
      x-ms-request-id: [80cce356-0819-435f-9fb3-c1341f18d038]
      x-ms-webhdfs-version: [16.07.07.01]
    status: {code: 200, message: OK}
- request:
    body: data
    headers:
      Accept: ['*/*']
      Accept-Encoding: ['gzip, deflate']
      Connection: [keep-alive]
      Content-Length: ['4']
      User-Agent: [python-requests/2.11.1]
    method: POST
    uri: https://fakestore.azuredatalakestore.net/webhdfs/v1/azure_test_dir/a?OP=APPEND&append=true
  response:
    body: {string: '{"RemoteException":{"exception":"FileNotFoundException","message":"Operation
        failed. failed with error 0x8309000a (Stream not found). [7e3748bb-4884-4d96-93c6-54b5851fbf90][2016-09-13T07:44:29.1603503-07:00]","javaClassName":"java.io.FileNotFoundException"}}'}
    headers:
      Cache-Control: [no-cache]
      Content-Length: ['258']
      Content-Type: [application/json; charset=utf-8]
      Date: ['Tue, 13 Sep 2016 14:44:28 GMT']
      Expires: ['-1']
      Pragma: [no-cache]
      Server-Perf: ['[7e3748bb-4884-4d96-93c6-54b5851fbf90][ AuthTime::0::PostAuthTime::0
          ][S-FsOpenStream :: 00:00:006 ms]%0a[APPEND :: 00:00:007 ms]%0a']
      Status: ['0x8309000A']
      Strict-Transport-Security: [max-age=15724800; includeSubDomains]
      X-Content-Type-Options: [nosniff]
      x-ms-request-id: [7e3748bb-4884-4d96-93c6-54b5851fbf90]
      x-ms-webhdfs-version: [16.07.07.01]
    status: {code: 404, message: Not Found}
version: 1
