interactions:
- request:
    body: null
    headers:
      Accept: ['*/*']
      Accept-Encoding: ['gzip, deflate']
      Connection: [keep-alive]
      Content-Length: ['0']
      User-Agent: [python-requests/2.11.1]
    method: PUT
    uri: https://fakestore.azuredatalakestore.net/webhdfs/v1/azure_test_dir/c?OP=MKDIRS
  response:
    body: {string: '{"boolean":true}'}
    headers:
      Cache-Control: [no-cache]
      Content-Length: ['16']
      Content-Type: [application/json; charset=utf-8]
      Date: ['Thu, 01 Sep 2016 17:10:50 GMT']
      Expires: ['-1']
      Pragma: [no-cache]
      Server-Perf: ['[2fb09e85-58ce-4efc-acf2-86cc75a84117][ AuthTime::0::PostAuthTime::0
          ][S-HdfsMkdirs :: 00:00:014 ms]%0a[MKDIRS :: 00:00:014 ms]%0a']
      Status: ['0x0']
      Strict-Transport-Security: [max-age=15724800; includeSubDomains]
      X-Content-Type-Options: [nosniff]
      x-ms-request-id: [2fb09e85-58ce-4efc-acf2-86cc75a84117]
      x-ms-webhdfs-version: [16.07.07.01]
    status: {code: 200, message: OK}
- request:
    body: null
    headers:
      Accept: ['*/*']
      Accept-Encoding: ['gzip, deflate']
      Connection: [keep-alive]
      Content-Length: ['0']
      User-Agent: [python-requests/2.11.1]
    method: PUT
    uri: https://fakestore.azuredatalakestore.net/webhdfs/v1/azure_test_dir/c/d?OP=MKDIRS
  response:
    body: {string: '{"boolean":true}'}
    headers:
      Cache-Control: [no-cache]
      Content-Length: ['16']
      Content-Type: [application/json; charset=utf-8]
      Date: ['Thu, 01 Sep 2016 17:10:50 GMT']
      Expires: ['-1']
      Pragma: [no-cache]
      Server-Perf: ['[08d695b4-8016-4dca-99b1-b9ebb2228d39][ AuthTime::0::PostAuthTime::0
          ][S-HdfsMkdirs :: 00:00:023 ms]%0a[MKDIRS :: 00:00:026 ms]%0a']
      Status: ['0x0']
      Strict-Transport-Security: [max-age=15724800; includeSubDomains]
      X-Content-Type-Options: [nosniff]
      x-ms-request-id: [08d695b4-8016-4dca-99b1-b9ebb2228d39]
      x-ms-webhdfs-version: [16.07.07.01]
    status: {code: 200, message: OK}
- request:
    body: null
    headers:
      Accept: ['*/*']
      Accept-Encoding: ['gzip, deflate']
      Connection: [keep-alive]
      Content-Length: ['0']
      User-Agent: [python-requests/2.11.1]
    method: PUT
    uri: https://fakestore.azuredatalakestore.net/webhdfs/v1/azure_test_dir/a?OP=CREATE&overwrite=True
  response:
    body: {string: ''}
    headers:
      Cache-Control: [no-cache]
      Content-Length: ['0']
      ContentLength: ['0']
      Date: ['Thu, 01 Sep 2016 17:10:50 GMT']
      Expires: ['-1']
      Location: ['https://fakestore.azuredatalakestore.net/webhdfs/v1/azure_test_dir/a?OP=CREATE&overwrite=True&write=true']
      Pragma: [no-cache]
      Server-Perf: ['[1ddbeb0f-2e33-4200-8bc0-a0c86fd11ecd][ AuthTime::0::PostAuthTime::0
          ][S-HdfsGetFileStatusV2 :: 00:00:005 ms]%0a[CREATE :: 00:00:006 ms]%0a']
      Status: ['0x8309000A']
      Strict-Transport-Security: [max-age=15724800; includeSubDomains]
      X-Content-Type-Options: [nosniff]
      x-ms-request-id: [1ddbeb0f-2e33-4200-8bc0-a0c86fd11ecd]
      x-ms-webhdfs-version: [16.07.07.01]
    status: {code: 307, message: Temporary Redirect}
- request:
    body: null
    headers:
      Accept: ['*/*']
      Accept-Encoding: ['gzip, deflate']
      Connection: [keep-alive]
      Content-Length: ['0']
      User-Agent: [python-requests/2.11.1]
    method: PUT
    uri: https://fakestore.azuredatalakestore.net/webhdfs/v1/azure_test_dir/a?OP=CREATE&overwrite=True&write=true
  response:
    body: {string: ''}
    headers:
      Cache-Control: [no-cache]
      Content-Length: ['0']
      ContentLength: ['0']
      Date: ['Thu, 01 Sep 2016 17:10:51 GMT']
      Expires: ['-1']
      Location: ['https://fakestore.azuredatalakestore.net/webhdfs/v1/azure_test_dir/a?OP=CREATE&overwrite=True&write=true']
      Pragma: [no-cache]
      Server-Perf: ['[aead71d1-9102-4b63-a471-6808b5f14a53][ AuthTime::0::PostAuthTime::0
          ][S-HdfsGetFileStatusV2 :: 00:00:005 ms]%0a[S-HdfsCheckAccess :: 00:00:002
          ms]%0a[S-FsDelete :: 00:00:005 ms]%0a[S-FsOpenStream :: 00:00:059 ms]%0a[BufferingTime
          :: 00:00:000 ms]%0a[WriteTime :: 00:00:000 ms]%0a[S-FsAppendStream :: 00:00:042
          ms]%0a[S-FsCloseHandle :: 00:00:001 ms]%0a[CREATE :: 00:00:119 ms]%0a']
      Status: ['0x0']
      Strict-Transport-Security: [max-age=15724800; includeSubDomains]
      X-Content-Type-Options: [nosniff]
      x-ms-request-id: [aead71d1-9102-4b63-a471-6808b5f14a53]
      x-ms-webhdfs-version: [16.07.07.01]
    status: {code: 201, message: Created}
- request:
    body: null
    headers:
      Accept: ['*/*']
      Accept-Encoding: ['gzip, deflate']
      Connection: [keep-alive]
      Content-Length: ['0']
      User-Agent: [python-requests/2.11.1]
    method: PUT
    uri: https://fakestore.azuredatalakestore.net/webhdfs/v1/azure_test_dir/a1?OP=CREATE&overwrite=True
  response:
    body: {string: ''}
    headers:
      Cache-Control: [no-cache]
      Content-Length: ['0']
      ContentLength: ['0']
      Date: ['Thu, 01 Sep 2016 17:10:51 GMT']
      Expires: ['-1']
      Location: ['https://fakestore.azuredatalakestore.net/webhdfs/v1/azure_test_dir/a1?OP=CREATE&overwrite=True&write=true']
      Pragma: [no-cache]
      Server-Perf: ['[57bc40b5-6967-4c1b-a4d2-38dfc157e06f][ AuthTime::0::PostAuthTime::0
          ][S-HdfsGetFileStatusV2 :: 00:00:005 ms]%0a[CREATE :: 00:00:006 ms]%0a']
      Status: ['0x8309000A']
      Strict-Transport-Security: [max-age=15724800; includeSubDomains]
      X-Content-Type-Options: [nosniff]
      x-ms-request-id: [57bc40b5-6967-4c1b-a4d2-38dfc157e06f]
      x-ms-webhdfs-version: [16.07.07.01]
    status: {code: 307, message: Temporary Redirect}
- request:
    body: null
    headers:
      Accept: ['*/*']
      Accept-Encoding: ['gzip, deflate']
      Connection: [keep-alive]
      Content-Length: ['0']
      User-Agent: [python-requests/2.11.1]
    method: PUT
    uri: https://fakestore.azuredatalakestore.net/webhdfs/v1/azure_test_dir/a1?OP=CREATE&overwrite=True&write=true
  response:
    body: {string: ''}
    headers:
      Cache-Control: [no-cache]
      Content-Length: ['0']
      ContentLength: ['0']
      Date: ['Thu, 01 Sep 2016 17:10:51 GMT']
      Expires: ['-1']
      Location: ['https://fakestore.azuredatalakestore.net/webhdfs/v1/azure_test_dir/a1?OP=CREATE&overwrite=True&write=true']
      Pragma: [no-cache]
      Server-Perf: ['[f11947ee-3655-4c01-99ad-5e007266a2ca][ AuthTime::0::PostAuthTime::0
          ][S-HdfsGetFileStatusV2 :: 00:00:005 ms]%0a[S-HdfsCheckAccess :: 00:00:002
          ms]%0a[S-FsDelete :: 00:00:005 ms]%0a[S-FsOpenStream :: 00:00:045 ms]%0a[BufferingTime
          :: 00:00:000 ms]%0a[WriteTime :: 00:00:000 ms]%0a[S-FsAppendStream :: 00:00:031
          ms]%0a[S-FsCloseHandle :: 00:00:001 ms]%0a[CREATE :: 00:00:094 ms]%0a']
      Status: ['0x0']
      Strict-Transport-Security: [max-age=15724800; includeSubDomains]
      X-Content-Type-Options: [nosniff]
      x-ms-request-id: [f11947ee-3655-4c01-99ad-5e007266a2ca]
      x-ms-webhdfs-version: [16.07.07.01]
    status: {code: 201, message: Created}
- request:
    body: null
    headers:
      Accept: ['*/*']
      Accept-Encoding: ['gzip, deflate']
      Connection: [keep-alive]
      Content-Length: ['0']
      User-Agent: [python-requests/2.11.1]
    method: PUT
    uri: https://fakestore.azuredatalakestore.net/webhdfs/v1/azure_test_dir/a2?OP=CREATE&overwrite=True
  response:
    body: {string: ''}
    headers:
      Cache-Control: [no-cache]
      Content-Length: ['0']
      ContentLength: ['0']
      Date: ['Thu, 01 Sep 2016 17:10:52 GMT']
      Expires: ['-1']
      Location: ['https://fakestore.azuredatalakestore.net/webhdfs/v1/azure_test_dir/a2?OP=CREATE&overwrite=True&write=true']
      Pragma: [no-cache]
      Server-Perf: ['[efc85976-90c8-4f89-9df0-25bc7740fd33][ AuthTime::908.765114367555::PostAuthTime::233.926831792495
          ][S-HdfsGetFileStatusV2 :: 00:00:005 ms]%0a[CREATE :: 00:00:005 ms]%0a']
      Status: ['0x8309000A']
      Strict-Transport-Security: [max-age=15724800; includeSubDomains]
      X-Content-Type-Options: [nosniff]
      x-ms-request-id: [efc85976-90c8-4f89-9df0-25bc7740fd33]
      x-ms-webhdfs-version: [16.07.07.01]
    status: {code: 307, message: Temporary Redirect}
- request:
    body: null
    headers:
      Accept: ['*/*']
      Accept-Encoding: ['gzip, deflate']
      Connection: [keep-alive]
      Content-Length: ['0']
      User-Agent: [python-requests/2.11.1]
    method: PUT
    uri: https://fakestore.azuredatalakestore.net/webhdfs/v1/azure_test_dir/a2?OP=CREATE&overwrite=True&write=true
  response:
    body: {string: ''}
    headers:
      Cache-Control: [no-cache]
      Content-Length: ['0']
      ContentLength: ['0']
      Date: ['Thu, 01 Sep 2016 17:10:53 GMT']
      Expires: ['-1']
      Location: ['https://fakestore.azuredatalakestore.net/webhdfs/v1/azure_test_dir/a2?OP=CREATE&overwrite=True&write=true']
      Pragma: [no-cache]
      Server-Perf: ['[fd301e82-680e-495b-8573-0771c7fbce77][ AuthTime::0::PostAuthTime::0
          ][S-HdfsGetFileStatusV2 :: 00:00:005 ms]%0a[S-HdfsCheckAccess :: 00:00:002
          ms]%0a[S-FsDelete :: 00:00:005 ms]%0a[S-FsOpenStream :: 00:00:052 ms]%0a[BufferingTime
          :: 00:00:000 ms]%0a[WriteTime :: 00:00:000 ms]%0a[S-FsAppendStream :: 00:01:200
          ms]%0a[S-FsCloseHandle :: 00:00:001 ms]%0a[CREATE :: 00:01:270 ms]%0a']
      Status: ['0x0']
      Strict-Transport-Security: [max-age=15724800; includeSubDomains]
      X-Content-Type-Options: [nosniff]
      x-ms-request-id: [fd301e82-680e-495b-8573-0771c7fbce77]
      x-ms-webhdfs-version: [16.07.07.01]
    status: {code: 201, message: Created}
- request:
    body: null
    headers:
      Accept: ['*/*']
      Accept-Encoding: ['gzip, deflate']
      Connection: [keep-alive]
      Content-Length: ['0']
      User-Agent: [python-requests/2.11.1]
    method: PUT
    uri: https://fakestore.azuredatalakestore.net/webhdfs/v1/azure_test_dir/a3?OP=CREATE&overwrite=True
  response:
    body: {string: ''}
    headers:
      Cache-Control: [no-cache]
      Content-Length: ['0']
      ContentLength: ['0']
      Date: ['Thu, 01 Sep 2016 17:10:53 GMT']
      Expires: ['-1']
      Location: ['https://fakestore.azuredatalakestore.net/webhdfs/v1/azure_test_dir/a3?OP=CREATE&overwrite=True&write=true']
      Pragma: [no-cache]
      Server-Perf: ['[9ccc36b7-4aa4-44a9-88ee-b7bb6181414c][ AuthTime::0::PostAuthTime::0
          ][S-HdfsGetFileStatusV2 :: 00:00:005 ms]%0a[CREATE :: 00:00:005 ms]%0a']
      Status: ['0x8309000A']
      Strict-Transport-Security: [max-age=15724800; includeSubDomains]
      X-Content-Type-Options: [nosniff]
      x-ms-request-id: [9ccc36b7-4aa4-44a9-88ee-b7bb6181414c]
      x-ms-webhdfs-version: [16.07.07.01]
    status: {code: 307, message: Temporary Redirect}
- request:
    body: null
    headers:
      Accept: ['*/*']
      Accept-Encoding: ['gzip, deflate']
      Connection: [keep-alive]
      Content-Length: ['0']
      User-Agent: [python-requests/2.11.1]
    method: PUT
    uri: https://fakestore.azuredatalakestore.net/webhdfs/v1/azure_test_dir/a3?OP=CREATE&overwrite=True&write=true
  response:
    body: {string: ''}
    headers:
      Cache-Control: [no-cache]
      Content-Length: ['0']
      ContentLength: ['0']
      Date: ['Thu, 01 Sep 2016 17:10:53 GMT']
      Expires: ['-1']
      Location: ['https://fakestore.azuredatalakestore.net/webhdfs/v1/azure_test_dir/a3?OP=CREATE&overwrite=True&write=true']
      Pragma: [no-cache]
      Server-Perf: ['[570fa7a3-76fe-4b39-8c65-f55510a1b65f][ AuthTime::0::PostAuthTime::0
          ][S-HdfsGetFileStatusV2 :: 00:00:005 ms]%0a[S-HdfsCheckAccess :: 00:00:002
          ms]%0a[S-FsDelete :: 00:00:005 ms]%0a[S-FsOpenStream :: 00:00:022 ms]%0a[BufferingTime
          :: 00:00:000 ms]%0a[WriteTime :: 00:00:000 ms]%0a[S-FsAppendStream :: 00:00:058
          ms]%0a[S-FsCloseHandle :: 00:00:001 ms]%0a[CREATE :: 00:00:099 ms]%0a']
      Status: ['0x0']
      Strict-Transport-Security: [max-age=15724800; includeSubDomains]
      X-Content-Type-Options: [nosniff]
      x-ms-request-id: [570fa7a3-76fe-4b39-8c65-f55510a1b65f]
      x-ms-webhdfs-version: [16.07.07.01]
    status: {code: 201, message: Created}
- request:
    body: null
    headers:
      Accept: ['*/*']
      Accept-Encoding: ['gzip, deflate']
      Connection: [keep-alive]
      Content-Length: ['0']
      User-Agent: [python-requests/2.11.1]
    method: PUT
    uri: https://fakestore.azuredatalakestore.net/webhdfs/v1/azure_test_dir/b1?OP=CREATE&overwrite=True
  response:
    body: {string: ''}
    headers:
      Cache-Control: [no-cache]
      Content-Length: ['0']
      ContentLength: ['0']
      Date: ['Thu, 01 Sep 2016 17:10:54 GMT']
      Expires: ['-1']
      Location: ['https://fakestore.azuredatalakestore.net/webhdfs/v1/azure_test_dir/b1?OP=CREATE&overwrite=True&write=true']
      Pragma: [no-cache]
      Server-Perf: ['[9951f107-1e9f-4ca9-9e6e-86c778128961][ AuthTime::0::PostAuthTime::0
          ][S-HdfsGetFileStatusV2 :: 00:00:005 ms]%0a[CREATE :: 00:00:006 ms]%0a']
      Status: ['0x8309000A']
      Strict-Transport-Security: [max-age=15724800; includeSubDomains]
      X-Content-Type-Options: [nosniff]
      x-ms-request-id: [9951f107-1e9f-4ca9-9e6e-86c778128961]
      x-ms-webhdfs-version: [16.07.07.01]
    status: {code: 307, message: Temporary Redirect}
- request:
    body: null
    headers:
      Accept: ['*/*']
      Accept-Encoding: ['gzip, deflate']
      Connection: [keep-alive]
      Content-Length: ['0']
      User-Agent: [python-requests/2.11.1]
    method: PUT
    uri: https://fakestore.azuredatalakestore.net/webhdfs/v1/azure_test_dir/b1?OP=CREATE&overwrite=True&write=true
  response:
    body: {string: ''}
    headers:
      Cache-Control: [no-cache]
      Content-Length: ['0']
      ContentLength: ['0']
      Date: ['Thu, 01 Sep 2016 17:10:54 GMT']
      Expires: ['-1']
      Location: ['https://fakestore.azuredatalakestore.net/webhdfs/v1/azure_test_dir/b1?OP=CREATE&overwrite=True&write=true']
      Pragma: [no-cache]
      Server-Perf: ['[2d1d52ce-449f-4600-835f-ab90cd06c223][ AuthTime::0::PostAuthTime::0
          ][S-HdfsGetFileStatusV2 :: 00:00:005 ms]%0a[S-HdfsCheckAccess :: 00:00:002
          ms]%0a[S-FsDelete :: 00:00:005 ms]%0a[S-FsOpenStream :: 00:00:036 ms]%0a[BufferingTime
          :: 00:00:000 ms]%0a[WriteTime :: 00:00:000 ms]%0a[S-FsAppendStream :: 00:00:042
          ms]%0a[S-FsCloseHandle :: 00:00:001 ms]%0a[CREATE :: 00:00:098 ms]%0a']
      Status: ['0x0']
      Strict-Transport-Security: [max-age=15724800; includeSubDomains]
      X-Content-Type-Options: [nosniff]
      x-ms-request-id: [2d1d52ce-449f-4600-835f-ab90cd06c223]
      x-ms-webhdfs-version: [16.07.07.01]
    status: {code: 201, message: Created}
- request:
    body: null
    headers:
      Accept: ['*/*']
      Accept-Encoding: ['gzip, deflate']
      Connection: [keep-alive]
      Content-Length: ['0']
      User-Agent: [python-requests/2.11.1]
    method: PUT
    uri: https://fakestore.azuredatalakestore.net/webhdfs/v1/azure_test_dir/c/x1?OP=CREATE&overwrite=True
  response:
    body: {string: ''}
    headers:
      Cache-Control: [no-cache]
      Content-Length: ['0']
      ContentLength: ['0']
      Date: ['Thu, 01 Sep 2016 17:10:54 GMT']
      Expires: ['-1']
      Location: ['https://fakestore.azuredatalakestore.net/webhdfs/v1/azure_test_dir/c/x1?OP=CREATE&overwrite=True&write=true']
      Pragma: [no-cache]
      Server-Perf: ['[681248bb-ea3f-432b-9e97-89d1fb1ccb27][ AuthTime::0::PostAuthTime::0
          ][S-HdfsGetFileStatusV2 :: 00:00:005 ms]%0a[CREATE :: 00:00:005 ms]%0a']
      Status: ['0x8309000A']
      Strict-Transport-Security: [max-age=15724800; includeSubDomains]
      X-Content-Type-Options: [nosniff]
      x-ms-request-id: [681248bb-ea3f-432b-9e97-89d1fb1ccb27]
      x-ms-webhdfs-version: [16.07.07.01]
    status: {code: 307, message: Temporary Redirect}
- request:
    body: null
    headers:
      Accept: ['*/*']
      Accept-Encoding: ['gzip, deflate']
      Connection: [keep-alive]
      Content-Length: ['0']
      User-Agent: [python-requests/2.11.1]
    method: PUT
    uri: https://fakestore.azuredatalakestore.net/webhdfs/v1/azure_test_dir/c/x1?OP=CREATE&overwrite=True&write=true
  response:
    body: {string: ''}
    headers:
      Cache-Control: [no-cache]
      Content-Length: ['0']
      ContentLength: ['0']
      Date: ['Thu, 01 Sep 2016 17:10:55 GMT']
      Expires: ['-1']
      Location: ['https://fakestore.azuredatalakestore.net/webhdfs/v1/azure_test_dir/c/x1?OP=CREATE&overwrite=True&write=true']
      Pragma: [no-cache]
      Server-Perf: ['[afc30cfd-fe3d-4bd6-9d7e-28f7ac27446f][ AuthTime::0::PostAuthTime::0
          ][S-HdfsGetFileStatusV2 :: 00:00:005 ms]%0a[S-HdfsCheckAccess :: 00:00:002
          ms]%0a[S-FsDelete :: 00:00:005 ms]%0a[S-FsOpenStream :: 00:00:052 ms]%0a[BufferingTime
          :: 00:00:000 ms]%0a[WriteTime :: 00:00:000 ms]%0a[S-FsAppendStream :: 00:00:044
          ms]%0a[S-FsCloseHandle :: 00:00:001 ms]%0a[CREATE :: 00:00:115 ms]%0a']
      Status: ['0x0']
      Strict-Transport-Security: [max-age=15724800; includeSubDomains]
      X-Content-Type-Options: [nosniff]
      x-ms-request-id: [afc30cfd-fe3d-4bd6-9d7e-28f7ac27446f]
      x-ms-webhdfs-version: [16.07.07.01]
    status: {code: 201, message: Created}
- request:
    body: null
    headers:
      Accept: ['*/*']
      Accept-Encoding: ['gzip, deflate']
      Connection: [keep-alive]
      Content-Length: ['0']
      User-Agent: [python-requests/2.11.1]
    method: PUT
    uri: https://fakestore.azuredatalakestore.net/webhdfs/v1/azure_test_dir/c/x2?OP=CREATE&overwrite=True
  response:
    body: {string: ''}
    headers:
      Cache-Control: [no-cache]
      Content-Length: ['0']
      ContentLength: ['0']
      Date: ['Thu, 01 Sep 2016 17:10:54 GMT']
      Expires: ['-1']
      Location: ['https://fakestore.azuredatalakestore.net/webhdfs/v1/azure_test_dir/c/x2?OP=CREATE&overwrite=True&write=true']
      Pragma: [no-cache]
      Server-Perf: ['[92a02698-8be2-4e28-934f-c064980d2b31][ AuthTime::0::PostAuthTime::0
          ][S-HdfsGetFileStatusV2 :: 00:00:005 ms]%0a[CREATE :: 00:00:018 ms]%0a']
      Status: ['0x8309000A']
      Strict-Transport-Security: [max-age=15724800; includeSubDomains]
      X-Content-Type-Options: [nosniff]
      x-ms-request-id: [92a02698-8be2-4e28-934f-c064980d2b31]
      x-ms-webhdfs-version: [16.07.07.01]
    status: {code: 307, message: Temporary Redirect}
- request:
    body: null
    headers:
      Accept: ['*/*']
      Accept-Encoding: ['gzip, deflate']
      Connection: [keep-alive]
      Content-Length: ['0']
      User-Agent: [python-requests/2.11.1]
    method: PUT
    uri: https://fakestore.azuredatalakestore.net/webhdfs/v1/azure_test_dir/c/x2?OP=CREATE&overwrite=True&write=true
  response:
    body: {string: ''}
    headers:
      Cache-Control: [no-cache]
      Content-Length: ['0']
      ContentLength: ['0']
      Date: ['Thu, 01 Sep 2016 17:10:55 GMT']
      Expires: ['-1']
      Location: ['https://fakestore.azuredatalakestore.net/webhdfs/v1/azure_test_dir/c/x2?OP=CREATE&overwrite=True&write=true']
      Pragma: [no-cache]
      Server-Perf: ['[80e3e3f5-b69d-4304-87ed-f861cf75ba7e][ AuthTime::0::PostAuthTime::0
          ][S-HdfsGetFileStatusV2 :: 00:00:009 ms]%0a[S-HdfsCheckAccess :: 00:00:002
          ms]%0a[S-FsDelete :: 00:00:018 ms]%0a[S-FsOpenStream :: 00:00:041 ms]%0a[BufferingTime
          :: 00:00:000 ms]%0a[WriteTime :: 00:00:000 ms]%0a[S-FsAppendStream :: 00:00:032
          ms]%0a[S-FsCloseHandle :: 00:00:001 ms]%0a[CREATE :: 00:00:137 ms]%0a']
      Status: ['0x0']
      Strict-Transport-Security: [max-age=15724800; includeSubDomains]
      X-Content-Type-Options: [nosniff]
      x-ms-request-id: [80e3e3f5-b69d-4304-87ed-f861cf75ba7e]
      x-ms-webhdfs-version: [16.07.07.01]
    status: {code: 201, message: Created}
- request:
    body: null
    headers:
      Accept: ['*/*']
      Accept-Encoding: ['gzip, deflate']
      Connection: [keep-alive]
      Content-Length: ['0']
      User-Agent: [python-requests/2.11.1]
    method: PUT
    uri: https://fakestore.azuredatalakestore.net/webhdfs/v1/azure_test_dir/c/d/x3?OP=CREATE&overwrite=True
  response:
    body: {string: ''}
    headers:
      Cache-Control: [no-cache]
      Content-Length: ['0']
      ContentLength: ['0']
      Date: ['Thu, 01 Sep 2016 17:10:56 GMT']
      Expires: ['-1']
      Location: ['https://fakestore.azuredatalakestore.net/webhdfs/v1/azure_test_dir/c/d/x3?OP=CREATE&overwrite=True&write=true']
      Pragma: [no-cache]
      Server-Perf: ['[c001051d-d2cb-4e11-a29b-398a4869f5ab][ AuthTime::0::PostAuthTime::0
          ][S-HdfsGetFileStatusV2 :: 00:00:005 ms]%0a[CREATE :: 00:00:005 ms]%0a']
      Status: ['0x8309000A']
      Strict-Transport-Security: [max-age=15724800; includeSubDomains]
      X-Content-Type-Options: [nosniff]
      x-ms-request-id: [c001051d-d2cb-4e11-a29b-398a4869f5ab]
      x-ms-webhdfs-version: [16.07.07.01]
    status: {code: 307, message: Temporary Redirect}
- request:
    body: null
    headers:
      Accept: ['*/*']
      Accept-Encoding: ['gzip, deflate']
      Connection: [keep-alive]
      Content-Length: ['0']
      User-Agent: [python-requests/2.11.1]
    method: PUT
    uri: https://fakestore.azuredatalakestore.net/webhdfs/v1/azure_test_dir/c/d/x3?OP=CREATE&overwrite=True&write=true
  response:
    body: {string: ''}
    headers:
      Cache-Control: [no-cache]
      Content-Length: ['0']
      ContentLength: ['0']
      Date: ['Thu, 01 Sep 2016 17:10:56 GMT']
      Expires: ['-1']
      Location: ['https://fakestore.azuredatalakestore.net/webhdfs/v1/azure_test_dir/c/d/x3?OP=CREATE&overwrite=True&write=true']
      Pragma: [no-cache]
      Server-Perf: ['[392fdc4d-ef36-4183-9937-d4516b9f2752][ AuthTime::0::PostAuthTime::0
          ][S-HdfsGetFileStatusV2 :: 00:00:005 ms]%0a[S-HdfsCheckAccess :: 00:00:002
          ms]%0a[S-FsDelete :: 00:00:005 ms]%0a[S-FsOpenStream :: 00:00:047 ms]%0a[BufferingTime
          :: 00:00:000 ms]%0a[WriteTime :: 00:00:000 ms]%0a[S-FsAppendStream :: 00:00:031
          ms]%0a[S-FsCloseHandle :: 00:00:001 ms]%0a[CREATE :: 00:00:095 ms]%0a']
      Status: ['0x0']
      Strict-Transport-Security: [max-age=15724800; includeSubDomains]
      X-Content-Type-Options: [nosniff]
      x-ms-request-id: [392fdc4d-ef36-4183-9937-d4516b9f2752]
      x-ms-webhdfs-version: [16.07.07.01]
    status: {code: 201, message: Created}
- request:
    body: null
    headers:
      Accept: ['*/*']
      Accept-Encoding: ['gzip, deflate']
      Connection: [keep-alive]
      User-Agent: [python-requests/2.11.1]
    method: GET
    uri: https://fakestore.azuredatalakestore.net/webhdfs/v1/azure_test_dir?OP=LISTSTATUS
  response:
    body: {string: '{"FileStatuses":{"FileStatus":[{"length":0,"pathSuffix":"a","type":"FILE","blockSize":268435456,"accessTime":1472749851913,"modificationTime":1472749851913,"replication":1,"permission":"770","owner":"49b2f9ec-818a-49ca-9424-249e1f19f7d7","group":"49b2f9ec-818a-49ca-9424-249e1f19f7d7"},{"length":0,"pathSuffix":"a1","type":"FILE","blockSize":268435456,"accessTime":1472749852314,"modificationTime":1472749852314,"replication":1,"permission":"770","owner":"49b2f9ec-818a-49ca-9424-249e1f19f7d7","group":"49b2f9ec-818a-49ca-9424-249e1f19f7d7"},{"length":0,"pathSuffix":"a2","type":"FILE","blockSize":268435456,"accessTime":1472749852713,"modificationTime":1472749852713,"replication":1,"permission":"770","owner":"49b2f9ec-818a-49ca-9424-249e1f19f7d7","group":"49b2f9ec-818a-49ca-9424-249e1f19f7d7"},{"length":0,"pathSuffix":"a3","type":"FILE","blockSize":268435456,"accessTime":1472749854320,"modificationTime":1472749854320,"replication":1,"permission":"770","owner":"49b2f9ec-818a-49ca-9424-249e1f19f7d7","group":"49b2f9ec-818a-49ca-9424-249e1f19f7d7"},{"length":0,"pathSuffix":"b1","type":"FILE","blockSize":268435456,"accessTime":1472749854710,"modificationTime":1472749854710,"replication":1,"permission":"770","owner":"49b2f9ec-818a-49ca-9424-249e1f19f7d7","group":"49b2f9ec-818a-49ca-9424-249e1f19f7d7"},{"length":0,"pathSuffix":"c","type":"DIRECTORY","blockSize":0,"accessTime":1472749851373,"modificationTime":1472749855938,"replication":0,"permission":"770","owner":"49b2f9ec-818a-49ca-9424-249e1f19f7d7","group":"49b2f9ec-818a-49ca-9424-249e1f19f7d7"}]}}'}
    headers:
      Cache-Control: [no-cache]
      Content-Length: ['1564']
      Content-Type: [application/json; charset=utf-8]
      Date: ['Thu, 01 Sep 2016 17:10:55 GMT']
      Expires: ['-1']
      Pragma: [no-cache]
      Server-Perf: ['[072a40e7-afda-4219-b7d4-10249fa3484a][ AuthTime::0::PostAuthTime::0
          ][S-HdfsListStatus :: 00:00:013 ms]%0a[LISTSTATUS :: 00:00:013 ms]%0a']
      Status: ['0x0']
      Strict-Transport-Security: [max-age=15724800; includeSubDomains]
      X-Content-Type-Options: [nosniff]
      x-ms-request-id: [072a40e7-afda-4219-b7d4-10249fa3484a]
      x-ms-webhdfs-version: [16.07.07.01]
    status: {code: 200, message: OK}
- request:
    body: null
    headers:
      Accept: ['*/*']
      Accept-Encoding: ['gzip, deflate']
      Connection: [keep-alive]
      User-Agent: [python-requests/2.11.1]
    method: GET
    uri: https://fakestore.azuredatalakestore.net/webhdfs/v1/azure_test_dir/c?OP=LISTSTATUS
  response:
    body: {string: '{"FileStatuses":{"FileStatus":[{"length":0,"pathSuffix":"d","type":"DIRECTORY","blockSize":0,"accessTime":1472749851599,"modificationTime":1472749856319,"replication":0,"permission":"770","owner":"49b2f9ec-818a-49ca-9424-249e1f19f7d7","group":"49b2f9ec-818a-49ca-9424-249e1f19f7d7"},{"length":0,"pathSuffix":"x1","type":"FILE","blockSize":268435456,"accessTime":1472749855099,"modificationTime":1472749855099,"replication":1,"permission":"770","owner":"49b2f9ec-818a-49ca-9424-249e1f19f7d7","group":"49b2f9ec-818a-49ca-9424-249e1f19f7d7"},{"length":0,"pathSuffix":"x2","type":"FILE","blockSize":268435456,"accessTime":1472749855916,"modificationTime":1472749855916,"replication":1,"permission":"770","owner":"49b2f9ec-818a-49ca-9424-249e1f19f7d7","group":"49b2f9ec-818a-49ca-9424-249e1f19f7d7"}]}}'}
    headers:
      Cache-Control: [no-cache]
      Content-Length: ['797']
      Content-Type: [application/json; charset=utf-8]
      Date: ['Thu, 01 Sep 2016 17:10:56 GMT']
      Expires: ['-1']
      Pragma: [no-cache]
      Server-Perf: ['[089371fb-7882-49e0-a4cf-cfea3def5033][ AuthTime::0::PostAuthTime::0
          ][S-HdfsListStatus :: 00:00:011 ms]%0a[LISTSTATUS :: 00:00:011 ms]%0a']
      Status: ['0x0']
      Strict-Transport-Security: [max-age=15724800; includeSubDomains]
      X-Content-Type-Options: [nosniff]
      x-ms-request-id: [089371fb-7882-49e0-a4cf-cfea3def5033]
      x-ms-webhdfs-version: [16.07.07.01]
    status: {code: 200, message: OK}
- request:
    body: null
    headers:
      Accept: ['*/*']
      Accept-Encoding: ['gzip, deflate']
      Connection: [keep-alive]
      User-Agent: [python-requests/2.11.1]
    method: GET
    uri: https://fakestore.azuredatalakestore.net/webhdfs/v1/azure_test_dir/c/d?OP=LISTSTATUS
  response:
    body: {string: '{"FileStatuses":{"FileStatus":[{"length":0,"pathSuffix":"x3","type":"FILE","blockSize":268435456,"accessTime":1472749856283,"modificationTime":1472749856283,"replication":1,"permission":"770","owner":"49b2f9ec-818a-49ca-9424-249e1f19f7d7","group":"49b2f9ec-818a-49ca-9424-249e1f19f7d7"}]}}'}
    headers:
      Cache-Control: [no-cache]
      Content-Length: ['289']
      Content-Type: [application/json; charset=utf-8]
      Date: ['Thu, 01 Sep 2016 17:10:56 GMT']
      Expires: ['-1']
      Pragma: [no-cache]
      Server-Perf: ['[5b348549-2807-4e91-9ac8-e3e2a9111a7f][ AuthTime::0::PostAuthTime::0
          ][S-HdfsListStatus :: 00:00:011 ms]%0a[LISTSTATUS :: 00:00:011 ms]%0a']
      Status: ['0x0']
      Strict-Transport-Security: [max-age=15724800; includeSubDomains]
      X-Content-Type-Options: [nosniff]
      x-ms-request-id: [5b348549-2807-4e91-9ac8-e3e2a9111a7f]
      x-ms-webhdfs-version: [16.07.07.01]
    status: {code: 200, message: OK}
- request:
    body: null
    headers:
      Accept: ['*/*']
      Accept-Encoding: ['gzip, deflate']
      Connection: [keep-alive]
      User-Agent: [python-requests/2.11.1]
    method: GET
    uri: https://fakestore.azuredatalakestore.net/webhdfs/v1/azure_test_dir/a?OP=LISTSTATUS
  response:
    body: {string: '{"FileStatuses":{"FileStatus":[{"length":0,"pathSuffix":"","type":"FILE","blockSize":268435456,"accessTime":1472749851913,"modificationTime":1472749851913,"replication":1,"permission":"770","owner":"49b2f9ec-818a-49ca-9424-249e1f19f7d7","group":"49b2f9ec-818a-49ca-9424-249e1f19f7d7"}]}}'}
    headers:
      Cache-Control: [no-cache]
      Content-Length: ['287']
      Content-Type: [application/json; charset=utf-8]
      Date: ['Thu, 01 Sep 2016 17:10:56 GMT']
      Expires: ['-1']
      Pragma: [no-cache]
      Server-Perf: ['[e997af5f-1157-454f-9029-57690399cf56][ AuthTime::0::PostAuthTime::0
          ][S-HdfsListStatus :: 00:00:007 ms]%0a[LISTSTATUS :: 00:00:007 ms]%0a']
      Status: ['0x0']
      Strict-Transport-Security: [max-age=15724800; includeSubDomains]
      X-Content-Type-Options: [nosniff]
      x-ms-request-id: [e997af5f-1157-454f-9029-57690399cf56]
      x-ms-webhdfs-version: [16.07.07.01]
    status: {code: 200, message: OK}
- request:
    body: null
    headers:
      Accept: ['*/*']
      Accept-Encoding: ['gzip, deflate']
      Connection: [keep-alive]
      User-Agent: [python-requests/2.11.1]
    method: GET
    uri: https://fakestore.azuredatalakestore.net/webhdfs/v1/azure_test_dir/a1?OP=LISTSTATUS
  response:
    body: {string: '{"FileStatuses":{"FileStatus":[{"length":0,"pathSuffix":"","type":"FILE","blockSize":268435456,"accessTime":1472749852314,"modificationTime":1472749852314,"replication":1,"permission":"770","owner":"49b2f9ec-818a-49ca-9424-249e1f19f7d7","group":"49b2f9ec-818a-49ca-9424-249e1f19f7d7"}]}}'}
    headers:
      Cache-Control: [no-cache]
      Content-Length: ['287']
      Content-Type: [application/json; charset=utf-8]
      Date: ['Thu, 01 Sep 2016 17:10:56 GMT']
      Expires: ['-1']
      Pragma: [no-cache]
      Server-Perf: ['[a144a535-1003-48c1-9ad9-67713e6e3ed2][ AuthTime::0::PostAuthTime::0
          ][S-HdfsListStatus :: 00:00:006 ms]%0a[LISTSTATUS :: 00:00:007 ms]%0a']
      Status: ['0x0']
      Strict-Transport-Security: [max-age=15724800; includeSubDomains]
      X-Content-Type-Options: [nosniff]
      x-ms-request-id: [a144a535-1003-48c1-9ad9-67713e6e3ed2]
      x-ms-webhdfs-version: [16.07.07.01]
    status: {code: 200, message: OK}
- request:
    body: null
    headers:
      Accept: ['*/*']
      Accept-Encoding: ['gzip, deflate']
      Connection: [keep-alive]
      Content-Length: ['0']
      User-Agent: [python-requests/2.11.1]
    method: DELETE
    uri: https://fakestore.azuredatalakestore.net/webhdfs/v1/azure_test_dir/a?OP=DELETE&recursive=True
  response:
    body: {string: '{"boolean":true}'}
    headers:
      Cache-Control: [no-cache]
      Content-Length: ['16']
      Content-Type: [application/json; charset=utf-8]
      Date: ['Thu, 01 Sep 2016 17:10:57 GMT']
      Expires: ['-1']
      Pragma: [no-cache]
      Server-Perf: ['[9a557d4a-2b75-4439-aebb-15d839175301][ AuthTime::0::PostAuthTime::0
          ][S-FsDelete :: 00:00:070 ms]%0a[DELETE :: 00:00:073 ms]%0a']
      Status: ['0x0']
      Strict-Transport-Security: [max-age=15724800; includeSubDomains]
      X-Content-Type-Options: [nosniff]
      x-ms-request-id: [9a557d4a-2b75-4439-aebb-15d839175301]
      x-ms-webhdfs-version: [16.07.07.01]
    status: {code: 200, message: OK}
- request:
    body: null
    headers:
      Accept: ['*/*']
      Accept-Encoding: ['gzip, deflate']
      Connection: [keep-alive]
      User-Agent: [python-requests/2.11.1]
    method: GET
    uri: https://fakestore.azuredatalakestore.net/webhdfs/v1/azure_test_dir?OP=LISTSTATUS
  response:
    body: {string: '{"FileStatuses":{"FileStatus":[{"length":0,"pathSuffix":"a1","type":"FILE","blockSize":268435456,"accessTime":1472749852314,"modificationTime":1472749852314,"replication":1,"permission":"770","owner":"49b2f9ec-818a-49ca-9424-249e1f19f7d7","group":"49b2f9ec-818a-49ca-9424-249e1f19f7d7"},{"length":0,"pathSuffix":"a2","type":"FILE","blockSize":268435456,"accessTime":1472749852713,"modificationTime":1472749852713,"replication":1,"permission":"770","owner":"49b2f9ec-818a-49ca-9424-249e1f19f7d7","group":"49b2f9ec-818a-49ca-9424-249e1f19f7d7"},{"length":0,"pathSuffix":"a3","type":"FILE","blockSize":268435456,"accessTime":1472749854320,"modificationTime":1472749854320,"replication":1,"permission":"770","owner":"49b2f9ec-818a-49ca-9424-249e1f19f7d7","group":"49b2f9ec-818a-49ca-9424-249e1f19f7d7"},{"length":0,"pathSuffix":"b1","type":"FILE","blockSize":268435456,"accessTime":1472749854710,"modificationTime":1472749854710,"replication":1,"permission":"770","owner":"49b2f9ec-818a-49ca-9424-249e1f19f7d7","group":"49b2f9ec-818a-49ca-9424-249e1f19f7d7"},{"length":0,"pathSuffix":"c","type":"DIRECTORY","blockSize":0,"accessTime":1472749851373,"modificationTime":1472749855938,"replication":0,"permission":"770","owner":"49b2f9ec-818a-49ca-9424-249e1f19f7d7","group":"49b2f9ec-818a-49ca-9424-249e1f19f7d7"}]}}'}
    headers:
      Cache-Control: [no-cache]
      Content-Length: ['1309']
      Content-Type: [application/json; charset=utf-8]
      Date: ['Thu, 01 Sep 2016 17:10:57 GMT']
      Expires: ['-1']
      Pragma: [no-cache]
      Server-Perf: ['[be5ddc0d-9f1b-4d0e-aa8e-4dd1ca48dead][ AuthTime::0::PostAuthTime::0
          ][S-HdfsListStatus :: 00:00:511 ms]%0a[LISTSTATUS :: 00:00:511 ms]%0a']
      Status: ['0x0']
      Strict-Transport-Security: [max-age=15724800; includeSubDomains]
      X-Content-Type-Options: [nosniff]
      x-ms-request-id: [be5ddc0d-9f1b-4d0e-aa8e-4dd1ca48dead]
      x-ms-webhdfs-version: [16.07.07.01]
    status: {code: 200, message: OK}
- request:
    body: null
    headers:
      Accept: ['*/*']
      Accept-Encoding: ['gzip, deflate']
      Connection: [keep-alive]
      Content-Length: ['0']
      User-Agent: [python-requests/2.11.1]
    method: DELETE
    uri: https://fakestore.azuredatalakestore.net/webhdfs/v1/azure_test_dir/a1?OP=DELETE&recursive=True
  response:
    body: {string: '{"boolean":true}'}
    headers:
      Cache-Control: [no-cache]
      Content-Length: ['16']
      Content-Type: [application/json; charset=utf-8]
      Date: ['Thu, 01 Sep 2016 17:10:58 GMT']
      Expires: ['-1']
      Pragma: [no-cache]
      Server-Perf: ['[2d17f344-7660-49ad-9080-c57a8b35d425][ AuthTime::0::PostAuthTime::0
          ][S-FsDelete :: 00:00:081 ms]%0a[DELETE :: 00:00:083 ms]%0a']
      Status: ['0x0']
      Strict-Transport-Security: [max-age=15724800; includeSubDomains]
      X-Content-Type-Options: [nosniff]
      x-ms-request-id: [2d17f344-7660-49ad-9080-c57a8b35d425]
      x-ms-webhdfs-version: [16.07.07.01]
    status: {code: 200, message: OK}
- request:
    body: null
    headers:
      Accept: ['*/*']
      Accept-Encoding: ['gzip, deflate']
      Connection: [keep-alive]
      User-Agent: [python-requests/2.11.1]
    method: GET
    uri: https://fakestore.azuredatalakestore.net/webhdfs/v1/azure_test_dir?OP=LISTSTATUS
  response:
    body: {string: '{"FileStatuses":{"FileStatus":[{"length":0,"pathSuffix":"a2","type":"FILE","blockSize":268435456,"accessTime":1472749852713,"modificationTime":1472749852713,"replication":1,"permission":"770","owner":"49b2f9ec-818a-49ca-9424-249e1f19f7d7","group":"49b2f9ec-818a-49ca-9424-249e1f19f7d7"},{"length":0,"pathSuffix":"a3","type":"FILE","blockSize":268435456,"accessTime":1472749854320,"modificationTime":1472749854320,"replication":1,"permission":"770","owner":"49b2f9ec-818a-49ca-9424-249e1f19f7d7","group":"49b2f9ec-818a-49ca-9424-249e1f19f7d7"},{"length":0,"pathSuffix":"b1","type":"FILE","blockSize":268435456,"accessTime":1472749854710,"modificationTime":1472749854710,"replication":1,"permission":"770","owner":"49b2f9ec-818a-49ca-9424-249e1f19f7d7","group":"49b2f9ec-818a-49ca-9424-249e1f19f7d7"},{"length":0,"pathSuffix":"c","type":"DIRECTORY","blockSize":0,"accessTime":1472749851373,"modificationTime":1472749855938,"replication":0,"permission":"770","owner":"49b2f9ec-818a-49ca-9424-249e1f19f7d7","group":"49b2f9ec-818a-49ca-9424-249e1f19f7d7"}]}}'}
    headers:
      Cache-Control: [no-cache]
      Content-Length: ['1053']
      Content-Type: [application/json; charset=utf-8]
      Date: ['Thu, 01 Sep 2016 17:10:58 GMT']
      Expires: ['-1']
      Pragma: [no-cache]
      Server-Perf: ['[a07dac1a-6e7d-4181-9158-77cebd40fa06][ AuthTime::0::PostAuthTime::0
          ][S-HdfsListStatus :: 00:00:036 ms]%0a[LISTSTATUS :: 00:00:036 ms]%0a']
      Status: ['0x0']
      Strict-Transport-Security: [max-age=15724800; includeSubDomains]
      X-Content-Type-Options: [nosniff]
      x-ms-request-id: [a07dac1a-6e7d-4181-9158-77cebd40fa06]
      x-ms-webhdfs-version: [16.07.07.01]
    status: {code: 200, message: OK}
- request:
    body: null
    headers:
      Accept: ['*/*']
      Accept-Encoding: ['gzip, deflate']
      Connection: [keep-alive]
      Content-Length: ['0']
      User-Agent: [python-requests/2.11.1]
    method: DELETE
    uri: https://fakestore.azuredatalakestore.net/webhdfs/v1/azure_test_dir/a2?OP=DELETE&recursive=True
  response:
    body: {string: '{"boolean":true}'}
    headers:
      Cache-Control: [no-cache]
      Content-Length: ['16']
      Content-Type: [application/json; charset=utf-8]
      Date: ['Thu, 01 Sep 2016 17:10:59 GMT']
      Expires: ['-1']
      Pragma: [no-cache]
      Server-Perf: ['[ebdb8052-ffcc-487b-a8d8-4dcc5daa2e07][ AuthTime::0::PostAuthTime::0
          ][S-FsDelete :: 00:00:089 ms]%0a[DELETE :: 00:00:090 ms]%0a']
      Status: ['0x0']
      Strict-Transport-Security: [max-age=15724800; includeSubDomains]
      X-Content-Type-Options: [nosniff]
      x-ms-request-id: [ebdb8052-ffcc-487b-a8d8-4dcc5daa2e07]
      x-ms-webhdfs-version: [16.07.07.01]
    status: {code: 200, message: OK}
- request:
    body: null
    headers:
      Accept: ['*/*']
      Accept-Encoding: ['gzip, deflate']
      Connection: [keep-alive]
      User-Agent: [python-requests/2.11.1]
    method: GET
    uri: https://fakestore.azuredatalakestore.net/webhdfs/v1/azure_test_dir?OP=LISTSTATUS
  response:
    body: {string: '{"FileStatuses":{"FileStatus":[{"length":0,"pathSuffix":"a3","type":"FILE","blockSize":268435456,"accessTime":1472749854320,"modificationTime":1472749854320,"replication":1,"permission":"770","owner":"49b2f9ec-818a-49ca-9424-249e1f19f7d7","group":"49b2f9ec-818a-49ca-9424-249e1f19f7d7"},{"length":0,"pathSuffix":"b1","type":"FILE","blockSize":268435456,"accessTime":1472749854710,"modificationTime":1472749854710,"replication":1,"permission":"770","owner":"49b2f9ec-818a-49ca-9424-249e1f19f7d7","group":"49b2f9ec-818a-49ca-9424-249e1f19f7d7"},{"length":0,"pathSuffix":"c","type":"DIRECTORY","blockSize":0,"accessTime":1472749851373,"modificationTime":1472749855938,"replication":0,"permission":"770","owner":"49b2f9ec-818a-49ca-9424-249e1f19f7d7","group":"49b2f9ec-818a-49ca-9424-249e1f19f7d7"}]}}'}
    headers:
      Cache-Control: [no-cache]
      Content-Length: ['797']
      Content-Type: [application/json; charset=utf-8]
      Date: ['Thu, 01 Sep 2016 17:10:59 GMT']
      Expires: ['-1']
      Pragma: [no-cache]
      Server-Perf: ['[b1d93957-bdf3-42f9-81cd-2f2a193cc493][ AuthTime::0::PostAuthTime::0
          ][S-HdfsListStatus :: 00:00:010 ms]%0a[LISTSTATUS :: 00:00:011 ms]%0a']
      Status: ['0x0']
      Strict-Transport-Security: [max-age=15724800; includeSubDomains]
      X-Content-Type-Options: [nosniff]
      x-ms-request-id: [b1d93957-bdf3-42f9-81cd-2f2a193cc493]
      x-ms-webhdfs-version: [16.07.07.01]
    status: {code: 200, message: OK}
- request:
    body: null
    headers:
      Accept: ['*/*']
      Accept-Encoding: ['gzip, deflate']
      Connection: [keep-alive]
      Content-Length: ['0']
      User-Agent: [python-requests/2.11.1]
    method: DELETE
    uri: https://fakestore.azuredatalakestore.net/webhdfs/v1/azure_test_dir/a3?OP=DELETE&recursive=True
  response:
    body: {string: '{"boolean":true}'}
    headers:
      Cache-Control: [no-cache]
      Content-Length: ['16']
      Content-Type: [application/json; charset=utf-8]
      Date: ['Thu, 01 Sep 2016 17:10:59 GMT']
      Expires: ['-1']
      Pragma: [no-cache]
      Server-Perf: ['[6528dcba-bf7c-45e3-80ae-1bf8fe113083][ AuthTime::0::PostAuthTime::0
          ][S-FsDelete :: 00:00:062 ms]%0a[DELETE :: 00:00:064 ms]%0a']
      Status: ['0x0']
      Strict-Transport-Security: [max-age=15724800; includeSubDomains]
      X-Content-Type-Options: [nosniff]
      x-ms-request-id: [6528dcba-bf7c-45e3-80ae-1bf8fe113083]
      x-ms-webhdfs-version: [16.07.07.01]
    status: {code: 200, message: OK}
- request:
    body: null
    headers:
      Accept: ['*/*']
      Accept-Encoding: ['gzip, deflate']
      Connection: [keep-alive]
      User-Agent: [python-requests/2.11.1]
    method: GET
    uri: https://fakestore.azuredatalakestore.net/webhdfs/v1/azure_test_dir?OP=LISTSTATUS
  response:
    body: {string: '{"FileStatuses":{"FileStatus":[{"length":0,"pathSuffix":"b1","type":"FILE","blockSize":268435456,"accessTime":1472749854710,"modificationTime":1472749854710,"replication":1,"permission":"770","owner":"49b2f9ec-818a-49ca-9424-249e1f19f7d7","group":"49b2f9ec-818a-49ca-9424-249e1f19f7d7"},{"length":0,"pathSuffix":"c","type":"DIRECTORY","blockSize":0,"accessTime":1472749851373,"modificationTime":1472749855938,"replication":0,"permission":"770","owner":"49b2f9ec-818a-49ca-9424-249e1f19f7d7","group":"49b2f9ec-818a-49ca-9424-249e1f19f7d7"}]}}'}
    headers:
      Cache-Control: [no-cache]
      Content-Length: ['541']
      Content-Type: [application/json; charset=utf-8]
      Date: ['Thu, 01 Sep 2016 17:10:59 GMT']
      Expires: ['-1']
      Pragma: [no-cache]
      Server-Perf: ['[c3e7c2f2-941b-4d3b-b53a-371e8c7c8b2c][ AuthTime::0::PostAuthTime::0
          ][S-HdfsListStatus :: 00:00:116 ms]%0a[LISTSTATUS :: 00:00:117 ms]%0a']
      Status: ['0x0']
      Strict-Transport-Security: [max-age=15724800; includeSubDomains]
      X-Content-Type-Options: [nosniff]
      x-ms-request-id: [c3e7c2f2-941b-4d3b-b53a-371e8c7c8b2c]
      x-ms-webhdfs-version: [16.07.07.01]
    status: {code: 200, message: OK}
- request:
    body: null
    headers:
      Accept: ['*/*']
      Accept-Encoding: ['gzip, deflate']
      Connection: [keep-alive]
      Content-Length: ['0']
      User-Agent: [python-requests/2.11.1]
    method: DELETE
    uri: https://fakestore.azuredatalakestore.net/webhdfs/v1/azure_test_dir/b1?OP=DELETE&recursive=True
  response:
    body: {string: '{"boolean":true}'}
    headers:
      Cache-Control: [no-cache]
      Content-Length: ['16']
      Content-Type: [application/json; charset=utf-8]
      Date: ['Thu, 01 Sep 2016 17:10:59 GMT']
      Expires: ['-1']
      Pragma: [no-cache]
      Server-Perf: ['[0bb41238-5d75-4d54-973b-7fcf5ea0c32a][ AuthTime::0::PostAuthTime::0
          ][S-FsDelete :: 00:00:067 ms]%0a[DELETE :: 00:00:069 ms]%0a']
      Status: ['0x0']
      Strict-Transport-Security: [max-age=15724800; includeSubDomains]
      X-Content-Type-Options: [nosniff]
      x-ms-request-id: [0bb41238-5d75-4d54-973b-7fcf5ea0c32a]
      x-ms-webhdfs-version: [16.07.07.01]
    status: {code: 200, message: OK}
- request:
    body: null
    headers:
      Accept: ['*/*']
      Accept-Encoding: ['gzip, deflate']
      Connection: [keep-alive]
      User-Agent: [python-requests/2.11.1]
    method: GET
    uri: https://fakestore.azuredatalakestore.net/webhdfs/v1/azure_test_dir?OP=LISTSTATUS
  response:
    body: {string: '{"FileStatuses":{"FileStatus":[{"length":0,"pathSuffix":"c","type":"DIRECTORY","blockSize":0,"accessTime":1472749851373,"modificationTime":1472749855938,"replication":0,"permission":"770","owner":"49b2f9ec-818a-49ca-9424-249e1f19f7d7","group":"49b2f9ec-818a-49ca-9424-249e1f19f7d7"}]}}'}
    headers:
      Cache-Control: [no-cache]
      Content-Length: ['285']
      Content-Type: [application/json; charset=utf-8]
      Date: ['Thu, 01 Sep 2016 17:10:59 GMT']
      Expires: ['-1']
      Pragma: [no-cache]
      Server-Perf: ['[7946eb97-b5fc-4d4d-91d5-9c31eea17001][ AuthTime::0::PostAuthTime::0
          ][S-HdfsListStatus :: 00:00:005 ms]%0a[LISTSTATUS :: 00:00:005 ms]%0a']
      Status: ['0x0']
      Strict-Transport-Security: [max-age=15724800; includeSubDomains]
      X-Content-Type-Options: [nosniff]
      x-ms-request-id: [7946eb97-b5fc-4d4d-91d5-9c31eea17001]
      x-ms-webhdfs-version: [16.07.07.01]
    status: {code: 200, message: OK}
- request:
    body: null
    headers:
      Accept: ['*/*']
      Accept-Encoding: ['gzip, deflate']
      Connection: [keep-alive]
      Content-Length: ['0']
      User-Agent: [python-requests/2.11.1]
    method: DELETE
    uri: https://fakestore.azuredatalakestore.net/webhdfs/v1/azure_test_dir/c?OP=DELETE&recursive=True
  response:
    body: {string: '{"boolean":true}'}
    headers:
      Cache-Control: [no-cache]
      Content-Length: ['16']
      Content-Type: [application/json; charset=utf-8]
      Date: ['Thu, 01 Sep 2016 17:11:00 GMT']
      Expires: ['-1']
      Pragma: [no-cache]
      Server-Perf: ['[b6b15268-f017-4be7-aecd-f8101364e5db][ AuthTime::0::PostAuthTime::0
          ][S-FsDelete :: 00:00:057 ms]%0a[DELETE :: 00:00:060 ms]%0a']
      Status: ['0x0']
      Strict-Transport-Security: [max-age=15724800; includeSubDomains]
      X-Content-Type-Options: [nosniff]
      x-ms-request-id: [b6b15268-f017-4be7-aecd-f8101364e5db]
      x-ms-webhdfs-version: [16.07.07.01]
    status: {code: 200, message: OK}
version: 1
