interactions:
- request:
    body: null
    headers:
      Accept: ['*/*']
      Accept-Encoding: ['gzip, deflate']
      Connection: [keep-alive]
      User-Agent: [python/3.5.2 (Windows-10-10.0.15063-SP0) azure.datalake.store.lib/0.0.10
          Azure-Data-Lake-Store-SDK-For-Python]
      x-ms-client-request-id: [324399c8-4267-11e7-b72b-645106422854]
    method: GET
    uri: https://fakestore.azuredatalakestore.net/webhdfs/v1/azure_test_dir/a?OP=GETFILESTATUS&api-version=2016-11-01
  response:
    body: {string: '{"RemoteException":{"exception":"FileNotFoundException","message":"File/Folder
        does not exist: /azure_test_dir/a [2126ec16-58a5-475b-abba-f0693e41c488][2017-05-26T16:01:05.4929465-07:00]","javaClassName":"java.io.FileNotFoundException"}}'}
    headers:
      Cache-Control: ['no-cache, no-cache, no-store, max-age=0']
      Content-Length: ['237']
      Content-Type: [application/json; charset=utf-8]
      Date: ['Fri, 26 May 2017 23:01:04 GMT']
      Expires: ['-1']
      Pragma: [no-cache]
      Status: ['0x8309000A']
      Strict-Transport-Security: [max-age=15724800; includeSubDomains]
      X-Content-Type-Options: [nosniff]
      x-ms-request-id: [2126ec16-58a5-475b-abba-f0693e41c488]
      x-ms-webhdfs-version: [16.12.19.00]
    status: {code: 404, message: Not Found}
- request:
    body: null
    headers:
      Accept: ['*/*']
      Accept-Encoding: ['gzip, deflate']
      Connection: [keep-alive]
      Content-Length: ['0']
      User-Agent: [python/3.5.2 (Windows-10-10.0.15063-SP0) azure.datalake.store.lib/0.0.10
          Azure-Data-Lake-Store-SDK-For-Python]
      x-ms-client-request-id: [328b286c-4267-11e7-98e6-645106422854]
    method: PUT
    uri: https://fakestore.azuredatalakestore.net/webhdfs/v1/azure_test_dir/a?OP=CREATE&api-version=2016-11-01&write=true&overwrite=true
  response:
    body: {string: ''}
    headers:
      Cache-Control: ['no-cache, no-cache, no-store, max-age=0']
      Content-Length: ['0']
      ContentLength: ['0']
      Date: ['Fri, 26 May 2017 23:01:04 GMT']
      Expires: ['-1']
      Location: ['https://fakestore.azuredatalakestore.net/webhdfs/v1/azure_test_dir/a?OP=CREATE&api-version=2016-11-01&write=true&overwrite=true']
      Pragma: [no-cache]
      Status: ['0x0']
      Strict-Transport-Security: [max-age=15724800; includeSubDomains]
      X-Content-Type-Options: [nosniff]
      x-ms-request-id: [551fbf7b-63fb-486a-95ca-adeaf12a61a8]
      x-ms-webhdfs-version: [16.12.19.00]
    status: {code: 201, message: Created}
- request:
    body: null
    headers:
      Accept: ['*/*']
      Accept-Encoding: ['gzip, deflate']
      Connection: [keep-alive]
      User-Agent: [python/3.5.2 (Windows-10-10.0.15063-SP0) azure.datalake.store.lib/0.0.10
          Azure-Data-Lake-Store-SDK-For-Python]
      x-ms-client-request-id: [32a4a478-4267-11e7-b6b2-645106422854]
    method: GET
    uri: https://fakestore.azuredatalakestore.net/webhdfs/v1/azure_test_dir?OP=LISTSTATUS&api-version=2016-11-01
  response:
    body: {string: '{"FileStatuses":{"FileStatus":[{"length":0,"pathSuffix":"a","type":"FILE","blockSize":268435456,"accessTime":1495839665633,"modificationTime":1495839665633,"replication":1,"permission":"770","owner":"9a23860e-03b0-4bad-a8b7-e1d081d592bd","group":"2e6c02d2-a364-4530-9137-d17403996cbf","msExpirationTime":0,"aclBit":false}]}}'}
    headers:
      Cache-Control: ['no-cache, no-cache, no-store, max-age=0']
      Content-Length: ['324']
      Content-Type: [application/json; charset=utf-8]
      Date: ['Fri, 26 May 2017 23:01:04 GMT']
      Expires: ['-1']
      Pragma: [no-cache]
      Status: ['0x0']
      Strict-Transport-Security: [max-age=15724800; includeSubDomains]
      X-Content-Type-Options: [nosniff]
      x-ms-request-id: [e04a662c-19cb-4c31-a372-28f100c64f5d]
      x-ms-webhdfs-version: [16.12.19.00]
    status: {code: 200, message: OK}
- request:
    body: null
    headers:
      Accept: ['*/*']
      Accept-Encoding: ['gzip, deflate']
      Connection: [keep-alive]
      Content-Length: ['0']
      User-Agent: [python/3.5.2 (Windows-10-10.0.15063-SP0) azure.datalake.store.lib/0.0.10
          Azure-Data-Lake-Store-SDK-For-Python]
      x-ms-client-request-id: [32b8e746-4267-11e7-a679-645106422854]
    method: PUT
    uri: https://fakestore.azuredatalakestore.net/webhdfs/v1/azure_test_dir/a?OP=RENAME&api-version=2016-11-01&destination=azure_test_dir%2Fb
  response:
    body: {string: '{"boolean":true}'}
    headers:
      Cache-Control: ['no-cache, no-cache, no-store, max-age=0']
      Content-Length: ['16']
      Content-Type: [application/json; charset=utf-8]
      Date: ['Fri, 26 May 2017 23:01:04 GMT']
      Expires: ['-1']
      Pragma: [no-cache]
      Status: ['0x0']
      Strict-Transport-Security: [max-age=15724800; includeSubDomains]
      X-Content-Type-Options: [nosniff]
      x-ms-request-id: [25711f31-23bb-40f0-a7cd-bb29ecd5601b]
      x-ms-webhdfs-version: [16.12.19.00]
    status: {code: 200, message: OK}
- request:
    body: null
    headers:
      Accept: ['*/*']
      Accept-Encoding: ['gzip, deflate']
      Connection: [keep-alive]
      User-Agent: [python/3.5.2 (Windows-10-10.0.15063-SP0) azure.datalake.store.lib/0.0.10
          Azure-Data-Lake-Store-SDK-For-Python]
      x-ms-client-request-id: [32d26a88-4267-11e7-8b6c-645106422854]
    method: GET
    uri: https://fakestore.azuredatalakestore.net/webhdfs/v1/azure_test_dir?OP=LISTSTATUS&api-version=2016-11-01
  response:
    body: {string: '{"FileStatuses":{"FileStatus":[{"length":0,"pathSuffix":"b","type":"FILE","blockSize":268435456,"accessTime":1495839665633,"modificationTime":1495839665633,"replication":1,"permission":"770","owner":"9a23860e-03b0-4bad-a8b7-e1d081d592bd","group":"2e6c02d2-a364-4530-9137-d17403996cbf","msExpirationTime":0,"aclBit":false}]}}'}
    headers:
      Cache-Control: ['no-cache, no-cache, no-store, max-age=0']
      Content-Length: ['324']
      Content-Type: [application/json; charset=utf-8]
      Date: ['Fri, 26 May 2017 23:01:05 GMT']
      Expires: ['-1']
      Pragma: [no-cache]
      Status: ['0x0']
      Strict-Transport-Security: [max-age=15724800; includeSubDomains]
      X-Content-Type-Options: [nosniff]
      x-ms-request-id: [b60940b5-b002-4867-bc99-f967c1cf3466]
      x-ms-webhdfs-version: [16.12.19.00]
    status: {code: 200, message: OK}
- request:
    body: null
    headers:
      Accept: ['*/*']
      Accept-Encoding: ['gzip, deflate']
      Connection: [keep-alive]
      User-Agent: [python/3.5.2 (Windows-10-10.0.15063-SP0) azure.datalake.store.lib/0.0.10
          Azure-Data-Lake-Store-SDK-For-Python]
      x-ms-client-request-id: [32e651de-4267-11e7-9e8c-645106422854]
    method: GET
    uri: https://fakestore.azuredatalakestore.net/webhdfs/v1/azure_test_dir/b?OP=GETFILESTATUS&api-version=2016-11-01
  response:
    body: {string: '{"FileStatus":{"length":0,"pathSuffix":"","type":"FILE","blockSize":268435456,"accessTime":1495839665633,"modificationTime":1495839665633,"replication":1,"permission":"770","owner":"9a23860e-03b0-4bad-a8b7-e1d081d592bd","group":"2e6c02d2-a364-4530-9137-d17403996cbf","msExpirationTime":0,"aclBit":false}}'}
    headers:
      Cache-Control: ['no-cache, no-cache, no-store, max-age=0']
      Content-Length: ['304']
      Content-Type: [application/json; charset=utf-8]
      Date: ['Fri, 26 May 2017 23:01:05 GMT']
      Expires: ['-1']
      Pragma: [no-cache]
      Status: ['0x0']
      Strict-Transport-Security: [max-age=15724800; includeSubDomains]
      X-Content-Type-Options: [nosniff]
      x-ms-request-id: [acf4dafe-52e2-465f-a7db-5a397901d13d]
      x-ms-webhdfs-version: [16.12.19.00]
    status: {code: 200, message: OK}
- request:
    body: null
    headers:
      Accept: ['*/*']
      Accept-Encoding: ['gzip, deflate']
      Connection: [keep-alive]
      Content-Length: ['0']
      User-Agent: [python/3.5.2 (Windows-10-10.0.15063-SP0) azure.datalake.store.lib/0.0.10
          Azure-Data-Lake-Store-SDK-For-Python]
      x-ms-client-request-id: [32fa488c-4267-11e7-aa5c-645106422854]
    method: DELETE
    uri: https://fakestore.azuredatalakestore.net/webhdfs/v1/azure_test_dir/b?OP=DELETE&api-version=2016-11-01&recursive=True
  response:
    body: {string: '{"boolean":true}'}
    headers:
      Cache-Control: ['no-cache, no-cache, no-store, max-age=0']
      Content-Length: ['16']
      Content-Type: [application/json; charset=utf-8]
      Date: ['Fri, 26 May 2017 23:01:05 GMT']
      Expires: ['-1']
      Pragma: [no-cache]
      Status: ['0x0']
      Strict-Transport-Security: [max-age=15724800; includeSubDomains]
      X-Content-Type-Options: [nosniff]
      x-ms-request-id: [c2e1159b-ad29-4438-ad8a-031fb55664c0]
      x-ms-webhdfs-version: [16.12.19.00]
    status: {code: 200, message: OK}
- request:
    body: null
    headers:
      Accept: ['*/*']
      Accept-Encoding: ['gzip, deflate']
      Connection: [keep-alive]
      User-Agent: [python/3.7.0 (Windows-10-10.0.14393-SP0) azure.datalake.store.lib/0.0.34
          Azure-Data-Lake-Store-SDK-For-Python]
      x-ms-client-request-id: [c658681a-d194-11e8-993e-000d3a041d7c.0]
    method: GET
    uri: https://akharitadls.azuredatalakestore.net/webhdfs/v1/azure_python_sdk_test_dir437f8326-2c53-487e-b0f0-0cd298e9ca49/a?OP=GETFILESTATUS&api-version=2018-05-01
  response:
    body: {string: '{"RemoteException":{"exception":"FileNotFoundException","message":"File/Folder
        does not exist: /azure_python_sdk_test_dir437f8326-2c53-487e-b0f0-0cd298e9ca49/a
        [49cde8c2-fe90-409c-af9a-59125affe97d][2018-10-16T15:42:34.8361116-07:00]","javaClassName":"java.io.FileNotFoundException"}}'}
    headers:
      Cache-Control: ['no-cache, no-cache, no-store, max-age=0']
      Content-Length: ['284']
      Content-Type: [application/json; charset=utf-8]
      Date: ['Tue, 16 Oct 2018 22:42:34 GMT']
      Expires: ['-1']
      Pragma: [no-cache]
      Status: ['0x8309000A']
      Strict-Transport-Security: [max-age=15724800; includeSubDomains]
      X-Content-Type-Options: [nosniff]
      x-ms-request-id: [49cde8c2-fe90-409c-af9a-59125affe97d]
      x-ms-webhdfs-version: [17.04.24.00]
    status: {code: 404, message: Not Found}
- request:
    body: null
    headers:
      Accept: ['*/*']
      Accept-Encoding: ['gzip, deflate']
      Connection: [keep-alive]
      Content-Length: ['0']
      User-Agent: [python/3.7.0 (Windows-10-10.0.14393-SP0) azure.datalake.store.lib/0.0.34
          Azure-Data-Lake-Store-SDK-For-Python]
      x-ms-client-request-id: [c66168cc-d194-11e8-8658-000d3a041d7c.0]
    method: PUT
    uri: https://akharitadls.azuredatalakestore.net/webhdfs/v1/azure_python_sdk_test_dir437f8326-2c53-487e-b0f0-0cd298e9ca49/a?OP=CREATE&api-version=2018-05-01&overwrite=true&write=true&syncFlag=CLOSE&leaseid=f47bda9f-7d1d-49f5-9c5c-cb3742fa4b80&filesessionid=f47bda9f-7d1d-49f5-9c5c-cb3742fa4b80
  response:
    body: {string: ''}
    headers:
      Cache-Control: ['no-cache, no-cache, no-store, max-age=0']
      Content-Length: ['0']
      ContentLength: ['0']
      Date: ['Tue, 16 Oct 2018 22:42:34 GMT']
      Expires: ['-1']
      Location: ['https://akharitadls.azuredatalakestore.net/webhdfs/v1/azure_python_sdk_test_dir437f8326-2c53-487e-b0f0-0cd298e9ca49/a?OP=CREATE&api-version=2018-05-01&overwrite=true&write=true&syncFlag=CLOSE&leaseid=f47bda9f-7d1d-49f5-9c5c-cb3742fa4b80&filesessionid=f47bda9f-7d1d-49f5-9c5c-cb3742fa4b80']
      Pragma: [no-cache]
      Status: ['0x0']
      Strict-Transport-Security: [max-age=15724800; includeSubDomains]
      X-Content-Type-Options: [nosniff]
      x-ms-request-id: [16cc8278-b8b3-4853-ab8b-4179bfa12143]
      x-ms-webhdfs-version: [17.04.24.00]
    status: {code: 201, message: Created}
- request:
    body: null
    headers:
      Accept: ['*/*']
      Accept-Encoding: ['gzip, deflate']
      Connection: [keep-alive]
      User-Agent: [python/3.7.0 (Windows-10-10.0.14393-SP0) azure.datalake.store.lib/0.0.34
          Azure-Data-Lake-Store-SDK-For-Python]
      x-ms-client-request-id: [c6693950-d194-11e8-b497-000d3a041d7c.0]
    method: GET
    uri: https://akharitadls.azuredatalakestore.net/webhdfs/v1/azure_python_sdk_test_dir437f8326-2c53-487e-b0f0-0cd298e9ca49?OP=LISTSTATUS&api-version=2018-05-01&listSize=4000
  response:
    body: {string: '{"FileStatuses":{"FileStatus":[{"length":0,"pathSuffix":"a","type":"FILE","blockSize":268435456,"accessTime":1539729754869,"modificationTime":1539729754869,"replication":1,"permission":"770","owner":"a0b3cb87-9ca9-4769-af48-e687823d8937","group":"6d86a146-d7dc-49d0-862f-1897c5dd2afe","msExpirationTime":0,"aclBit":false}]}}'}
    headers:
      Cache-Control: ['no-cache, no-cache, no-store, max-age=0']
      Content-Length: ['324']
      Content-Type: [application/json; charset=utf-8]
      Date: ['Tue, 16 Oct 2018 22:42:34 GMT']
      Expires: ['-1']
      Pragma: [no-cache]
      Status: ['0x0']
      Strict-Transport-Security: [max-age=15724800; includeSubDomains]
      X-Content-Type-Options: [nosniff]
      x-ms-request-id: [b9325abc-5ee5-41fc-97d7-67c6a83f5c45]
      x-ms-webhdfs-version: [17.04.24.00]
    status: {code: 200, message: OK}
- request:
    body: null
    headers:
      Accept: ['*/*']
      Accept-Encoding: ['gzip, deflate']
      Connection: [keep-alive]
      Content-Length: ['0']
      User-Agent: [python/3.7.0 (Windows-10-10.0.14393-SP0) azure.datalake.store.lib/0.0.34
          Azure-Data-Lake-Store-SDK-For-Python]
      x-ms-client-request-id: [c66d8776-d194-11e8-b90f-000d3a041d7c.0]
    method: PUT
    uri: https://akharitadls.azuredatalakestore.net/webhdfs/v1/azure_python_sdk_test_dir437f8326-2c53-487e-b0f0-0cd298e9ca49/a?OP=RENAME&api-version=2018-05-01&destination=azure_python_sdk_test_dir437f8326-2c53-487e-b0f0-0cd298e9ca49%2Fb
  response:
    body: {string: '{"boolean":true}'}
    headers:
      Cache-Control: ['no-cache, no-cache, no-store, max-age=0']
      Content-Length: ['16']
      Content-Type: [application/json; charset=utf-8]
      Date: ['Tue, 16 Oct 2018 22:42:34 GMT']
      Expires: ['-1']
      Pragma: [no-cache]
      Status: ['0x0']
      Strict-Transport-Security: [max-age=15724800; includeSubDomains]
      X-Content-Type-Options: [nosniff]
      x-ms-request-id: [76728dbb-0e54-4ab9-9997-52e6bf50799d]
      x-ms-webhdfs-version: [17.04.24.00]
    status: {code: 200, message: OK}
- request:
    body: null
    headers:
      Accept: ['*/*']
      Accept-Encoding: ['gzip, deflate']
      Connection: [keep-alive]
      User-Agent: [python/3.7.0 (Windows-10-10.0.14393-SP0) azure.datalake.store.lib/0.0.34
          Azure-Data-Lake-Store-SDK-For-Python]
      x-ms-client-request-id: [c672dea2-d194-11e8-86a1-000d3a041d7c.0]
    method: GET
    uri: https://akharitadls.azuredatalakestore.net/webhdfs/v1/azure_python_sdk_test_dir437f8326-2c53-487e-b0f0-0cd298e9ca49?OP=LISTSTATUS&api-version=2018-05-01&listSize=4000
  response:
    body: {string: '{"FileStatuses":{"FileStatus":[{"length":0,"pathSuffix":"b","type":"FILE","blockSize":268435456,"accessTime":1539729754869,"modificationTime":1539729754869,"replication":1,"permission":"770","owner":"a0b3cb87-9ca9-4769-af48-e687823d8937","group":"6d86a146-d7dc-49d0-862f-1897c5dd2afe","msExpirationTime":0,"aclBit":false}]}}'}
    headers:
      Cache-Control: ['no-cache, no-cache, no-store, max-age=0']
      Content-Length: ['324']
      Content-Type: [application/json; charset=utf-8]
      Date: ['Tue, 16 Oct 2018 22:42:34 GMT']
      Expires: ['-1']
      Pragma: [no-cache]
      Status: ['0x0']
      Strict-Transport-Security: [max-age=15724800; includeSubDomains]
      X-Content-Type-Options: [nosniff]
      x-ms-request-id: [a3b3e8a5-01ef-4d6e-8a05-0411ac728ee9]
      x-ms-webhdfs-version: [17.04.24.00]
    status: {code: 200, message: OK}
- request:
    body: null
    headers:
      Accept: ['*/*']
      Accept-Encoding: ['gzip, deflate']
      Connection: [keep-alive]
      User-Agent: [python/3.7.0 (Windows-10-10.0.14393-SP0) azure.datalake.store.lib/0.0.34
          Azure-Data-Lake-Store-SDK-For-Python]
      x-ms-client-request-id: [c675fccc-d194-11e8-ab94-000d3a041d7c.0]
    method: GET
    uri: https://akharitadls.azuredatalakestore.net/webhdfs/v1/azure_python_sdk_test_dir437f8326-2c53-487e-b0f0-0cd298e9ca49/b?OP=GETFILESTATUS&api-version=2018-05-01
  response:
    body: {string: '{"FileStatus":{"length":0,"pathSuffix":"","type":"FILE","blockSize":268435456,"accessTime":1539729754869,"modificationTime":1539729754869,"replication":1,"permission":"770","owner":"a0b3cb87-9ca9-4769-af48-e687823d8937","group":"6d86a146-d7dc-49d0-862f-1897c5dd2afe","msExpirationTime":0,"aclBit":false}}'}
    headers:
      Cache-Control: ['no-cache, no-cache, no-store, max-age=0']
      Content-Length: ['304']
      Content-Type: [application/json; charset=utf-8]
      Date: ['Tue, 16 Oct 2018 22:42:34 GMT']
      Expires: ['-1']
      Pragma: [no-cache]
      Status: ['0x0']
      Strict-Transport-Security: [max-age=15724800; includeSubDomains]
      X-Content-Type-Options: [nosniff]
      x-ms-request-id: [778be180-57fc-406a-80d6-86aa3a8b5145]
      x-ms-webhdfs-version: [17.04.24.00]
    status: {code: 200, message: OK}
- request:
    body: null
    headers:
      Accept: ['*/*']
      Accept-Encoding: ['gzip, deflate']
      Connection: [keep-alive]
      Content-Length: ['0']
      User-Agent: [python/3.7.0 (Windows-10-10.0.14393-SP0) azure.datalake.store.lib/0.0.34
          Azure-Data-Lake-Store-SDK-For-Python]
      x-ms-client-request-id: [c67875b4-d194-11e8-95a6-000d3a041d7c.0]
    method: DELETE
    uri: https://akharitadls.azuredatalakestore.net/webhdfs/v1/azure_python_sdk_test_dir437f8326-2c53-487e-b0f0-0cd298e9ca49/b?OP=DELETE&api-version=2018-05-01&recursive=True
  response:
    body: {string: '{"boolean":true}'}
    headers:
      Cache-Control: ['no-cache, no-cache, no-store, max-age=0']
      Content-Length: ['16']
      Content-Type: [application/json; charset=utf-8]
      Date: ['Tue, 16 Oct 2018 22:42:35 GMT']
      Expires: ['-1']
      Pragma: [no-cache]
      Status: ['0x0']
      Strict-Transport-Security: [max-age=15724800; includeSubDomains]
      X-Content-Type-Options: [nosniff]
      x-ms-request-id: [d1653faf-422d-43de-a032-77682cf78ffd]
      x-ms-webhdfs-version: [17.04.24.00]
    status: {code: 200, message: OK}
version: 1
