interactions:
- request:
    body: null
    headers:
      Accept: ['*/*']
      Accept-Encoding: ['gzip, deflate']
      Connection: [keep-alive]
      User-Agent: [python/3.7.0 (Windows-10-10.0.14393-SP0) azure.datalake.store.lib/0.0.37
          Azure-Data-Lake-Store-SDK-For-Python]
      x-ms-client-request-id: [6beac0cc-e6d5-11e8-a650-000d3a02e7d7.0]
    method: GET
    uri: https://akharitadls.azuredatalakestore.net/webhdfs/v1/azure_python_sdk_test_dir22bc5d88-20b0-431d-ba7c-a88cf6baf681/a?OP=GETFILESTATUS&api-version=2018-05-01
  response:
    body: {string: '{"RemoteException":{"exception":"FileNotFoundException","message":"File/Folder
        does not exist: /azure_python_sdk_test_dir22bc5d88-20b0-431d-ba7c-a88cf6baf681/a
        [0a586fc2-ba28-4516-9649-ca4edfe830fe][2018-11-12T15:48:14.8038109-08:00]","javaClassName":"java.io.FileNotFoundException"}}'}
    headers:
      Cache-Control: ['no-cache, no-cache, no-store, max-age=0']
      Content-Length: ['284']
      Content-Type: [application/json; charset=utf-8]
      Date: ['Mon, 12 Nov 2018 23:48:14 GMT']
      Expires: ['-1']
      Pragma: [no-cache]
      Status: ['0x8309000A']
      Strict-Transport-Security: [max-age=15724800; includeSubDomains]
      X-Content-Type-Options: [nosniff]
      x-ms-request-id: [0a586fc2-ba28-4516-9649-ca4edfe830fe]
      x-ms-webhdfs-version: [17.04.24.00]
    status: {code: 404, message: Not Found}
- request:
    body: null
    headers:
      Accept: ['*/*']
      Accept-Encoding: ['gzip, deflate']
      Connection: [keep-alive]
      Content-Length: ['0']
      User-Agent: [python/3.7.0 (Windows-10-10.0.14393-SP0) azure.datalake.store.lib/0.0.37
          Azure-Data-Lake-Store-SDK-For-Python]
      x-ms-client-request-id: [6bf1e85e-e6d5-11e8-ae1a-000d3a02e7d7.0]
    method: PUT
    uri: https://akharitadls.azuredatalakestore.net/webhdfs/v1/azure_python_sdk_test_dir22bc5d88-20b0-431d-ba7c-a88cf6baf681/a?OP=CREATE&api-version=2018-05-01&overwrite=true&write=true&syncFlag=CLOSE&leaseid=3c6f4702-16c4-4e63-ade4-caab4a737492&filesessionid=3c6f4702-16c4-4e63-ade4-caab4a737492
  response:
    body: {string: ''}
    headers:
      Cache-Control: ['no-cache, no-cache, no-store, max-age=0']
      Content-Length: ['0']
      ContentLength: ['0']
      Date: ['Mon, 12 Nov 2018 23:48:14 GMT']
      Expires: ['-1']
      Location: ['https://akharitadls.azuredatalakestore.net/webhdfs/v1/azure_python_sdk_test_dir22bc5d88-20b0-431d-ba7c-a88cf6baf681/a?OP=CREATE&api-version=2018-05-01&overwrite=true&write=true&syncFlag=CLOSE&leaseid=3c6f4702-16c4-4e63-ade4-caab4a737492&filesessionid=3c6f4702-16c4-4e63-ade4-caab4a737492']
      Pragma: [no-cache]
      Status: ['0x0']
      Strict-Transport-Security: [max-age=15724800; includeSubDomains]
      X-Content-Type-Options: [nosniff]
      x-ms-request-id: [dfd86fe0-7a22-4a17-9c40-20f9787dd3bf]
      x-ms-webhdfs-version: [17.04.24.00]
    status: {code: 201, message: Created}
- request:
    body: null
    headers:
      Accept: ['*/*']
      Accept-Encoding: ['gzip, deflate']
      Connection: [keep-alive]
      Content-Length: ['0']
      User-Agent: [python/3.7.0 (Windows-10-10.0.14393-SP0) azure.datalake.store.lib/0.0.37
          Azure-Data-Lake-Store-SDK-For-Python]
      x-ms-client-request-id: [6c003792-e6d5-11e8-87c8-000d3a02e7d7.0]
    method: PUT
    uri: https://akharitadls.azuredatalakestore.net/webhdfs/v1/azure_python_sdk_test_dir22bc5d88-20b0-431d-ba7c-a88cf6baf681/a?OP=MODIFYACLENTRIES&api-version=2018-05-01&aclSpec=user%3A3883e0e8-9ad3-440d-b6f6-6ed492ae1ae7%3Arwx
  response:
    body: {string: ''}
    headers:
      Cache-Control: ['no-cache, no-cache, no-store, max-age=0']
      Content-Length: ['0']
      ContentLength: ['0']
      Date: ['Mon, 12 Nov 2018 23:48:14 GMT']
      Expires: ['-1']
      Pragma: [no-cache]
      Status: ['0x0']
      Strict-Transport-Security: [max-age=15724800; includeSubDomains]
      X-Content-Type-Options: [nosniff]
      x-ms-request-id: [76aceef2-4a0a-4421-bda1-ab51915725e2]
      x-ms-webhdfs-version: [17.04.24.00]
    status: {code: 200, message: OK}
- request:
    body: null
    headers:
      Accept: ['*/*']
      Accept-Encoding: ['gzip, deflate']
      Connection: [keep-alive]
      User-Agent: [python/3.7.0 (Windows-10-10.0.14393-SP0) azure.datalake.store.lib/0.0.37
          Azure-Data-Lake-Store-SDK-For-Python]
      x-ms-client-request-id: [6c0299d8-e6d5-11e8-9b22-000d3a02e7d7.0]
    method: GET
    uri: https://akharitadls.azuredatalakestore.net/webhdfs/v1/azure_python_sdk_test_dir22bc5d88-20b0-431d-ba7c-a88cf6baf681/a?OP=MSGETACLSTATUS&api-version=2018-05-01
  response:
    body: {string: '{"AclStatus":{"entries":["user::rwx","user:3883e0e8-9ad3-440d-b6f6-6ed492ae1ae7:rwx","group::rwx","mask::rwx","other::---"],"owner":"a0b3cb87-9ca9-4769-af48-e687823d8937","group":"6d86a146-d7dc-49d0-862f-1897c5dd2afe","permission":"770","stickyBit":false}}'}
    headers:
      Cache-Control: ['no-cache, no-cache, no-store, max-age=0']
      Content-Length: ['256']
      Content-Type: [application/json; charset=utf-8]
      Date: ['Mon, 12 Nov 2018 23:48:14 GMT']
      Expires: ['-1']
      Pragma: [no-cache]
      Status: ['0x0']
      Strict-Transport-Security: [max-age=15724800; includeSubDomains]
      X-Content-Type-Options: [nosniff]
      x-ms-request-id: [5980e38d-d02b-4227-a591-924b0d83e6a3]
      x-ms-webhdfs-version: [17.04.24.00]
    status: {code: 200, message: OK}
- request:
    body: null
    headers:
      Accept: ['*/*']
      Accept-Encoding: ['gzip, deflate']
      Connection: [keep-alive]
      Content-Length: ['0']
      User-Agent: [python/3.7.0 (Windows-10-10.0.14393-SP0) azure.datalake.store.lib/0.0.37
          Azure-Data-Lake-Store-SDK-For-Python]
      x-ms-client-request-id: [6c075cf4-e6d5-11e8-b70a-000d3a02e7d7.0]
    method: PUT
    uri: https://akharitadls.azuredatalakestore.net/webhdfs/v1/azure_python_sdk_test_dir22bc5d88-20b0-431d-ba7c-a88cf6baf681/a?OP=REMOVEACLENTRIES&api-version=2018-05-01&aclSpec=user%3A3883e0e8-9ad3-440d-b6f6-6ed492ae1ae7
  response:
    body: {string: ''}
    headers:
      Cache-Control: ['no-cache, no-cache, no-store, max-age=0']
      Content-Length: ['0']
      ContentLength: ['0']
      Date: ['Mon, 12 Nov 2018 23:48:14 GMT']
      Expires: ['-1']
      Pragma: [no-cache]
      Status: ['0x0']
      Strict-Transport-Security: [max-age=15724800; includeSubDomains]
      X-Content-Type-Options: [nosniff]
      x-ms-request-id: [e3d16a1c-31e7-4918-b5cb-b240c4e3b07b]
      x-ms-webhdfs-version: [17.04.24.00]
    status: {code: 200, message: OK}
- request:
    body: null
    headers:
      Accept: ['*/*']
      Accept-Encoding: ['gzip, deflate']
      Connection: [keep-alive]
      User-Agent: [python/3.7.0 (Windows-10-10.0.14393-SP0) azure.datalake.store.lib/0.0.37
          Azure-Data-Lake-Store-SDK-For-Python]
      x-ms-client-request-id: [6c09c034-e6d5-11e8-84c1-000d3a02e7d7.0]
    method: GET
    uri: https://akharitadls.azuredatalakestore.net/webhdfs/v1/azure_python_sdk_test_dir22bc5d88-20b0-431d-ba7c-a88cf6baf681/a?OP=MSGETACLSTATUS&api-version=2018-05-01
  response:
    body: {string: '{"AclStatus":{"entries":["user::rwx","group::rwx","mask::rwx","other::---"],"owner":"a0b3cb87-9ca9-4769-af48-e687823d8937","group":"6d86a146-d7dc-49d0-862f-1897c5dd2afe","permission":"770","stickyBit":false}}'}
    headers:
      Cache-Control: ['no-cache, no-cache, no-store, max-age=0']
      Content-Length: ['208']
      Content-Type: [application/json; charset=utf-8]
      Date: ['Mon, 12 Nov 2018 23:48:14 GMT']
      Expires: ['-1']
      Pragma: [no-cache]
      Status: ['0x0']
      Strict-Transport-Security: [max-age=15724800; includeSubDomains]
      X-Content-Type-Options: [nosniff]
      x-ms-request-id: [75e321cf-7812-4746-ba3f-26438f52bcc1]
      x-ms-webhdfs-version: [17.04.24.00]
    status: {code: 200, message: OK}
- request:
    body: null
    headers:
      Accept: ['*/*']
      Accept-Encoding: ['gzip, deflate']
      Connection: [keep-alive]
      User-Agent: [python/3.7.0 (Windows-10-10.0.14393-SP0) azure.datalake.store.lib/0.0.37
          Azure-Data-Lake-Store-SDK-For-Python]
      x-ms-client-request-id: [6c1a717a-e6d5-11e8-8a3d-000d3a02e7d7.0]
    method: GET
    uri: https://akharitadls.azuredatalakestore.net/webhdfs/v1/azure_python_sdk_test_dir22bc5d88-20b0-431d-ba7c-a88cf6baf681?OP=LISTSTATUS&api-version=2018-05-01&listSize=4000
  response:
    body: {string: '{"FileStatuses":{"FileStatus":[{"length":0,"pathSuffix":"a","type":"FILE","blockSize":268435456,"accessTime":1542066494847,"modificationTime":1542066494847,"replication":1,"permission":"770","owner":"a0b3cb87-9ca9-4769-af48-e687823d8937","group":"6d86a146-d7dc-49d0-862f-1897c5dd2afe","msExpirationTime":0,"aclBit":true}]}}'}
    headers:
      Cache-Control: ['no-cache, no-cache, no-store, max-age=0']
      Content-Length: ['323']
      Content-Type: [application/json; charset=utf-8]
      Date: ['Mon, 12 Nov 2018 23:48:14 GMT']
      Expires: ['-1']
      Pragma: [no-cache]
      Status: ['0x0']
      Strict-Transport-Security: [max-age=15724800; includeSubDomains]
      X-Content-Type-Options: [nosniff]
      x-ms-request-id: [a88d0599-5da4-47c0-979a-212c0cc332e1]
      x-ms-webhdfs-version: [17.04.24.00]
    status: {code: 200, message: OK}
- request:
    body: null
    headers:
      Accept: ['*/*']
      Accept-Encoding: ['gzip, deflate']
      Connection: [keep-alive]
      User-Agent: [python/3.7.0 (Windows-10-10.0.14393-SP0) azure.datalake.store.lib/0.0.37
          Azure-Data-Lake-Store-SDK-For-Python]
      x-ms-client-request-id: [6c1cd25e-e6d5-11e8-9026-000d3a02e7d7.0]
    method: GET
    uri: https://akharitadls.azuredatalakestore.net/webhdfs/v1/azure_python_sdk_test_dir22bc5d88-20b0-431d-ba7c-a88cf6baf681/a?OP=GETFILESTATUS&api-version=2018-05-01
  response:
    body: {string: '{"FileStatus":{"length":0,"pathSuffix":"","type":"FILE","blockSize":268435456,"accessTime":1542066494847,"modificationTime":1542066494847,"replication":1,"permission":"770","owner":"a0b3cb87-9ca9-4769-af48-e687823d8937","group":"6d86a146-d7dc-49d0-862f-1897c5dd2afe","msExpirationTime":0,"aclBit":true}}'}
    headers:
      Cache-Control: ['no-cache, no-cache, no-store, max-age=0']
      Content-Length: ['303']
      Content-Type: [application/json; charset=utf-8]
      Date: ['Mon, 12 Nov 2018 23:48:14 GMT']
      Expires: ['-1']
      Pragma: [no-cache]
      Status: ['0x0']
      Strict-Transport-Security: [max-age=15724800; includeSubDomains]
      X-Content-Type-Options: [nosniff]
      x-ms-request-id: [cd683a73-1f2c-4205-b1c3-d308620bc039]
      x-ms-webhdfs-version: [17.04.24.00]
    status: {code: 200, message: OK}
- request:
    body: null
    headers:
      Accept: ['*/*']
      Accept-Encoding: ['gzip, deflate']
      Connection: [keep-alive]
      Content-Length: ['0']
      User-Agent: [python/3.7.0 (Windows-10-10.0.14393-SP0) azure.datalake.store.lib/0.0.37
          Azure-Data-Lake-Store-SDK-For-Python]
      x-ms-client-request-id: [6c21986e-e6d5-11e8-bb92-000d3a02e7d7.0]
    method: DELETE
    uri: https://akharitadls.azuredatalakestore.net/webhdfs/v1/azure_python_sdk_test_dir22bc5d88-20b0-431d-ba7c-a88cf6baf681/a?OP=DELETE&api-version=2018-05-01&recursive=True
  response:
    body: {string: '{"boolean":true}'}
    headers:
      Cache-Control: ['no-cache, no-cache, no-store, max-age=0']
      Content-Length: ['16']
      Content-Type: [application/json; charset=utf-8]
      Date: ['Mon, 12 Nov 2018 23:48:14 GMT']
      Expires: ['-1']
      Pragma: [no-cache]
      Status: ['0x0']
      Strict-Transport-Security: [max-age=15724800; includeSubDomains]
      X-Content-Type-Options: [nosniff]
      x-ms-request-id: [7d391155-2b90-40d2-b139-0d5b8304ddc9]
      x-ms-webhdfs-version: [17.04.24.00]
    status: {code: 200, message: OK}
- request:
    body: null
    headers:
      Accept: ['*/*']
      Accept-Encoding: ['gzip, deflate']
      Connection: [keep-alive]
      User-Agent: [python/3.6.3 (Windows-10-10.0.14393-SP0) azure.datalake.store.lib/0.0.41
          Azure-Data-Lake-Store-SDK-For-Python]
      x-ms-client-request-id: [15edf428-25b7-11e9-b44f-480fcf66f040.0]
    method: GET
    uri: https://akharitadls.azuredatalakestore.net/webhdfs/v1/azure_python_sdk_test_dir4dafa5a0-90c8-45f3-afb6-f48b9df3b8d0/a?OP=GETFILESTATUS&api-version=2018-09-01
  response:
    body: {string: '{"RemoteException":{"exception":"FileNotFoundException","message":"File/Folder
        does not exist: /azure_python_sdk_test_dir4dafa5a0-90c8-45f3-afb6-f48b9df3b8d0/a
        [3aa23228-4cff-475c-8595-bd95af0a7793][2019-01-31T16:19:49.2114008-08:00]","javaClassName":"java.io.FileNotFoundException"}}'}
    headers:
      Cache-Control: ['no-cache, no-cache, no-store, max-age=0']
      Content-Length: ['284']
      Content-Type: [application/json; charset=utf-8]
      Date: ['Fri, 01 Feb 2019 00:19:48 GMT']
      Expires: ['-1']
      Pragma: [no-cache]
      Status: ['0x8309000A']
      Strict-Transport-Security: [max-age=15724800; includeSubDomains]
      X-Content-Type-Options: [nosniff]
      x-ms-request-id: [3aa23228-4cff-475c-8595-bd95af0a7793]
      x-ms-webhdfs-version: [17.04.24.00]
    status: {code: 404, message: Not Found}
- request:
    body: null
    headers:
      Accept: ['*/*']
      Accept-Encoding: ['gzip, deflate']
      Connection: [keep-alive]
      Content-Length: ['0']
      User-Agent: [python/3.6.3 (Windows-10-10.0.14393-SP0) azure.datalake.store.lib/0.0.41
          Azure-Data-Lake-Store-SDK-For-Python]
      x-ms-client-request-id: [16297c4c-25b7-11e9-908c-480fcf66f040.0]
    method: PUT
    uri: https://akharitadls.azuredatalakestore.net/webhdfs/v1/azure_python_sdk_test_dir4dafa5a0-90c8-45f3-afb6-f48b9df3b8d0/a?OP=CREATE&api-version=2018-09-01&overwrite=true&write=true&syncFlag=CLOSE&leaseid=86081642-a117-45e7-910f-9917ab2c30bd&filesessionid=86081642-a117-45e7-910f-9917ab2c30bd
  response:
    body: {string: ''}
    headers:
      Cache-Control: ['no-cache, no-cache, no-store, max-age=0']
      Content-Length: ['0']
      ContentLength: ['0']
      Date: ['Fri, 01 Feb 2019 00:19:48 GMT']
      Expires: ['-1']
      Location: ['https://akharitadls.azuredatalakestore.net/webhdfs/v1/azure_python_sdk_test_dir4dafa5a0-90c8-45f3-afb6-f48b9df3b8d0/a?OP=CREATE&api-version=2018-09-01&overwrite=true&write=true&syncFlag=CLOSE&leaseid=86081642-a117-45e7-910f-9917ab2c30bd&filesessionid=86081642-a117-45e7-910f-9917ab2c30bd']
      Pragma: [no-cache]
      Status: ['0x0']
      Strict-Transport-Security: [max-age=15724800; includeSubDomains]
      X-Content-Type-Options: [nosniff]
      x-ms-request-id: [fa6e6b1b-ee3f-47fb-b6c6-046492b4daa2]
      x-ms-webhdfs-version: [17.04.24.00]
    status: {code: 201, message: Created}
- request:
    body: null
    headers:
      Accept: ['*/*']
      Accept-Encoding: ['gzip, deflate']
      Connection: [keep-alive]
      Content-Length: ['0']
      User-Agent: [python/3.6.3 (Windows-10-10.0.14393-SP0) azure.datalake.store.lib/0.0.41
          Azure-Data-Lake-Store-SDK-For-Python]
      x-ms-client-request-id: [163bf548-25b7-11e9-9010-480fcf66f040.0]
    method: PUT
    uri: https://akharitadls.azuredatalakestore.net/webhdfs/v1/azure_python_sdk_test_dir4dafa5a0-90c8-45f3-afb6-f48b9df3b8d0/a?OP=MODIFYACLENTRIES&api-version=2018-09-01&aclSpec=user%3A3883e0e8-9ad3-440d-b6f6-6ed492ae1ae7%3Arwx
  response:
    body: {string: ''}
    headers:
      Cache-Control: ['no-cache, no-cache, no-store, max-age=0']
      Content-Length: ['0']
      ContentLength: ['0']
      Date: ['Fri, 01 Feb 2019 00:19:48 GMT']
      Expires: ['-1']
      Pragma: [no-cache]
      Status: ['0x0']
      Strict-Transport-Security: [max-age=15724800; includeSubDomains]
      X-Content-Type-Options: [nosniff]
      x-ms-request-id: [2806d259-cf33-4ba0-8ef8-02e84d305ebb]
      x-ms-webhdfs-version: [17.04.24.00]
    status: {code: 200, message: OK}
- request:
    body: null
    headers:
      Accept: ['*/*']
      Accept-Encoding: ['gzip, deflate']
      Connection: [keep-alive]
      User-Agent: [python/3.6.3 (Windows-10-10.0.14393-SP0) azure.datalake.store.lib/0.0.41
          Azure-Data-Lake-Store-SDK-For-Python]
      x-ms-client-request-id: [164c4de8-25b7-11e9-a7a0-480fcf66f040.0]
    method: GET
    uri: https://akharitadls.azuredatalakestore.net/webhdfs/v1/azure_python_sdk_test_dir4dafa5a0-90c8-45f3-afb6-f48b9df3b8d0/a?OP=MSGETACLSTATUS&api-version=2018-09-01
  response:
    body: {string: '{"AclStatus":{"entries":["user::rwx","user:3883e0e8-9ad3-440d-b6f6-6ed492ae1ae7:rwx","group::rwx","mask::rwx","other::---"],"owner":"a0b3cb87-9ca9-4769-af48-e687823d8937","group":"6d86a146-d7dc-49d0-862f-1897c5dd2afe","permission":"770","stickyBit":false}}'}
    headers:
      Cache-Control: ['no-cache, no-cache, no-store, max-age=0']
      Content-Length: ['256']
      Content-Type: [application/json; charset=utf-8]
      Date: ['Fri, 01 Feb 2019 00:19:49 GMT']
      Expires: ['-1']
      Pragma: [no-cache]
      Status: ['0x0']
      Strict-Transport-Security: [max-age=15724800; includeSubDomains]
      X-Content-Type-Options: [nosniff]
      x-ms-request-id: [e86df4f4-cd8a-4150-a856-1960deadd6d0]
      x-ms-webhdfs-version: [17.04.24.00]
    status: {code: 200, message: OK}
- request:
    body: null
    headers:
      Accept: ['*/*']
      Accept-Encoding: ['gzip, deflate']
      Connection: [keep-alive]
      Content-Length: ['0']
      User-Agent: [python/3.6.3 (Windows-10-10.0.14393-SP0) azure.datalake.store.lib/0.0.41
          Azure-Data-Lake-Store-SDK-For-Python]
      x-ms-client-request-id: [165b5f54-25b7-11e9-bdb9-480fcf66f040.0]
    method: PUT
    uri: https://akharitadls.azuredatalakestore.net/webhdfs/v1/azure_python_sdk_test_dir4dafa5a0-90c8-45f3-afb6-f48b9df3b8d0/a?OP=REMOVEACLENTRIES&api-version=2018-09-01&aclSpec=user%3A3883e0e8-9ad3-440d-b6f6-6ed492ae1ae7
  response:
    body: {string: ''}
    headers:
      Cache-Control: ['no-cache, no-cache, no-store, max-age=0']
      Content-Length: ['0']
      ContentLength: ['0']
      Date: ['Fri, 01 Feb 2019 00:19:49 GMT']
      Expires: ['-1']
      Pragma: [no-cache]
      Status: ['0x0']
      Strict-Transport-Security: [max-age=15724800; includeSubDomains]
      X-Content-Type-Options: [nosniff]
      x-ms-request-id: [cb7ad7cf-e90d-45e2-870d-9ee1103f8d03]
      x-ms-webhdfs-version: [17.04.24.00]
    status: {code: 200, message: OK}
- request:
    body: null
    headers:
      Accept: ['*/*']
      Accept-Encoding: ['gzip, deflate']
      Connection: [keep-alive]
      User-Agent: [python/3.6.3 (Windows-10-10.0.14393-SP0) azure.datalake.store.lib/0.0.41
          Azure-Data-Lake-Store-SDK-For-Python]
      x-ms-client-request-id: [166b364c-25b7-11e9-afab-480fcf66f040.0]
    method: GET
    uri: https://akharitadls.azuredatalakestore.net/webhdfs/v1/azure_python_sdk_test_dir4dafa5a0-90c8-45f3-afb6-f48b9df3b8d0/a?OP=MSGETACLSTATUS&api-version=2018-09-01
  response:
    body: {string: '{"AclStatus":{"entries":["user::rwx","group::rwx","mask::rwx","other::---"],"owner":"a0b3cb87-9ca9-4769-af48-e687823d8937","group":"6d86a146-d7dc-49d0-862f-1897c5dd2afe","permission":"770","stickyBit":false}}'}
    headers:
      Cache-Control: ['no-cache, no-cache, no-store, max-age=0']
      Content-Length: ['208']
      Content-Type: [application/json; charset=utf-8]
      Date: ['Fri, 01 Feb 2019 00:19:49 GMT']
      Expires: ['-1']
      Pragma: [no-cache]
      Status: ['0x0']
      Strict-Transport-Security: [max-age=15724800; includeSubDomains]
      X-Content-Type-Options: [nosniff]
      x-ms-request-id: [553b87f6-8049-40c1-8651-f5295f4240d0]
      x-ms-webhdfs-version: [17.04.24.00]
    status: {code: 200, message: OK}
- request:
    body: null
    headers:
      Accept: ['*/*']
      Accept-Encoding: ['gzip, deflate']
      Connection: [keep-alive]
      User-Agent: [python/3.6.3 (Windows-10-10.0.14393-SP0) azure.datalake.store.lib/0.0.41
          Azure-Data-Lake-Store-SDK-For-Python]
      x-ms-client-request-id: [167a1de4-25b7-11e9-a0a7-480fcf66f040.0]
    method: GET
    uri: https://akharitadls.azuredatalakestore.net/webhdfs/v1/azure_python_sdk_test_dir4dafa5a0-90c8-45f3-afb6-f48b9df3b8d0?OP=LISTSTATUS&api-version=2018-09-01&listSize=4000
  response:
    body: {string: '{"FileStatuses":{"continuationToken":"","FileStatus":[{"length":0,"pathSuffix":"a","type":"FILE","blockSize":268435456,"accessTime":1548980389320,"modificationTime":1548980389320,"replication":1,"permission":"770","owner":"a0b3cb87-9ca9-4769-af48-e687823d8937","group":"6d86a146-d7dc-49d0-862f-1897c5dd2afe","msExpirationTime":0,"aclBit":true}]}}'}
    headers:
      Cache-Control: ['no-cache, no-cache, no-store, max-age=0']
      Content-Length: ['346']
      Content-Type: [application/json; charset=utf-8]
      Date: ['Fri, 01 Feb 2019 00:19:49 GMT']
      Expires: ['-1']
      Pragma: [no-cache]
      Status: ['0x0']
      Strict-Transport-Security: [max-age=15724800; includeSubDomains]
      X-Content-Type-Options: [nosniff]
      x-ms-request-id: [cbca6c45-235d-458d-9e4f-6372b3292dec]
      x-ms-webhdfs-version: [17.04.24.00]
    status: {code: 200, message: OK}
- request:
    body: null
    headers:
      Accept: ['*/*']
      Accept-Encoding: ['gzip, deflate']
      Connection: [keep-alive]
      User-Agent: [python/3.6.3 (Windows-10-10.0.14393-SP0) azure.datalake.store.lib/0.0.41
          Azure-Data-Lake-Store-SDK-For-Python]
      x-ms-client-request-id: [168a7470-25b7-11e9-a751-480fcf66f040.0]
    method: GET
    uri: https://akharitadls.azuredatalakestore.net/webhdfs/v1/azure_python_sdk_test_dir4dafa5a0-90c8-45f3-afb6-f48b9df3b8d0/a?OP=GETFILESTATUS&api-version=2018-09-01
  response:
    body: {string: '{"FileStatus":{"length":0,"pathSuffix":"","type":"FILE","blockSize":268435456,"accessTime":1548980389320,"modificationTime":1548980389320,"replication":1,"permission":"770","owner":"a0b3cb87-9ca9-4769-af48-e687823d8937","group":"6d86a146-d7dc-49d0-862f-1897c5dd2afe","msExpirationTime":0,"aclBit":true}}'}
    headers:
      Cache-Control: ['no-cache, no-cache, no-store, max-age=0']
      Content-Length: ['303']
      Content-Type: [application/json; charset=utf-8]
      Date: ['Fri, 01 Feb 2019 00:19:49 GMT']
      Expires: ['-1']
      Pragma: [no-cache]
      Status: ['0x0']
      Strict-Transport-Security: [max-age=15724800; includeSubDomains]
      X-Content-Type-Options: [nosniff]
      x-ms-request-id: [d6403a1c-93f8-4f10-9107-cacc23f39317]
      x-ms-webhdfs-version: [17.04.24.00]
    status: {code: 200, message: OK}
- request:
    body: null
    headers:
      Accept: ['*/*']
      Accept-Encoding: ['gzip, deflate']
      Connection: [keep-alive]
      Content-Length: ['0']
      User-Agent: [python/3.6.3 (Windows-10-10.0.14393-SP0) azure.datalake.store.lib/0.0.41
          Azure-Data-Lake-Store-SDK-For-Python]
      x-ms-client-request-id: [1699822e-25b7-11e9-8c6d-480fcf66f040.0]
    method: DELETE
    uri: https://akharitadls.azuredatalakestore.net/webhdfs/v1/azure_python_sdk_test_dir4dafa5a0-90c8-45f3-afb6-f48b9df3b8d0/a?OP=DELETE&api-version=2018-09-01&recursive=True
  response:
    body: {string: '{"boolean":true}'}
    headers:
      Cache-Control: ['no-cache, no-cache, no-store, max-age=0']
      Content-Length: ['16']
      Content-Type: [application/json; charset=utf-8]
      Date: ['Fri, 01 Feb 2019 00:19:49 GMT']
      Expires: ['-1']
      Pragma: [no-cache]
      Status: ['0x0']
      Strict-Transport-Security: [max-age=15724800; includeSubDomains]
      X-Content-Type-Options: [nosniff]
      x-ms-request-id: [11dcc1ff-2fda-4829-b693-b3b82e3171ac]
      x-ms-webhdfs-version: [17.04.24.00]
    status: {code: 200, message: OK}
- request:
    body: null
    headers:
      Accept: ['*/*']
      Accept-Encoding: ['gzip, deflate']
      Connection: [keep-alive]
      User-Agent: [python/3.6.3 (Windows-10-10.0.14393-SP0) azure.datalake.store.lib/0.0.41
          Azure-Data-Lake-Store-SDK-For-Python]
      x-ms-client-request-id: [7c70e070-25be-11e9-b386-480fcf66f040.0]
    method: GET
    uri: https://akharitadls.azuredatalakestore.net/webhdfs/v1/azure_python_sdk_test_dir8db4de56-65b4-40a9-9c48-c118e88508b3/a?OP=GETFILESTATUS&api-version=2018-05-01
  response:
    body: {string: '{"RemoteException":{"exception":"FileNotFoundException","message":"File/Folder
        does not exist: /azure_python_sdk_test_dir8db4de56-65b4-40a9-9c48-c118e88508b3/a
        [43eebff6-c7e1-498a-9981-df7eb7bb4a8d][2019-01-31T17:12:47.6605340-08:00]","javaClassName":"java.io.FileNotFoundException"}}'}
    headers:
      Cache-Control: ['no-cache, no-cache, no-store, max-age=0']
      Content-Length: ['284']
      Content-Type: [application/json; charset=utf-8]
      Date: ['Fri, 01 Feb 2019 01:12:47 GMT']
      Expires: ['-1']
      Pragma: [no-cache]
      Status: ['0x8309000A']
      Strict-Transport-Security: [max-age=15724800; includeSubDomains]
      X-Content-Type-Options: [nosniff]
      x-ms-request-id: [43eebff6-c7e1-498a-9981-df7eb7bb4a8d]
      x-ms-webhdfs-version: [17.04.24.00]
    status: {code: 404, message: Not Found}
- request:
    body: null
    headers:
      Accept: ['*/*']
      Accept-Encoding: ['gzip, deflate']
      Connection: [keep-alive]
      Content-Length: ['0']
      User-Agent: [python/3.6.3 (Windows-10-10.0.14393-SP0) azure.datalake.store.lib/0.0.41
          Azure-Data-Lake-Store-SDK-For-Python]
      x-ms-client-request-id: [7caa94da-25be-11e9-8d9e-480fcf66f040.0]
    method: PUT
    uri: https://akharitadls.azuredatalakestore.net/webhdfs/v1/azure_python_sdk_test_dir8db4de56-65b4-40a9-9c48-c118e88508b3/a?OP=CREATE&api-version=2018-05-01&overwrite=true&write=true&syncFlag=CLOSE&leaseid=547668ca-8d5a-4df8-a940-271211796a7a&filesessionid=547668ca-8d5a-4df8-a940-271211796a7a
  response:
    body: {string: ''}
    headers:
      Cache-Control: ['no-cache, no-cache, no-store, max-age=0']
      Content-Length: ['0']
      ContentLength: ['0']
      Date: ['Fri, 01 Feb 2019 01:12:47 GMT']
      Expires: ['-1']
      Location: ['https://akharitadls.azuredatalakestore.net/webhdfs/v1/azure_python_sdk_test_dir8db4de56-65b4-40a9-9c48-c118e88508b3/a?OP=CREATE&api-version=2018-05-01&overwrite=true&write=true&syncFlag=CLOSE&leaseid=547668ca-8d5a-4df8-a940-271211796a7a&filesessionid=547668ca-8d5a-4df8-a940-271211796a7a']
      Pragma: [no-cache]
      Status: ['0x0']
      Strict-Transport-Security: [max-age=15724800; includeSubDomains]
      X-Content-Type-Options: [nosniff]
      x-ms-request-id: [74a90fc7-d8e7-461b-a0dc-0f99cef30cae]
      x-ms-webhdfs-version: [17.04.24.00]
    status: {code: 201, message: Created}
- request:
    body: null
    headers:
      Accept: ['*/*']
      Accept-Encoding: ['gzip, deflate']
      Connection: [keep-alive]
      Content-Length: ['0']
      User-Agent: [python/3.6.3 (Windows-10-10.0.14393-SP0) azure.datalake.store.lib/0.0.41
          Azure-Data-Lake-Store-SDK-For-Python]
      x-ms-client-request-id: [7cbe2050-25be-11e9-83a8-480fcf66f040.0]
    method: PUT
    uri: https://akharitadls.azuredatalakestore.net/webhdfs/v1/azure_python_sdk_test_dir8db4de56-65b4-40a9-9c48-c118e88508b3/a?OP=MODIFYACLENTRIES&api-version=2018-05-01&aclSpec=user%3A3883e0e8-9ad3-440d-b6f6-6ed492ae1ae7%3Arwx
  response:
    body: {string: ''}
    headers:
      Cache-Control: ['no-cache, no-cache, no-store, max-age=0']
      Content-Length: ['0']
      ContentLength: ['0']
      Date: ['Fri, 01 Feb 2019 01:12:47 GMT']
      Expires: ['-1']
      Pragma: [no-cache]
      Status: ['0x0']
      Strict-Transport-Security: [max-age=15724800; includeSubDomains]
      X-Content-Type-Options: [nosniff]
      x-ms-request-id: [a7087d1e-4b9f-45c9-a960-fd9460749c29]
      x-ms-webhdfs-version: [17.04.24.00]
    status: {code: 200, message: OK}
- request:
    body: null
    headers:
      Accept: ['*/*']
      Accept-Encoding: ['gzip, deflate']
      Connection: [keep-alive]
      User-Agent: [python/3.6.3 (Windows-10-10.0.14393-SP0) azure.datalake.store.lib/0.0.41
          Azure-Data-Lake-Store-SDK-For-Python]
      x-ms-client-request-id: [7ccdda80-25be-11e9-9a30-480fcf66f040.0]
    method: GET
    uri: https://akharitadls.azuredatalakestore.net/webhdfs/v1/azure_python_sdk_test_dir8db4de56-65b4-40a9-9c48-c118e88508b3/a?OP=MSGETACLSTATUS&api-version=2018-05-01
  response:
    body: {string: '{"AclStatus":{"entries":["user::rwx","user:3883e0e8-9ad3-440d-b6f6-6ed492ae1ae7:rwx","group::rwx","mask::rwx","other::---"],"owner":"a0b3cb87-9ca9-4769-af48-e687823d8937","group":"6d86a146-d7dc-49d0-862f-1897c5dd2afe","permission":"770","stickyBit":false}}'}
    headers:
      Cache-Control: ['no-cache, no-cache, no-store, max-age=0']
      Content-Length: ['256']
      Content-Type: [application/json; charset=utf-8]
      Date: ['Fri, 01 Feb 2019 01:12:47 GMT']
      Expires: ['-1']
      Pragma: [no-cache]
      Status: ['0x0']
      Strict-Transport-Security: [max-age=15724800; includeSubDomains]
      X-Content-Type-Options: [nosniff]
      x-ms-request-id: [b51f3796-548d-41ae-b419-70687bbd8007]
      x-ms-webhdfs-version: [17.04.24.00]
    status: {code: 200, message: OK}
- request:
    body: null
    headers:
      Accept: ['*/*']
      Accept-Encoding: ['gzip, deflate']
      Connection: [keep-alive]
      Content-Length: ['0']
      User-Agent: [python/3.6.3 (Windows-10-10.0.14393-SP0) azure.datalake.store.lib/0.0.41
          Azure-Data-Lake-Store-SDK-For-Python]
      x-ms-client-request-id: [7cdcf762-25be-11e9-a93a-480fcf66f040.0]
    method: PUT
    uri: https://akharitadls.azuredatalakestore.net/webhdfs/v1/azure_python_sdk_test_dir8db4de56-65b4-40a9-9c48-c118e88508b3/a?OP=REMOVEACLENTRIES&api-version=2018-05-01&aclSpec=user%3A3883e0e8-9ad3-440d-b6f6-6ed492ae1ae7
  response:
    body: {string: ''}
    headers:
      Cache-Control: ['no-cache, no-cache, no-store, max-age=0']
      Content-Length: ['0']
      ContentLength: ['0']
      Date: ['Fri, 01 Feb 2019 01:12:47 GMT']
      Expires: ['-1']
      Pragma: [no-cache]
      Status: ['0x0']
      Strict-Transport-Security: [max-age=15724800; includeSubDomains]
      X-Content-Type-Options: [nosniff]
      x-ms-request-id: [8c454b34-09df-4962-bd28-84a8dab68a2e]
      x-ms-webhdfs-version: [17.04.24.00]
    status: {code: 200, message: OK}
- request:
    body: null
    headers:
      Accept: ['*/*']
      Accept-Encoding: ['gzip, deflate']
      Connection: [keep-alive]
      User-Agent: [python/3.6.3 (Windows-10-10.0.14393-SP0) azure.datalake.store.lib/0.0.41
          Azure-Data-Lake-Store-SDK-For-Python]
      x-ms-client-request-id: [7ceced86-25be-11e9-85ff-480fcf66f040.0]
    method: GET
    uri: https://akharitadls.azuredatalakestore.net/webhdfs/v1/azure_python_sdk_test_dir8db4de56-65b4-40a9-9c48-c118e88508b3/a?OP=MSGETACLSTATUS&api-version=2018-05-01
  response:
    body: {string: '{"AclStatus":{"entries":["user::rwx","group::rwx","mask::rwx","other::---"],"owner":"a0b3cb87-9ca9-4769-af48-e687823d8937","group":"6d86a146-d7dc-49d0-862f-1897c5dd2afe","permission":"770","stickyBit":false}}'}
    headers:
      Cache-Control: ['no-cache, no-cache, no-store, max-age=0']
      Content-Length: ['208']
      Content-Type: [application/json; charset=utf-8]
      Date: ['Fri, 01 Feb 2019 01:12:48 GMT']
      Expires: ['-1']
      Pragma: [no-cache]
      Status: ['0x0']
      Strict-Transport-Security: [max-age=15724800; includeSubDomains]
      X-Content-Type-Options: [nosniff]
      x-ms-request-id: [79a0ca59-610a-4f7d-aed1-f0e7ad3a83d1]
      x-ms-webhdfs-version: [17.04.24.00]
    status: {code: 200, message: OK}
- request:
    body: null
    headers:
      Accept: ['*/*']
      Accept-Encoding: ['gzip, deflate']
      Connection: [keep-alive]
      User-Agent: [python/3.6.3 (Windows-10-10.0.14393-SP0) azure.datalake.store.lib/0.0.41
          Azure-Data-Lake-Store-SDK-For-Python]
      x-ms-client-request-id: [7d1bf542-25be-11e9-861d-480fcf66f040.0]
    method: GET
    uri: https://akharitadls.azuredatalakestore.net/webhdfs/v1/azure_python_sdk_test_dir8db4de56-65b4-40a9-9c48-c118e88508b3?OP=LISTSTATUS&api-version=2018-05-01&listSize=4000
  response:
    body: {string: '{"FileStatuses":{"FileStatus":[{"length":0,"pathSuffix":"a","type":"FILE","blockSize":268435456,"accessTime":1548983567781,"modificationTime":1548983567781,"replication":1,"permission":"770","owner":"a0b3cb87-9ca9-4769-af48-e687823d8937","group":"6d86a146-d7dc-49d0-862f-1897c5dd2afe","msExpirationTime":0,"aclBit":true}]}}'}
    headers:
      Cache-Control: ['no-cache, no-cache, no-store, max-age=0']
      Content-Length: ['323']
      Content-Type: [application/json; charset=utf-8]
      Date: ['Fri, 01 Feb 2019 01:12:48 GMT']
      Expires: ['-1']
      Pragma: [no-cache]
      Status: ['0x0']
      Strict-Transport-Security: [max-age=15724800; includeSubDomains]
      X-Content-Type-Options: [nosniff]
      x-ms-request-id: [9a4a04ff-72f0-4ebf-a7c3-10e455ee87c3]
      x-ms-webhdfs-version: [17.04.24.00]
    status: {code: 200, message: OK}
- request:
    body: null
    headers:
      Accept: ['*/*']
      Accept-Encoding: ['gzip, deflate']
      Connection: [keep-alive]
      User-Agent: [python/3.6.3 (Windows-10-10.0.14393-SP0) azure.datalake.store.lib/0.0.41
          Azure-Data-Lake-Store-SDK-For-Python]
      x-ms-client-request-id: [7d4b5ee8-25be-11e9-8095-480fcf66f040.0]
    method: GET
    uri: https://akharitadls.azuredatalakestore.net/webhdfs/v1/azure_python_sdk_test_dir8db4de56-65b4-40a9-9c48-c118e88508b3/a?OP=GETFILESTATUS&api-version=2018-05-01
  response:
    body: {string: '{"FileStatus":{"length":0,"pathSuffix":"","type":"FILE","blockSize":268435456,"accessTime":1548983567781,"modificationTime":1548983567781,"replication":1,"permission":"770","owner":"a0b3cb87-9ca9-4769-af48-e687823d8937","group":"6d86a146-d7dc-49d0-862f-1897c5dd2afe","msExpirationTime":0,"aclBit":true}}'}
    headers:
      Cache-Control: ['no-cache, no-cache, no-store, max-age=0']
      Content-Length: ['303']
      Content-Type: [application/json; charset=utf-8]
      Date: ['Fri, 01 Feb 2019 01:12:48 GMT']
      Expires: ['-1']
      Pragma: [no-cache]
      Status: ['0x0']
      Strict-Transport-Security: [max-age=15724800; includeSubDomains]
      X-Content-Type-Options: [nosniff]
      x-ms-request-id: [9e1b49e1-9c42-4c2b-a4a1-9cd2e59ba27c]
      x-ms-webhdfs-version: [17.04.24.00]
    status: {code: 200, message: OK}
- request:
    body: null
    headers:
      Accept: ['*/*']
      Accept-Encoding: ['gzip, deflate']
      Connection: [keep-alive]
      Content-Length: ['0']
      User-Agent: [python/3.6.3 (Windows-10-10.0.14393-SP0) azure.datalake.store.lib/0.0.41
          Azure-Data-Lake-Store-SDK-For-Python]
      x-ms-client-request-id: [7d5a8f1e-25be-11e9-8022-480fcf66f040.0]
    method: DELETE
    uri: https://akharitadls.azuredatalakestore.net/webhdfs/v1/azure_python_sdk_test_dir8db4de56-65b4-40a9-9c48-c118e88508b3/a?OP=DELETE&api-version=2018-05-01&recursive=True
  response:
    body: {string: '{"boolean":true}'}
    headers:
      Cache-Control: ['no-cache, no-cache, no-store, max-age=0']
      Content-Length: ['16']
      Content-Type: [application/json; charset=utf-8]
      Date: ['Fri, 01 Feb 2019 01:12:48 GMT']
      Expires: ['-1']
      Pragma: [no-cache]
      Status: ['0x0']
      Strict-Transport-Security: [max-age=15724800; includeSubDomains]
      X-Content-Type-Options: [nosniff]
      x-ms-request-id: [47b591cf-32c1-4dbd-a12e-084af1dece60]
      x-ms-webhdfs-version: [17.04.24.00]
    status: {code: 200, message: OK}
- request:
    body: null
    headers:
      Accept: ['*/*']
      Accept-Encoding: ['gzip, deflate']
      Connection: [keep-alive]
      User-Agent: [python/3.6.3 (Windows-10-10.0.14393-SP0) azure.datalake.store.lib/0.0.44
          Azure-Data-Lake-Store-SDK-For-Python]
      x-ms-client-request-id: [ff4d57dc-7358-11e9-856e-480fcf66f040.0]
    method: GET
    uri: https://akharitadls.azuredatalakestore.net/webhdfs/v1/azure_python_sdk_test_dir33821775-a81a-422f-be54-bab0b7ce4919/a?OP=GETFILESTATUS&api-version=2018-09-01
  response:
    body: {string: '{"RemoteException":{"exception":"FileNotFoundException","message":"File/Folder
        does not exist: /azure_python_sdk_test_dir33821775-a81a-422f-be54-bab0b7ce4919/a
        [f95b3e89-d1a6-4844-9e24-a4712eae5bbc][2019-05-10T12:22:49.2685517-07:00]","javaClassName":"java.io.FileNotFoundException"}}'}
    headers:
      Cache-Control: ['no-cache, no-cache, no-store, max-age=0']
      Content-Length: ['284']
      Content-Type: [application/json; charset=utf-8]
      Date: ['Fri, 10 May 2019 19:22:48 GMT']
      Expires: ['-1']
      Pragma: [no-cache]
      Status: ['0x8309000A']
      Strict-Transport-Security: [max-age=15724800; includeSubDomains]
      X-Content-Type-Options: [nosniff]
      x-ms-request-id: [f95b3e89-d1a6-4844-9e24-a4712eae5bbc]
      x-ms-webhdfs-version: [17.04.24.00]
    status: {code: 404, message: Not Found}
- request:
    body: null
    headers:
      Accept: ['*/*']
      Accept-Encoding: ['gzip, deflate']
      Connection: [keep-alive]
      Content-Length: ['0']
      User-Agent: [python/3.6.3 (Windows-10-10.0.14393-SP0) azure.datalake.store.lib/0.0.44
          Azure-Data-Lake-Store-SDK-For-Python]
      x-ms-client-request-id: [ff89fe4a-7358-11e9-9a6e-480fcf66f040.0]
    method: PUT
    uri: https://akharitadls.azuredatalakestore.net/webhdfs/v1/azure_python_sdk_test_dir33821775-a81a-422f-be54-bab0b7ce4919/a?OP=CREATE&api-version=2018-09-01&overwrite=true&write=true&syncFlag=CLOSE&leaseid=1b19011b-02f4-4eb0-92b0-c6019dc77710&filesessionid=1b19011b-02f4-4eb0-92b0-c6019dc77710
  response:
    body: {string: ''}
    headers:
      Cache-Control: ['no-cache, no-cache, no-store, max-age=0']
      Content-Length: ['0']
      ContentLength: ['0']
      Date: ['Fri, 10 May 2019 19:22:48 GMT']
      Expires: ['-1']
      Location: ['https://akharitadls.azuredatalakestore.net/webhdfs/v1/azure_python_sdk_test_dir33821775-a81a-422f-be54-bab0b7ce4919/a?OP=CREATE&api-version=2018-09-01&overwrite=true&write=true&syncFlag=CLOSE&leaseid=1b19011b-02f4-4eb0-92b0-c6019dc77710&filesessionid=1b19011b-02f4-4eb0-92b0-c6019dc77710']
      Pragma: [no-cache]
      Status: ['0x0']
      Strict-Transport-Security: [max-age=15724800; includeSubDomains]
      X-Content-Type-Options: [nosniff]
      x-ms-request-id: [180faf29-c447-47d4-82a0-fbea3c4425b7]
      x-ms-webhdfs-version: [17.04.24.00]
    status: {code: 201, message: Created}
- request:
    body: null
    headers:
      Accept: ['*/*']
      Accept-Encoding: ['gzip, deflate']
      Connection: [keep-alive]
      Content-Length: ['0']
      User-Agent: [python/3.6.3 (Windows-10-10.0.14393-SP0) azure.datalake.store.lib/0.0.44
          Azure-Data-Lake-Store-SDK-For-Python]
      x-ms-client-request-id: [ff9d6698-7358-11e9-8a07-480fcf66f040.0]
    method: PUT
    uri: https://akharitadls.azuredatalakestore.net/webhdfs/v1/azure_python_sdk_test_dir33821775-a81a-422f-be54-bab0b7ce4919/a?OP=MODIFYACLENTRIES&api-version=2018-09-01&aclSpec=user%3A3883e0e8-9ad3-440d-b6f6-6ed492ae1ae7%3Arwx
  response:
    body: {string: ''}
    headers:
      Cache-Control: ['no-cache, no-cache, no-store, max-age=0']
      Content-Length: ['0']
      ContentLength: ['0']
      Date: ['Fri, 10 May 2019 19:22:49 GMT']
      Expires: ['-1']
      Pragma: [no-cache]
      Status: ['0x0']
      Strict-Transport-Security: [max-age=15724800; includeSubDomains]
      X-Content-Type-Options: [nosniff]
      x-ms-request-id: [c38103e3-b839-4336-b6a4-bafefbcd5238]
      x-ms-webhdfs-version: [17.04.24.00]
    status: {code: 200, message: OK}
- request:
    body: null
    headers:
      Accept: ['*/*']
      Accept-Encoding: ['gzip, deflate']
      Connection: [keep-alive]
      User-Agent: [python/3.6.3 (Windows-10-10.0.14393-SP0) azure.datalake.store.lib/0.0.44
          Azure-Data-Lake-Store-SDK-For-Python]
      x-ms-client-request-id: [ffade7a6-7358-11e9-aec6-480fcf66f040.0]
    method: GET
    uri: https://akharitadls.azuredatalakestore.net/webhdfs/v1/azure_python_sdk_test_dir33821775-a81a-422f-be54-bab0b7ce4919/a?OP=MSGETACLSTATUS&api-version=2018-09-01
  response:
    body: {string: '{"AclStatus":{"entries":["user::rwx","user:3883e0e8-9ad3-440d-b6f6-6ed492ae1ae7:rwx","user:a0b3cb87-9ca9-4769-af48-e687823d8937:rwx","group::rwx","mask::rwx","other::---"],"owner":"a0b3cb87-9ca9-4769-af48-e687823d8937","group":"00000000-0000-0000-0000-000000000000","permission":"770","stickyBit":false}}'}
    headers:
      Cache-Control: ['no-cache, no-cache, no-store, max-age=0']
      Content-Length: ['304']
      Content-Type: [application/json; charset=utf-8]
      Date: ['Fri, 10 May 2019 19:22:49 GMT']
      Expires: ['-1']
      Pragma: [no-cache]
      Status: ['0x0']
      Strict-Transport-Security: [max-age=15724800; includeSubDomains]
      X-Content-Type-Options: [nosniff]
      x-ms-request-id: [60256f2a-9bd3-4bcc-92dd-d4e84d0d80ed]
      x-ms-webhdfs-version: [17.04.24.00]
    status: {code: 200, message: OK}
- request:
    body: null
    headers:
      Accept: ['*/*']
      Accept-Encoding: ['gzip, deflate']
      Connection: [keep-alive]
      Content-Length: ['0']
      User-Agent: [python/3.6.3 (Windows-10-10.0.14393-SP0) azure.datalake.store.lib/0.0.44
          Azure-Data-Lake-Store-SDK-For-Python]
      x-ms-client-request-id: [ffbe3e76-7358-11e9-8fa6-480fcf66f040.0]
    method: PUT
    uri: https://akharitadls.azuredatalakestore.net/webhdfs/v1/azure_python_sdk_test_dir33821775-a81a-422f-be54-bab0b7ce4919/a?OP=REMOVEACLENTRIES&api-version=2018-09-01&aclSpec=user%3A3883e0e8-9ad3-440d-b6f6-6ed492ae1ae7
  response:
    body: {string: ''}
    headers:
      Cache-Control: ['no-cache, no-cache, no-store, max-age=0']
      Content-Length: ['0']
      ContentLength: ['0']
      Date: ['Fri, 10 May 2019 19:22:49 GMT']
      Expires: ['-1']
      Pragma: [no-cache]
      Status: ['0x0']
      Strict-Transport-Security: [max-age=15724800; includeSubDomains]
      X-Content-Type-Options: [nosniff]
      x-ms-request-id: [b1cc6420-1781-4cc5-af42-0b1938b75aa4]
      x-ms-webhdfs-version: [17.04.24.00]
    status: {code: 200, message: OK}
- request:
    body: null
    headers:
      Accept: ['*/*']
      Accept-Encoding: ['gzip, deflate']
      Connection: [keep-alive]
      User-Agent: [python/3.6.3 (Windows-10-10.0.14393-SP0) azure.datalake.store.lib/0.0.44
          Azure-Data-Lake-Store-SDK-For-Python]
      x-ms-client-request-id: [ffcee7fe-7358-11e9-924a-480fcf66f040.0]
    method: GET
    uri: https://akharitadls.azuredatalakestore.net/webhdfs/v1/azure_python_sdk_test_dir33821775-a81a-422f-be54-bab0b7ce4919/a?OP=MSGETACLSTATUS&api-version=2018-09-01
  response:
    body: {string: '{"AclStatus":{"entries":["user::rwx","user:a0b3cb87-9ca9-4769-af48-e687823d8937:rwx","group::rwx","mask::rwx","other::---"],"owner":"a0b3cb87-9ca9-4769-af48-e687823d8937","group":"00000000-0000-0000-0000-000000000000","permission":"770","stickyBit":false}}'}
    headers:
      Cache-Control: ['no-cache, no-cache, no-store, max-age=0']
      Content-Length: ['256']
      Content-Type: [application/json; charset=utf-8]
      Date: ['Fri, 10 May 2019 19:22:49 GMT']
      Expires: ['-1']
      Pragma: [no-cache]
      Status: ['0x0']
      Strict-Transport-Security: [max-age=15724800; includeSubDomains]
      X-Content-Type-Options: [nosniff]
      x-ms-request-id: [2ef046e0-cbe1-4e45-aa63-22d6f4a8aafa]
      x-ms-webhdfs-version: [17.04.24.00]
    status: {code: 200, message: OK}
- request:
    body: null
    headers:
      Accept: ['*/*']
      Accept-Encoding: ['gzip, deflate']
      Connection: [keep-alive]
      User-Agent: [python/3.6.3 (Windows-10-10.0.14393-SP0) azure.datalake.store.lib/0.0.44
          Azure-Data-Lake-Store-SDK-For-Python]
      x-ms-client-request-id: [ffdf2ebe-7358-11e9-b90f-480fcf66f040.0]
    method: GET
    uri: https://akharitadls.azuredatalakestore.net/webhdfs/v1/azure_python_sdk_test_dir33821775-a81a-422f-be54-bab0b7ce4919?OP=LISTSTATUS&api-version=2018-09-01&listSize=4000
  response:
    body: {string: '{"FileStatuses":{"continuationToken":"","FileStatus":[{"length":0,"pathSuffix":"a","type":"FILE","blockSize":268435456,"accessTime":1557516169387,"modificationTime":1557516169387,"replication":1,"permission":"770","owner":"a0b3cb87-9ca9-4769-af48-e687823d8937","group":"00000000-0000-0000-0000-000000000000","msExpirationTime":0,"aclBit":true}]}}'}
    headers:
      Cache-Control: ['no-cache, no-cache, no-store, max-age=0']
      Content-Length: ['346']
      Content-Type: [application/json; charset=utf-8]
      Date: ['Fri, 10 May 2019 19:22:49 GMT']
      Expires: ['-1']
      Pragma: [no-cache]
      Status: ['0x0']
      Strict-Transport-Security: [max-age=15724800; includeSubDomains]
      X-Content-Type-Options: [nosniff]
      x-ms-request-id: [c820f81f-5a3d-46f6-9355-6d1c89a9a914]
      x-ms-webhdfs-version: [17.04.24.00]
    status: {code: 200, message: OK}
- request:
    body: null
    headers:
      Accept: ['*/*']
      Accept-Encoding: ['gzip, deflate']
      Connection: [keep-alive]
      User-Agent: [python/3.6.3 (Windows-10-10.0.14393-SP0) azure.datalake.store.lib/0.0.44
          Azure-Data-Lake-Store-SDK-For-Python]
      x-ms-client-request-id: [fff05806-7358-11e9-908c-480fcf66f040.0]
    method: GET
    uri: https://akharitadls.azuredatalakestore.net/webhdfs/v1/azure_python_sdk_test_dir33821775-a81a-422f-be54-bab0b7ce4919/a?OP=GETFILESTATUS&api-version=2018-09-01
  response:
    body: {string: '{"FileStatus":{"length":0,"pathSuffix":"","type":"FILE","blockSize":268435456,"accessTime":1557516169387,"modificationTime":1557516169387,"replication":1,"permission":"770","owner":"a0b3cb87-9ca9-4769-af48-e687823d8937","group":"00000000-0000-0000-0000-000000000000","msExpirationTime":0,"aclBit":true}}'}
    headers:
      Cache-Control: ['no-cache, no-cache, no-store, max-age=0']
      Content-Length: ['303']
      Content-Type: [application/json; charset=utf-8]
      Date: ['Fri, 10 May 2019 19:22:49 GMT']
      Expires: ['-1']
      Pragma: [no-cache]
      Status: ['0x0']
      Strict-Transport-Security: [max-age=15724800; includeSubDomains]
      X-Content-Type-Options: [nosniff]
      x-ms-request-id: [d2a0414f-aef4-4354-8ca2-a3a1674bf612]
      x-ms-webhdfs-version: [17.04.24.00]
    status: {code: 200, message: OK}
- request:
    body: null
    headers:
      Accept: ['*/*']
      Accept-Encoding: ['gzip, deflate']
      Connection: [keep-alive]
      Content-Length: ['0']
      User-Agent: [python/3.6.3 (Windows-10-10.0.14393-SP0) azure.datalake.store.lib/0.0.44
          Azure-Data-Lake-Store-SDK-For-Python]
      x-ms-client-request-id: [0000fbca-7359-11e9-8864-480fcf66f040.0]
    method: DELETE
    uri: https://akharitadls.azuredatalakestore.net/webhdfs/v1/azure_python_sdk_test_dir33821775-a81a-422f-be54-bab0b7ce4919/a?OP=DELETE&api-version=2018-09-01&recursive=True
  response:
    body: {string: '{"boolean":true}'}
    headers:
      Cache-Control: ['no-cache, no-cache, no-store, max-age=0']
      Content-Length: ['16']
      Content-Type: [application/json; charset=utf-8]
      Date: ['Fri, 10 May 2019 19:22:49 GMT']
      Expires: ['-1']
      Pragma: [no-cache]
      Status: ['0x0']
      Strict-Transport-Security: [max-age=15724800; includeSubDomains]
      X-Content-Type-Options: [nosniff]
      x-ms-request-id: [dfda0e94-f006-467a-a22e-fc1578ddccf3]
      x-ms-webhdfs-version: [17.04.24.00]
    status: {code: 200, message: OK}
version: 1
