interactions:
- request:
    body: null
    headers:
      Accept: ['*/*']
      Accept-Encoding: ['gzip, deflate']
      Connection: [keep-alive]
      User-Agent: [python-requests/2.11.1]
    method: GET
    uri: https://fakestore.azuredatalakestore.net/webhdfs/v1/azure_test_dir?OP=LISTSTATUS
  response:
    body: {string: '{"FileStatuses":{"FileStatus":[]}}'}
    headers:
      Cache-Control: [no-cache]
      Content-Length: ['34']
      Content-Type: [application/json; charset=utf-8]
      Date: ['Thu, 15 Sep 2016 21:36:01 GMT']
      Expires: ['-1']
      Pragma: [no-cache]
      Server-Perf: ['[9ef1819e-8e3a-402e-a451-dd236f842e93][ AuthTime::0::PostAuthTime::0
          ][S-HdfsListStatus :: 00:00:011 ms]%0a[LISTSTATUS :: 00:00:012 ms]%0a']
      Status: ['0x0']
      Strict-Transport-Security: [max-age=15724800; includeSubDomains]
      X-Content-Type-Options: [nosniff]
      x-ms-request-id: [9ef1819e-8e3a-402e-a451-dd236f842e93]
      x-ms-webhdfs-version: [16.07.18.01]
    status: {code: 200, message: OK}
- request:
    body: null
    headers:
      Accept: ['*/*']
      Accept-Encoding: ['gzip, deflate']
      Connection: [keep-alive]
      User-Agent: [python-requests/2.11.1]
    method: GET
    uri: https://fakestore.azuredatalakestore.net/webhdfs/v1/.?OP=LISTSTATUS
  response:
    body: {string: '{"FileStatuses":{"FileStatus":[{"length":570438720,"pathSuffix":"CGPS-CO.fits","type":"FILE","blockSize":268435456,"accessTime":1473692371890,"modificationTime":1473692372109,"replication":1,"permission":"770","owner":"49b2f9ec-818a-49ca-9424-249e1f19f7d7","group":"49b2f9ec-818a-49ca-9424-249e1f19f7d7"},{"length":0,"pathSuffix":"a","type":"DIRECTORY","blockSize":0,"accessTime":1471639845701,"modificationTime":1471639848993,"replication":0,"permission":"770","owner":"49b2f9ec-818a-49ca-9424-249e1f19f7d7","group":"49b2f9ec-818a-49ca-9424-249e1f19f7d7"},{"length":0,"pathSuffix":"azure_test_dir","type":"DIRECTORY","blockSize":0,"accessTime":1471873455266,"modificationTime":1473975361518,"replication":0,"permission":"770","owner":"49b2f9ec-818a-49ca-9424-249e1f19f7d7","group":"49b2f9ec-818a-49ca-9424-249e1f19f7d7"},{"length":0,"pathSuffix":"begoldsm","type":"DIRECTORY","blockSize":0,"accessTime":1472597222084,"modificationTime":1472761508818,"replication":0,"permission":"770","owner":"49b2f9ec-818a-49ca-9424-249e1f19f7d7","group":"49b2f9ec-818a-49ca-9424-249e1f19f7d7"},{"length":0,"pathSuffix":"bigfile","type":"FILE","blockSize":268435456,"accessTime":1472760715031,"modificationTime":1472760715031,"replication":1,"permission":"770","owner":"49b2f9ec-818a-49ca-9424-249e1f19f7d7","group":"49b2f9ec-818a-49ca-9424-249e1f19f7d7"},{"length":81840585,"pathSuffix":"gdelt20150827.csv","type":"FILE","blockSize":268435456,"accessTime":1469485983963,"modificationTime":1469485984240,"replication":1,"permission":"770","owner":"49b2f9ec-818a-49ca-9424-249e1f19f7d7","group":"49b2f9ec-818a-49ca-9424-249e1f19f7d7"},{"length":0,"pathSuffix":"joe","type":"DIRECTORY","blockSize":0,"accessTime":1472852370428,"modificationTime":1472852370428,"replication":0,"permission":"770","owner":"49b2f9ec-818a-49ca-9424-249e1f19f7d7","group":"49b2f9ec-818a-49ca-9424-249e1f19f7d7"},{"length":0,"pathSuffix":"joseph","type":"DIRECTORY","blockSize":0,"accessTime":1472608724061,"modificationTime":1473892646641,"replication":0,"permission":"770","owner":"49b2f9ec-818a-49ca-9424-249e1f19f7d7","group":"49b2f9ec-818a-49ca-9424-249e1f19f7d7"},{"length":6,"pathSuffix":"littlefile","type":"FILE","blockSize":268435456,"accessTime":1473883660395,"modificationTime":1473883660506,"replication":1,"permission":"770","owner":"49b2f9ec-818a-49ca-9424-249e1f19f7d7","group":"49b2f9ec-818a-49ca-9424-249e1f19f7d7"},{"length":0,"pathSuffix":"random2.csv","type":"FILE","blockSize":268435456,"accessTime":1473740396705,"modificationTime":1473740396705,"replication":1,"permission":"770","owner":"49b2f9ec-818a-49ca-9424-249e1f19f7d7","group":"49b2f9ec-818a-49ca-9424-249e1f19f7d7"},{"length":35,"pathSuffix":"test.csv","type":"FILE","blockSize":268435456,"accessTime":1469226766337,"modificationTime":1469226766897,"replication":1,"permission":"555","owner":"49b2f9ec-818a-49ca-9424-249e1f19f7d7","group":"49b2f9ec-818a-49ca-9424-249e1f19f7d7"},{"length":0,"pathSuffix":"tmp","type":"DIRECTORY","blockSize":0,"accessTime":1473975098343,"modificationTime":1473975205843,"replication":0,"permission":"770","owner":"49b2f9ec-818a-49ca-9424-249e1f19f7d7","group":"49b2f9ec-818a-49ca-9424-249e1f19f7d7"}]}}'}
    headers:
      Cache-Control: [no-cache]
      Content-Length: ['3179']
      Content-Type: [application/json; charset=utf-8]
      Date: ['Thu, 15 Sep 2016 21:36:02 GMT']
      Expires: ['-1']
      Pragma: [no-cache]
      Server-Perf: ['[286bac1d-531d-4bf9-abca-4c30b34c1b97][ AuthTime::0::PostAuthTime::0
          ][S-HdfsListStatus :: 00:00:243 ms]%0a[LISTSTATUS :: 00:00:244 ms]%0a']
      Status: ['0x0']
      Strict-Transport-Security: [max-age=15724800; includeSubDomains]
      X-Content-Type-Options: [nosniff]
      x-ms-request-id: [286bac1d-531d-4bf9-abca-4c30b34c1b97]
      x-ms-webhdfs-version: [16.07.18.01]
    status: {code: 200, message: OK}
- request:
    body: null
    headers:
      Accept: ['*/*']
      Accept-Encoding: ['gzip, deflate']
      Connection: [keep-alive]
      Content-Length: ['0']
      User-Agent: [python-requests/2.11.1]
    method: PUT
    uri: https://fakestore.azuredatalakestore.net/webhdfs/v1/azure_test_dir/a?OP=CREATE&write=true&overwrite=true
  response:
    body: {string: ''}
    headers:
      Cache-Control: [no-cache]
      Content-Length: ['0']
      ContentLength: ['0']
      Date: ['Thu, 15 Sep 2016 21:36:02 GMT']
      Expires: ['-1']
      Location: ['https://fakestore.azuredatalakestore.net/webhdfs/v1/azure_test_dir/a?OP=CREATE&write=true&overwrite=true']
      Pragma: [no-cache]
      Server-Perf: ['[aeac2564-ee9d-4c46-8caf-1f4c2bc6ac14][ AuthTime::0::PostAuthTime::0
          ][S-HdfsGetFileStatusV2 :: 00:00:007 ms]%0a[S-HdfsCheckAccess :: 00:00:002
          ms]%0a[S-FsDelete :: 00:00:005 ms]%0a[S-FsOpenStream :: 00:00:051 ms]%0a[BufferingTime
          :: 00:00:000 ms]%0a[WriteTime :: 00:00:000 ms]%0a[S-FsAppendStream :: 00:00:040
          ms]%0a[S-FsCloseHandle :: 00:00:001 ms]%0a[CREATE :: 00:00:112 ms]%0a']
      Status: ['0x0']
      Strict-Transport-Security: [max-age=15724800; includeSubDomains]
      X-Content-Type-Options: [nosniff]
      x-ms-request-id: [aeac2564-ee9d-4c46-8caf-1f4c2bc6ac14]
      x-ms-webhdfs-version: [16.07.18.01]
    status: {code: 201, message: Created}
- request:
    body: null
    headers:
      Accept: ['*/*']
      Accept-Encoding: ['gzip, deflate']
      Connection: [keep-alive]
      Content-Length: ['0']
      User-Agent: [python-requests/2.11.1]
    method: PUT
    uri: https://fakestore.azuredatalakestore.net/webhdfs/v1/azure_test_dir/b?OP=CREATE&write=true&overwrite=true
  response:
    body: {string: ''}
    headers:
      Cache-Control: [no-cache]
      Content-Length: ['0']
      ContentLength: ['0']
      Date: ['Thu, 15 Sep 2016 21:36:02 GMT']
      Expires: ['-1']
      Location: ['https://fakestore.azuredatalakestore.net/webhdfs/v1/azure_test_dir/b?OP=CREATE&write=true&overwrite=true']
      Pragma: [no-cache]
      Server-Perf: ['[17ebaebd-200f-4efa-b4ff-fd88733f4eff][ AuthTime::941.266026326368::PostAuthTime::212.116287622844
          ][S-HdfsGetFileStatusV2 :: 00:00:006 ms]%0a[S-HdfsCheckAccess :: 00:00:002
          ms]%0a[S-FsDelete :: 00:00:007 ms]%0a[S-FsOpenStream :: 00:00:060 ms]%0a[BufferingTime
          :: 00:00:000 ms]%0a[WriteTime :: 00:00:000 ms]%0a[S-FsAppendStream :: 00:00:040
          ms]%0a[S-FsCloseHandle :: 00:00:001 ms]%0a[CREATE :: 00:00:121 ms]%0a']
      Status: ['0x0']
      Strict-Transport-Security: [max-age=15724800; includeSubDomains]
      X-Content-Type-Options: [nosniff]
      x-ms-request-id: [17ebaebd-200f-4efa-b4ff-fd88733f4eff]
      x-ms-webhdfs-version: [16.07.18.01]
    status: {code: 201, message: Created}
- request:
    body: null
    headers:
      Accept: ['*/*']
      Accept-Encoding: ['gzip, deflate']
      Connection: [keep-alive]
      User-Agent: [python-requests/2.11.1]
    method: GET
    uri: https://fakestore.azuredatalakestore.net/webhdfs/v1/azure_test_dir?OP=LISTSTATUS
  response:
    body: {string: '{"FileStatuses":{"FileStatus":[{"length":0,"pathSuffix":"a","type":"FILE","blockSize":268435456,"accessTime":1473975362602,"modificationTime":1473975362602,"replication":1,"permission":"770","owner":"49b2f9ec-818a-49ca-9424-249e1f19f7d7","group":"49b2f9ec-818a-49ca-9424-249e1f19f7d7"},{"length":0,"pathSuffix":"b","type":"FILE","blockSize":268435456,"accessTime":1473975362977,"modificationTime":1473975362977,"replication":1,"permission":"770","owner":"49b2f9ec-818a-49ca-9424-249e1f19f7d7","group":"49b2f9ec-818a-49ca-9424-249e1f19f7d7"}]}}'}
    headers:
      Cache-Control: [no-cache]
      Content-Length: ['543']
      Content-Type: [application/json; charset=utf-8]
      Date: ['Thu, 15 Sep 2016 21:36:03 GMT']
      Expires: ['-1']
      Pragma: [no-cache]
      Server-Perf: ['[ccf99b08-5ab9-4b2f-985d-bed2ec914690][ AuthTime::0::PostAuthTime::0
          ][S-HdfsListStatus :: 00:00:014 ms]%0a[LISTSTATUS :: 00:00:014 ms]%0a']
      Status: ['0x0']
      Strict-Transport-Security: [max-age=15724800; includeSubDomains]
      X-Content-Type-Options: [nosniff]
      x-ms-request-id: [ccf99b08-5ab9-4b2f-985d-bed2ec914690]
      x-ms-webhdfs-version: [16.07.18.01]
    status: {code: 200, message: OK}
- request:
    body: null
    headers:
      Accept: ['*/*']
      Accept-Encoding: ['gzip, deflate']
      Connection: [keep-alive]
      Content-Length: ['0']
      User-Agent: [python-requests/2.11.1]
    method: DELETE
    uri: https://fakestore.azuredatalakestore.net/webhdfs/v1/azure_test_dir/a?OP=DELETE&recursive=True
  response:
    body: {string: '{"boolean":true}'}
    headers:
      Cache-Control: [no-cache]
      Content-Length: ['16']
      Content-Type: [application/json; charset=utf-8]
      Date: ['Thu, 15 Sep 2016 21:36:03 GMT']
      Expires: ['-1']
      Pragma: [no-cache]
      Server-Perf: ['[52b50e97-8137-4768-acce-6e20c4faa6c5][ AuthTime::0::PostAuthTime::0
          ][S-FsDelete :: 00:00:081 ms]%0a[DELETE :: 00:00:083 ms]%0a']
      Status: ['0x0']
      Strict-Transport-Security: [max-age=15724800; includeSubDomains]
      X-Content-Type-Options: [nosniff]
      x-ms-request-id: [52b50e97-8137-4768-acce-6e20c4faa6c5]
      x-ms-webhdfs-version: [16.07.18.01]
    status: {code: 200, message: OK}
- request:
    body: null
    headers:
      Accept: ['*/*']
      Accept-Encoding: ['gzip, deflate']
      Connection: [keep-alive]
      User-Agent: [python-requests/2.11.1]
    method: GET
    uri: https://fakestore.azuredatalakestore.net/webhdfs/v1/azure_test_dir?OP=LISTSTATUS
  response:
    body: {string: '{"FileStatuses":{"FileStatus":[{"length":0,"pathSuffix":"b","type":"FILE","blockSize":268435456,"accessTime":1473975362977,"modificationTime":1473975362977,"replication":1,"permission":"770","owner":"49b2f9ec-818a-49ca-9424-249e1f19f7d7","group":"49b2f9ec-818a-49ca-9424-249e1f19f7d7"}]}}'}
    headers:
      Cache-Control: [no-cache]
      Content-Length: ['288']
      Content-Type: [application/json; charset=utf-8]
      Date: ['Thu, 15 Sep 2016 21:36:03 GMT']
      Expires: ['-1']
      Pragma: [no-cache]
      Server-Perf: ['[f2c41d58-2bd5-4bff-ab9b-8e0ab22d60d7][ AuthTime::0::PostAuthTime::0
          ][S-HdfsListStatus :: 00:00:076 ms]%0a[LISTSTATUS :: 00:00:076 ms]%0a']
      Status: ['0x0']
      Strict-Transport-Security: [max-age=15724800; includeSubDomains]
      X-Content-Type-Options: [nosniff]
      x-ms-request-id: [f2c41d58-2bd5-4bff-ab9b-8e0ab22d60d7]
      x-ms-webhdfs-version: [16.07.18.01]
    status: {code: 200, message: OK}
- request:
    body: null
    headers:
      Accept: ['*/*']
      Accept-Encoding: ['gzip, deflate']
      Connection: [keep-alive]
      Content-Length: ['0']
      User-Agent: [python-requests/2.11.1]
    method: DELETE
    uri: https://fakestore.azuredatalakestore.net/webhdfs/v1/azure_test_dir/b?OP=DELETE&recursive=True
  response:
    body: {string: '{"boolean":true}'}
    headers:
      Cache-Control: [no-cache]
      Content-Length: ['16']
      Content-Type: [application/json; charset=utf-8]
      Date: ['Thu, 15 Sep 2016 21:36:04 GMT']
      Expires: ['-1']
      Pragma: [no-cache]
      Server-Perf: ['[6938db5d-0095-4315-84b0-7d89abe4fc11][ AuthTime::0::PostAuthTime::0
          ][S-FsDelete :: 00:00:064 ms]%0a[DELETE :: 00:00:065 ms]%0a']
      Status: ['0x0']
      Strict-Transport-Security: [max-age=15724800; includeSubDomains]
      X-Content-Type-Options: [nosniff]
      x-ms-request-id: [6938db5d-0095-4315-84b0-7d89abe4fc11]
      x-ms-webhdfs-version: [16.07.18.01]
    status: {code: 200, message: OK}
version: 1
