interactions:
- request:
    body: '123'
    headers:
      Accept: ['*/*']
      Accept-Encoding: ['gzip, deflate']
      Connection: [keep-alive]
      Content-Length: ['3']
      User-Agent: [python/3.5.2 (Windows-10-10.0.14393-SP0) azure.datalake.store.lib/0.0.6
          Azure-Data-Lake-Store-SDK-For-Python]
      x-ms-client-request-id: [77082f36-0e6a-11e7-aa1e-645106422854]
    method: PUT
    uri: https://fakestore.azuredatalakestore.net/webhdfs/v1/azure_test_dir/a?overwrite=true&api-version=2016-11-01&OP=CREATE&write=true
  response:
    body: {string: ''}
    headers:
      Cache-Control: ['no-cache, no-cache, no-store, max-age=0']
      Content-Length: ['0']
      ContentLength: ['0']
      Date: ['Tue, 21 Mar 2017 19:13:28 GMT']
      Expires: ['-1']
      Location: ['https://fakestore.azuredatalakestore.net/webhdfs/v1/azure_test_dir/a?overwrite=true&api-version=2016-11-01&OP=CREATE&write=true']
      Pragma: [no-cache]
      Status: ['0x0']
      Strict-Transport-Security: [max-age=15724800; includeSubDomains]
      X-Content-Type-Options: [nosniff]
      x-ms-request-id: [4b5d4fe0-4247-4e87-bba6-0c2b160048b9]
      x-ms-webhdfs-version: [16.12.19.00]
    status: {code: 201, message: Created}
- request:
    body: '4567'
    headers:
      Accept: ['*/*']
      Accept-Encoding: ['gzip, deflate']
      Connection: [keep-alive]
      Content-Length: ['4']
      User-Agent: [python/3.5.2 (Windows-10-10.0.14393-SP0) azure.datalake.store.lib/0.0.6
          Azure-Data-Lake-Store-SDK-For-Python]
      x-ms-client-request-id: [7765b98c-0e6a-11e7-90c4-645106422854]
    method: PUT
    uri: https://fakestore.azuredatalakestore.net/webhdfs/v1/azure_test_dir/b?overwrite=true&api-version=2016-11-01&OP=CREATE&write=true
  response:
    body: {string: ''}
    headers:
      Cache-Control: ['no-cache, no-cache, no-store, max-age=0']
      Content-Length: ['0']
      ContentLength: ['0']
      Date: ['Tue, 21 Mar 2017 19:13:28 GMT']
      Expires: ['-1']
      Location: ['https://fakestore.azuredatalakestore.net/webhdfs/v1/azure_test_dir/b?overwrite=true&api-version=2016-11-01&OP=CREATE&write=true']
      Pragma: [no-cache]
      Status: ['0x0']
      Strict-Transport-Security: [max-age=15724800; includeSubDomains]
      X-Content-Type-Options: [nosniff]
      x-ms-request-id: [a872012d-c140-40bf-be77-dcdca7b64550]
      x-ms-webhdfs-version: [16.12.19.00]
    status: {code: 201, message: Created}
- request:
    body: null
    headers:
      Accept: ['*/*']
      Accept-Encoding: ['gzip, deflate']
      Connection: [keep-alive]
      User-Agent: [python/3.5.2 (Windows-10-10.0.14393-SP0) azure.datalake.store.lib/0.0.6
          Azure-Data-Lake-Store-SDK-For-Python]
      x-ms-client-request-id: [779826b8-0e6a-11e7-8a84-645106422854]
    method: GET
    uri: https://fakestore.azuredatalakestore.net/webhdfs/v1/azure_test_dir?api-version=2016-11-01&OP=LISTSTATUS
  response:
    body: {string: '{"FileStatuses":{"FileStatus":[{"length":3,"pathSuffix":"a","type":"FILE","blockSize":268435456,"accessTime":1490123608843,"modificationTime":1490123608910,"replication":1,"permission":"770","owner":"9a23860e-03b0-4bad-a8b7-e1d081d592bd","group":"2e6c02d2-a364-4530-9137-d17403996cbf","msExpirationTime":0,"aclBit":false},{"length":4,"pathSuffix":"b","type":"FILE","blockSize":268435456,"accessTime":1490123609145,"modificationTime":1490123609198,"replication":1,"permission":"770","owner":"9a23860e-03b0-4bad-a8b7-e1d081d592bd","group":"2e6c02d2-a364-4530-9137-d17403996cbf","msExpirationTime":0,"aclBit":false}]}}'}
    headers:
      Cache-Control: ['no-cache, no-cache, no-store, max-age=0']
      Content-Length: ['615']
      Content-Type: [application/json; charset=utf-8]
      Date: ['Tue, 21 Mar 2017 19:13:29 GMT']
      Expires: ['-1']
      Pragma: [no-cache]
      Status: ['0x0']
      Strict-Transport-Security: [max-age=15724800; includeSubDomains]
      X-Content-Type-Options: [nosniff]
      x-ms-request-id: [0f8dcc9a-b9e6-4a5f-b0b4-78bf3e5c3921]
      x-ms-webhdfs-version: [16.12.19.00]
    status: {code: 200, message: OK}
- request:
    body: null
    headers:
      Accept: ['*/*']
      Accept-Encoding: ['gzip, deflate']
      Connection: [keep-alive]
      Content-Length: ['0']
      User-Agent: [python/3.5.2 (Windows-10-10.0.14393-SP0) azure.datalake.store.lib/0.0.6
          Azure-Data-Lake-Store-SDK-For-Python]
      x-ms-client-request-id: [77ae6ea4-0e6a-11e7-8280-645106422854]
    method: DELETE
    uri: https://fakestore.azuredatalakestore.net/webhdfs/v1/azure_test_dir/a?recursive=True&api-version=2016-11-01&OP=DELETE
  response:
    body: {string: '{"boolean":true}'}
    headers:
      Cache-Control: ['no-cache, no-cache, no-store, max-age=0']
      Content-Length: ['16']
      Content-Type: [application/json; charset=utf-8]
      Date: ['Tue, 21 Mar 2017 19:13:29 GMT']
      Expires: ['-1']
      Pragma: [no-cache]
      Status: ['0x0']
      Strict-Transport-Security: [max-age=15724800; includeSubDomains]
      X-Content-Type-Options: [nosniff]
      x-ms-request-id: [1b758a3a-0e6f-4368-81bd-173075516b56]
      x-ms-webhdfs-version: [16.12.19.00]
    status: {code: 200, message: OK}
- request:
    body: null
    headers:
      Accept: ['*/*']
      Accept-Encoding: ['gzip, deflate']
      Connection: [keep-alive]
      User-Agent: [python/3.5.2 (Windows-10-10.0.14393-SP0) azure.datalake.store.lib/0.0.6
          Azure-Data-Lake-Store-SDK-For-Python]
      x-ms-client-request-id: [77cf6438-0e6a-11e7-9f24-645106422854]
    method: GET
    uri: https://fakestore.azuredatalakestore.net/webhdfs/v1/azure_test_dir?api-version=2016-11-01&OP=LISTSTATUS
  response:
    body: {string: '{"FileStatuses":{"FileStatus":[{"length":4,"pathSuffix":"b","type":"FILE","blockSize":268435456,"accessTime":1490123609145,"modificationTime":1490123609198,"replication":1,"permission":"770","owner":"9a23860e-03b0-4bad-a8b7-e1d081d592bd","group":"2e6c02d2-a364-4530-9137-d17403996cbf","msExpirationTime":0,"aclBit":false}]}}'}
    headers:
      Cache-Control: ['no-cache, no-cache, no-store, max-age=0']
      Content-Length: ['324']
      Content-Type: [application/json; charset=utf-8]
      Date: ['Tue, 21 Mar 2017 19:13:29 GMT']
      Expires: ['-1']
      Pragma: [no-cache]
      Status: ['0x0']
      Strict-Transport-Security: [max-age=15724800; includeSubDomains]
      X-Content-Type-Options: [nosniff]
      x-ms-request-id: [b948b95c-f469-4167-b5f2-36238954ffd2]
      x-ms-webhdfs-version: [16.12.19.00]
    status: {code: 200, message: OK}
- request:
    body: null
    headers:
      Accept: ['*/*']
      Accept-Encoding: ['gzip, deflate']
      Connection: [keep-alive]
      Content-Length: ['0']
      User-Agent: [python/3.5.2 (Windows-10-10.0.14393-SP0) azure.datalake.store.lib/0.0.6
          Azure-Data-Lake-Store-SDK-For-Python]
      x-ms-client-request-id: [77e66db4-0e6a-11e7-84d9-645106422854]
    method: DELETE
    uri: https://fakestore.azuredatalakestore.net/webhdfs/v1/azure_test_dir/b?recursive=True&api-version=2016-11-01&OP=DELETE
  response:
    body: {string: '{"boolean":true}'}
    headers:
      Cache-Control: ['no-cache, no-cache, no-store, max-age=0']
      Content-Length: ['16']
      Content-Type: [application/json; charset=utf-8]
      Date: ['Tue, 21 Mar 2017 19:13:29 GMT']
      Expires: ['-1']
      Pragma: [no-cache]
      Status: ['0x0']
      Strict-Transport-Security: [max-age=15724800; includeSubDomains]
      X-Content-Type-Options: [nosniff]
      x-ms-request-id: [f54d18e7-e105-4752-8bb4-741e6f1759b7]
      x-ms-webhdfs-version: [16.12.19.00]
    status: {code: 200, message: OK}
version: 1
