interactions:
- request:
    body: null
    headers:
      Accept: ['*/*']
      Accept-Encoding: ['gzip, deflate']
      Connection: [keep-alive]
      User-Agent: [python/3.5.2 (Windows-10-10.0.15063-SP0) azure.datalake.store.lib/0.0.10
          Azure-Data-Lake-Store-SDK-For-Python]
      x-ms-client-request-id: [21873b92-4267-11e7-96d9-645106422854]
    method: GET
    uri: https://fakestore.azuredatalakestore.net/webhdfs/v1/azure_test_dir/a?OP=GETFILESTATUS&api-version=2016-11-01
  response:
    body: {string: '{"RemoteException":{"exception":"FileNotFoundException","message":"File/Folder
        does not exist: /azure_test_dir/a [e8290574-1ce6-443c-94b0-d679517982b8][2017-05-26T16:00:37.3534247-07:00]","javaClassName":"java.io.FileNotFoundException"}}'}
    headers:
      Cache-Control: ['no-cache, no-cache, no-store, max-age=0']
      Content-Length: ['237']
      Content-Type: [application/json; charset=utf-8]
      Date: ['Fri, 26 May 2017 23:00:37 GMT']
      Expires: ['-1']
      Pragma: [no-cache]
      Status: ['0x8309000A']
      Strict-Transport-Security: [max-age=15724800; includeSubDomains]
      X-Content-Type-Options: [nosniff]
      x-ms-request-id: [e8290574-1ce6-443c-94b0-d679517982b8]
      x-ms-webhdfs-version: [16.12.19.00]
    status: {code: 404, message: Not Found}
- request:
    body: 'hello '
    headers:
      Accept: ['*/*']
      Accept-Encoding: ['gzip, deflate']
      Connection: [keep-alive]
      Content-Length: ['6']
      User-Agent: [python/3.5.2 (Windows-10-10.0.15063-SP0) azure.datalake.store.lib/0.0.10
          Azure-Data-Lake-Store-SDK-For-Python]
      x-ms-client-request-id: [21c5511e-4267-11e7-9883-645106422854]
    method: PUT
    uri: https://fakestore.azuredatalakestore.net/webhdfs/v1/azure_test_dir/a?OP=CREATE&api-version=2016-11-01&write=true&overwrite=true
  response:
    body: {string: ''}
    headers:
      Cache-Control: ['no-cache, no-cache, no-store, max-age=0']
      Content-Length: ['0']
      ContentLength: ['0']
      Date: ['Fri, 26 May 2017 23:00:37 GMT']
      Expires: ['-1']
      Location: ['https://fakestore.azuredatalakestore.net/webhdfs/v1/azure_test_dir/a?OP=CREATE&api-version=2016-11-01&write=true&overwrite=true']
      Pragma: [no-cache]
      Status: ['0x0']
      Strict-Transport-Security: [max-age=15724800; includeSubDomains]
      X-Content-Type-Options: [nosniff]
      x-ms-request-id: [b28d444e-3995-4a7a-84fb-63856e07ac60]
      x-ms-webhdfs-version: [16.12.19.00]
    status: {code: 201, message: Created}
- request:
    body: null
    headers:
      Accept: ['*/*']
      Accept-Encoding: ['gzip, deflate']
      Connection: [keep-alive]
      User-Agent: [python/3.5.2 (Windows-10-10.0.15063-SP0) azure.datalake.store.lib/0.0.10
          Azure-Data-Lake-Store-SDK-For-Python]
      x-ms-client-request-id: [21ef9ca2-4267-11e7-a6c8-645106422854]
    method: GET
    uri: https://fakestore.azuredatalakestore.net/webhdfs/v1/azure_test_dir/b?OP=GETFILESTATUS&api-version=2016-11-01
  response:
    body: {string: '{"RemoteException":{"exception":"FileNotFoundException","message":"File/Folder
        does not exist: /azure_test_dir/b [68246d0c-71d5-41ce-836b-62670d088add][2017-05-26T16:00:37.7752887-07:00]","javaClassName":"java.io.FileNotFoundException"}}'}
    headers:
      Cache-Control: ['no-cache, no-cache, no-store, max-age=0']
      Content-Length: ['237']
      Content-Type: [application/json; charset=utf-8]
      Date: ['Fri, 26 May 2017 23:00:37 GMT']
      Expires: ['-1']
      Pragma: [no-cache]
      Status: ['0x8309000A']
      Strict-Transport-Security: [max-age=15724800; includeSubDomains]
      X-Content-Type-Options: [nosniff]
      x-ms-request-id: [68246d0c-71d5-41ce-836b-62670d088add]
      x-ms-webhdfs-version: [16.12.19.00]
    status: {code: 404, message: Not Found}
- request:
    body: world
    headers:
      Accept: ['*/*']
      Accept-Encoding: ['gzip, deflate']
      Connection: [keep-alive]
      Content-Length: ['5']
      User-Agent: [python/3.5.2 (Windows-10-10.0.15063-SP0) azure.datalake.store.lib/0.0.10
          Azure-Data-Lake-Store-SDK-For-Python]
      x-ms-client-request-id: [2205f40a-4267-11e7-93b2-645106422854]
    method: PUT
    uri: https://fakestore.azuredatalakestore.net/webhdfs/v1/azure_test_dir/b?OP=CREATE&api-version=2016-11-01&write=true&overwrite=true
  response:
    body: {string: ''}
    headers:
      Cache-Control: ['no-cache, no-cache, no-store, max-age=0']
      Content-Length: ['0']
      ContentLength: ['0']
      Date: ['Fri, 26 May 2017 23:00:38 GMT']
      Expires: ['-1']
      Location: ['https://fakestore.azuredatalakestore.net/webhdfs/v1/azure_test_dir/b?OP=CREATE&api-version=2016-11-01&write=true&overwrite=true']
      Pragma: [no-cache]
      Status: ['0x0']
      Strict-Transport-Security: [max-age=15724800; includeSubDomains]
      X-Content-Type-Options: [nosniff]
      x-ms-request-id: [7e8041bf-8f82-4a0d-a59d-fe1450178dfe]
      x-ms-webhdfs-version: [16.12.19.00]
    status: {code: 201, message: Created}
- request:
    body: null
    headers:
      Accept: ['*/*']
      Accept-Encoding: ['gzip, deflate']
      Connection: [keep-alive]
      User-Agent: [python/3.5.2 (Windows-10-10.0.15063-SP0) azure.datalake.store.lib/0.0.10
          Azure-Data-Lake-Store-SDK-For-Python]
      x-ms-client-request-id: [22377fb0-4267-11e7-b026-645106422854]
    method: GET
    uri: https://fakestore.azuredatalakestore.net/webhdfs/v1/azure_test_dir/c?OP=GETFILESTATUS&api-version=2016-11-01
  response:
    body: {string: '{"RemoteException":{"exception":"FileNotFoundException","message":"File/Folder
        does not exist: /azure_test_dir/c [9e58ea05-17f3-4c14-bef5-8f349c8cef37][2017-05-26T16:00:38.2284402-07:00]","javaClassName":"java.io.FileNotFoundException"}}'}
    headers:
      Cache-Control: ['no-cache, no-cache, no-store, max-age=0']
      Content-Length: ['237']
      Content-Type: [application/json; charset=utf-8]
      Date: ['Fri, 26 May 2017 23:00:38 GMT']
      Expires: ['-1']
      Pragma: [no-cache]
      Status: ['0x8309000A']
      Strict-Transport-Security: [max-age=15724800; includeSubDomains]
      X-Content-Type-Options: [nosniff]
      x-ms-request-id: [9e58ea05-17f3-4c14-bef5-8f349c8cef37]
      x-ms-webhdfs-version: [16.12.19.00]
    status: {code: 404, message: Not Found}
- request:
    body: sources=azure_test_dir/a,azure_test_dir/b
    headers:
      Accept: ['*/*']
      Accept-Encoding: ['gzip, deflate']
      Connection: [keep-alive]
      Content-Length: ['41']
      User-Agent: [python/3.5.2 (Windows-10-10.0.15063-SP0) azure.datalake.store.lib/0.0.10
          Azure-Data-Lake-Store-SDK-For-Python]
      x-ms-client-request-id: [224c5900-4267-11e7-a9d5-645106422854]
    method: POST
    uri: https://fakestore.azuredatalakestore.net/webhdfs/v1/azure_test_dir/c?OP=MSCONCAT&api-version=2016-11-01&deleteSourceDirectory=false
  response:
    body: {string: ''}
    headers:
      Cache-Control: ['no-cache, no-cache, no-store, max-age=0']
      Content-Length: ['0']
      Date: ['Fri, 26 May 2017 23:00:38 GMT']
      Expires: ['-1']
      Pragma: [no-cache]
      Status: ['0x0']
      Strict-Transport-Security: [max-age=15724800; includeSubDomains]
      X-Content-Type-Options: [nosniff]
      x-ms-request-id: [c277ada8-d18c-4ff9-94b4-67e852211a3f]
      x-ms-webhdfs-version: [16.12.19.00]
    status: {code: 200, message: OK}
- request:
    body: null
    headers:
      Accept: ['*/*']
      Accept-Encoding: ['gzip, deflate']
      Connection: [keep-alive]
      User-Agent: [python/3.5.2 (Windows-10-10.0.15063-SP0) azure.datalake.store.lib/0.0.10
          Azure-Data-Lake-Store-SDK-For-Python]
      x-ms-client-request-id: [227c8534-4267-11e7-8c75-645106422854]
    method: GET
    uri: https://fakestore.azuredatalakestore.net/webhdfs/v1/azure_test_dir/c?OP=GETFILESTATUS&api-version=2016-11-01
  response:
    body: {string: '{"FileStatus":{"length":11,"pathSuffix":"","type":"FILE","blockSize":268435456,"accessTime":1495839638401,"modificationTime":1495839638431,"replication":1,"permission":"770","owner":"9a23860e-03b0-4bad-a8b7-e1d081d592bd","group":"2e6c02d2-a364-4530-9137-d17403996cbf","msExpirationTime":0,"aclBit":false}}'}
    headers:
      Cache-Control: ['no-cache, no-cache, no-store, max-age=0']
      Content-Length: ['305']
      Content-Type: [application/json; charset=utf-8]
      Date: ['Fri, 26 May 2017 23:00:38 GMT']
      Expires: ['-1']
      Pragma: [no-cache]
      Status: ['0x0']
      Strict-Transport-Security: [max-age=15724800; includeSubDomains]
      X-Content-Type-Options: [nosniff]
      x-ms-request-id: [d398b6dc-5b02-470c-bfc7-88ac30b91717]
      x-ms-webhdfs-version: [16.12.19.00]
    status: {code: 200, message: OK}
- request:
    body: null
    headers:
      Accept: ['*/*']
      Accept-Encoding: ['gzip, deflate']
      Connection: [keep-alive]
      User-Agent: [python/3.5.2 (Windows-10-10.0.15063-SP0) azure.datalake.store.lib/0.0.10
          Azure-Data-Lake-Store-SDK-For-Python]
      x-ms-client-request-id: [22900b1c-4267-11e7-b4aa-645106422854]
    method: GET
    uri: https://fakestore.azuredatalakestore.net/webhdfs/v1/azure_test_dir/c?OP=GETFILESTATUS&api-version=2016-11-01
  response:
    body: {string: '{"FileStatus":{"length":11,"pathSuffix":"","type":"FILE","blockSize":268435456,"accessTime":1495839638401,"modificationTime":1495839638431,"replication":1,"permission":"770","owner":"9a23860e-03b0-4bad-a8b7-e1d081d592bd","group":"2e6c02d2-a364-4530-9137-d17403996cbf","msExpirationTime":0,"aclBit":false}}'}
    headers:
      Cache-Control: ['no-cache, no-cache, no-store, max-age=0']
      Content-Length: ['305']
      Content-Type: [application/json; charset=utf-8]
      Date: ['Fri, 26 May 2017 23:00:38 GMT']
      Expires: ['-1']
      Pragma: [no-cache]
      Status: ['0x0']
      Strict-Transport-Security: [max-age=15724800; includeSubDomains]
      X-Content-Type-Options: [nosniff]
      x-ms-request-id: [1f4a0f30-cb22-46aa-9dbd-3097a76875fb]
      x-ms-webhdfs-version: [16.12.19.00]
    status: {code: 200, message: OK}
- request:
    body: null
    headers:
      Accept: ['*/*']
      Accept-Encoding: ['gzip, deflate']
      Connection: [keep-alive]
      User-Agent: [python/3.5.2 (Windows-10-10.0.15063-SP0) azure.datalake.store.lib/0.0.10
          Azure-Data-Lake-Store-SDK-For-Python]
      x-ms-client-request-id: [22a6280a-4267-11e7-80d0-645106422854]
    method: GET
    uri: https://fakestore.azuredatalakestore.net/webhdfs/v1/azure_test_dir/c?OP=GETFILESTATUS&api-version=2016-11-01
  response:
    body: {string: '{"FileStatus":{"length":11,"pathSuffix":"","type":"FILE","blockSize":268435456,"accessTime":1495839638401,"modificationTime":1495839638431,"replication":1,"permission":"770","owner":"9a23860e-03b0-4bad-a8b7-e1d081d592bd","group":"2e6c02d2-a364-4530-9137-d17403996cbf","msExpirationTime":0,"aclBit":false}}'}
    headers:
      Cache-Control: ['no-cache, no-cache, no-store, max-age=0']
      Content-Length: ['305']
      Content-Type: [application/json; charset=utf-8]
      Date: ['Fri, 26 May 2017 23:00:38 GMT']
      Expires: ['-1']
      Pragma: [no-cache]
      Status: ['0x0']
      Strict-Transport-Security: [max-age=15724800; includeSubDomains]
      X-Content-Type-Options: [nosniff]
      x-ms-request-id: [1105c083-1592-4499-8fbb-313d00049da3]
      x-ms-webhdfs-version: [16.12.19.00]
    status: {code: 200, message: OK}
- request:
    body: null
    headers:
      Accept: ['*/*']
      Accept-Encoding: ['gzip, deflate']
      Connection: [keep-alive]
      User-Agent: [python/3.5.2 (Windows-10-10.0.15063-SP0) azure.datalake.store.lib/0.0.10
          Azure-Data-Lake-Store-SDK-For-Python]
      x-ms-client-request-id: [22ba510a-4267-11e7-a495-645106422854]
    method: GET
    uri: https://fakestore.azuredatalakestore.net/webhdfs/v1/azure_test_dir/c?OP=OPEN&api-version=2016-11-01&read=true&offset=0&length=11
  response:
    body: {string: hello world}
    headers:
      Cache-Control: ['no-cache, no-cache, no-store, max-age=0']
      Content-Type: [application/octet-stream]
      Date: ['Fri, 26 May 2017 23:00:39 GMT']
      Expires: ['-1']
      Pragma: [no-cache]
      Status: ['0x0']
      Strict-Transport-Security: [max-age=15724800; includeSubDomains]
      Transfer-Encoding: [chunked]
      X-Content-Type-Options: [nosniff]
      x-ms-request-id: [42c5f900-6a5b-44db-89d4-499da99830f4]
      x-ms-webhdfs-version: [16.12.19.00]
    status: {code: 200, message: OK}
- request:
    body: null
    headers:
      Accept: ['*/*']
      Accept-Encoding: ['gzip, deflate']
      Connection: [keep-alive]
      User-Agent: [python/3.5.2 (Windows-10-10.0.15063-SP0) azure.datalake.store.lib/0.0.10
          Azure-Data-Lake-Store-SDK-For-Python]
      x-ms-client-request-id: [22da5b48-4267-11e7-a74a-645106422854]
    method: GET
    uri: https://fakestore.azuredatalakestore.net/webhdfs/v1/azure_test_dir/c?OP=GETFILESTATUS&api-version=2016-11-01
  response:
    body: {string: '{"FileStatus":{"length":11,"pathSuffix":"","type":"FILE","blockSize":268435456,"accessTime":1495839638401,"modificationTime":1495839638431,"replication":1,"permission":"770","owner":"9a23860e-03b0-4bad-a8b7-e1d081d592bd","group":"2e6c02d2-a364-4530-9137-d17403996cbf","msExpirationTime":0,"aclBit":false}}'}
    headers:
      Cache-Control: ['no-cache, no-cache, no-store, max-age=0']
      Content-Length: ['305']
      Content-Type: [application/json; charset=utf-8]
      Date: ['Fri, 26 May 2017 23:00:39 GMT']
      Expires: ['-1']
      Pragma: [no-cache]
      Status: ['0x0']
      Strict-Transport-Security: [max-age=15724800; includeSubDomains]
      X-Content-Type-Options: [nosniff]
      x-ms-request-id: [a95a9abb-af62-4b74-b5db-094d29c17c63]
      x-ms-webhdfs-version: [16.12.19.00]
    status: {code: 200, message: OK}
- request:
    body: null
    headers:
      Accept: ['*/*']
      Accept-Encoding: ['gzip, deflate']
      Connection: [keep-alive]
      Content-Length: ['0']
      User-Agent: [python/3.5.2 (Windows-10-10.0.15063-SP0) azure.datalake.store.lib/0.0.10
          Azure-Data-Lake-Store-SDK-For-Python]
      x-ms-client-request-id: [22eea69a-4267-11e7-949d-645106422854]
    method: DELETE
    uri: https://fakestore.azuredatalakestore.net/webhdfs/v1/azure_test_dir/c?OP=DELETE&api-version=2016-11-01&recursive=False
  response:
    body: {string: '{"boolean":true}'}
    headers:
      Cache-Control: ['no-cache, no-cache, no-store, max-age=0']
      Content-Length: ['16']
      Content-Type: [application/json; charset=utf-8]
      Date: ['Fri, 26 May 2017 23:00:39 GMT']
      Expires: ['-1']
      Pragma: [no-cache]
      Status: ['0x0']
      Strict-Transport-Security: [max-age=15724800; includeSubDomains]
      X-Content-Type-Options: [nosniff]
      x-ms-request-id: [f9e8f786-f8f6-4396-8730-37165772a7e2]
      x-ms-webhdfs-version: [16.12.19.00]
    status: {code: 200, message: OK}
- request:
    body: null
    headers:
      Accept: ['*/*']
      Accept-Encoding: ['gzip, deflate']
      Connection: [keep-alive]
      User-Agent: [python/3.7.0 (Windows-10-10.0.14393-SP0) azure.datalake.store.lib/0.0.34
          Azure-Data-Lake-Store-SDK-For-Python]
      x-ms-client-request-id: [c15d02d4-d194-11e8-b23c-000d3a041d7c.0]
    method: GET
    uri: https://akharitadls.azuredatalakestore.net/webhdfs/v1/azure_python_sdk_test_dir437f8326-2c53-487e-b0f0-0cd298e9ca49/a%2Bfile1?OP=GETFILESTATUS&api-version=2018-05-01
  response:
    body: {string: '{"RemoteException":{"exception":"FileNotFoundException","message":"File/Folder
        does not exist: /azure_python_sdk_test_dir437f8326-2c53-487e-b0f0-0cd298e9ca49/a+file1
        [0b3a590b-b2d3-49a1-a935-411351f7f485][2018-10-16T15:42:26.4797334-07:00]","javaClassName":"java.io.FileNotFoundException"}}'}
    headers:
      Cache-Control: ['no-cache, no-cache, no-store, max-age=0']
      Content-Length: ['290']
      Content-Type: [application/json; charset=utf-8]
      Date: ['Tue, 16 Oct 2018 22:42:25 GMT']
      Expires: ['-1']
      Pragma: [no-cache]
      Status: ['0x8309000A']
      Strict-Transport-Security: [max-age=15724800; includeSubDomains]
      X-Content-Type-Options: [nosniff]
      x-ms-request-id: [0b3a590b-b2d3-49a1-a935-411351f7f485]
      x-ms-webhdfs-version: [17.04.24.00]
    status: {code: 404, message: Not Found}
- request:
    body: 'hello '
    headers:
      Accept: ['*/*']
      Accept-Encoding: ['gzip, deflate']
      Connection: [keep-alive]
      Content-Length: ['6']
      User-Agent: [python/3.7.0 (Windows-10-10.0.14393-SP0) azure.datalake.store.lib/0.0.34
          Azure-Data-Lake-Store-SDK-For-Python]
      x-ms-client-request-id: [c16714f6-d194-11e8-8cac-000d3a041d7c.0]
    method: PUT
    uri: https://akharitadls.azuredatalakestore.net/webhdfs/v1/azure_python_sdk_test_dir437f8326-2c53-487e-b0f0-0cd298e9ca49/a%2Bfile1?OP=CREATE&api-version=2018-05-01&overwrite=true&write=true&syncFlag=CLOSE&leaseid=65e56211-78fa-4bcc-8ae2-c4730a8d4242&filesessionid=65e56211-78fa-4bcc-8ae2-c4730a8d4242
  response:
    body: {string: ''}
    headers:
      Cache-Control: ['no-cache, no-cache, no-store, max-age=0']
      Content-Length: ['0']
      ContentLength: ['0']
      Date: ['Tue, 16 Oct 2018 22:42:26 GMT']
      Expires: ['-1']
      Location: ['https://akharitadls.azuredatalakestore.net/webhdfs/v1/azure_python_sdk_test_dir437f8326-2c53-487e-b0f0-0cd298e9ca49/a+file1?OP=CREATE&api-version=2018-05-01&overwrite=true&write=true&syncFlag=CLOSE&leaseid=65e56211-78fa-4bcc-8ae2-c4730a8d4242&filesessionid=65e56211-78fa-4bcc-8ae2-c4730a8d4242']
      Pragma: [no-cache]
      Status: ['0x0']
      Strict-Transport-Security: [max-age=15724800; includeSubDomains]
      X-Content-Type-Options: [nosniff]
      x-ms-request-id: [2a83af9b-5d5d-4aed-ba68-465250f0c840]
      x-ms-webhdfs-version: [17.04.24.00]
    status: {code: 201, message: Created}
- request:
    body: null
    headers:
      Accept: ['*/*']
      Accept-Encoding: ['gzip, deflate']
      Connection: [keep-alive]
      User-Agent: [python/3.7.0 (Windows-10-10.0.14393-SP0) azure.datalake.store.lib/0.0.34
          Azure-Data-Lake-Store-SDK-For-Python]
      x-ms-client-request-id: [c17e6d9c-d194-11e8-8b59-000d3a041d7c.0]
    method: GET
    uri: https://akharitadls.azuredatalakestore.net/webhdfs/v1/azure_python_sdk_test_dir437f8326-2c53-487e-b0f0-0cd298e9ca49/b%2Bfile2?OP=GETFILESTATUS&api-version=2018-05-01
  response:
    body: {string: '{"RemoteException":{"exception":"FileNotFoundException","message":"File/Folder
        does not exist: /azure_python_sdk_test_dir437f8326-2c53-487e-b0f0-0cd298e9ca49/b+file2
        [7b19b5fb-f394-40b2-b4fc-72bd87fdf3d0][2018-10-16T15:42:26.6516307-07:00]","javaClassName":"java.io.FileNotFoundException"}}'}
    headers:
      Cache-Control: ['no-cache, no-cache, no-store, max-age=0']
      Content-Length: ['290']
      Content-Type: [application/json; charset=utf-8]
      Date: ['Tue, 16 Oct 2018 22:42:26 GMT']
      Expires: ['-1']
      Pragma: [no-cache]
      Status: ['0x8309000A']
      Strict-Transport-Security: [max-age=15724800; includeSubDomains]
      X-Content-Type-Options: [nosniff]
      x-ms-request-id: [7b19b5fb-f394-40b2-b4fc-72bd87fdf3d0]
      x-ms-webhdfs-version: [17.04.24.00]
    status: {code: 404, message: Not Found}
- request:
    body: world
    headers:
      Accept: ['*/*']
      Accept-Encoding: ['gzip, deflate']
      Connection: [keep-alive]
      Content-Length: ['5']
      User-Agent: [python/3.7.0 (Windows-10-10.0.14393-SP0) azure.datalake.store.lib/0.0.34
          Azure-Data-Lake-Store-SDK-For-Python]
      x-ms-client-request-id: [c180b79a-d194-11e8-a5e9-000d3a041d7c.0]
    method: PUT
    uri: https://akharitadls.azuredatalakestore.net/webhdfs/v1/azure_python_sdk_test_dir437f8326-2c53-487e-b0f0-0cd298e9ca49/b%2Bfile2?OP=CREATE&api-version=2018-05-01&overwrite=true&write=true&syncFlag=CLOSE&leaseid=5ab8c927-8e5d-4a91-9de3-ff69f478543a&filesessionid=5ab8c927-8e5d-4a91-9de3-ff69f478543a
  response:
    body: {string: ''}
    headers:
      Cache-Control: ['no-cache, no-cache, no-store, max-age=0']
      Content-Length: ['0']
      ContentLength: ['0']
      Date: ['Tue, 16 Oct 2018 22:42:26 GMT']
      Expires: ['-1']
      Location: ['https://akharitadls.azuredatalakestore.net/webhdfs/v1/azure_python_sdk_test_dir437f8326-2c53-487e-b0f0-0cd298e9ca49/b+file2?OP=CREATE&api-version=2018-05-01&overwrite=true&write=true&syncFlag=CLOSE&leaseid=5ab8c927-8e5d-4a91-9de3-ff69f478543a&filesessionid=5ab8c927-8e5d-4a91-9de3-ff69f478543a']
      Pragma: [no-cache]
      Status: ['0x0']
      Strict-Transport-Security: [max-age=15724800; includeSubDomains]
      X-Content-Type-Options: [nosniff]
      x-ms-request-id: [226d94d3-dc5e-4324-b77f-adab6cb78ba0]
      x-ms-webhdfs-version: [17.04.24.00]
    status: {code: 201, message: Created}
- request:
    body: null
    headers:
      Accept: ['*/*']
      Accept-Encoding: ['gzip, deflate']
      Connection: [keep-alive]
      User-Agent: [python/3.7.0 (Windows-10-10.0.14393-SP0) azure.datalake.store.lib/0.0.34
          Azure-Data-Lake-Store-SDK-For-Python]
      x-ms-client-request-id: [c19a8136-d194-11e8-96f1-000d3a041d7c.0]
    method: GET
    uri: https://akharitadls.azuredatalakestore.net/webhdfs/v1/azure_python_sdk_test_dir437f8326-2c53-487e-b0f0-0cd298e9ca49/c%2Bres?OP=GETFILESTATUS&api-version=2018-05-01
  response:
    body: {string: '{"RemoteException":{"exception":"FileNotFoundException","message":"File/Folder
        does not exist: /azure_python_sdk_test_dir437f8326-2c53-487e-b0f0-0cd298e9ca49/c+res
        [95bb2ece-6813-45e3-8454-2c7074dd5ca9][2018-10-16T15:42:26.8391139-07:00]","javaClassName":"java.io.FileNotFoundException"}}'}
    headers:
      Cache-Control: ['no-cache, no-cache, no-store, max-age=0']
      Content-Length: ['288']
      Content-Type: [application/json; charset=utf-8]
      Date: ['Tue, 16 Oct 2018 22:42:26 GMT']
      Expires: ['-1']
      Pragma: [no-cache]
      Status: ['0x8309000A']
      Strict-Transport-Security: [max-age=15724800; includeSubDomains]
      X-Content-Type-Options: [nosniff]
      x-ms-request-id: [95bb2ece-6813-45e3-8454-2c7074dd5ca9]
      x-ms-webhdfs-version: [17.04.24.00]
    status: {code: 404, message: Not Found}
- request:
    body: '{"sources":["azure_python_sdk_test_dir437f8326-2c53-487e-b0f0-0cd298e9ca49/a+file1","azure_python_sdk_test_dir437f8326-2c53-487e-b0f0-0cd298e9ca49/b+file2"]}'
    headers:
      Accept: ['*/*']
      Accept-Encoding: ['gzip, deflate']
      Connection: [keep-alive]
      Content-Length: ['157']
      Content-Type: [application/json]
      User-Agent: [python/3.7.0 (Windows-10-10.0.14393-SP0) azure.datalake.store.lib/0.0.34
          Azure-Data-Lake-Store-SDK-For-Python]
      x-ms-client-request-id: [c19cf248-d194-11e8-ac1a-000d3a041d7c.0]
    method: POST
    uri: https://akharitadls.azuredatalakestore.net/webhdfs/v1/azure_python_sdk_test_dir437f8326-2c53-487e-b0f0-0cd298e9ca49/c%2Bres?OP=MSCONCAT&api-version=2018-05-01&deleteSourceDirectory=false
  response:
    body: {string: ''}
    headers:
      Cache-Control: ['no-cache, no-cache, no-store, max-age=0']
      Content-Length: ['0']
      Date: ['Tue, 16 Oct 2018 22:42:26 GMT']
      Expires: ['-1']
      Pragma: [no-cache]
      Status: ['0x0']
      Strict-Transport-Security: [max-age=15724800; includeSubDomains]
      X-Content-Type-Options: [nosniff]
      x-ms-request-id: [366fcf35-509a-4597-8663-1f842e958e53]
      x-ms-webhdfs-version: [17.04.24.00]
    status: {code: 200, message: OK}
- request:
    body: null
    headers:
      Accept: ['*/*']
      Accept-Encoding: ['gzip, deflate']
      Connection: [keep-alive]
      User-Agent: [python/3.7.0 (Windows-10-10.0.14393-SP0) azure.datalake.store.lib/0.0.34
          Azure-Data-Lake-Store-SDK-For-Python]
      x-ms-client-request-id: [c1d9ad58-d194-11e8-b1e0-000d3a041d7c.0]
    method: GET
    uri: https://akharitadls.azuredatalakestore.net/webhdfs/v1/azure_python_sdk_test_dir437f8326-2c53-487e-b0f0-0cd298e9ca49/c%2Bres?OP=GETFILESTATUS&api-version=2018-05-01
  response:
    body: {string: '{"FileStatus":{"length":11,"pathSuffix":"","type":"FILE","blockSize":268435456,"accessTime":1539729746997,"modificationTime":1539729747028,"replication":1,"permission":"770","owner":"a0b3cb87-9ca9-4769-af48-e687823d8937","group":"6d86a146-d7dc-49d0-862f-1897c5dd2afe","msExpirationTime":0,"aclBit":false}}'}
    headers:
      Cache-Control: ['no-cache, no-cache, no-store, max-age=0']
      Content-Length: ['305']
      Content-Type: [application/json; charset=utf-8]
      Date: ['Tue, 16 Oct 2018 22:42:26 GMT']
      Expires: ['-1']
      Pragma: [no-cache]
      Status: ['0x0']
      Strict-Transport-Security: [max-age=15724800; includeSubDomains]
      X-Content-Type-Options: [nosniff]
      x-ms-request-id: [36dbf319-9ef7-4de9-a881-ae7ee1dc9697]
      x-ms-webhdfs-version: [17.04.24.00]
    status: {code: 200, message: OK}
- request:
    body: null
    headers:
      Accept: ['*/*']
      Accept-Encoding: ['gzip, deflate']
      Connection: [keep-alive]
      User-Agent: [python/3.7.0 (Windows-10-10.0.14393-SP0) azure.datalake.store.lib/0.0.34
          Azure-Data-Lake-Store-SDK-For-Python]
      x-ms-client-request-id: [c1dc938a-d194-11e8-9765-000d3a041d7c.0]
    method: GET
    uri: https://akharitadls.azuredatalakestore.net/webhdfs/v1/azure_python_sdk_test_dir437f8326-2c53-487e-b0f0-0cd298e9ca49/c%2Bres?OP=GETFILESTATUS&api-version=2018-05-01
  response:
    body: {string: '{"FileStatus":{"length":11,"pathSuffix":"","type":"FILE","blockSize":268435456,"accessTime":1539729746997,"modificationTime":1539729747028,"replication":1,"permission":"770","owner":"a0b3cb87-9ca9-4769-af48-e687823d8937","group":"6d86a146-d7dc-49d0-862f-1897c5dd2afe","msExpirationTime":0,"aclBit":false}}'}
    headers:
      Cache-Control: ['no-cache, no-cache, no-store, max-age=0']
      Content-Length: ['305']
      Content-Type: [application/json; charset=utf-8]
      Date: ['Tue, 16 Oct 2018 22:42:26 GMT']
      Expires: ['-1']
      Pragma: [no-cache]
      Status: ['0x0']
      Strict-Transport-Security: [max-age=15724800; includeSubDomains]
      X-Content-Type-Options: [nosniff]
      x-ms-request-id: [caccb967-646a-4533-bdd8-eaefa4edf591]
      x-ms-webhdfs-version: [17.04.24.00]
    status: {code: 200, message: OK}
- request:
    body: null
    headers:
      Accept: ['*/*']
      Accept-Encoding: ['gzip, deflate']
      Connection: [keep-alive]
      User-Agent: [python/3.7.0 (Windows-10-10.0.14393-SP0) azure.datalake.store.lib/0.0.34
          Azure-Data-Lake-Store-SDK-For-Python]
      x-ms-client-request-id: [c1df2b98-d194-11e8-8b01-000d3a041d7c.0]
    method: GET
    uri: https://akharitadls.azuredatalakestore.net/webhdfs/v1/azure_python_sdk_test_dir437f8326-2c53-487e-b0f0-0cd298e9ca49/c%2Bres?OP=GETFILESTATUS&api-version=2018-05-01
  response:
    body: {string: '{"FileStatus":{"length":11,"pathSuffix":"","type":"FILE","blockSize":268435456,"accessTime":1539729746997,"modificationTime":1539729747028,"replication":1,"permission":"770","owner":"a0b3cb87-9ca9-4769-af48-e687823d8937","group":"6d86a146-d7dc-49d0-862f-1897c5dd2afe","msExpirationTime":0,"aclBit":false}}'}
    headers:
      Cache-Control: ['no-cache, no-cache, no-store, max-age=0']
      Content-Length: ['305']
      Content-Type: [application/json; charset=utf-8]
      Date: ['Tue, 16 Oct 2018 22:42:26 GMT']
      Expires: ['-1']
      Pragma: [no-cache]
      Status: ['0x0']
      Strict-Transport-Security: [max-age=15724800; includeSubDomains]
      X-Content-Type-Options: [nosniff]
      x-ms-request-id: [a3c9589a-6363-4597-9ee8-f4747d60dd6c]
      x-ms-webhdfs-version: [17.04.24.00]
    status: {code: 200, message: OK}
- request:
    body: null
    headers:
      Accept: ['*/*']
      Accept-Encoding: ['gzip, deflate']
      Connection: [keep-alive]
      User-Agent: [python/3.7.0 (Windows-10-10.0.14393-SP0) azure.datalake.store.lib/0.0.34
          Azure-Data-Lake-Store-SDK-For-Python]
      x-ms-client-request-id: [c1e2ae12-d194-11e8-b7ac-000d3a041d7c.0]
    method: GET
    uri: https://akharitadls.azuredatalakestore.net/webhdfs/v1/azure_python_sdk_test_dir437f8326-2c53-487e-b0f0-0cd298e9ca49/c%2Bres?OP=OPEN&api-version=2018-05-01&offset=0&length=11&read=true&filesessionid=86c2240c-dac2-4413-bded-4ec4149b65f3
  response:
    body: {string: hello world}
    headers:
      Cache-Control: ['no-cache, no-cache, no-store, max-age=0']
      Content-Type: [application/octet-stream]
      Date: ['Tue, 16 Oct 2018 22:42:26 GMT']
      Expires: ['-1']
      Pragma: [no-cache]
      Status: ['0x0']
      Strict-Transport-Security: [max-age=15724800; includeSubDomains]
      Transfer-Encoding: [chunked]
      X-Content-Type-Options: [nosniff]
      x-ms-request-id: [a6bd38aa-4481-4de9-bf72-41ec22f0e2cd]
      x-ms-webhdfs-version: [17.04.24.00]
    status: {code: 200, message: OK}
- request:
    body: null
    headers:
      Accept: ['*/*']
      Accept-Encoding: ['gzip, deflate']
      Connection: [keep-alive]
      User-Agent: [python/3.7.0 (Windows-10-10.0.14393-SP0) azure.datalake.store.lib/0.0.34
          Azure-Data-Lake-Store-SDK-For-Python]
      x-ms-client-request-id: [c1f2dab8-d194-11e8-a17f-000d3a041d7c.0]
    method: GET
    uri: https://akharitadls.azuredatalakestore.net/webhdfs/v1/azure_python_sdk_test_dir437f8326-2c53-487e-b0f0-0cd298e9ca49/c%2Bres?OP=GETFILESTATUS&api-version=2018-05-01
  response:
    body: {string: '{"FileStatus":{"length":11,"pathSuffix":"","type":"FILE","blockSize":268435456,"accessTime":1539729746997,"modificationTime":1539729747028,"replication":1,"permission":"770","owner":"a0b3cb87-9ca9-4769-af48-e687823d8937","group":"6d86a146-d7dc-49d0-862f-1897c5dd2afe","msExpirationTime":0,"aclBit":false}}'}
    headers:
      Cache-Control: ['no-cache, no-cache, no-store, max-age=0']
      Content-Length: ['305']
      Content-Type: [application/json; charset=utf-8]
      Date: ['Tue, 16 Oct 2018 22:42:26 GMT']
      Expires: ['-1']
      Pragma: [no-cache]
      Status: ['0x0']
      Strict-Transport-Security: [max-age=15724800; includeSubDomains]
      X-Content-Type-Options: [nosniff]
      x-ms-request-id: [7cca0fbf-df34-4095-9073-a3b9e29c6a45]
      x-ms-webhdfs-version: [17.04.24.00]
    status: {code: 200, message: OK}
- request:
    body: null
    headers:
      Accept: ['*/*']
      Accept-Encoding: ['gzip, deflate']
      Connection: [keep-alive]
      Content-Length: ['0']
      User-Agent: [python/3.7.0 (Windows-10-10.0.14393-SP0) azure.datalake.store.lib/0.0.34
          Azure-Data-Lake-Store-SDK-For-Python]
      x-ms-client-request-id: [c2115f52-d194-11e8-97ad-000d3a041d7c.0]
    method: DELETE
    uri: https://akharitadls.azuredatalakestore.net/webhdfs/v1/azure_python_sdk_test_dir437f8326-2c53-487e-b0f0-0cd298e9ca49/c%2Bres?OP=DELETE&api-version=2018-05-01&recursive=False
  response:
    body: {string: '{"boolean":true}'}
    headers:
      Cache-Control: ['no-cache, no-cache, no-store, max-age=0']
      Content-Length: ['16']
      Content-Type: [application/json; charset=utf-8]
      Date: ['Tue, 16 Oct 2018 22:42:27 GMT']
      Expires: ['-1']
      Pragma: [no-cache]
      Status: ['0x0']
      Strict-Transport-Security: [max-age=15724800; includeSubDomains]
      X-Content-Type-Options: [nosniff]
      x-ms-request-id: [969b7522-9d20-4661-9e68-a07e826ffe54]
      x-ms-webhdfs-version: [17.04.24.00]
    status: {code: 200, message: OK}
- request:
    body: null
    headers:
      Accept: ['*/*']
      Accept-Encoding: ['gzip, deflate']
      Connection: [keep-alive]
      User-Agent: [python/2.7.13 (Windows-10-10.0.14393) azure.datalake.store.lib/0.0.34
          Azure-Data-Lake-Store-SDK-For-Python]
      x-ms-client-request-id: [5e294f4f-dbd6-11e8-8885-000d3a041d7c.0]
    method: GET
    uri: https://akharitadls.azuredatalakestore.net/webhdfs/v1/azure_python_sdk_test_dir09a10d70-be51-4e07-9161-481937d28385/a%2Bfile1?api-version=2018-05-01&OP=GETFILESTATUS
  response:
    body: {string: '{"RemoteException":{"exception":"FileNotFoundException","message":"File/Folder
        does not exist: /azure_python_sdk_test_dir09a10d70-be51-4e07-9161-481937d28385/a+file1
        [6ff5624c-e3a6-4825-ab48-34e3a719246f][2018-10-29T16:57:18.4407794-07:00]","javaClassName":"java.io.FileNotFoundException"}}'}
    headers:
      cache-control: ['no-cache, no-cache, no-store, max-age=0']
      content-length: ['290']
      content-type: [application/json; charset=utf-8]
      date: ['Mon, 29 Oct 2018 23:57:18 GMT']
      expires: ['-1']
      pragma: [no-cache]
      status: ['0x8309000A']
      strict-transport-security: [max-age=15724800; includeSubDomains]
      x-content-type-options: [nosniff]
      x-ms-request-id: [6ff5624c-e3a6-4825-ab48-34e3a719246f]
      x-ms-webhdfs-version: [17.04.24.00]
    status: {code: 404, message: Not Found}
- request:
    body: 'hello '
    headers:
      Accept: ['*/*']
      Accept-Encoding: ['gzip, deflate']
      Connection: [keep-alive]
      Content-Length: ['6']
      User-Agent: [python/2.7.13 (Windows-10-10.0.14393) azure.datalake.store.lib/0.0.34
          Azure-Data-Lake-Store-SDK-For-Python]
      x-ms-client-request-id: [5e302d21-dbd6-11e8-a59b-000d3a041d7c.0]
    method: PUT
    uri: https://akharitadls.azuredatalakestore.net/webhdfs/v1/azure_python_sdk_test_dir09a10d70-be51-4e07-9161-481937d28385/a%2Bfile1?filesessionid=e06eb2a1-18d9-41a6-8637-066485dffd86&write=true&leaseid=e06eb2a1-18d9-41a6-8637-066485dffd86&api-version=2018-05-01&syncFlag=CLOSE&overwrite=true&OP=CREATE
  response:
    body: {string: ''}
    headers:
      cache-control: ['no-cache, no-cache, no-store, max-age=0']
      content-length: ['0']
      contentlength: ['0']
      date: ['Mon, 29 Oct 2018 23:57:18 GMT']
      expires: ['-1']
      location: ['https://akharitadls.azuredatalakestore.net/webhdfs/v1/azure_python_sdk_test_dir09a10d70-be51-4e07-9161-481937d28385/a+file1?filesessionid=e06eb2a1-18d9-41a6-8637-066485dffd86&write=true&leaseid=e06eb2a1-18d9-41a6-8637-066485dffd86&api-version=2018-05-01&syncFlag=CLOSE&overwrite=true&OP=CREATE']
      pragma: [no-cache]
      status: ['0x0']
      strict-transport-security: [max-age=15724800; includeSubDomains]
      x-content-type-options: [nosniff]
      x-ms-request-id: [593db8a4-1995-46dc-b2dd-9b5f3726ce47]
      x-ms-webhdfs-version: [17.04.24.00]
    status: {code: 201, message: Created}
- request:
    body: null
    headers:
      Accept: ['*/*']
      Accept-Encoding: ['gzip, deflate']
      Connection: [keep-alive]
      User-Agent: [python/2.7.13 (Windows-10-10.0.14393) azure.datalake.store.lib/0.0.34
          Azure-Data-Lake-Store-SDK-For-Python]
      x-ms-client-request-id: [5e47acc0-dbd6-11e8-b2b1-000d3a041d7c.0]
    method: GET
    uri: https://akharitadls.azuredatalakestore.net/webhdfs/v1/azure_python_sdk_test_dir09a10d70-be51-4e07-9161-481937d28385/b%2Bfile2?api-version=2018-05-01&OP=GETFILESTATUS
  response:
    body: {string: '{"RemoteException":{"exception":"FileNotFoundException","message":"File/Folder
        does not exist: /azure_python_sdk_test_dir09a10d70-be51-4e07-9161-481937d28385/b+file2
        [adf7c945-7e23-4d53-8711-9fd256b040ef][2018-10-29T16:57:18.6126588-07:00]","javaClassName":"java.io.FileNotFoundException"}}'}
    headers:
      cache-control: ['no-cache, no-cache, no-store, max-age=0']
      content-length: ['290']
      content-type: [application/json; charset=utf-8]
      date: ['Mon, 29 Oct 2018 23:57:18 GMT']
      expires: ['-1']
      pragma: [no-cache]
      status: ['0x8309000A']
      strict-transport-security: [max-age=15724800; includeSubDomains]
      x-content-type-options: [nosniff]
      x-ms-request-id: [adf7c945-7e23-4d53-8711-9fd256b040ef]
      x-ms-webhdfs-version: [17.04.24.00]
    status: {code: 404, message: Not Found}
- request:
    body: world
    headers:
      Accept: ['*/*']
      Accept-Encoding: ['gzip, deflate']
      Connection: [keep-alive]
      Content-Length: ['5']
      User-Agent: [python/2.7.13 (Windows-10-10.0.14393) azure.datalake.store.lib/0.0.34
          Azure-Data-Lake-Store-SDK-For-Python]
      x-ms-client-request-id: [5e4a6bde-dbd6-11e8-a207-000d3a041d7c.0]
    method: PUT
    uri: https://akharitadls.azuredatalakestore.net/webhdfs/v1/azure_python_sdk_test_dir09a10d70-be51-4e07-9161-481937d28385/b%2Bfile2?filesessionid=583752d2-2788-47e4-9e10-4d9cf851bef0&write=true&leaseid=583752d2-2788-47e4-9e10-4d9cf851bef0&api-version=2018-05-01&syncFlag=CLOSE&overwrite=true&OP=CREATE
  response:
    body: {string: ''}
    headers:
      cache-control: ['no-cache, no-cache, no-store, max-age=0']
      content-length: ['0']
      contentlength: ['0']
      date: ['Mon, 29 Oct 2018 23:57:18 GMT']
      expires: ['-1']
      location: ['https://akharitadls.azuredatalakestore.net/webhdfs/v1/azure_python_sdk_test_dir09a10d70-be51-4e07-9161-481937d28385/b+file2?filesessionid=583752d2-2788-47e4-9e10-4d9cf851bef0&write=true&leaseid=583752d2-2788-47e4-9e10-4d9cf851bef0&api-version=2018-05-01&syncFlag=CLOSE&overwrite=true&OP=CREATE']
      pragma: [no-cache]
      status: ['0x0']
      strict-transport-security: [max-age=15724800; includeSubDomains]
      x-content-type-options: [nosniff]
      x-ms-request-id: [36ee06d8-7e8e-4e67-9a4d-941344f84235]
      x-ms-webhdfs-version: [17.04.24.00]
    status: {code: 201, message: Created}
- request:
    body: null
    headers:
      Accept: ['*/*']
      Accept-Encoding: ['gzip, deflate']
      Connection: [keep-alive]
      User-Agent: [python/2.7.13 (Windows-10-10.0.14393) azure.datalake.store.lib/0.0.34
          Azure-Data-Lake-Store-SDK-For-Python]
      x-ms-client-request-id: [5e5f2c5e-dbd6-11e8-b053-000d3a041d7c.0]
    method: GET
    uri: https://akharitadls.azuredatalakestore.net/webhdfs/v1/azure_python_sdk_test_dir09a10d70-be51-4e07-9161-481937d28385/c%2Bres?api-version=2018-05-01&OP=GETFILESTATUS
  response:
    body: {string: '{"RemoteException":{"exception":"FileNotFoundException","message":"File/Folder
        does not exist: /azure_python_sdk_test_dir09a10d70-be51-4e07-9161-481937d28385/c+res
        [1ccc5641-5fd8-493c-bd33-ad8b8ee91890][2018-10-29T16:57:18.7689120-07:00]","javaClassName":"java.io.FileNotFoundException"}}'}
    headers:
      cache-control: ['no-cache, no-cache, no-store, max-age=0']
      content-length: ['288']
      content-type: [application/json; charset=utf-8]
      date: ['Mon, 29 Oct 2018 23:57:18 GMT']
      expires: ['-1']
      pragma: [no-cache]
      status: ['0x8309000A']
      strict-transport-security: [max-age=15724800; includeSubDomains]
      x-content-type-options: [nosniff]
      x-ms-request-id: [1ccc5641-5fd8-493c-bd33-ad8b8ee91890]
      x-ms-webhdfs-version: [17.04.24.00]
    status: {code: 404, message: Not Found}
- request:
    body: '{"sources":["azure_python_sdk_test_dir09a10d70-be51-4e07-9161-481937d28385/a+file1","azure_python_sdk_test_dir09a10d70-be51-4e07-9161-481937d28385/b+file2"]}'
    headers:
      Accept: ['*/*']
      Accept-Encoding: ['gzip, deflate']
      Connection: [keep-alive]
      Content-Length: ['157']
      Content-Type: [application/json]
      User-Agent: [python/2.7.13 (Windows-10-10.0.14393) azure.datalake.store.lib/0.0.34
          Azure-Data-Lake-Store-SDK-For-Python]
      x-ms-client-request-id: [5e62128f-dbd6-11e8-be45-000d3a041d7c.0]
    method: POST
    uri: https://akharitadls.azuredatalakestore.net/webhdfs/v1/azure_python_sdk_test_dir09a10d70-be51-4e07-9161-481937d28385/c%2Bres?api-version=2018-05-01&deleteSourceDirectory=false&OP=MSCONCAT
  response:
    body: {string: ''}
    headers:
      cache-control: ['no-cache, no-cache, no-store, max-age=0']
      content-length: ['0']
      date: ['Mon, 29 Oct 2018 23:57:19 GMT']
      expires: ['-1']
      pragma: [no-cache]
      status: ['0x0']
      strict-transport-security: [max-age=15724800; includeSubDomains]
      x-content-type-options: [nosniff]
      x-ms-request-id: [e3fd36b4-ef4e-4467-bf99-86b85bd99999]
      x-ms-webhdfs-version: [17.04.24.00]
    status: {code: 200, message: OK}
- request:
    body: null
    headers:
      Accept: ['*/*']
      Accept-Encoding: ['gzip, deflate']
      Connection: [keep-alive]
      User-Agent: [python/2.7.13 (Windows-10-10.0.14393) azure.datalake.store.lib/0.0.34
          Azure-Data-Lake-Store-SDK-For-Python]
      x-ms-client-request-id: [5e941f0f-dbd6-11e8-a0d0-000d3a041d7c.0]
    method: GET
    uri: https://akharitadls.azuredatalakestore.net/webhdfs/v1/azure_python_sdk_test_dir09a10d70-be51-4e07-9161-481937d28385/c%2Bres?api-version=2018-05-01&OP=GETFILESTATUS
  response:
    body: {string: '{"FileStatus":{"length":11,"pathSuffix":"","type":"FILE","blockSize":268435456,"accessTime":1540857438802,"modificationTime":1540857438832,"replication":1,"permission":"770","owner":"a0b3cb87-9ca9-4769-af48-e687823d8937","group":"6d86a146-d7dc-49d0-862f-1897c5dd2afe","msExpirationTime":0,"aclBit":false}}'}
    headers:
      cache-control: ['no-cache, no-cache, no-store, max-age=0']
      content-length: ['305']
      content-type: [application/json; charset=utf-8]
      date: ['Mon, 29 Oct 2018 23:57:19 GMT']
      expires: ['-1']
      pragma: [no-cache]
      status: ['0x0']
      strict-transport-security: [max-age=15724800; includeSubDomains]
      x-content-type-options: [nosniff]
      x-ms-request-id: [c5cb6292-1405-40e7-ae0b-b3d641ebc2e1]
      x-ms-webhdfs-version: [17.04.24.00]
    status: {code: 200, message: OK}
- request:
    body: null
    headers:
      Accept: ['*/*']
      Accept-Encoding: ['gzip, deflate']
      Connection: [keep-alive]
      User-Agent: [python/2.7.13 (Windows-10-10.0.14393) azure.datalake.store.lib/0.0.34
          Azure-Data-Lake-Store-SDK-For-Python]
      x-ms-client-request-id: [5e97535e-dbd6-11e8-b819-000d3a041d7c.0]
    method: GET
    uri: https://akharitadls.azuredatalakestore.net/webhdfs/v1/azure_python_sdk_test_dir09a10d70-be51-4e07-9161-481937d28385/c%2Bres?api-version=2018-05-01&OP=GETFILESTATUS
  response:
    body: {string: '{"FileStatus":{"length":11,"pathSuffix":"","type":"FILE","blockSize":268435456,"accessTime":1540857438802,"modificationTime":1540857438832,"replication":1,"permission":"770","owner":"a0b3cb87-9ca9-4769-af48-e687823d8937","group":"6d86a146-d7dc-49d0-862f-1897c5dd2afe","msExpirationTime":0,"aclBit":false}}'}
    headers:
      cache-control: ['no-cache, no-cache, no-store, max-age=0']
      content-length: ['305']
      content-type: [application/json; charset=utf-8]
      date: ['Mon, 29 Oct 2018 23:57:19 GMT']
      expires: ['-1']
      pragma: [no-cache]
      status: ['0x0']
      strict-transport-security: [max-age=15724800; includeSubDomains]
      x-content-type-options: [nosniff]
      x-ms-request-id: [e7adf4ed-1d1a-4fe0-9470-acfa33a3c273]
      x-ms-webhdfs-version: [17.04.24.00]
    status: {code: 200, message: OK}
- request:
    body: null
    headers:
      Accept: ['*/*']
      Accept-Encoding: ['gzip, deflate']
      Connection: [keep-alive]
      User-Agent: [python/2.7.13 (Windows-10-10.0.14393) azure.datalake.store.lib/0.0.34
          Azure-Data-Lake-Store-SDK-For-Python]
      x-ms-client-request-id: [5e9a398f-dbd6-11e8-9cd4-000d3a041d7c.0]
    method: GET
    uri: https://akharitadls.azuredatalakestore.net/webhdfs/v1/azure_python_sdk_test_dir09a10d70-be51-4e07-9161-481937d28385/c%2Bres?api-version=2018-05-01&OP=GETFILESTATUS
  response:
    body: {string: '{"FileStatus":{"length":11,"pathSuffix":"","type":"FILE","blockSize":268435456,"accessTime":1540857438802,"modificationTime":1540857438832,"replication":1,"permission":"770","owner":"a0b3cb87-9ca9-4769-af48-e687823d8937","group":"6d86a146-d7dc-49d0-862f-1897c5dd2afe","msExpirationTime":0,"aclBit":false}}'}
    headers:
      cache-control: ['no-cache, no-cache, no-store, max-age=0']
      content-length: ['305']
      content-type: [application/json; charset=utf-8]
      date: ['Mon, 29 Oct 2018 23:57:19 GMT']
      expires: ['-1']
      pragma: [no-cache]
      status: ['0x0']
      strict-transport-security: [max-age=15724800; includeSubDomains]
      x-content-type-options: [nosniff]
      x-ms-request-id: [e6d8ba58-f3ae-46ca-83cb-68229da803a1]
      x-ms-webhdfs-version: [17.04.24.00]
    status: {code: 200, message: OK}
- request:
    body: null
    headers:
      Accept: ['*/*']
      Accept-Encoding: ['gzip, deflate']
      Connection: [keep-alive]
      User-Agent: [python/2.7.13 (Windows-10-10.0.14393) azure.datalake.store.lib/0.0.34
          Azure-Data-Lake-Store-SDK-For-Python]
      x-ms-client-request-id: [5e9d6dde-dbd6-11e8-8fcc-000d3a041d7c.0]
    method: GET
    uri: https://akharitadls.azuredatalakestore.net/webhdfs/v1/azure_python_sdk_test_dir09a10d70-be51-4e07-9161-481937d28385/c%2Bres?filesessionid=de926c60-3c04-463f-94ab-dc0480d1a486&read=true&length=11&offset=0&api-version=2018-05-01&OP=OPEN
  response:
    body: {string: hello world}
    headers:
      cache-control: ['no-cache, no-cache, no-store, max-age=0']
      content-type: [application/octet-stream]
      date: ['Mon, 29 Oct 2018 23:57:19 GMT']
      expires: ['-1']
      pragma: [no-cache]
      status: ['0x0']
      strict-transport-security: [max-age=15724800; includeSubDomains]
      transfer-encoding: [chunked]
      x-content-type-options: [nosniff]
      x-ms-request-id: [401fe277-9dd6-45b8-867a-c17bf6d34046]
      x-ms-webhdfs-version: [17.04.24.00]
    status: {code: 200, message: OK}
- request:
    body: null
    headers:
      Accept: ['*/*']
      Accept-Encoding: ['gzip, deflate']
      Connection: [keep-alive]
      User-Agent: [python/2.7.13 (Windows-10-10.0.14393) azure.datalake.store.lib/0.0.34
          Azure-Data-Lake-Store-SDK-For-Python]
      x-ms-client-request-id: [5ea5f95e-dbd6-11e8-b95b-000d3a041d7c.0]
    method: GET
    uri: https://akharitadls.azuredatalakestore.net/webhdfs/v1/azure_python_sdk_test_dir09a10d70-be51-4e07-9161-481937d28385/c%2Bres?api-version=2018-05-01&OP=GETFILESTATUS
  response:
    body: {string: '{"FileStatus":{"length":11,"pathSuffix":"","type":"FILE","blockSize":268435456,"accessTime":1540857438802,"modificationTime":1540857438832,"replication":1,"permission":"770","owner":"a0b3cb87-9ca9-4769-af48-e687823d8937","group":"6d86a146-d7dc-49d0-862f-1897c5dd2afe","msExpirationTime":0,"aclBit":false}}'}
    headers:
      cache-control: ['no-cache, no-cache, no-store, max-age=0']
      content-length: ['305']
      content-type: [application/json; charset=utf-8]
      date: ['Mon, 29 Oct 2018 23:57:19 GMT']
      expires: ['-1']
      pragma: [no-cache]
      status: ['0x0']
      strict-transport-security: [max-age=15724800; includeSubDomains]
      x-content-type-options: [nosniff]
      x-ms-request-id: [80aab6a0-76a7-4eef-91a0-9d594af3f888]
      x-ms-webhdfs-version: [17.04.24.00]
    status: {code: 200, message: OK}
- request:
    body: null
    headers:
      Accept: ['*/*']
      Accept-Encoding: ['gzip, deflate']
      Connection: [keep-alive]
      Content-Length: ['0']
      User-Agent: [python/2.7.13 (Windows-10-10.0.14393) azure.datalake.store.lib/0.0.34
          Azure-Data-Lake-Store-SDK-For-Python]
      x-ms-client-request-id: [5ea8df8f-dbd6-11e8-9854-000d3a041d7c.0]
    method: DELETE
    uri: https://akharitadls.azuredatalakestore.net/webhdfs/v1/azure_python_sdk_test_dir09a10d70-be51-4e07-9161-481937d28385/c%2Bres?api-version=2018-05-01&recursive=False&OP=DELETE
  response:
    body: {string: '{"boolean":true}'}
    headers:
      cache-control: ['no-cache, no-cache, no-store, max-age=0']
      content-length: ['16']
      content-type: [application/json; charset=utf-8]
      date: ['Mon, 29 Oct 2018 23:57:19 GMT']
      expires: ['-1']
      pragma: [no-cache]
      status: ['0x0']
      strict-transport-security: [max-age=15724800; includeSubDomains]
      x-content-type-options: [nosniff]
      x-ms-request-id: [29f18e4c-67e7-474d-a446-92eb50c9434e]
      x-ms-webhdfs-version: [17.04.24.00]
    status: {code: 200, message: OK}
- request:
    body: null
    headers:
      Accept: ['*/*']
      Accept-Encoding: ['gzip, deflate']
      Connection: [keep-alive]
      User-Agent: [python/3.7.0 (Windows-10-10.0.14393-SP0) azure.datalake.store.lib/0.0.37
          Azure-Data-Lake-Store-SDK-For-Python]
      x-ms-client-request-id: [5104583a-e6d5-11e8-9f3d-000d3a02e7d7.0]
    method: GET
    uri: https://akharitadls.azuredatalakestore.net/webhdfs/v1/azure_python_sdk_test_dir22bc5d88-20b0-431d-ba7c-a88cf6baf681/a%2Bfile1?OP=GETFILESTATUS&api-version=2018-05-01
  response:
    body: {string: '{"RemoteException":{"exception":"FileNotFoundException","message":"File/Folder
        does not exist: /azure_python_sdk_test_dir22bc5d88-20b0-431d-ba7c-a88cf6baf681/a+file1
        [eae3512c-8ae6-4b9d-abb8-b3fe7b38a9e9][2018-11-12T15:47:29.6873731-08:00]","javaClassName":"java.io.FileNotFoundException"}}'}
    headers:
      Cache-Control: ['no-cache, no-cache, no-store, max-age=0']
      Content-Length: ['290']
      Content-Type: [application/json; charset=utf-8]
      Date: ['Mon, 12 Nov 2018 23:47:29 GMT']
      Expires: ['-1']
      Pragma: [no-cache]
      Status: ['0x8309000A']
      Strict-Transport-Security: [max-age=15724800; includeSubDomains]
      X-Content-Type-Options: [nosniff]
      x-ms-request-id: [eae3512c-8ae6-4b9d-abb8-b3fe7b38a9e9]
      x-ms-webhdfs-version: [17.04.24.00]
    status: {code: 404, message: Not Found}
- request:
    body: 'hello '
    headers:
      Accept: ['*/*']
      Accept-Encoding: ['gzip, deflate']
      Connection: [keep-alive]
      Content-Length: ['6']
      User-Agent: [python/3.7.0 (Windows-10-10.0.14393-SP0) azure.datalake.store.lib/0.0.37
          Azure-Data-Lake-Store-SDK-For-Python]
      x-ms-client-request-id: [510b7f5a-e6d5-11e8-8eed-000d3a02e7d7.0]
    method: PUT
    uri: https://akharitadls.azuredatalakestore.net/webhdfs/v1/azure_python_sdk_test_dir22bc5d88-20b0-431d-ba7c-a88cf6baf681/a%2Bfile1?OP=CREATE&api-version=2018-05-01&overwrite=true&write=true&syncFlag=CLOSE&leaseid=ad56b194-80e6-45f4-9118-95cd29a08e91&filesessionid=ad56b194-80e6-45f4-9118-95cd29a08e91
  response:
    body: {string: ''}
    headers:
      Cache-Control: ['no-cache, no-cache, no-store, max-age=0']
      Content-Length: ['0']
      ContentLength: ['0']
      Date: ['Mon, 12 Nov 2018 23:47:29 GMT']
      Expires: ['-1']
      Location: ['https://akharitadls.azuredatalakestore.net/webhdfs/v1/azure_python_sdk_test_dir22bc5d88-20b0-431d-ba7c-a88cf6baf681/a+file1?OP=CREATE&api-version=2018-05-01&overwrite=true&write=true&syncFlag=CLOSE&leaseid=ad56b194-80e6-45f4-9118-95cd29a08e91&filesessionid=ad56b194-80e6-45f4-9118-95cd29a08e91']
      Pragma: [no-cache]
      Status: ['0x0']
      Strict-Transport-Security: [max-age=15724800; includeSubDomains]
      X-Content-Type-Options: [nosniff]
      x-ms-request-id: [d8b3aa9d-4ad5-40ce-8104-4f9774fe9a7c]
      x-ms-webhdfs-version: [17.04.24.00]
    status: {code: 201, message: Created}
- request:
    body: null
    headers:
      Accept: ['*/*']
      Accept-Encoding: ['gzip, deflate']
      Connection: [keep-alive]
      User-Agent: [python/3.7.0 (Windows-10-10.0.14393-SP0) azure.datalake.store.lib/0.0.37
          Azure-Data-Lake-Store-SDK-For-Python]
      x-ms-client-request-id: [5144ba54-e6d5-11e8-a7b6-000d3a02e7d7.0]
    method: GET
    uri: https://akharitadls.azuredatalakestore.net/webhdfs/v1/azure_python_sdk_test_dir22bc5d88-20b0-431d-ba7c-a88cf6baf681/b%2Bfile2?OP=GETFILESTATUS&api-version=2018-05-01
  response:
    body: {string: '{"RemoteException":{"exception":"FileNotFoundException","message":"File/Folder
        does not exist: /azure_python_sdk_test_dir22bc5d88-20b0-431d-ba7c-a88cf6baf681/b+file2
        [e1ed00ee-6dda-4061-8374-76c6356edda8][2018-11-12T15:47:30.0623779-08:00]","javaClassName":"java.io.FileNotFoundException"}}'}
    headers:
      Cache-Control: ['no-cache, no-cache, no-store, max-age=0']
      Content-Length: ['290']
      Content-Type: [application/json; charset=utf-8]
      Date: ['Mon, 12 Nov 2018 23:47:29 GMT']
      Expires: ['-1']
      Pragma: [no-cache]
      Status: ['0x8309000A']
      Strict-Transport-Security: [max-age=15724800; includeSubDomains]
      X-Content-Type-Options: [nosniff]
      x-ms-request-id: [e1ed00ee-6dda-4061-8374-76c6356edda8]
      x-ms-webhdfs-version: [17.04.24.00]
    status: {code: 404, message: Not Found}
- request:
    body: world
    headers:
      Accept: ['*/*']
      Accept-Encoding: ['gzip, deflate']
      Connection: [keep-alive]
      Content-Length: ['5']
      User-Agent: [python/3.7.0 (Windows-10-10.0.14393-SP0) azure.datalake.store.lib/0.0.37
          Azure-Data-Lake-Store-SDK-For-Python]
      x-ms-client-request-id: [51471a28-e6d5-11e8-a3bb-000d3a02e7d7.0]
    method: PUT
    uri: https://akharitadls.azuredatalakestore.net/webhdfs/v1/azure_python_sdk_test_dir22bc5d88-20b0-431d-ba7c-a88cf6baf681/b%2Bfile2?OP=CREATE&api-version=2018-05-01&overwrite=true&write=true&syncFlag=CLOSE&leaseid=fd6b6465-9567-4300-b451-9d5217aaa3e3&filesessionid=fd6b6465-9567-4300-b451-9d5217aaa3e3
  response:
    body: {string: ''}
    headers:
      Cache-Control: ['no-cache, no-cache, no-store, max-age=0']
      Content-Length: ['0']
      ContentLength: ['0']
      Date: ['Mon, 12 Nov 2018 23:47:29 GMT']
      Expires: ['-1']
      Location: ['https://akharitadls.azuredatalakestore.net/webhdfs/v1/azure_python_sdk_test_dir22bc5d88-20b0-431d-ba7c-a88cf6baf681/b+file2?OP=CREATE&api-version=2018-05-01&overwrite=true&write=true&syncFlag=CLOSE&leaseid=fd6b6465-9567-4300-b451-9d5217aaa3e3&filesessionid=fd6b6465-9567-4300-b451-9d5217aaa3e3']
      Pragma: [no-cache]
      Status: ['0x0']
      Strict-Transport-Security: [max-age=15724800; includeSubDomains]
      X-Content-Type-Options: [nosniff]
      x-ms-request-id: [f98a4b28-2992-4e2d-a9bd-5e3f7ac224a2]
      x-ms-webhdfs-version: [17.04.24.00]
    status: {code: 201, message: Created}
- request:
    body: null
    headers:
      Accept: ['*/*']
      Accept-Encoding: ['gzip, deflate']
      Connection: [keep-alive]
      User-Agent: [python/3.7.0 (Windows-10-10.0.14393-SP0) azure.datalake.store.lib/0.0.37
          Azure-Data-Lake-Store-SDK-For-Python]
      x-ms-client-request-id: [5163b646-e6d5-11e8-aab7-000d3a02e7d7.0]
    method: GET
    uri: https://akharitadls.azuredatalakestore.net/webhdfs/v1/azure_python_sdk_test_dir22bc5d88-20b0-431d-ba7c-a88cf6baf681/c%2Bres?OP=GETFILESTATUS&api-version=2018-05-01
  response:
    body: {string: '{"RemoteException":{"exception":"FileNotFoundException","message":"File/Folder
        does not exist: /azure_python_sdk_test_dir22bc5d88-20b0-431d-ba7c-a88cf6baf681/c+res
        [763c36ed-0bcd-4de9-8c95-4b316ef28ca3][2018-11-12T15:47:30.2655055-08:00]","javaClassName":"java.io.FileNotFoundException"}}'}
    headers:
      Cache-Control: ['no-cache, no-cache, no-store, max-age=0']
      Content-Length: ['288']
      Content-Type: [application/json; charset=utf-8]
      Date: ['Mon, 12 Nov 2018 23:47:29 GMT']
      Expires: ['-1']
      Pragma: [no-cache]
      Status: ['0x8309000A']
      Strict-Transport-Security: [max-age=15724800; includeSubDomains]
      X-Content-Type-Options: [nosniff]
      x-ms-request-id: [763c36ed-0bcd-4de9-8c95-4b316ef28ca3]
      x-ms-webhdfs-version: [17.04.24.00]
    status: {code: 404, message: Not Found}
- request:
    body: '{"sources":["azure_python_sdk_test_dir22bc5d88-20b0-431d-ba7c-a88cf6baf681/a+file1","azure_python_sdk_test_dir22bc5d88-20b0-431d-ba7c-a88cf6baf681/b+file2"]}'
    headers:
      Accept: ['*/*']
      Accept-Encoding: ['gzip, deflate']
      Connection: [keep-alive]
      Content-Length: ['157']
      Content-Type: [application/json]
      User-Agent: [python/3.7.0 (Windows-10-10.0.14393-SP0) azure.datalake.store.lib/0.0.37
          Azure-Data-Lake-Store-SDK-For-Python]
      x-ms-client-request-id: [51661a42-e6d5-11e8-8dc2-000d3a02e7d7.0]
    method: POST
    uri: https://akharitadls.azuredatalakestore.net/webhdfs/v1/azure_python_sdk_test_dir22bc5d88-20b0-431d-ba7c-a88cf6baf681/c%2Bres?OP=MSCONCAT&api-version=2018-05-01&deleteSourceDirectory=false
  response:
    body: {string: ''}
    headers:
      Cache-Control: ['no-cache, no-cache, no-store, max-age=0']
      Content-Length: ['0']
      Date: ['Mon, 12 Nov 2018 23:47:30 GMT']
      Expires: ['-1']
      Pragma: [no-cache]
      Status: ['0x0']
      Strict-Transport-Security: [max-age=15724800; includeSubDomains]
      X-Content-Type-Options: [nosniff]
      x-ms-request-id: [9bb94524-ebea-4f90-ab5b-d65bbdb83438]
      x-ms-webhdfs-version: [17.04.24.00]
    status: {code: 200, message: OK}
- request:
    body: null
    headers:
      Accept: ['*/*']
      Accept-Encoding: ['gzip, deflate']
      Connection: [keep-alive]
      User-Agent: [python/3.7.0 (Windows-10-10.0.14393-SP0) azure.datalake.store.lib/0.0.37
          Azure-Data-Lake-Store-SDK-For-Python]
      x-ms-client-request-id: [51a6791e-e6d5-11e8-aee5-000d3a02e7d7.0]
    method: GET
    uri: https://akharitadls.azuredatalakestore.net/webhdfs/v1/azure_python_sdk_test_dir22bc5d88-20b0-431d-ba7c-a88cf6baf681/c%2Bres?OP=GETFILESTATUS&api-version=2018-05-01
  response:
    body: {string: '{"FileStatus":{"length":11,"pathSuffix":"","type":"FILE","blockSize":268435456,"accessTime":1542066450310,"modificationTime":1542066450349,"replication":1,"permission":"770","owner":"a0b3cb87-9ca9-4769-af48-e687823d8937","group":"6d86a146-d7dc-49d0-862f-1897c5dd2afe","msExpirationTime":0,"aclBit":false}}'}
    headers:
      Cache-Control: ['no-cache, no-cache, no-store, max-age=0']
      Content-Length: ['305']
      Content-Type: [application/json; charset=utf-8]
      Date: ['Mon, 12 Nov 2018 23:47:30 GMT']
      Expires: ['-1']
      Pragma: [no-cache]
      Status: ['0x0']
      Strict-Transport-Security: [max-age=15724800; includeSubDomains]
      X-Content-Type-Options: [nosniff]
      x-ms-request-id: [9904a700-e1e2-4f4d-b203-429ca722917d]
      x-ms-webhdfs-version: [17.04.24.00]
    status: {code: 200, message: OK}
- request:
    body: null
    headers:
      Accept: ['*/*']
      Accept-Encoding: ['gzip, deflate']
      Connection: [keep-alive]
      User-Agent: [python/3.7.0 (Windows-10-10.0.14393-SP0) azure.datalake.store.lib/0.0.37
          Azure-Data-Lake-Store-SDK-For-Python]
      x-ms-client-request-id: [51ab3ccc-e6d5-11e8-9c55-000d3a02e7d7.0]
    method: GET
    uri: https://akharitadls.azuredatalakestore.net/webhdfs/v1/azure_python_sdk_test_dir22bc5d88-20b0-431d-ba7c-a88cf6baf681/c%2Bres?OP=GETFILESTATUS&api-version=2018-05-01
  response:
    body: {string: '{"FileStatus":{"length":11,"pathSuffix":"","type":"FILE","blockSize":268435456,"accessTime":1542066450310,"modificationTime":1542066450349,"replication":1,"permission":"770","owner":"a0b3cb87-9ca9-4769-af48-e687823d8937","group":"6d86a146-d7dc-49d0-862f-1897c5dd2afe","msExpirationTime":0,"aclBit":false}}'}
    headers:
      Cache-Control: ['no-cache, no-cache, no-store, max-age=0']
      Content-Length: ['305']
      Content-Type: [application/json; charset=utf-8]
      Date: ['Mon, 12 Nov 2018 23:47:30 GMT']
      Expires: ['-1']
      Pragma: [no-cache]
      Status: ['0x0']
      Strict-Transport-Security: [max-age=15724800; includeSubDomains]
      X-Content-Type-Options: [nosniff]
      x-ms-request-id: [1d56739c-19ad-42d1-a086-e8e21fafa259]
      x-ms-webhdfs-version: [17.04.24.00]
    status: {code: 200, message: OK}
- request:
    body: null
    headers:
      Accept: ['*/*']
      Accept-Encoding: ['gzip, deflate']
      Connection: [keep-alive]
      User-Agent: [python/3.7.0 (Windows-10-10.0.14393-SP0) azure.datalake.store.lib/0.0.37
          Azure-Data-Lake-Store-SDK-For-Python]
      x-ms-client-request-id: [51ada1a2-e6d5-11e8-bbdd-000d3a02e7d7.0]
    method: GET
    uri: https://akharitadls.azuredatalakestore.net/webhdfs/v1/azure_python_sdk_test_dir22bc5d88-20b0-431d-ba7c-a88cf6baf681/c%2Bres?OP=GETFILESTATUS&api-version=2018-05-01
  response:
    body: {string: '{"FileStatus":{"length":11,"pathSuffix":"","type":"FILE","blockSize":268435456,"accessTime":1542066450310,"modificationTime":1542066450349,"replication":1,"permission":"770","owner":"a0b3cb87-9ca9-4769-af48-e687823d8937","group":"6d86a146-d7dc-49d0-862f-1897c5dd2afe","msExpirationTime":0,"aclBit":false}}'}
    headers:
      Cache-Control: ['no-cache, no-cache, no-store, max-age=0']
      Content-Length: ['305']
      Content-Type: [application/json; charset=utf-8]
      Date: ['Mon, 12 Nov 2018 23:47:30 GMT']
      Expires: ['-1']
      Pragma: [no-cache]
      Status: ['0x0']
      Strict-Transport-Security: [max-age=15724800; includeSubDomains]
      X-Content-Type-Options: [nosniff]
      x-ms-request-id: [703cb012-cc90-4655-b746-2205dc836d98]
      x-ms-webhdfs-version: [17.04.24.00]
    status: {code: 200, message: OK}
- request:
    body: null
    headers:
      Accept: ['*/*']
      Accept-Encoding: ['gzip, deflate']
      Connection: [keep-alive]
      User-Agent: [python/3.7.0 (Windows-10-10.0.14393-SP0) azure.datalake.store.lib/0.0.37
          Azure-Data-Lake-Store-SDK-For-Python]
      x-ms-client-request-id: [51b263d8-e6d5-11e8-9d53-000d3a02e7d7.0]
    method: GET
    uri: https://akharitadls.azuredatalakestore.net/webhdfs/v1/azure_python_sdk_test_dir22bc5d88-20b0-431d-ba7c-a88cf6baf681/c%2Bres?OP=OPEN&api-version=2018-05-01&offset=0&length=11&read=true&filesessionid=5d632f9e-a8f7-4049-aa66-d2ac06ab6773
  response:
    body: {string: hello world}
    headers:
      Cache-Control: ['no-cache, no-cache, no-store, max-age=0']
      Content-Type: [application/octet-stream]
      Date: ['Mon, 12 Nov 2018 23:47:30 GMT']
      Expires: ['-1']
      Pragma: [no-cache]
      Status: ['0x0']
      Strict-Transport-Security: [max-age=15724800; includeSubDomains]
      Transfer-Encoding: [chunked]
      X-Content-Type-Options: [nosniff]
      x-ms-request-id: [b9160b3e-2b1a-4871-8e7a-473f7e92655b]
      x-ms-webhdfs-version: [17.04.24.00]
    status: {code: 200, message: OK}
- request:
    body: null
    headers:
      Accept: ['*/*']
      Accept-Encoding: ['gzip, deflate']
      Connection: [keep-alive]
      User-Agent: [python/3.7.0 (Windows-10-10.0.14393-SP0) azure.datalake.store.lib/0.0.37
          Azure-Data-Lake-Store-SDK-For-Python]
      x-ms-client-request-id: [51b98ca6-e6d5-11e8-8005-000d3a02e7d7.0]
    method: GET
    uri: https://akharitadls.azuredatalakestore.net/webhdfs/v1/azure_python_sdk_test_dir22bc5d88-20b0-431d-ba7c-a88cf6baf681/c%2Bres?OP=GETFILESTATUS&api-version=2018-05-01
  response:
    body: {string: '{"FileStatus":{"length":11,"pathSuffix":"","type":"FILE","blockSize":268435456,"accessTime":1542066450310,"modificationTime":1542066450349,"replication":1,"permission":"770","owner":"a0b3cb87-9ca9-4769-af48-e687823d8937","group":"6d86a146-d7dc-49d0-862f-1897c5dd2afe","msExpirationTime":0,"aclBit":false}}'}
    headers:
      Cache-Control: ['no-cache, no-cache, no-store, max-age=0']
      Content-Length: ['305']
      Content-Type: [application/json; charset=utf-8]
      Date: ['Mon, 12 Nov 2018 23:47:30 GMT']
      Expires: ['-1']
      Pragma: [no-cache]
      Status: ['0x0']
      Strict-Transport-Security: [max-age=15724800; includeSubDomains]
      X-Content-Type-Options: [nosniff]
      x-ms-request-id: [7ac8cf85-5d51-4fd5-9b9c-ee7fb63cce1c]
      x-ms-webhdfs-version: [17.04.24.00]
    status: {code: 200, message: OK}
- request:
    body: null
    headers:
      Accept: ['*/*']
      Accept-Encoding: ['gzip, deflate']
      Connection: [keep-alive]
      Content-Length: ['0']
      User-Agent: [python/3.7.0 (Windows-10-10.0.14393-SP0) azure.datalake.store.lib/0.0.37
          Azure-Data-Lake-Store-SDK-For-Python]
      x-ms-client-request-id: [51bbed46-e6d5-11e8-b1c4-000d3a02e7d7.0]
    method: DELETE
    uri: https://akharitadls.azuredatalakestore.net/webhdfs/v1/azure_python_sdk_test_dir22bc5d88-20b0-431d-ba7c-a88cf6baf681/c%2Bres?OP=DELETE&api-version=2018-05-01&recursive=False
  response:
    body: {string: '{"boolean":true}'}
    headers:
      Cache-Control: ['no-cache, no-cache, no-store, max-age=0']
      Content-Length: ['16']
      Content-Type: [application/json; charset=utf-8]
      Date: ['Mon, 12 Nov 2018 23:47:30 GMT']
      Expires: ['-1']
      Pragma: [no-cache]
      Status: ['0x0']
      Strict-Transport-Security: [max-age=15724800; includeSubDomains]
      X-Content-Type-Options: [nosniff]
      x-ms-request-id: [dae4d1af-4de5-44a9-8dca-536ce811462b]
      x-ms-webhdfs-version: [17.04.24.00]
    status: {code: 200, message: OK}
- request:
    body: null
    headers:
      Accept: ['*/*']
      Accept-Encoding: ['gzip, deflate']
      Connection: [keep-alive]
      User-Agent: [python/3.6.3 (Windows-10-10.0.14393-SP0) azure.datalake.store.lib/0.0.41
          Azure-Data-Lake-Store-SDK-For-Python]
      x-ms-client-request-id: [caf53848-25b6-11e9-899e-480fcf66f040.0]
    method: GET
    uri: https://akharitadls.azuredatalakestore.net/webhdfs/v1/azure_python_sdk_test_dir4dafa5a0-90c8-45f3-afb6-f48b9df3b8d0/a%2Bfile1?OP=GETFILESTATUS&api-version=2018-09-01
  response:
    body: {string: '{"RemoteException":{"exception":"FileNotFoundException","message":"File/Folder
        does not exist: /azure_python_sdk_test_dir4dafa5a0-90c8-45f3-afb6-f48b9df3b8d0/a+file1
        [8d1097e5-c245-435f-b3cf-9fa0fafbe5fc][2019-01-31T16:17:43.4359775-08:00]","javaClassName":"java.io.FileNotFoundException"}}'}
    headers:
      Cache-Control: ['no-cache, no-cache, no-store, max-age=0']
      Content-Length: ['290']
      Content-Type: [application/json; charset=utf-8]
      Date: ['Fri, 01 Feb 2019 00:17:43 GMT']
      Expires: ['-1']
      Pragma: [no-cache]
      Status: ['0x8309000A']
      Strict-Transport-Security: [max-age=15724800; includeSubDomains]
      X-Content-Type-Options: [nosniff]
      x-ms-request-id: [8d1097e5-c245-435f-b3cf-9fa0fafbe5fc]
      x-ms-webhdfs-version: [17.04.24.00]
    status: {code: 404, message: Not Found}
- request:
    body: 'hello '
    headers:
      Accept: ['*/*']
      Accept-Encoding: ['gzip, deflate']
      Connection: [keep-alive]
      Content-Length: ['6']
      User-Agent: [python/3.6.3 (Windows-10-10.0.14393-SP0) azure.datalake.store.lib/0.0.41
          Azure-Data-Lake-Store-SDK-For-Python]
      x-ms-client-request-id: [cb31e414-25b6-11e9-8cfe-480fcf66f040.0]
    method: PUT
    uri: https://akharitadls.azuredatalakestore.net/webhdfs/v1/azure_python_sdk_test_dir4dafa5a0-90c8-45f3-afb6-f48b9df3b8d0/a%2Bfile1?OP=CREATE&api-version=2018-09-01&overwrite=true&write=true&syncFlag=CLOSE&leaseid=ff9d4784-9fca-445f-a874-4cf0b29adcfc&filesessionid=ff9d4784-9fca-445f-a874-4cf0b29adcfc
  response:
    body: {string: ''}
    headers:
      Cache-Control: ['no-cache, no-cache, no-store, max-age=0']
      Content-Length: ['0']
      ContentLength: ['0']
      Date: ['Fri, 01 Feb 2019 00:17:43 GMT']
      Expires: ['-1']
      Location: ['https://akharitadls.azuredatalakestore.net/webhdfs/v1/azure_python_sdk_test_dir4dafa5a0-90c8-45f3-afb6-f48b9df3b8d0/a+file1?OP=CREATE&api-version=2018-09-01&overwrite=true&write=true&syncFlag=CLOSE&leaseid=ff9d4784-9fca-445f-a874-4cf0b29adcfc&filesessionid=ff9d4784-9fca-445f-a874-4cf0b29adcfc']
      Pragma: [no-cache]
      Status: ['0x0']
      Strict-Transport-Security: [max-age=15724800; includeSubDomains]
      X-Content-Type-Options: [nosniff]
      x-ms-request-id: [afa89491-4a8e-4e01-806b-1197d6f7c9a7]
      x-ms-webhdfs-version: [17.04.24.00]
    status: {code: 201, message: Created}
- request:
    body: null
    headers:
      Accept: ['*/*']
      Accept-Encoding: ['gzip, deflate']
      Connection: [keep-alive]
      User-Agent: [python/3.6.3 (Windows-10-10.0.14393-SP0) azure.datalake.store.lib/0.0.41
          Azure-Data-Lake-Store-SDK-For-Python]
      x-ms-client-request-id: [cb7228a4-25b6-11e9-bb25-480fcf66f040.0]
    method: GET
    uri: https://akharitadls.azuredatalakestore.net/webhdfs/v1/azure_python_sdk_test_dir4dafa5a0-90c8-45f3-afb6-f48b9df3b8d0/b%2Bfile2?OP=GETFILESTATUS&api-version=2018-09-01
  response:
    body: {string: '{"RemoteException":{"exception":"FileNotFoundException","message":"File/Folder
        does not exist: /azure_python_sdk_test_dir4dafa5a0-90c8-45f3-afb6-f48b9df3b8d0/b+file2
        [a2935d39-46e4-4754-9140-6a0fd360dd37][2019-01-31T16:17:43.9672376-08:00]","javaClassName":"java.io.FileNotFoundException"}}'}
    headers:
      Cache-Control: ['no-cache, no-cache, no-store, max-age=0']
      Content-Length: ['290']
      Content-Type: [application/json; charset=utf-8]
      Date: ['Fri, 01 Feb 2019 00:17:43 GMT']
      Expires: ['-1']
      Pragma: [no-cache]
      Status: ['0x8309000A']
      Strict-Transport-Security: [max-age=15724800; includeSubDomains]
      X-Content-Type-Options: [nosniff]
      x-ms-request-id: [a2935d39-46e4-4754-9140-6a0fd360dd37]
      x-ms-webhdfs-version: [17.04.24.00]
    status: {code: 404, message: Not Found}
- request:
    body: world
    headers:
      Accept: ['*/*']
      Accept-Encoding: ['gzip, deflate']
      Connection: [keep-alive]
      Content-Length: ['5']
      User-Agent: [python/3.6.3 (Windows-10-10.0.14393-SP0) azure.datalake.store.lib/0.0.41
          Azure-Data-Lake-Store-SDK-For-Python]
      x-ms-client-request-id: [cb825a6e-25b6-11e9-8410-480fcf66f040.0]
    method: PUT
    uri: https://akharitadls.azuredatalakestore.net/webhdfs/v1/azure_python_sdk_test_dir4dafa5a0-90c8-45f3-afb6-f48b9df3b8d0/b%2Bfile2?OP=CREATE&api-version=2018-09-01&overwrite=true&write=true&syncFlag=CLOSE&leaseid=19aba8af-e627-41e6-8f28-c145941d6285&filesessionid=19aba8af-e627-41e6-8f28-c145941d6285
  response:
    body: {string: ''}
    headers:
      Cache-Control: ['no-cache, no-cache, no-store, max-age=0']
      Content-Length: ['0']
      ContentLength: ['0']
      Date: ['Fri, 01 Feb 2019 00:17:43 GMT']
      Expires: ['-1']
      Location: ['https://akharitadls.azuredatalakestore.net/webhdfs/v1/azure_python_sdk_test_dir4dafa5a0-90c8-45f3-afb6-f48b9df3b8d0/b+file2?OP=CREATE&api-version=2018-09-01&overwrite=true&write=true&syncFlag=CLOSE&leaseid=19aba8af-e627-41e6-8f28-c145941d6285&filesessionid=19aba8af-e627-41e6-8f28-c145941d6285']
      Pragma: [no-cache]
      Status: ['0x0']
      Strict-Transport-Security: [max-age=15724800; includeSubDomains]
      X-Content-Type-Options: [nosniff]
      x-ms-request-id: [09a5811d-70aa-447f-9053-7e0ccac986ce]
      x-ms-webhdfs-version: [17.04.24.00]
    status: {code: 201, message: Created}
- request:
    body: null
    headers:
      Accept: ['*/*']
      Accept-Encoding: ['gzip, deflate']
      Connection: [keep-alive]
      User-Agent: [python/3.6.3 (Windows-10-10.0.14393-SP0) azure.datalake.store.lib/0.0.41
          Azure-Data-Lake-Store-SDK-For-Python]
      x-ms-client-request-id: [cba007dc-25b6-11e9-ae00-480fcf66f040.0]
    method: GET
    uri: https://akharitadls.azuredatalakestore.net/webhdfs/v1/azure_python_sdk_test_dir4dafa5a0-90c8-45f3-afb6-f48b9df3b8d0/c%2Bres?OP=GETFILESTATUS&api-version=2018-09-01
  response:
    body: {string: '{"RemoteException":{"exception":"FileNotFoundException","message":"File/Folder
        does not exist: /azure_python_sdk_test_dir4dafa5a0-90c8-45f3-afb6-f48b9df3b8d0/c+res
        [3ea39134-4d52-4f14-9ed3-8b7aa6e22af9][2019-01-31T16:17:44.2641184-08:00]","javaClassName":"java.io.FileNotFoundException"}}'}
    headers:
      Cache-Control: ['no-cache, no-cache, no-store, max-age=0']
      Content-Length: ['288']
      Content-Type: [application/json; charset=utf-8]
      Date: ['Fri, 01 Feb 2019 00:17:43 GMT']
      Expires: ['-1']
      Pragma: [no-cache]
      Status: ['0x8309000A']
      Strict-Transport-Security: [max-age=15724800; includeSubDomains]
      X-Content-Type-Options: [nosniff]
      x-ms-request-id: [3ea39134-4d52-4f14-9ed3-8b7aa6e22af9]
      x-ms-webhdfs-version: [17.04.24.00]
    status: {code: 404, message: Not Found}
- request:
    body: '{"sources":["azure_python_sdk_test_dir4dafa5a0-90c8-45f3-afb6-f48b9df3b8d0/a+file1","azure_python_sdk_test_dir4dafa5a0-90c8-45f3-afb6-f48b9df3b8d0/b+file2"]}'
    headers:
      Accept: ['*/*']
      Accept-Encoding: ['gzip, deflate']
      Connection: [keep-alive]
      Content-Length: ['157']
      Content-Type: [application/json]
      User-Agent: [python/3.6.3 (Windows-10-10.0.14393-SP0) azure.datalake.store.lib/0.0.41
          Azure-Data-Lake-Store-SDK-For-Python]
      x-ms-client-request-id: [cbb04d22-25b6-11e9-8263-480fcf66f040.0]
    method: POST
    uri: https://akharitadls.azuredatalakestore.net/webhdfs/v1/azure_python_sdk_test_dir4dafa5a0-90c8-45f3-afb6-f48b9df3b8d0/c%2Bres?OP=MSCONCAT&api-version=2018-09-01&deleteSourceDirectory=false
  response:
    body: {string: ''}
    headers:
      Cache-Control: ['no-cache, no-cache, no-store, max-age=0']
      Content-Length: ['0']
      Date: ['Fri, 01 Feb 2019 00:17:44 GMT']
      Expires: ['-1']
      Pragma: [no-cache]
      Status: ['0x0']
      Strict-Transport-Security: [max-age=15724800; includeSubDomains]
      X-Content-Type-Options: [nosniff]
      x-ms-request-id: [0e7a558a-b233-4427-b9b7-64a8577a23d4]
      x-ms-webhdfs-version: [17.04.24.00]
    status: {code: 200, message: OK}
- request:
    body: null
    headers:
      Accept: ['*/*']
      Accept-Encoding: ['gzip, deflate']
      Connection: [keep-alive]
      User-Agent: [python/3.6.3 (Windows-10-10.0.14393-SP0) azure.datalake.store.lib/0.0.41
          Azure-Data-Lake-Store-SDK-For-Python]
      x-ms-client-request-id: [cbef0612-25b6-11e9-abde-480fcf66f040.0]
    method: GET
    uri: https://akharitadls.azuredatalakestore.net/webhdfs/v1/azure_python_sdk_test_dir4dafa5a0-90c8-45f3-afb6-f48b9df3b8d0/c%2Bres?OP=GETFILESTATUS&api-version=2018-09-01
  response:
    body: {string: '{"FileStatus":{"length":11,"pathSuffix":"","type":"FILE","blockSize":268435456,"accessTime":1548980264387,"modificationTime":1548980264407,"replication":1,"permission":"770","owner":"a0b3cb87-9ca9-4769-af48-e687823d8937","group":"6d86a146-d7dc-49d0-862f-1897c5dd2afe","msExpirationTime":0,"aclBit":false}}'}
    headers:
      Cache-Control: ['no-cache, no-cache, no-store, max-age=0']
      Content-Length: ['305']
      Content-Type: [application/json; charset=utf-8]
      Date: ['Fri, 01 Feb 2019 00:17:44 GMT']
      Expires: ['-1']
      Pragma: [no-cache]
      Status: ['0x0']
      Strict-Transport-Security: [max-age=15724800; includeSubDomains]
      X-Content-Type-Options: [nosniff]
      x-ms-request-id: [4721ac2a-0b72-477d-a5f1-2138cfa1ef85]
      x-ms-webhdfs-version: [17.04.24.00]
    status: {code: 200, message: OK}
- request:
    body: null
    headers:
      Accept: ['*/*']
      Accept-Encoding: ['gzip, deflate']
      Connection: [keep-alive]
      User-Agent: [python/3.6.3 (Windows-10-10.0.14393-SP0) azure.datalake.store.lib/0.0.41
          Azure-Data-Lake-Store-SDK-For-Python]
      x-ms-client-request-id: [cbffa330-25b6-11e9-a85c-480fcf66f040.0]
    method: GET
    uri: https://akharitadls.azuredatalakestore.net/webhdfs/v1/azure_python_sdk_test_dir4dafa5a0-90c8-45f3-afb6-f48b9df3b8d0/c%2Bres?OP=GETFILESTATUS&api-version=2018-09-01
  response:
    body: {string: '{"FileStatus":{"length":11,"pathSuffix":"","type":"FILE","blockSize":268435456,"accessTime":1548980264387,"modificationTime":1548980264407,"replication":1,"permission":"770","owner":"a0b3cb87-9ca9-4769-af48-e687823d8937","group":"6d86a146-d7dc-49d0-862f-1897c5dd2afe","msExpirationTime":0,"aclBit":false}}'}
    headers:
      Cache-Control: ['no-cache, no-cache, no-store, max-age=0']
      Content-Length: ['305']
      Content-Type: [application/json; charset=utf-8]
      Date: ['Fri, 01 Feb 2019 00:17:44 GMT']
      Expires: ['-1']
      Pragma: [no-cache]
      Status: ['0x0']
      Strict-Transport-Security: [max-age=15724800; includeSubDomains]
      X-Content-Type-Options: [nosniff]
      x-ms-request-id: [3de39bee-41f6-4716-9c35-1b242ad1507b]
      x-ms-webhdfs-version: [17.04.24.00]
    status: {code: 200, message: OK}
- request:
    body: null
    headers:
      Accept: ['*/*']
      Accept-Encoding: ['gzip, deflate']
      Connection: [keep-alive]
      User-Agent: [python/3.6.3 (Windows-10-10.0.14393-SP0) azure.datalake.store.lib/0.0.41
          Azure-Data-Lake-Store-SDK-For-Python]
      x-ms-client-request-id: [cc0ff554-25b6-11e9-b945-480fcf66f040.0]
    method: GET
    uri: https://akharitadls.azuredatalakestore.net/webhdfs/v1/azure_python_sdk_test_dir4dafa5a0-90c8-45f3-afb6-f48b9df3b8d0/c%2Bres?OP=GETFILESTATUS&api-version=2018-09-01
  response:
    body: {string: '{"FileStatus":{"length":11,"pathSuffix":"","type":"FILE","blockSize":268435456,"accessTime":1548980264387,"modificationTime":1548980264407,"replication":1,"permission":"770","owner":"a0b3cb87-9ca9-4769-af48-e687823d8937","group":"6d86a146-d7dc-49d0-862f-1897c5dd2afe","msExpirationTime":0,"aclBit":false}}'}
    headers:
      Cache-Control: ['no-cache, no-cache, no-store, max-age=0']
      Content-Length: ['305']
      Content-Type: [application/json; charset=utf-8]
      Date: ['Fri, 01 Feb 2019 00:17:44 GMT']
      Expires: ['-1']
      Pragma: [no-cache]
      Status: ['0x0']
      Strict-Transport-Security: [max-age=15724800; includeSubDomains]
      X-Content-Type-Options: [nosniff]
      x-ms-request-id: [eb67a235-a751-456a-8a83-7951eca71921]
      x-ms-webhdfs-version: [17.04.24.00]
    status: {code: 200, message: OK}
- request:
    body: null
    headers:
      Accept: ['*/*']
      Accept-Encoding: ['gzip, deflate']
      Connection: [keep-alive]
      User-Agent: [python/3.6.3 (Windows-10-10.0.14393-SP0) azure.datalake.store.lib/0.0.41
          Azure-Data-Lake-Store-SDK-For-Python]
      x-ms-client-request-id: [cc207680-25b6-11e9-a26d-480fcf66f040.0]
    method: GET
    uri: https://akharitadls.azuredatalakestore.net/webhdfs/v1/azure_python_sdk_test_dir4dafa5a0-90c8-45f3-afb6-f48b9df3b8d0/c%2Bres?OP=OPEN&api-version=2018-09-01&offset=0&length=11&read=true&filesessionid=7e382727-a45d-4b53-9212-162ed090341a
  response:
    body: {string: hello world}
    headers:
      Cache-Control: ['no-cache, no-cache, no-store, max-age=0']
      Content-Type: [application/octet-stream]
      Date: ['Fri, 01 Feb 2019 00:17:44 GMT']
      Expires: ['-1']
      Pragma: [no-cache]
      Status: ['0x0']
      Strict-Transport-Security: [max-age=15724800; includeSubDomains]
      Transfer-Encoding: [chunked]
      X-Content-Type-Options: [nosniff]
      x-ms-request-id: [4fef5eff-8bbf-46b3-aae5-30df8f8f4181]
      x-ms-webhdfs-version: [17.04.24.00]
    status: {code: 200, message: OK}
- request:
    body: null
    headers:
      Accept: ['*/*']
      Accept-Encoding: ['gzip, deflate']
      Connection: [keep-alive]
      User-Agent: [python/3.6.3 (Windows-10-10.0.14393-SP0) azure.datalake.store.lib/0.0.41
          Azure-Data-Lake-Store-SDK-For-Python]
      x-ms-client-request-id: [cc3d26e6-25b6-11e9-8b43-480fcf66f040.0]
    method: GET
    uri: https://akharitadls.azuredatalakestore.net/webhdfs/v1/azure_python_sdk_test_dir4dafa5a0-90c8-45f3-afb6-f48b9df3b8d0/c%2Bres?OP=GETFILESTATUS&api-version=2018-09-01
  response:
    body: {string: '{"FileStatus":{"length":11,"pathSuffix":"","type":"FILE","blockSize":268435456,"accessTime":1548980264387,"modificationTime":1548980264407,"replication":1,"permission":"770","owner":"a0b3cb87-9ca9-4769-af48-e687823d8937","group":"6d86a146-d7dc-49d0-862f-1897c5dd2afe","msExpirationTime":0,"aclBit":false}}'}
    headers:
      Cache-Control: ['no-cache, no-cache, no-store, max-age=0']
      Content-Length: ['305']
      Content-Type: [application/json; charset=utf-8]
      Date: ['Fri, 01 Feb 2019 00:17:44 GMT']
      Expires: ['-1']
      Pragma: [no-cache]
      Status: ['0x0']
      Strict-Transport-Security: [max-age=15724800; includeSubDomains]
      X-Content-Type-Options: [nosniff]
      x-ms-request-id: [4f23f20b-ccf2-4c78-9bf9-55ae03e44afd]
      x-ms-webhdfs-version: [17.04.24.00]
    status: {code: 200, message: OK}
- request:
    body: null
    headers:
      Accept: ['*/*']
      Accept-Encoding: ['gzip, deflate']
      Connection: [keep-alive]
      Content-Length: ['0']
      User-Agent: [python/3.6.3 (Windows-10-10.0.14393-SP0) azure.datalake.store.lib/0.0.41
          Azure-Data-Lake-Store-SDK-For-Python]
      x-ms-client-request-id: [cc4d8a88-25b6-11e9-804d-480fcf66f040.0]
    method: DELETE
    uri: https://akharitadls.azuredatalakestore.net/webhdfs/v1/azure_python_sdk_test_dir4dafa5a0-90c8-45f3-afb6-f48b9df3b8d0/c%2Bres?OP=DELETE&api-version=2018-09-01&recursive=False
  response:
    body: {string: '{"boolean":true}'}
    headers:
      Cache-Control: ['no-cache, no-cache, no-store, max-age=0']
      Content-Length: ['16']
      Content-Type: [application/json; charset=utf-8]
      Date: ['Fri, 01 Feb 2019 00:17:45 GMT']
      Expires: ['-1']
      Pragma: [no-cache]
      Status: ['0x0']
      Strict-Transport-Security: [max-age=15724800; includeSubDomains]
      X-Content-Type-Options: [nosniff]
      x-ms-request-id: [2bb0b404-eede-4a87-9ede-55a4dcca5a7d]
      x-ms-webhdfs-version: [17.04.24.00]
    status: {code: 200, message: OK}
- request:
    body: null
    headers:
      Accept: ['*/*']
      Accept-Encoding: ['gzip, deflate']
      Connection: [keep-alive]
      User-Agent: [python/3.6.3 (Windows-10-10.0.14393-SP0) azure.datalake.store.lib/0.0.41
          Azure-Data-Lake-Store-SDK-For-Python]
      x-ms-client-request-id: [2e265e5e-25be-11e9-b6f6-480fcf66f040.0]
    method: GET
    uri: https://akharitadls.azuredatalakestore.net/webhdfs/v1/azure_python_sdk_test_dir8db4de56-65b4-40a9-9c48-c118e88508b3/a%2Bfile1?OP=GETFILESTATUS&api-version=2018-05-01
  response:
    body: {string: '{"RemoteException":{"exception":"FileNotFoundException","message":"File/Folder
        does not exist: /azure_python_sdk_test_dir8db4de56-65b4-40a9-9c48-c118e88508b3/a+file1
        [5a21cba1-2f61-4925-9b95-723fccce0c02][2019-01-31T17:10:36.3144077-08:00]","javaClassName":"java.io.FileNotFoundException"}}'}
    headers:
      Cache-Control: ['no-cache, no-cache, no-store, max-age=0']
      Content-Length: ['290']
      Content-Type: [application/json; charset=utf-8]
      Date: ['Fri, 01 Feb 2019 01:10:35 GMT']
      Expires: ['-1']
      Pragma: [no-cache]
      Status: ['0x8309000A']
      Strict-Transport-Security: [max-age=15724800; includeSubDomains]
      X-Content-Type-Options: [nosniff]
      x-ms-request-id: [5a21cba1-2f61-4925-9b95-723fccce0c02]
      x-ms-webhdfs-version: [17.04.24.00]
    status: {code: 404, message: Not Found}
- request:
    body: 'hello '
    headers:
      Accept: ['*/*']
      Accept-Encoding: ['gzip, deflate']
      Connection: [keep-alive]
      Content-Length: ['6']
      User-Agent: [python/3.6.3 (Windows-10-10.0.14393-SP0) azure.datalake.store.lib/0.0.41
          Azure-Data-Lake-Store-SDK-For-Python]
      x-ms-client-request-id: [2e61da80-25be-11e9-84a4-480fcf66f040.0]
    method: PUT
    uri: https://akharitadls.azuredatalakestore.net/webhdfs/v1/azure_python_sdk_test_dir8db4de56-65b4-40a9-9c48-c118e88508b3/a%2Bfile1?OP=CREATE&api-version=2018-05-01&overwrite=true&write=true&syncFlag=CLOSE&leaseid=46191b18-2eac-4b65-959d-0287c07f0b0d&filesessionid=46191b18-2eac-4b65-959d-0287c07f0b0d
  response:
    body: {string: ''}
    headers:
      Cache-Control: ['no-cache, no-cache, no-store, max-age=0']
      Content-Length: ['0']
      ContentLength: ['0']
      Date: ['Fri, 01 Feb 2019 01:10:35 GMT']
      Expires: ['-1']
      Location: ['https://akharitadls.azuredatalakestore.net/webhdfs/v1/azure_python_sdk_test_dir8db4de56-65b4-40a9-9c48-c118e88508b3/a+file1?OP=CREATE&api-version=2018-05-01&overwrite=true&write=true&syncFlag=CLOSE&leaseid=46191b18-2eac-4b65-959d-0287c07f0b0d&filesessionid=46191b18-2eac-4b65-959d-0287c07f0b0d']
      Pragma: [no-cache]
      Status: ['0x0']
      Strict-Transport-Security: [max-age=15724800; includeSubDomains]
      X-Content-Type-Options: [nosniff]
      x-ms-request-id: [314f1ac0-e7f6-4ad5-a7db-524d170482d1]
      x-ms-webhdfs-version: [17.04.24.00]
    status: {code: 201, message: Created}
- request:
    body: null
    headers:
      Accept: ['*/*']
      Accept-Encoding: ['gzip, deflate']
      Connection: [keep-alive]
      User-Agent: [python/3.6.3 (Windows-10-10.0.14393-SP0) azure.datalake.store.lib/0.0.41
          Azure-Data-Lake-Store-SDK-For-Python]
      x-ms-client-request-id: [2eac993a-25be-11e9-bf95-480fcf66f040.0]
    method: GET
    uri: https://akharitadls.azuredatalakestore.net/webhdfs/v1/azure_python_sdk_test_dir8db4de56-65b4-40a9-9c48-c118e88508b3/b%2Bfile2?OP=GETFILESTATUS&api-version=2018-05-01
  response:
    body: {string: '{"RemoteException":{"exception":"FileNotFoundException","message":"File/Folder
        does not exist: /azure_python_sdk_test_dir8db4de56-65b4-40a9-9c48-c118e88508b3/b+file2
        [71bc6eca-7981-4cc3-be24-b1cddab2a170][2019-01-31T17:10:37.2206950-08:00]","javaClassName":"java.io.FileNotFoundException"}}'}
    headers:
      Cache-Control: ['no-cache, no-cache, no-store, max-age=0']
      Content-Length: ['290']
      Content-Type: [application/json; charset=utf-8]
      Date: ['Fri, 01 Feb 2019 01:10:37 GMT']
      Expires: ['-1']
      Pragma: [no-cache]
      Status: ['0x8309000A']
      Strict-Transport-Security: [max-age=15724800; includeSubDomains]
      X-Content-Type-Options: [nosniff]
      x-ms-request-id: [71bc6eca-7981-4cc3-be24-b1cddab2a170]
      x-ms-webhdfs-version: [17.04.24.00]
    status: {code: 404, message: Not Found}
- request:
    body: world
    headers:
      Accept: ['*/*']
      Accept-Encoding: ['gzip, deflate']
      Connection: [keep-alive]
      Content-Length: ['5']
      User-Agent: [python/3.6.3 (Windows-10-10.0.14393-SP0) azure.datalake.store.lib/0.0.41
          Azure-Data-Lake-Store-SDK-For-Python]
      x-ms-client-request-id: [2eeb0d54-25be-11e9-b903-480fcf66f040.0]
    method: PUT
    uri: https://akharitadls.azuredatalakestore.net/webhdfs/v1/azure_python_sdk_test_dir8db4de56-65b4-40a9-9c48-c118e88508b3/b%2Bfile2?OP=CREATE&api-version=2018-05-01&overwrite=true&write=true&syncFlag=CLOSE&leaseid=d410397d-e557-4eae-918b-c74f270e751e&filesessionid=d410397d-e557-4eae-918b-c74f270e751e
  response:
    body: {string: ''}
    headers:
      Cache-Control: ['no-cache, no-cache, no-store, max-age=0']
      Content-Length: ['0']
      ContentLength: ['0']
      Date: ['Fri, 01 Feb 2019 01:10:37 GMT']
      Expires: ['-1']
      Location: ['https://akharitadls.azuredatalakestore.net/webhdfs/v1/azure_python_sdk_test_dir8db4de56-65b4-40a9-9c48-c118e88508b3/b+file2?OP=CREATE&api-version=2018-05-01&overwrite=true&write=true&syncFlag=CLOSE&leaseid=d410397d-e557-4eae-918b-c74f270e751e&filesessionid=d410397d-e557-4eae-918b-c74f270e751e']
      Pragma: [no-cache]
      Status: ['0x0']
      Strict-Transport-Security: [max-age=15724800; includeSubDomains]
      X-Content-Type-Options: [nosniff]
      x-ms-request-id: [03133d45-72b2-405f-85ba-3ea6758cb013]
      x-ms-webhdfs-version: [17.04.24.00]
    status: {code: 201, message: Created}
- request:
    body: null
    headers:
      Accept: ['*/*']
      Accept-Encoding: ['gzip, deflate']
      Connection: [keep-alive]
      User-Agent: [python/3.6.3 (Windows-10-10.0.14393-SP0) azure.datalake.store.lib/0.0.41
          Azure-Data-Lake-Store-SDK-For-Python]
      x-ms-client-request-id: [2f08aca2-25be-11e9-a29e-480fcf66f040.0]
    method: GET
    uri: https://akharitadls.azuredatalakestore.net/webhdfs/v1/azure_python_sdk_test_dir8db4de56-65b4-40a9-9c48-c118e88508b3/c%2Bres?OP=GETFILESTATUS&api-version=2018-05-01
  response:
    body: {string: '{"RemoteException":{"exception":"FileNotFoundException","message":"File/Folder
        does not exist: /azure_python_sdk_test_dir8db4de56-65b4-40a9-9c48-c118e88508b3/c+res
        [7e68fd83-cf23-4667-beaf-fdd8ded1cec4][2019-01-31T17:10:37.5175748-08:00]","javaClassName":"java.io.FileNotFoundException"}}'}
    headers:
      Cache-Control: ['no-cache, no-cache, no-store, max-age=0']
      Content-Length: ['288']
      Content-Type: [application/json; charset=utf-8]
      Date: ['Fri, 01 Feb 2019 01:10:37 GMT']
      Expires: ['-1']
      Pragma: [no-cache]
      Status: ['0x8309000A']
      Strict-Transport-Security: [max-age=15724800; includeSubDomains]
      X-Content-Type-Options: [nosniff]
      x-ms-request-id: [7e68fd83-cf23-4667-beaf-fdd8ded1cec4]
      x-ms-webhdfs-version: [17.04.24.00]
    status: {code: 404, message: Not Found}
- request:
    body: '{"sources":["azure_python_sdk_test_dir8db4de56-65b4-40a9-9c48-c118e88508b3/a+file1","azure_python_sdk_test_dir8db4de56-65b4-40a9-9c48-c118e88508b3/b+file2"]}'
    headers:
      Accept: ['*/*']
      Accept-Encoding: ['gzip, deflate']
      Connection: [keep-alive]
      Content-Length: ['157']
      Content-Type: [application/json]
      User-Agent: [python/3.6.3 (Windows-10-10.0.14393-SP0) azure.datalake.store.lib/0.0.41
          Azure-Data-Lake-Store-SDK-For-Python]
      x-ms-client-request-id: [2f18de24-25be-11e9-b9c0-480fcf66f040.0]
    method: POST
    uri: https://akharitadls.azuredatalakestore.net/webhdfs/v1/azure_python_sdk_test_dir8db4de56-65b4-40a9-9c48-c118e88508b3/c%2Bres?OP=MSCONCAT&api-version=2018-05-01&deleteSourceDirectory=false
  response:
    body: {string: ''}
    headers:
      Cache-Control: ['no-cache, no-cache, no-store, max-age=0']
      Content-Length: ['0']
      Date: ['Fri, 01 Feb 2019 01:10:37 GMT']
      Expires: ['-1']
      Pragma: [no-cache]
      Status: ['0x0']
      Strict-Transport-Security: [max-age=15724800; includeSubDomains]
      X-Content-Type-Options: [nosniff]
      x-ms-request-id: [74b3074f-daad-4bde-8211-269fbd60088f]
      x-ms-webhdfs-version: [17.04.24.00]
    status: {code: 200, message: OK}
- request:
    body: null
    headers:
      Accept: ['*/*']
      Accept-Encoding: ['gzip, deflate']
      Connection: [keep-alive]
      User-Agent: [python/3.6.3 (Windows-10-10.0.14393-SP0) azure.datalake.store.lib/0.0.41
          Azure-Data-Lake-Store-SDK-For-Python]
      x-ms-client-request-id: [2f4e6376-25be-11e9-9b2d-480fcf66f040.0]
    method: GET
    uri: https://akharitadls.azuredatalakestore.net/webhdfs/v1/azure_python_sdk_test_dir8db4de56-65b4-40a9-9c48-c118e88508b3/c%2Bres?OP=GETFILESTATUS&api-version=2018-05-01
  response:
    body: {string: '{"FileStatus":{"length":11,"pathSuffix":"","type":"FILE","blockSize":268435456,"accessTime":1548983437647,"modificationTime":1548983437655,"replication":1,"permission":"770","owner":"a0b3cb87-9ca9-4769-af48-e687823d8937","group":"6d86a146-d7dc-49d0-862f-1897c5dd2afe","msExpirationTime":0,"aclBit":false}}'}
    headers:
      Cache-Control: ['no-cache, no-cache, no-store, max-age=0']
      Content-Length: ['305']
      Content-Type: [application/json; charset=utf-8]
      Date: ['Fri, 01 Feb 2019 01:10:37 GMT']
      Expires: ['-1']
      Pragma: [no-cache]
      Status: ['0x0']
      Strict-Transport-Security: [max-age=15724800; includeSubDomains]
      X-Content-Type-Options: [nosniff]
      x-ms-request-id: [1b4f8105-678b-4b3c-b566-d29939d5d86d]
      x-ms-webhdfs-version: [17.04.24.00]
    status: {code: 200, message: OK}
- request:
    body: null
    headers:
      Accept: ['*/*']
      Accept-Encoding: ['gzip, deflate']
      Connection: [keep-alive]
      User-Agent: [python/3.6.3 (Windows-10-10.0.14393-SP0) azure.datalake.store.lib/0.0.41
          Azure-Data-Lake-Store-SDK-For-Python]
      x-ms-client-request-id: [2f609d02-25be-11e9-b4a4-480fcf66f040.0]
    method: GET
    uri: https://akharitadls.azuredatalakestore.net/webhdfs/v1/azure_python_sdk_test_dir8db4de56-65b4-40a9-9c48-c118e88508b3/c%2Bres?OP=GETFILESTATUS&api-version=2018-05-01
  response:
    body: {string: '{"FileStatus":{"length":11,"pathSuffix":"","type":"FILE","blockSize":268435456,"accessTime":1548983437647,"modificationTime":1548983437655,"replication":1,"permission":"770","owner":"a0b3cb87-9ca9-4769-af48-e687823d8937","group":"6d86a146-d7dc-49d0-862f-1897c5dd2afe","msExpirationTime":0,"aclBit":false}}'}
    headers:
      Cache-Control: ['no-cache, no-cache, no-store, max-age=0']
      Content-Length: ['305']
      Content-Type: [application/json; charset=utf-8]
      Date: ['Fri, 01 Feb 2019 01:10:38 GMT']
      Expires: ['-1']
      Pragma: [no-cache]
      Status: ['0x0']
      Strict-Transport-Security: [max-age=15724800; includeSubDomains]
      X-Content-Type-Options: [nosniff]
      x-ms-request-id: [b00685dc-25fe-4041-995c-e88b0a5525de]
      x-ms-webhdfs-version: [17.04.24.00]
    status: {code: 200, message: OK}
- request:
    body: null
    headers:
      Accept: ['*/*']
      Accept-Encoding: ['gzip, deflate']
      Connection: [keep-alive]
      User-Agent: [python/3.6.3 (Windows-10-10.0.14393-SP0) azure.datalake.store.lib/0.0.41
          Azure-Data-Lake-Store-SDK-For-Python]
      x-ms-client-request-id: [2f712fd8-25be-11e9-ad62-480fcf66f040.0]
    method: GET
    uri: https://akharitadls.azuredatalakestore.net/webhdfs/v1/azure_python_sdk_test_dir8db4de56-65b4-40a9-9c48-c118e88508b3/c%2Bres?OP=GETFILESTATUS&api-version=2018-05-01
  response:
    body: {string: '{"FileStatus":{"length":11,"pathSuffix":"","type":"FILE","blockSize":268435456,"accessTime":1548983437647,"modificationTime":1548983437655,"replication":1,"permission":"770","owner":"a0b3cb87-9ca9-4769-af48-e687823d8937","group":"6d86a146-d7dc-49d0-862f-1897c5dd2afe","msExpirationTime":0,"aclBit":false}}'}
    headers:
      Cache-Control: ['no-cache, no-cache, no-store, max-age=0']
      Content-Length: ['305']
      Content-Type: [application/json; charset=utf-8]
      Date: ['Fri, 01 Feb 2019 01:10:38 GMT']
      Expires: ['-1']
      Pragma: [no-cache]
      Status: ['0x0']
      Strict-Transport-Security: [max-age=15724800; includeSubDomains]
      X-Content-Type-Options: [nosniff]
      x-ms-request-id: [05e3a9b8-44d4-4bd5-b1a1-c938bc1e21e4]
      x-ms-webhdfs-version: [17.04.24.00]
    status: {code: 200, message: OK}
- request:
    body: null
    headers:
      Accept: ['*/*']
      Accept-Encoding: ['gzip, deflate']
      Connection: [keep-alive]
      User-Agent: [python/3.6.3 (Windows-10-10.0.14393-SP0) azure.datalake.store.lib/0.0.41
          Azure-Data-Lake-Store-SDK-For-Python]
      x-ms-client-request-id: [2f81c0de-25be-11e9-a68b-480fcf66f040.0]
    method: GET
    uri: https://akharitadls.azuredatalakestore.net/webhdfs/v1/azure_python_sdk_test_dir8db4de56-65b4-40a9-9c48-c118e88508b3/c%2Bres?OP=OPEN&api-version=2018-05-01&offset=0&length=11&read=true&filesessionid=7bdc23d5-9f89-456b-ae8f-b135c4ce9440
  response:
    body: {string: hello world}
    headers:
      Cache-Control: ['no-cache, no-cache, no-store, max-age=0']
      Content-Type: [application/octet-stream]
      Date: ['Fri, 01 Feb 2019 01:10:38 GMT']
      Expires: ['-1']
      Pragma: [no-cache]
      Status: ['0x0']
      Strict-Transport-Security: [max-age=15724800; includeSubDomains]
      Transfer-Encoding: [chunked]
      X-Content-Type-Options: [nosniff]
      x-ms-request-id: [5eb1c3fc-74de-4ee3-b17a-dc28666189a9]
      x-ms-webhdfs-version: [17.04.24.00]
    status: {code: 200, message: OK}
- request:
    body: null
    headers:
      Accept: ['*/*']
      Accept-Encoding: ['gzip, deflate']
      Connection: [keep-alive]
      User-Agent: [python/3.6.3 (Windows-10-10.0.14393-SP0) azure.datalake.store.lib/0.0.41
          Azure-Data-Lake-Store-SDK-For-Python]
      x-ms-client-request-id: [2f96afee-25be-11e9-a136-480fcf66f040.0]
    method: GET
    uri: https://akharitadls.azuredatalakestore.net/webhdfs/v1/azure_python_sdk_test_dir8db4de56-65b4-40a9-9c48-c118e88508b3/c%2Bres?OP=GETFILESTATUS&api-version=2018-05-01
  response:
    body: {string: '{"FileStatus":{"length":11,"pathSuffix":"","type":"FILE","blockSize":268435456,"accessTime":1548983437647,"modificationTime":1548983437655,"replication":1,"permission":"770","owner":"a0b3cb87-9ca9-4769-af48-e687823d8937","group":"6d86a146-d7dc-49d0-862f-1897c5dd2afe","msExpirationTime":0,"aclBit":false}}'}
    headers:
      Cache-Control: ['no-cache, no-cache, no-store, max-age=0']
      Content-Length: ['305']
      Content-Type: [application/json; charset=utf-8]
      Date: ['Fri, 01 Feb 2019 01:10:38 GMT']
      Expires: ['-1']
      Pragma: [no-cache]
      Status: ['0x0']
      Strict-Transport-Security: [max-age=15724800; includeSubDomains]
      X-Content-Type-Options: [nosniff]
      x-ms-request-id: [838dfe9e-58b3-46dc-8009-75d1bbcf612a]
      x-ms-webhdfs-version: [17.04.24.00]
    status: {code: 200, message: OK}
- request:
    body: null
    headers:
      Accept: ['*/*']
      Accept-Encoding: ['gzip, deflate']
      Connection: [keep-alive]
      Content-Length: ['0']
      User-Agent: [python/3.6.3 (Windows-10-10.0.14393-SP0) azure.datalake.store.lib/0.0.41
          Azure-Data-Lake-Store-SDK-For-Python]
      x-ms-client-request-id: [2fa76880-25be-11e9-b8e2-480fcf66f040.0]
    method: DELETE
    uri: https://akharitadls.azuredatalakestore.net/webhdfs/v1/azure_python_sdk_test_dir8db4de56-65b4-40a9-9c48-c118e88508b3/c%2Bres?OP=DELETE&api-version=2018-05-01&recursive=False
  response:
    body: {string: '{"boolean":true}'}
    headers:
      Cache-Control: ['no-cache, no-cache, no-store, max-age=0']
      Content-Length: ['16']
      Content-Type: [application/json; charset=utf-8]
      Date: ['Fri, 01 Feb 2019 01:10:38 GMT']
      Expires: ['-1']
      Pragma: [no-cache]
      Status: ['0x0']
      Strict-Transport-Security: [max-age=15724800; includeSubDomains]
      X-Content-Type-Options: [nosniff]
      x-ms-request-id: [8593fc19-2248-4b6e-b215-7698e865c81f]
      x-ms-webhdfs-version: [17.04.24.00]
    status: {code: 200, message: OK}
- request:
    body: null
    headers:
      Accept: ['*/*']
      Accept-Encoding: ['gzip, deflate']
      Connection: [keep-alive]
      User-Agent: [python/3.6.3 (Windows-10-10.0.14393-SP0) azure.datalake.store.lib/0.0.44
          Azure-Data-Lake-Store-SDK-For-Python]
      x-ms-client-request-id: [a98068cc-7358-11e9-8559-480fcf66f040.0]
    method: GET
    uri: https://akharitadls.azuredatalakestore.net/webhdfs/v1/azure_python_sdk_test_dir33821775-a81a-422f-be54-bab0b7ce4919/a%2Bfile1?OP=GETFILESTATUS&api-version=2018-09-01
  response:
    body: {string: '{"RemoteException":{"exception":"FileNotFoundException","message":"File/Folder
        does not exist: /azure_python_sdk_test_dir33821775-a81a-422f-be54-bab0b7ce4919/a+file1
        [61d131bb-9067-4db3-9418-ba9e3c1b2cf8][2019-05-10T12:20:25.3452608-07:00]","javaClassName":"java.io.FileNotFoundException"}}'}
    headers:
      Cache-Control: ['no-cache, no-cache, no-store, max-age=0']
      Content-Length: ['290']
      Content-Type: [application/json; charset=utf-8]
      Date: ['Fri, 10 May 2019 19:20:24 GMT']
      Expires: ['-1']
      Pragma: [no-cache]
      Status: ['0x8309000A']
      Strict-Transport-Security: [max-age=15724800; includeSubDomains]
      X-Content-Type-Options: [nosniff]
      x-ms-request-id: [61d131bb-9067-4db3-9418-ba9e3c1b2cf8]
      x-ms-webhdfs-version: [17.04.24.00]
    status: {code: 404, message: Not Found}
- request:
    body: 'hello '
    headers:
      Accept: ['*/*']
      Accept-Encoding: ['gzip, deflate']
      Connection: [keep-alive]
      Content-Length: ['6']
      User-Agent: [python/3.6.3 (Windows-10-10.0.14393-SP0) azure.datalake.store.lib/0.0.44
          Azure-Data-Lake-Store-SDK-For-Python]
      x-ms-client-request-id: [a9c08e64-7358-11e9-8f02-480fcf66f040.0]
    method: PUT
    uri: https://akharitadls.azuredatalakestore.net/webhdfs/v1/azure_python_sdk_test_dir33821775-a81a-422f-be54-bab0b7ce4919/a%2Bfile1?OP=CREATE&api-version=2018-09-01&overwrite=true&write=true&syncFlag=CLOSE&leaseid=86458ef3-3e91-40d5-99e1-38070b4646e2&filesessionid=86458ef3-3e91-40d5-99e1-38070b4646e2
  response:
    body: {string: ''}
    headers:
      Cache-Control: ['no-cache, no-cache, no-store, max-age=0']
      Content-Length: ['0']
      ContentLength: ['0']
      Date: ['Fri, 10 May 2019 19:20:25 GMT']
      Expires: ['-1']
      Location: ['https://akharitadls.azuredatalakestore.net/webhdfs/v1/azure_python_sdk_test_dir33821775-a81a-422f-be54-bab0b7ce4919/a+file1?OP=CREATE&api-version=2018-09-01&overwrite=true&write=true&syncFlag=CLOSE&leaseid=86458ef3-3e91-40d5-99e1-38070b4646e2&filesessionid=86458ef3-3e91-40d5-99e1-38070b4646e2']
      Pragma: [no-cache]
      Status: ['0x0']
      Strict-Transport-Security: [max-age=15724800; includeSubDomains]
      X-Content-Type-Options: [nosniff]
      x-ms-request-id: [3998e6fd-3b3c-4a99-b1ed-a69d4b11944c]
      x-ms-webhdfs-version: [17.04.24.00]
    status: {code: 201, message: Created}
- request:
    body: null
    headers:
      Accept: ['*/*']
      Accept-Encoding: ['gzip, deflate']
      Connection: [keep-alive]
      User-Agent: [python/3.6.3 (Windows-10-10.0.14393-SP0) azure.datalake.store.lib/0.0.44
          Azure-Data-Lake-Store-SDK-For-Python]
      x-ms-client-request-id: [a9ddaaf8-7358-11e9-9cb7-480fcf66f040.0]
    method: GET
    uri: https://akharitadls.azuredatalakestore.net/webhdfs/v1/azure_python_sdk_test_dir33821775-a81a-422f-be54-bab0b7ce4919/b%2Bfile2?OP=GETFILESTATUS&api-version=2018-09-01
  response:
    body: {string: '{"RemoteException":{"exception":"FileNotFoundException","message":"File/Folder
        does not exist: /azure_python_sdk_test_dir33821775-a81a-422f-be54-bab0b7ce4919/b+file2
        [2b96215b-8a0e-47a3-9d28-fbdc56c74bb8][2019-05-10T12:20:25.6577677-07:00]","javaClassName":"java.io.FileNotFoundException"}}'}
    headers:
      Cache-Control: ['no-cache, no-cache, no-store, max-age=0']
      Content-Length: ['290']
      Content-Type: [application/json; charset=utf-8]
      Date: ['Fri, 10 May 2019 19:20:25 GMT']
      Expires: ['-1']
      Pragma: [no-cache]
      Status: ['0x8309000A']
      Strict-Transport-Security: [max-age=15724800; includeSubDomains]
      X-Content-Type-Options: [nosniff]
      x-ms-request-id: [2b96215b-8a0e-47a3-9d28-fbdc56c74bb8]
      x-ms-webhdfs-version: [17.04.24.00]
    status: {code: 404, message: Not Found}
- request:
    body: world
    headers:
      Accept: ['*/*']
      Accept-Encoding: ['gzip, deflate']
      Connection: [keep-alive]
      Content-Length: ['5']
      User-Agent: [python/3.6.3 (Windows-10-10.0.14393-SP0) azure.datalake.store.lib/0.0.44
          Azure-Data-Lake-Store-SDK-For-Python]
      x-ms-client-request-id: [a9ef59c2-7358-11e9-9a32-480fcf66f040.0]
    method: PUT
    uri: https://akharitadls.azuredatalakestore.net/webhdfs/v1/azure_python_sdk_test_dir33821775-a81a-422f-be54-bab0b7ce4919/b%2Bfile2?OP=CREATE&api-version=2018-09-01&overwrite=true&write=true&syncFlag=CLOSE&leaseid=90ed0b15-0285-4609-b44c-4762cde8ecc4&filesessionid=90ed0b15-0285-4609-b44c-4762cde8ecc4
  response:
    body: {string: ''}
    headers:
      Cache-Control: ['no-cache, no-cache, no-store, max-age=0']
      Content-Length: ['0']
      ContentLength: ['0']
      Date: ['Fri, 10 May 2019 19:20:25 GMT']
      Expires: ['-1']
      Location: ['https://akharitadls.azuredatalakestore.net/webhdfs/v1/azure_python_sdk_test_dir33821775-a81a-422f-be54-bab0b7ce4919/b+file2?OP=CREATE&api-version=2018-09-01&overwrite=true&write=true&syncFlag=CLOSE&leaseid=90ed0b15-0285-4609-b44c-4762cde8ecc4&filesessionid=90ed0b15-0285-4609-b44c-4762cde8ecc4']
      Pragma: [no-cache]
      Status: ['0x0']
      Strict-Transport-Security: [max-age=15724800; includeSubDomains]
      X-Content-Type-Options: [nosniff]
      x-ms-request-id: [ee84a7a3-b721-4c55-ab5a-7500fc2e86e3]
      x-ms-webhdfs-version: [17.04.24.00]
    status: {code: 201, message: Created}
- request:
    body: null
    headers:
      Accept: ['*/*']
      Accept-Encoding: ['gzip, deflate']
      Connection: [keep-alive]
      User-Agent: [python/3.6.3 (Windows-10-10.0.14393-SP0) azure.datalake.store.lib/0.0.44
          Azure-Data-Lake-Store-SDK-For-Python]
      x-ms-client-request-id: [aa30a630-7358-11e9-83e4-480fcf66f040.0]
    method: GET
    uri: https://akharitadls.azuredatalakestore.net/webhdfs/v1/azure_python_sdk_test_dir33821775-a81a-422f-be54-bab0b7ce4919/c%2Bres?OP=GETFILESTATUS&api-version=2018-09-01
  response:
    body: {string: '{"RemoteException":{"exception":"FileNotFoundException","message":"File/Folder
        does not exist: /azure_python_sdk_test_dir33821775-a81a-422f-be54-bab0b7ce4919/c+res
        [9b52de27-d3ea-43b8-9c0c-413f7906f2f8][2019-05-10T12:20:26.1890288-07:00]","javaClassName":"java.io.FileNotFoundException"}}'}
    headers:
      Cache-Control: ['no-cache, no-cache, no-store, max-age=0']
      Content-Length: ['288']
      Content-Type: [application/json; charset=utf-8]
      Date: ['Fri, 10 May 2019 19:20:25 GMT']
      Expires: ['-1']
      Pragma: [no-cache]
      Status: ['0x8309000A']
      Strict-Transport-Security: [max-age=15724800; includeSubDomains]
      X-Content-Type-Options: [nosniff]
      x-ms-request-id: [9b52de27-d3ea-43b8-9c0c-413f7906f2f8]
      x-ms-webhdfs-version: [17.04.24.00]
    status: {code: 404, message: Not Found}
- request:
    body: '{"sources":["azure_python_sdk_test_dir33821775-a81a-422f-be54-bab0b7ce4919/a+file1","azure_python_sdk_test_dir33821775-a81a-422f-be54-bab0b7ce4919/b+file2"]}'
    headers:
      Accept: ['*/*']
      Accept-Encoding: ['gzip, deflate']
      Connection: [keep-alive]
      Content-Length: ['157']
      Content-Type: [application/json]
      User-Agent: [python/3.6.3 (Windows-10-10.0.14393-SP0) azure.datalake.store.lib/0.0.44
          Azure-Data-Lake-Store-SDK-For-Python]
      x-ms-client-request-id: [aa421018-7358-11e9-bc24-480fcf66f040.0]
    method: POST
    uri: https://akharitadls.azuredatalakestore.net/webhdfs/v1/azure_python_sdk_test_dir33821775-a81a-422f-be54-bab0b7ce4919/c%2Bres?OP=MSCONCAT&api-version=2018-09-01&deleteSourceDirectory=false
  response:
    body: {string: ''}
    headers:
      Cache-Control: ['no-cache, no-cache, no-store, max-age=0']
      Content-Length: ['0']
      Date: ['Fri, 10 May 2019 19:20:26 GMT']
      Expires: ['-1']
      Pragma: [no-cache]
      Status: ['0x0']
      Strict-Transport-Security: [max-age=15724800; includeSubDomains]
      X-Content-Type-Options: [nosniff]
      x-ms-request-id: [e40d4608-cc8d-4351-9113-b287c4d18fb6]
      x-ms-webhdfs-version: [17.04.24.00]
    status: {code: 200, message: OK}
- request:
    body: null
    headers:
      Accept: ['*/*']
      Accept-Encoding: ['gzip, deflate']
      Connection: [keep-alive]
      User-Agent: [python/3.6.3 (Windows-10-10.0.14393-SP0) azure.datalake.store.lib/0.0.44
          Azure-Data-Lake-Store-SDK-For-Python]
      x-ms-client-request-id: [aa7e82c6-7358-11e9-870f-480fcf66f040.0]
    method: GET
    uri: https://akharitadls.azuredatalakestore.net/webhdfs/v1/azure_python_sdk_test_dir33821775-a81a-422f-be54-bab0b7ce4919/c%2Bres?OP=GETFILESTATUS&api-version=2018-09-01
  response:
    body: {string: '{"FileStatus":{"length":11,"pathSuffix":"","type":"FILE","blockSize":268435456,"accessTime":1557516026379,"modificationTime":1557516026388,"replication":1,"permission":"770","owner":"a0b3cb87-9ca9-4769-af48-e687823d8937","group":"00000000-0000-0000-0000-000000000000","msExpirationTime":0,"aclBit":true}}'}
    headers:
      Cache-Control: ['no-cache, no-cache, no-store, max-age=0']
      Content-Length: ['304']
      Content-Type: [application/json; charset=utf-8]
      Date: ['Fri, 10 May 2019 19:20:26 GMT']
      Expires: ['-1']
      Pragma: [no-cache]
      Status: ['0x0']
      Strict-Transport-Security: [max-age=15724800; includeSubDomains]
      X-Content-Type-Options: [nosniff]
      x-ms-request-id: [b0a9d654-87e2-40e4-8ce6-c798d0ddf1be]
      x-ms-webhdfs-version: [17.04.24.00]
    status: {code: 200, message: OK}
- request:
    body: null
    headers:
      Accept: ['*/*']
      Accept-Encoding: ['gzip, deflate']
      Connection: [keep-alive]
      User-Agent: [python/3.6.3 (Windows-10-10.0.14393-SP0) azure.datalake.store.lib/0.0.44
          Azure-Data-Lake-Store-SDK-For-Python]
      x-ms-client-request-id: [aa906690-7358-11e9-b2e0-480fcf66f040.0]
    method: GET
    uri: https://akharitadls.azuredatalakestore.net/webhdfs/v1/azure_python_sdk_test_dir33821775-a81a-422f-be54-bab0b7ce4919/c%2Bres?OP=GETFILESTATUS&api-version=2018-09-01
  response:
    body: {string: '{"FileStatus":{"length":11,"pathSuffix":"","type":"FILE","blockSize":268435456,"accessTime":1557516026379,"modificationTime":1557516026388,"replication":1,"permission":"770","owner":"a0b3cb87-9ca9-4769-af48-e687823d8937","group":"00000000-0000-0000-0000-000000000000","msExpirationTime":0,"aclBit":true}}'}
    headers:
      Cache-Control: ['no-cache, no-cache, no-store, max-age=0']
      Content-Length: ['304']
      Content-Type: [application/json; charset=utf-8]
      Date: ['Fri, 10 May 2019 19:20:26 GMT']
      Expires: ['-1']
      Pragma: [no-cache]
      Status: ['0x0']
      Strict-Transport-Security: [max-age=15724800; includeSubDomains]
      X-Content-Type-Options: [nosniff]
      x-ms-request-id: [b49c008e-6830-467a-a250-05f051dd9620]
      x-ms-webhdfs-version: [17.04.24.00]
    status: {code: 200, message: OK}
- request:
    body: null
    headers:
      Accept: ['*/*']
      Accept-Encoding: ['gzip, deflate']
      Connection: [keep-alive]
      User-Agent: [python/3.6.3 (Windows-10-10.0.14393-SP0) azure.datalake.store.lib/0.0.44
          Azure-Data-Lake-Store-SDK-For-Python]
      x-ms-client-request-id: [aaa1d5fa-7358-11e9-a546-480fcf66f040.0]
    method: GET
    uri: https://akharitadls.azuredatalakestore.net/webhdfs/v1/azure_python_sdk_test_dir33821775-a81a-422f-be54-bab0b7ce4919/c%2Bres?OP=GETFILESTATUS&api-version=2018-09-01
  response:
    body: {string: '{"FileStatus":{"length":11,"pathSuffix":"","type":"FILE","blockSize":268435456,"accessTime":1557516026379,"modificationTime":1557516026388,"replication":1,"permission":"770","owner":"a0b3cb87-9ca9-4769-af48-e687823d8937","group":"00000000-0000-0000-0000-000000000000","msExpirationTime":0,"aclBit":true}}'}
    headers:
      Cache-Control: ['no-cache, no-cache, no-store, max-age=0']
      Content-Length: ['304']
      Content-Type: [application/json; charset=utf-8]
      Date: ['Fri, 10 May 2019 19:20:26 GMT']
      Expires: ['-1']
      Pragma: [no-cache]
      Status: ['0x0']
      Strict-Transport-Security: [max-age=15724800; includeSubDomains]
      X-Content-Type-Options: [nosniff]
      x-ms-request-id: [d4c54ddb-c9b2-4d79-8691-c8e6f5af2d40]
      x-ms-webhdfs-version: [17.04.24.00]
    status: {code: 200, message: OK}
- request:
    body: null
    headers:
      Accept: ['*/*']
      Accept-Encoding: ['gzip, deflate']
      Connection: [keep-alive]
      User-Agent: [python/3.6.3 (Windows-10-10.0.14393-SP0) azure.datalake.store.lib/0.0.44
          Azure-Data-Lake-Store-SDK-For-Python]
      x-ms-client-request-id: [aab36974-7358-11e9-90f0-480fcf66f040.0]
    method: GET
    uri: https://akharitadls.azuredatalakestore.net/webhdfs/v1/azure_python_sdk_test_dir33821775-a81a-422f-be54-bab0b7ce4919/c%2Bres?OP=OPEN&api-version=2018-09-01&offset=0&length=11&read=true&filesessionid=2d0ceaa7-4586-4e0b-82e8-cc6461c7cb63
  response:
    body: {string: hello world}
    headers:
      Cache-Control: ['no-cache, no-cache, no-store, max-age=0']
      Content-Type: [application/octet-stream]
      Date: ['Fri, 10 May 2019 19:20:26 GMT']
      Expires: ['-1']
      Pragma: [no-cache]
      Status: ['0x0']
      Strict-Transport-Security: [max-age=15724800; includeSubDomains]
      Transfer-Encoding: [chunked]
      X-Content-Type-Options: [nosniff]
      x-ms-request-id: [d90d885c-c4df-4114-964d-cb780f4e5130]
      x-ms-webhdfs-version: [17.04.24.00]
    status: {code: 200, message: OK}
- request:
    body: null
    headers:
      Accept: ['*/*']
      Accept-Encoding: ['gzip, deflate']
      Connection: [keep-alive]
      User-Agent: [python/3.6.3 (Windows-10-10.0.14393-SP0) azure.datalake.store.lib/0.0.44
          Azure-Data-Lake-Store-SDK-For-Python]
      x-ms-client-request-id: [aacbfa5e-7358-11e9-80b4-480fcf66f040.0]
    method: GET
    uri: https://akharitadls.azuredatalakestore.net/webhdfs/v1/azure_python_sdk_test_dir33821775-a81a-422f-be54-bab0b7ce4919/c%2Bres?OP=GETFILESTATUS&api-version=2018-09-01
  response:
    body: {string: '{"FileStatus":{"length":11,"pathSuffix":"","type":"FILE","blockSize":268435456,"accessTime":1557516026379,"modificationTime":1557516026388,"replication":1,"permission":"770","owner":"a0b3cb87-9ca9-4769-af48-e687823d8937","group":"00000000-0000-0000-0000-000000000000","msExpirationTime":0,"aclBit":true}}'}
    headers:
      Cache-Control: ['no-cache, no-cache, no-store, max-age=0']
      Content-Length: ['304']
      Content-Type: [application/json; charset=utf-8]
      Date: ['Fri, 10 May 2019 19:20:26 GMT']
      Expires: ['-1']
      Pragma: [no-cache]
      Status: ['0x0']
      Strict-Transport-Security: [max-age=15724800; includeSubDomains]
      X-Content-Type-Options: [nosniff]
      x-ms-request-id: [07c79ac9-5744-4e9b-b71d-deedb33f0f68]
      x-ms-webhdfs-version: [17.04.24.00]
    status: {code: 200, message: OK}
- request:
    body: null
    headers:
      Accept: ['*/*']
      Accept-Encoding: ['gzip, deflate']
      Connection: [keep-alive]
      Content-Length: ['0']
      User-Agent: [python/3.6.3 (Windows-10-10.0.14393-SP0) azure.datalake.store.lib/0.0.44
          Azure-Data-Lake-Store-SDK-For-Python]
      x-ms-client-request-id: [aadd8eee-7358-11e9-93a9-480fcf66f040.0]
    method: DELETE
    uri: https://akharitadls.azuredatalakestore.net/webhdfs/v1/azure_python_sdk_test_dir33821775-a81a-422f-be54-bab0b7ce4919/c%2Bres?OP=DELETE&api-version=2018-09-01&recursive=False
  response:
    body: {string: '{"boolean":true}'}
    headers:
      Cache-Control: ['no-cache, no-cache, no-store, max-age=0']
      Content-Length: ['16']
      Content-Type: [application/json; charset=utf-8]
      Date: ['Fri, 10 May 2019 19:20:26 GMT']
      Expires: ['-1']
      Pragma: [no-cache]
      Status: ['0x0']
      Strict-Transport-Security: [max-age=15724800; includeSubDomains]
      X-Content-Type-Options: [nosniff]
      x-ms-request-id: [0986d18e-3782-4ed7-b7d7-20aa01ebc338]
      x-ms-webhdfs-version: [17.04.24.00]
    status: {code: 200, message: OK}
version: 1
