interactions:
- request:
    body: null
    headers:
      Accept: ['*/*']
      Accept-Encoding: ['gzip, deflate']
      Connection: [keep-alive]
      Content-Length: ['0']
      User-Agent: [python-requests/2.11.1]
    method: PUT
    uri: https://fakestore.azuredatalakestore.net/webhdfs/v1/azure_test_dir/a?OP=CREATE&write=true&overwrite=true
  response:
    body: {string: ''}
    headers:
      Cache-Control: [no-cache]
      Content-Length: ['0']
      ContentLength: ['0']
      Date: ['Thu, 15 Sep 2016 21:36:38 GMT']
      Expires: ['-1']
      Location: ['https://fakestore.azuredatalakestore.net/webhdfs/v1/azure_test_dir/a?OP=CREATE&write=true&overwrite=true']
      Pragma: [no-cache]
      Server-Perf: ['[9c5f42ff-de08-420f-a7f9-e5fcee5b33bc][ AuthTime::0::PostAuthTime::0
          ][S-HdfsGetFileStatusV2 :: 00:00:006 ms]%0a[S-HdfsCheckAccess :: 00:00:002
          ms]%0a[S-FsDelete :: 00:00:006 ms]%0a[S-FsOpenStream :: 00:00:048 ms]%0a[BufferingTime
          :: 00:00:000 ms]%0a[WriteTime :: 00:00:000 ms]%0a[S-FsAppendStream :: 00:00:447
          ms]%0a[S-FsCloseHandle :: 00:00:001 ms]%0a[CREATE :: 00:00:515 ms]%0a']
      Status: ['0x0']
      Strict-Transport-Security: [max-age=15724800; includeSubDomains]
      X-Content-Type-Options: [nosniff]
      x-ms-request-id: [9c5f42ff-de08-420f-a7f9-e5fcee5b33bc]
      x-ms-webhdfs-version: [16.07.18.01]
    status: {code: 201, message: Created}
- request:
    body: null
    headers:
      Accept: ['*/*']
      Accept-Encoding: ['gzip, deflate']
      Connection: [keep-alive]
      User-Agent: [python-requests/2.11.1]
    method: GET
    uri: https://fakestore.azuredatalakestore.net/webhdfs/v1/azure_test_dir?OP=LISTSTATUS
  response:
    body: {string: '{"FileStatuses":{"FileStatus":[{"length":0,"pathSuffix":"a","type":"FILE","blockSize":268435456,"accessTime":1473975399056,"modificationTime":1473975399056,"replication":1,"permission":"770","owner":"49b2f9ec-818a-49ca-9424-249e1f19f7d7","group":"49b2f9ec-818a-49ca-9424-249e1f19f7d7"}]}}'}
    headers:
      Cache-Control: [no-cache]
      Content-Length: ['288']
      Content-Type: [application/json; charset=utf-8]
      Date: ['Thu, 15 Sep 2016 21:36:39 GMT']
      Expires: ['-1']
      Pragma: [no-cache]
      Server-Perf: ['[2ed25d1e-4150-4f4f-992e-9d5f0d97e725][ AuthTime::0::PostAuthTime::0
          ][S-HdfsListStatus :: 00:00:012 ms]%0a[LISTSTATUS :: 00:00:012 ms]%0a']
      Status: ['0x0']
      Strict-Transport-Security: [max-age=15724800; includeSubDomains]
      X-Content-Type-Options: [nosniff]
      x-ms-request-id: [2ed25d1e-4150-4f4f-992e-9d5f0d97e725]
      x-ms-webhdfs-version: [16.07.18.01]
    status: {code: 200, message: OK}
- request:
    body: null
    headers:
      Accept: ['*/*']
      Accept-Encoding: ['gzip, deflate']
      Connection: [keep-alive]
      Content-Length: ['0']
      User-Agent: [python-requests/2.11.1]
    method: PUT
    uri: https://fakestore.azuredatalakestore.net/webhdfs/v1/azure_test_dir/a?OP=RENAME&destination=azure_test_dir%2Fb
  response:
    body: {string: '{"boolean":true}'}
    headers:
      Cache-Control: [no-cache]
      Content-Length: ['16']
      Content-Type: [application/json; charset=utf-8]
      Date: ['Thu, 15 Sep 2016 21:36:39 GMT']
      Expires: ['-1']
      Pragma: [no-cache]
      Server-Perf: ['[b11f54b4-acaf-41e0-8774-041355a89756][ AuthTime::0::PostAuthTime::0
          ][S-HdfsGetFileStatusV2 :: 00:00:006 ms]%0a[S-FsRename :: 00:00:029 ms]%0a[RENAME
          :: 00:00:040 ms]%0a']
      Status: ['0x0']
      Strict-Transport-Security: [max-age=15724800; includeSubDomains]
      X-Content-Type-Options: [nosniff]
      x-ms-request-id: [b11f54b4-acaf-41e0-8774-041355a89756]
      x-ms-webhdfs-version: [16.07.18.01]
    status: {code: 200, message: OK}
- request:
    body: null
    headers:
      Accept: ['*/*']
      Accept-Encoding: ['gzip, deflate']
      Connection: [keep-alive]
      User-Agent: [python-requests/2.11.1]
    method: GET
    uri: https://fakestore.azuredatalakestore.net/webhdfs/v1/azure_test_dir?OP=LISTSTATUS
  response:
    body: {string: '{"FileStatuses":{"FileStatus":[{"length":0,"pathSuffix":"b","type":"FILE","blockSize":268435456,"accessTime":1473975399056,"modificationTime":1473975399056,"replication":1,"permission":"770","owner":"49b2f9ec-818a-49ca-9424-249e1f19f7d7","group":"49b2f9ec-818a-49ca-9424-249e1f19f7d7"}]}}'}
    headers:
      Cache-Control: [no-cache]
      Content-Length: ['288']
      Content-Type: [application/json; charset=utf-8]
      Date: ['Thu, 15 Sep 2016 21:36:39 GMT']
      Expires: ['-1']
      Pragma: [no-cache]
      Server-Perf: ['[4a9279b9-cf7f-4413-82bb-0baa12b8be61][ AuthTime::0::PostAuthTime::0
          ][S-HdfsListStatus :: 00:00:013 ms]%0a[LISTSTATUS :: 00:00:013 ms]%0a']
      Status: ['0x0']
      Strict-Transport-Security: [max-age=15724800; includeSubDomains]
      X-Content-Type-Options: [nosniff]
      x-ms-request-id: [4a9279b9-cf7f-4413-82bb-0baa12b8be61]
      x-ms-webhdfs-version: [16.07.18.01]
    status: {code: 200, message: OK}
- request:
    body: null
    headers:
      Accept: ['*/*']
      Accept-Encoding: ['gzip, deflate']
      Connection: [keep-alive]
      Content-Length: ['0']
      User-Agent: [python-requests/2.11.1]
    method: DELETE
    uri: https://fakestore.azuredatalakestore.net/webhdfs/v1/azure_test_dir/b?OP=DELETE&recursive=True
  response:
    body: {string: '{"boolean":true}'}
    headers:
      Cache-Control: [no-cache]
      Content-Length: ['16']
      Content-Type: [application/json; charset=utf-8]
      Date: ['Thu, 15 Sep 2016 21:36:40 GMT']
      Expires: ['-1']
      Pragma: [no-cache]
      Server-Perf: ['[2654b0c9-4796-4080-9a28-d6e185e4d5a5][ AuthTime::0::PostAuthTime::0
          ][S-FsDelete :: 00:00:092 ms]%0a[DELETE :: 00:00:099 ms]%0a']
      Status: ['0x0']
      Strict-Transport-Security: [max-age=15724800; includeSubDomains]
      X-Content-Type-Options: [nosniff]
      x-ms-request-id: [2654b0c9-4796-4080-9a28-d6e185e4d5a5]
      x-ms-webhdfs-version: [16.07.18.01]
    status: {code: 200, message: OK}
version: 1
