interactions:
- request:
    body: null
    headers:
      Accept: ['*/*']
      Accept-Encoding: ['gzip, deflate']
      Connection: [keep-alive]
      User-Agent: [python/3.7.0 (Windows-10-10.0.14393-SP0) azure.datalake.store.lib/0.0.34
          Azure-Data-Lake-Store-SDK-For-Python]
      x-ms-client-request-id: [cc3453fe-d194-11e8-97e9-000d3a041d7c.0]
    method: GET
    uri: https://akharitadls.azuredatalakestore.net/webhdfs/v1/azure_python_sdk_test_dir437f8326-2c53-487e-b0f0-0cd298e9ca49/a?OP=GETFILESTATUS&api-version=2018-05-01
  response:
    body: {string: '{"RemoteException":{"exception":"FileNotFoundException","message":"File/Folder
        does not exist: /azure_python_sdk_test_dir437f8326-2c53-487e-b0f0-0cd298e9ca49/a
        [a0ea666e-87d0-4716-89a8-23c411d6ff4d][2018-10-16T15:42:44.6759693-07:00]","javaClassName":"java.io.FileNotFoundException"}}'}
    headers:
      Cache-Control: ['no-cache, no-cache, no-store, max-age=0']
      Content-Length: ['284']
      Content-Type: [application/json; charset=utf-8]
      Date: ['Tue, 16 Oct 2018 22:42:44 GMT']
      Expires: ['-1']
      Pragma: [no-cache]
      Status: ['0x8309000A']
      Strict-Transport-Security: [max-age=15724800; includeSubDomains]
      X-Content-Type-Options: [nosniff]
      x-ms-request-id: [a0ea666e-87d0-4716-89a8-23c411d6ff4d]
      x-ms-webhdfs-version: [17.04.24.00]
    status: {code: 404, message: Not Found}
- request:
    body: 0123456789abcdefghijklmnopqrstuvwxyz
    headers:
      Accept: ['*/*']
      Accept-Encoding: ['gzip, deflate']
      Connection: [keep-alive]
      Content-Length: ['36']
      User-Agent: [python/3.7.0 (Windows-10-10.0.14393-SP0) azure.datalake.store.lib/0.0.34
          Azure-Data-Lake-Store-SDK-For-Python]
      x-ms-client-request-id: [cc3e3f52-d194-11e8-900e-000d3a041d7c.0]
    method: PUT
    uri: https://akharitadls.azuredatalakestore.net/webhdfs/v1/azure_python_sdk_test_dir437f8326-2c53-487e-b0f0-0cd298e9ca49/a?OP=CREATE&api-version=2018-05-01&overwrite=true&write=true&syncFlag=CLOSE&leaseid=c4e14c94-46de-49ca-96d3-ff1cc5727500&filesessionid=c4e14c94-46de-49ca-96d3-ff1cc5727500
  response:
    body: {string: ''}
    headers:
      Cache-Control: ['no-cache, no-cache, no-store, max-age=0']
      Content-Length: ['0']
      ContentLength: ['0']
      Date: ['Tue, 16 Oct 2018 22:42:44 GMT']
      Expires: ['-1']
      Location: ['https://akharitadls.azuredatalakestore.net/webhdfs/v1/azure_python_sdk_test_dir437f8326-2c53-487e-b0f0-0cd298e9ca49/a?OP=CREATE&api-version=2018-05-01&overwrite=true&write=true&syncFlag=CLOSE&leaseid=c4e14c94-46de-49ca-96d3-ff1cc5727500&filesessionid=c4e14c94-46de-49ca-96d3-ff1cc5727500']
      Pragma: [no-cache]
      Status: ['0x0']
      Strict-Transport-Security: [max-age=15724800; includeSubDomains]
      X-Content-Type-Options: [nosniff]
      x-ms-request-id: [1013cfcf-f787-4679-8540-346d61303366]
      x-ms-webhdfs-version: [17.04.24.00]
    status: {code: 201, message: Created}
- request:
    body: null
    headers:
      Accept: ['*/*']
      Accept-Encoding: ['gzip, deflate']
      Connection: [keep-alive]
      User-Agent: [python/3.7.0 (Windows-10-10.0.14393-SP0) azure.datalake.store.lib/0.0.34
          Azure-Data-Lake-Store-SDK-For-Python]
      x-ms-client-request-id: [cc4e83a8-d194-11e8-a2fd-000d3a041d7c.0]
    method: GET
    uri: https://akharitadls.azuredatalakestore.net/webhdfs/v1/azure_python_sdk_test_dir437f8326-2c53-487e-b0f0-0cd298e9ca49/a?OP=GETFILESTATUS&api-version=2018-05-01
  response:
    body: {string: '{"FileStatus":{"length":36,"pathSuffix":"","type":"FILE","blockSize":268435456,"accessTime":1539729764704,"modificationTime":1539729764738,"replication":1,"permission":"770","owner":"a0b3cb87-9ca9-4769-af48-e687823d8937","group":"6d86a146-d7dc-49d0-862f-1897c5dd2afe","msExpirationTime":0,"aclBit":false}}'}
    headers:
      Cache-Control: ['no-cache, no-cache, no-store, max-age=0']
      Content-Length: ['305']
      Content-Type: [application/json; charset=utf-8]
      Date: ['Tue, 16 Oct 2018 22:42:44 GMT']
      Expires: ['-1']
      Pragma: [no-cache]
      Status: ['0x0']
      Strict-Transport-Security: [max-age=15724800; includeSubDomains]
      X-Content-Type-Options: [nosniff]
      x-ms-request-id: [90ad89ea-8fe7-42ad-92e8-77821b6ee7dd]
      x-ms-webhdfs-version: [17.04.24.00]
    status: {code: 200, message: OK}
- request:
    body: null
    headers:
      Accept: ['*/*']
      Accept-Encoding: ['gzip, deflate']
      Connection: [keep-alive]
      User-Agent: [python/3.7.0 (Windows-10-10.0.14393-SP0) azure.datalake.store.lib/0.0.34
          Azure-Data-Lake-Store-SDK-For-Python]
      x-ms-client-request-id: [cc50fcd8-d194-11e8-be18-000d3a041d7c.0]
    method: GET
    uri: https://akharitadls.azuredatalakestore.net/webhdfs/v1/azure_python_sdk_test_dir437f8326-2c53-487e-b0f0-0cd298e9ca49/a?OP=GETFILESTATUS&api-version=2018-05-01
  response:
    body: {string: '{"FileStatus":{"length":36,"pathSuffix":"","type":"FILE","blockSize":268435456,"accessTime":1539729764704,"modificationTime":1539729764738,"replication":1,"permission":"770","owner":"a0b3cb87-9ca9-4769-af48-e687823d8937","group":"6d86a146-d7dc-49d0-862f-1897c5dd2afe","msExpirationTime":0,"aclBit":false}}'}
    headers:
      Cache-Control: ['no-cache, no-cache, no-store, max-age=0']
      Content-Length: ['305']
      Content-Type: [application/json; charset=utf-8]
      Date: ['Tue, 16 Oct 2018 22:42:44 GMT']
      Expires: ['-1']
      Pragma: [no-cache]
      Status: ['0x0']
      Strict-Transport-Security: [max-age=15724800; includeSubDomains]
      X-Content-Type-Options: [nosniff]
      x-ms-request-id: [7bfb920f-6124-4435-af46-87538ac22c55]
      x-ms-webhdfs-version: [17.04.24.00]
    status: {code: 200, message: OK}
- request:
    body: null
    headers:
      Accept: ['*/*']
      Accept-Encoding: ['gzip, deflate']
      Connection: [keep-alive]
      User-Agent: [python/3.7.0 (Windows-10-10.0.14393-SP0) azure.datalake.store.lib/0.0.34
          Azure-Data-Lake-Store-SDK-For-Python]
      x-ms-client-request-id: [cc5346d8-d194-11e8-ae05-000d3a041d7c.0]
    method: GET
    uri: https://akharitadls.azuredatalakestore.net/webhdfs/v1/azure_python_sdk_test_dir437f8326-2c53-487e-b0f0-0cd298e9ca49/a?OP=GETFILESTATUS&api-version=2018-05-01
  response:
    body: {string: '{"FileStatus":{"length":36,"pathSuffix":"","type":"FILE","blockSize":268435456,"accessTime":1539729764704,"modificationTime":1539729764738,"replication":1,"permission":"770","owner":"a0b3cb87-9ca9-4769-af48-e687823d8937","group":"6d86a146-d7dc-49d0-862f-1897c5dd2afe","msExpirationTime":0,"aclBit":false}}'}
    headers:
      Cache-Control: ['no-cache, no-cache, no-store, max-age=0']
      Content-Length: ['305']
      Content-Type: [application/json; charset=utf-8]
      Date: ['Tue, 16 Oct 2018 22:42:44 GMT']
      Expires: ['-1']
      Pragma: [no-cache]
      Status: ['0x0']
      Strict-Transport-Security: [max-age=15724800; includeSubDomains]
      X-Content-Type-Options: [nosniff]
      x-ms-request-id: [d7ece0d8-6d22-466a-9051-9710e51d4b84]
      x-ms-webhdfs-version: [17.04.24.00]
    status: {code: 200, message: OK}
- request:
    body: null
    headers:
      Accept: ['*/*']
      Accept-Encoding: ['gzip, deflate']
      Connection: [keep-alive]
      User-Agent: [python/3.7.0 (Windows-10-10.0.14393-SP0) azure.datalake.store.lib/0.0.34
          Azure-Data-Lake-Store-SDK-For-Python]
      x-ms-client-request-id: [cc55df06-d194-11e8-9fff-000d3a041d7c.0]
    method: GET
    uri: https://akharitadls.azuredatalakestore.net/webhdfs/v1/azure_python_sdk_test_dir437f8326-2c53-487e-b0f0-0cd298e9ca49/a?OP=OPEN&api-version=2018-05-01&offset=2&length=4&read=true&filesessionid=9fef00e5-6371-422c-9a6b-3bd7f6f9700a
  response:
    body: {string: '2345'}
    headers:
      Cache-Control: ['no-cache, no-cache, no-store, max-age=0']
      Content-Type: [application/octet-stream]
      Date: ['Tue, 16 Oct 2018 22:42:44 GMT']
      Expires: ['-1']
      Pragma: [no-cache]
      Status: ['0x0']
      Strict-Transport-Security: [max-age=15724800; includeSubDomains]
      Transfer-Encoding: [chunked]
      X-Content-Type-Options: [nosniff]
      x-ms-request-id: [7a32b2b1-1ab6-4fa1-9642-2bbc22feb1ba]
      x-ms-webhdfs-version: [17.04.24.00]
    status: {code: 200, message: OK}
- request:
    body: null
    headers:
      Accept: ['*/*']
      Accept-Encoding: ['gzip, deflate']
      Connection: [keep-alive]
      User-Agent: [python/3.7.0 (Windows-10-10.0.14393-SP0) azure.datalake.store.lib/0.0.34
          Azure-Data-Lake-Store-SDK-For-Python]
      x-ms-client-request-id: [cc638d26-d194-11e8-b18b-000d3a041d7c.0]
    method: GET
    uri: https://akharitadls.azuredatalakestore.net/webhdfs/v1/azure_python_sdk_test_dir437f8326-2c53-487e-b0f0-0cd298e9ca49/a?OP=OPEN&api-version=2018-05-01&offset=6&length=4&read=true&filesessionid=9fef00e5-6371-422c-9a6b-3bd7f6f9700a
  response:
    body: {string: '6789'}
    headers:
      Cache-Control: ['no-cache, no-cache, no-store, max-age=0']
      Content-Type: [application/octet-stream]
      Date: ['Tue, 16 Oct 2018 22:42:44 GMT']
      Expires: ['-1']
      Pragma: [no-cache]
      Status: ['0x0']
      Strict-Transport-Security: [max-age=15724800; includeSubDomains]
      Transfer-Encoding: [chunked]
      X-Content-Type-Options: [nosniff]
      x-ms-request-id: [f822a3b1-ec7d-458a-8154-c0e7dc00a233]
      x-ms-webhdfs-version: [17.04.24.00]
    status: {code: 200, message: OK}
- request:
    body: null
    headers:
      Accept: ['*/*']
      Accept-Encoding: ['gzip, deflate']
      Connection: [keep-alive]
      User-Agent: [python/3.7.0 (Windows-10-10.0.14393-SP0) azure.datalake.store.lib/0.0.34
          Azure-Data-Lake-Store-SDK-For-Python]
      x-ms-client-request-id: [cc66736e-d194-11e8-b50d-000d3a041d7c.0]
    method: GET
    uri: https://akharitadls.azuredatalakestore.net/webhdfs/v1/azure_python_sdk_test_dir437f8326-2c53-487e-b0f0-0cd298e9ca49/a?OP=OPEN&api-version=2018-05-01&offset=10&length=4&read=true&filesessionid=9fef00e5-6371-422c-9a6b-3bd7f6f9700a
  response:
    body: {string: abcd}
    headers:
      Cache-Control: ['no-cache, no-cache, no-store, max-age=0']
      Content-Type: [application/octet-stream]
      Date: ['Tue, 16 Oct 2018 22:42:44 GMT']
      Expires: ['-1']
      Pragma: [no-cache]
      Status: ['0x0']
      Strict-Transport-Security: [max-age=15724800; includeSubDomains]
      Transfer-Encoding: [chunked]
      X-Content-Type-Options: [nosniff]
      x-ms-request-id: [131071f6-eb78-4ce2-b1df-7e87fd506e52]
      x-ms-webhdfs-version: [17.04.24.00]
    status: {code: 200, message: OK}
- request:
    body: null
    headers:
      Accept: ['*/*']
      Accept-Encoding: ['gzip, deflate']
      Connection: [keep-alive]
      User-Agent: [python/3.7.0 (Windows-10-10.0.14393-SP0) azure.datalake.store.lib/0.0.34
          Azure-Data-Lake-Store-SDK-For-Python]
      x-ms-client-request-id: [cc6924ca-d194-11e8-8b23-000d3a041d7c.0]
    method: GET
    uri: https://akharitadls.azuredatalakestore.net/webhdfs/v1/azure_python_sdk_test_dir437f8326-2c53-487e-b0f0-0cd298e9ca49/a?OP=OPEN&api-version=2018-05-01&offset=14&length=4&read=true&filesessionid=9fef00e5-6371-422c-9a6b-3bd7f6f9700a
  response:
    body: {string: efgh}
    headers:
      Cache-Control: ['no-cache, no-cache, no-store, max-age=0']
      Content-Type: [application/octet-stream]
      Date: ['Tue, 16 Oct 2018 22:42:44 GMT']
      Expires: ['-1']
      Pragma: [no-cache]
      Status: ['0x0']
      Strict-Transport-Security: [max-age=15724800; includeSubDomains]
      Transfer-Encoding: [chunked]
      X-Content-Type-Options: [nosniff]
      x-ms-request-id: [de18b493-e054-44ac-8f57-17b71867c446]
      x-ms-webhdfs-version: [17.04.24.00]
    status: {code: 200, message: OK}
- request:
    body: null
    headers:
      Accept: ['*/*']
      Accept-Encoding: ['gzip, deflate']
      Connection: [keep-alive]
      User-Agent: [python/3.7.0 (Windows-10-10.0.14393-SP0) azure.datalake.store.lib/0.0.34
          Azure-Data-Lake-Store-SDK-For-Python]
      x-ms-client-request-id: [cc6c6aa6-d194-11e8-b522-000d3a041d7c.0]
    method: GET
    uri: https://akharitadls.azuredatalakestore.net/webhdfs/v1/azure_python_sdk_test_dir437f8326-2c53-487e-b0f0-0cd298e9ca49/a?OP=OPEN&api-version=2018-05-01&offset=18&length=4&read=true&filesessionid=9fef00e5-6371-422c-9a6b-3bd7f6f9700a
  response:
    body: {string: ijkl}
    headers:
      Cache-Control: ['no-cache, no-cache, no-store, max-age=0']
      Content-Type: [application/octet-stream]
      Date: ['Tue, 16 Oct 2018 22:42:44 GMT']
      Expires: ['-1']
      Pragma: [no-cache]
      Status: ['0x0']
      Strict-Transport-Security: [max-age=15724800; includeSubDomains]
      Transfer-Encoding: [chunked]
      X-Content-Type-Options: [nosniff]
      x-ms-request-id: [50c75250-636f-4f52-8ddc-b7452a9072f1]
      x-ms-webhdfs-version: [17.04.24.00]
    status: {code: 200, message: OK}
- request:
    body: null
    headers:
      Accept: ['*/*']
      Accept-Encoding: ['gzip, deflate']
      Connection: [keep-alive]
      User-Agent: [python/3.7.0 (Windows-10-10.0.14393-SP0) azure.datalake.store.lib/0.0.34
          Azure-Data-Lake-Store-SDK-For-Python]
      x-ms-client-request-id: [cc6f02fa-d194-11e8-b376-000d3a041d7c.0]
    method: GET
    uri: https://akharitadls.azuredatalakestore.net/webhdfs/v1/azure_python_sdk_test_dir437f8326-2c53-487e-b0f0-0cd298e9ca49/a?OP=OPEN&api-version=2018-05-01&offset=22&length=4&read=true&filesessionid=9fef00e5-6371-422c-9a6b-3bd7f6f9700a
  response:
    body: {string: mnop}
    headers:
      Cache-Control: ['no-cache, no-cache, no-store, max-age=0']
      Content-Type: [application/octet-stream]
      Date: ['Tue, 16 Oct 2018 22:42:44 GMT']
      Expires: ['-1']
      Pragma: [no-cache]
      Status: ['0x0']
      Strict-Transport-Security: [max-age=15724800; includeSubDomains]
      Transfer-Encoding: [chunked]
      X-Content-Type-Options: [nosniff]
      x-ms-request-id: [c8945abf-0808-4c07-a5c1-dacae870ed2f]
      x-ms-webhdfs-version: [17.04.24.00]
    status: {code: 200, message: OK}
- request:
    body: null
    headers:
      Accept: ['*/*']
      Accept-Encoding: ['gzip, deflate']
      Connection: [keep-alive]
      User-Agent: [python/3.7.0 (Windows-10-10.0.14393-SP0) azure.datalake.store.lib/0.0.34
          Azure-Data-Lake-Store-SDK-For-Python]
      x-ms-client-request-id: [cc722d28-d194-11e8-b6a4-000d3a041d7c.0]
    method: GET
    uri: https://akharitadls.azuredatalakestore.net/webhdfs/v1/azure_python_sdk_test_dir437f8326-2c53-487e-b0f0-0cd298e9ca49/a?OP=OPEN&api-version=2018-05-01&offset=26&length=4&read=true&filesessionid=9fef00e5-6371-422c-9a6b-3bd7f6f9700a
  response:
    body: {string: qrst}
    headers:
      Cache-Control: ['no-cache, no-cache, no-store, max-age=0']
      Content-Type: [application/octet-stream]
      Date: ['Tue, 16 Oct 2018 22:42:44 GMT']
      Expires: ['-1']
      Pragma: [no-cache]
      Status: ['0x0']
      Strict-Transport-Security: [max-age=15724800; includeSubDomains]
      Transfer-Encoding: [chunked]
      X-Content-Type-Options: [nosniff]
      x-ms-request-id: [663c19a1-cc55-41ac-ace2-5280e4a9ca54]
      x-ms-webhdfs-version: [17.04.24.00]
    status: {code: 200, message: OK}
- request:
    body: null
    headers:
      Accept: ['*/*']
      Accept-Encoding: ['gzip, deflate']
      Connection: [keep-alive]
      User-Agent: [python/3.7.0 (Windows-10-10.0.14393-SP0) azure.datalake.store.lib/0.0.34
          Azure-Data-Lake-Store-SDK-For-Python]
      x-ms-client-request-id: [cc75c164-d194-11e8-b4c4-000d3a041d7c.0]
    method: GET
    uri: https://akharitadls.azuredatalakestore.net/webhdfs/v1/azure_python_sdk_test_dir437f8326-2c53-487e-b0f0-0cd298e9ca49/a?OP=OPEN&api-version=2018-05-01&offset=30&length=4&read=true&filesessionid=9fef00e5-6371-422c-9a6b-3bd7f6f9700a
  response:
    body: {string: uvwx}
    headers:
      Cache-Control: ['no-cache, no-cache, no-store, max-age=0']
      Content-Type: [application/octet-stream]
      Date: ['Tue, 16 Oct 2018 22:42:44 GMT']
      Expires: ['-1']
      Pragma: [no-cache]
      Status: ['0x0']
      Strict-Transport-Security: [max-age=15724800; includeSubDomains]
      Transfer-Encoding: [chunked]
      X-Content-Type-Options: [nosniff]
      x-ms-request-id: [a22a0f58-9eba-49de-aa93-cf8934be8e39]
      x-ms-webhdfs-version: [17.04.24.00]
    status: {code: 200, message: OK}
- request:
    body: null
    headers:
      Accept: ['*/*']
      Accept-Encoding: ['gzip, deflate']
      Connection: [keep-alive]
      User-Agent: [python/3.7.0 (Windows-10-10.0.14393-SP0) azure.datalake.store.lib/0.0.34
          Azure-Data-Lake-Store-SDK-For-Python]
      x-ms-client-request-id: [cc796b00-d194-11e8-98a8-000d3a041d7c.0]
    method: GET
    uri: https://akharitadls.azuredatalakestore.net/webhdfs/v1/azure_python_sdk_test_dir437f8326-2c53-487e-b0f0-0cd298e9ca49/a?OP=OPEN&api-version=2018-05-01&offset=34&length=2&read=true&filesessionid=9fef00e5-6371-422c-9a6b-3bd7f6f9700a
  response:
    body: {string: yz}
    headers:
      Cache-Control: ['no-cache, no-cache, no-store, max-age=0']
      Content-Type: [application/octet-stream]
      Date: ['Tue, 16 Oct 2018 22:42:44 GMT']
      Expires: ['-1']
      Pragma: [no-cache]
      Status: ['0x0']
      Strict-Transport-Security: [max-age=15724800; includeSubDomains]
      Transfer-Encoding: [chunked]
      X-Content-Type-Options: [nosniff]
      x-ms-request-id: [944ef3ca-f12f-4ddc-9b1f-e178deadab68]
      x-ms-webhdfs-version: [17.04.24.00]
    status: {code: 200, message: OK}
- request:
    body: null
    headers:
      Accept: ['*/*']
      Accept-Encoding: ['gzip, deflate']
      Connection: [keep-alive]
      User-Agent: [python/3.7.0 (Windows-10-10.0.14393-SP0) azure.datalake.store.lib/0.0.34
          Azure-Data-Lake-Store-SDK-For-Python]
      x-ms-client-request-id: [cc7c2a34-d194-11e8-b327-000d3a041d7c.0]
    method: GET
    uri: https://akharitadls.azuredatalakestore.net/webhdfs/v1/azure_python_sdk_test_dir437f8326-2c53-487e-b0f0-0cd298e9ca49/a?OP=GETFILESTATUS&api-version=2018-05-01
  response:
    body: {string: '{"FileStatus":{"length":36,"pathSuffix":"","type":"FILE","blockSize":268435456,"accessTime":1539729764704,"modificationTime":1539729764738,"replication":1,"permission":"770","owner":"a0b3cb87-9ca9-4769-af48-e687823d8937","group":"6d86a146-d7dc-49d0-862f-1897c5dd2afe","msExpirationTime":0,"aclBit":false}}'}
    headers:
      Cache-Control: ['no-cache, no-cache, no-store, max-age=0']
      Content-Length: ['305']
      Content-Type: [application/json; charset=utf-8]
      Date: ['Tue, 16 Oct 2018 22:42:44 GMT']
      Expires: ['-1']
      Pragma: [no-cache]
      Status: ['0x0']
      Strict-Transport-Security: [max-age=15724800; includeSubDomains]
      X-Content-Type-Options: [nosniff]
      x-ms-request-id: [ff1aaa19-1a4a-4da8-b1b5-1b4e5c11e201]
      x-ms-webhdfs-version: [17.04.24.00]
    status: {code: 200, message: OK}
- request:
    body: null
    headers:
      Accept: ['*/*']
      Accept-Encoding: ['gzip, deflate']
      Connection: [keep-alive]
      Content-Length: ['0']
      User-Agent: [python/3.7.0 (Windows-10-10.0.14393-SP0) azure.datalake.store.lib/0.0.34
          Azure-Data-Lake-Store-SDK-For-Python]
      x-ms-client-request-id: [cc7e7434-d194-11e8-a428-000d3a041d7c.0]
    method: DELETE
    uri: https://akharitadls.azuredatalakestore.net/webhdfs/v1/azure_python_sdk_test_dir437f8326-2c53-487e-b0f0-0cd298e9ca49/a?OP=DELETE&api-version=2018-05-01&recursive=True
  response:
    body: {string: '{"boolean":true}'}
    headers:
      Cache-Control: ['no-cache, no-cache, no-store, max-age=0']
      Content-Length: ['16']
      Content-Type: [application/json; charset=utf-8]
      Date: ['Tue, 16 Oct 2018 22:42:45 GMT']
      Expires: ['-1']
      Pragma: [no-cache]
      Status: ['0x0']
      Strict-Transport-Security: [max-age=15724800; includeSubDomains]
      X-Content-Type-Options: [nosniff]
      x-ms-request-id: [7d0d9b68-0043-48fb-927e-909c1425fb59]
      x-ms-webhdfs-version: [17.04.24.00]
    status: {code: 200, message: OK}
- request:
    body: null
    headers:
      Accept: ['*/*']
      Accept-Encoding: ['gzip, deflate']
      Connection: [keep-alive]
      User-Agent: [python/2.7.13 (Windows-10-10.0.14393) azure.datalake.store.lib/0.0.34
          Azure-Data-Lake-Store-SDK-For-Python]
      x-ms-client-request-id: [6b37984f-dbd6-11e8-af8e-000d3a041d7c.0]
    method: GET
    uri: https://akharitadls.azuredatalakestore.net/webhdfs/v1/azure_python_sdk_test_dir09a10d70-be51-4e07-9161-481937d28385/a?api-version=2018-05-01&OP=GETFILESTATUS
  response:
    body: {string: '{"RemoteException":{"exception":"FileNotFoundException","message":"File/Folder
        does not exist: /azure_python_sdk_test_dir09a10d70-be51-4e07-9161-481937d28385/a
        [49ab0f39-5c29-48de-a944-86de2d75fe39][2018-10-29T16:57:40.3488221-07:00]","javaClassName":"java.io.FileNotFoundException"}}'}
    headers:
      cache-control: ['no-cache, no-cache, no-store, max-age=0']
      content-length: ['284']
      content-type: [application/json; charset=utf-8]
      date: ['Mon, 29 Oct 2018 23:57:40 GMT']
      expires: ['-1']
      pragma: [no-cache]
      status: ['0x8309000A']
      strict-transport-security: [max-age=15724800; includeSubDomains]
      x-content-type-options: [nosniff]
      x-ms-request-id: [49ab0f39-5c29-48de-a944-86de2d75fe39]
      x-ms-webhdfs-version: [17.04.24.00]
    status: {code: 404, message: Not Found}
- request:
    body: 0123456789abcdefghijklmnopqrstuvwxyz
    headers:
      Accept: ['*/*']
      Accept-Encoding: ['gzip, deflate']
      Connection: [keep-alive]
      Content-Length: ['36']
      User-Agent: [python/2.7.13 (Windows-10-10.0.14393) azure.datalake.store.lib/0.0.34
          Azure-Data-Lake-Store-SDK-For-Python]
      x-ms-client-request-id: [6b3f1261-dbd6-11e8-add0-000d3a041d7c.0]
    method: PUT
    uri: https://akharitadls.azuredatalakestore.net/webhdfs/v1/azure_python_sdk_test_dir09a10d70-be51-4e07-9161-481937d28385/a?filesessionid=664ee832-17a2-4469-b22b-69f0530876d1&write=true&leaseid=664ee832-17a2-4469-b22b-69f0530876d1&api-version=2018-05-01&syncFlag=CLOSE&overwrite=true&OP=CREATE
  response:
    body: {string: ''}
    headers:
      cache-control: ['no-cache, no-cache, no-store, max-age=0']
      content-length: ['0']
      contentlength: ['0']
      date: ['Mon, 29 Oct 2018 23:57:40 GMT']
      expires: ['-1']
      location: ['https://akharitadls.azuredatalakestore.net/webhdfs/v1/azure_python_sdk_test_dir09a10d70-be51-4e07-9161-481937d28385/a?filesessionid=664ee832-17a2-4469-b22b-69f0530876d1&write=true&leaseid=664ee832-17a2-4469-b22b-69f0530876d1&api-version=2018-05-01&syncFlag=CLOSE&overwrite=true&OP=CREATE']
      pragma: [no-cache]
      status: ['0x0']
      strict-transport-security: [max-age=15724800; includeSubDomains]
      x-content-type-options: [nosniff]
      x-ms-request-id: [efdee2a2-1840-436f-b95b-2ec5be6545ec]
      x-ms-webhdfs-version: [17.04.24.00]
    status: {code: 201, message: Created}
- request:
    body: null
    headers:
      Accept: ['*/*']
      Accept-Encoding: ['gzip, deflate']
      Connection: [keep-alive]
      User-Agent: [python/2.7.13 (Windows-10-10.0.14393) azure.datalake.store.lib/0.0.34
          Azure-Data-Lake-Store-SDK-For-Python]
      x-ms-client-request-id: [6b66bea1-dbd6-11e8-994e-000d3a041d7c.0]
    method: GET
    uri: https://akharitadls.azuredatalakestore.net/webhdfs/v1/azure_python_sdk_test_dir09a10d70-be51-4e07-9161-481937d28385/a?api-version=2018-05-01&OP=GETFILESTATUS
  response:
    body: {string: '{"FileStatus":{"length":36,"pathSuffix":"","type":"FILE","blockSize":268435456,"accessTime":1540857460432,"modificationTime":1540857460473,"replication":1,"permission":"770","owner":"a0b3cb87-9ca9-4769-af48-e687823d8937","group":"6d86a146-d7dc-49d0-862f-1897c5dd2afe","msExpirationTime":0,"aclBit":false}}'}
    headers:
      cache-control: ['no-cache, no-cache, no-store, max-age=0']
      content-length: ['305']
      content-type: [application/json; charset=utf-8]
      date: ['Mon, 29 Oct 2018 23:57:40 GMT']
      expires: ['-1']
      pragma: [no-cache]
      status: ['0x0']
      strict-transport-security: [max-age=15724800; includeSubDomains]
      x-content-type-options: [nosniff]
      x-ms-request-id: [8ab040ee-7f96-46d3-bfd9-b676696b051c]
      x-ms-webhdfs-version: [17.04.24.00]
    status: {code: 200, message: OK}
- request:
    body: null
    headers:
      Accept: ['*/*']
      Accept-Encoding: ['gzip, deflate']
      Connection: [keep-alive]
      User-Agent: [python/2.7.13 (Windows-10-10.0.14393) azure.datalake.store.lib/0.0.34
          Azure-Data-Lake-Store-SDK-For-Python]
      x-ms-client-request-id: [6b69f2f0-dbd6-11e8-b6c2-000d3a041d7c.0]
    method: GET
    uri: https://akharitadls.azuredatalakestore.net/webhdfs/v1/azure_python_sdk_test_dir09a10d70-be51-4e07-9161-481937d28385/a?api-version=2018-05-01&OP=GETFILESTATUS
  response:
    body: {string: '{"FileStatus":{"length":36,"pathSuffix":"","type":"FILE","blockSize":268435456,"accessTime":1540857460432,"modificationTime":1540857460473,"replication":1,"permission":"770","owner":"a0b3cb87-9ca9-4769-af48-e687823d8937","group":"6d86a146-d7dc-49d0-862f-1897c5dd2afe","msExpirationTime":0,"aclBit":false}}'}
    headers:
      cache-control: ['no-cache, no-cache, no-store, max-age=0']
      content-length: ['305']
      content-type: [application/json; charset=utf-8]
      date: ['Mon, 29 Oct 2018 23:57:40 GMT']
      expires: ['-1']
      pragma: [no-cache]
      status: ['0x0']
      strict-transport-security: [max-age=15724800; includeSubDomains]
      x-content-type-options: [nosniff]
      x-ms-request-id: [26b27806-734e-4f92-b2b1-c3aab849bd14]
      x-ms-webhdfs-version: [17.04.24.00]
    status: {code: 200, message: OK}
- request:
    body: null
    headers:
      Accept: ['*/*']
      Accept-Encoding: ['gzip, deflate']
      Connection: [keep-alive]
      User-Agent: [python/2.7.13 (Windows-10-10.0.14393) azure.datalake.store.lib/0.0.34
          Azure-Data-Lake-Store-SDK-For-Python]
      x-ms-client-request-id: [6b6cb211-dbd6-11e8-afd0-000d3a041d7c.0]
    method: GET
    uri: https://akharitadls.azuredatalakestore.net/webhdfs/v1/azure_python_sdk_test_dir09a10d70-be51-4e07-9161-481937d28385/a?api-version=2018-05-01&OP=GETFILESTATUS
  response:
    body: {string: '{"FileStatus":{"length":36,"pathSuffix":"","type":"FILE","blockSize":268435456,"accessTime":1540857460432,"modificationTime":1540857460473,"replication":1,"permission":"770","owner":"a0b3cb87-9ca9-4769-af48-e687823d8937","group":"6d86a146-d7dc-49d0-862f-1897c5dd2afe","msExpirationTime":0,"aclBit":false}}'}
    headers:
      cache-control: ['no-cache, no-cache, no-store, max-age=0']
      content-length: ['305']
      content-type: [application/json; charset=utf-8]
      date: ['Mon, 29 Oct 2018 23:57:40 GMT']
      expires: ['-1']
      pragma: [no-cache]
      status: ['0x0']
      strict-transport-security: [max-age=15724800; includeSubDomains]
      x-content-type-options: [nosniff]
      x-ms-request-id: [5f0ebbb3-71d6-4613-93ee-1ae506a0f05b]
      x-ms-webhdfs-version: [17.04.24.00]
    status: {code: 200, message: OK}
- request:
    body: null
    headers:
      Accept: ['*/*']
      Accept-Encoding: ['gzip, deflate']
      Connection: [keep-alive]
      User-Agent: [python/2.7.13 (Windows-10-10.0.14393) azure.datalake.store.lib/0.0.34
          Azure-Data-Lake-Store-SDK-For-Python]
      x-ms-client-request-id: [6b6f4a21-dbd6-11e8-ac0b-000d3a041d7c.0]
    method: GET
    uri: https://akharitadls.azuredatalakestore.net/webhdfs/v1/azure_python_sdk_test_dir09a10d70-be51-4e07-9161-481937d28385/a?filesessionid=7522c148-7956-4893-91b4-639ac766e2b2&read=true&length=4&offset=2&api-version=2018-05-01&OP=OPEN
  response:
    body: {string: '2345'}
    headers:
      cache-control: ['no-cache, no-cache, no-store, max-age=0']
      content-type: [application/octet-stream]
      date: ['Mon, 29 Oct 2018 23:57:40 GMT']
      expires: ['-1']
      pragma: [no-cache]
      status: ['0x0']
      strict-transport-security: [max-age=15724800; includeSubDomains]
      transfer-encoding: [chunked]
      x-content-type-options: [nosniff]
      x-ms-request-id: [c89b789f-5222-498d-b46b-23bf263609dd]
      x-ms-webhdfs-version: [17.04.24.00]
    status: {code: 200, message: OK}
- request:
    body: null
    headers:
      Accept: ['*/*']
      Accept-Encoding: ['gzip, deflate']
      Connection: [keep-alive]
      User-Agent: [python/2.7.13 (Windows-10-10.0.14393) azure.datalake.store.lib/0.0.34
          Azure-Data-Lake-Store-SDK-For-Python]
      x-ms-client-request-id: [6b832040-dbd6-11e8-b4dc-000d3a041d7c.0]
    method: GET
    uri: https://akharitadls.azuredatalakestore.net/webhdfs/v1/azure_python_sdk_test_dir09a10d70-be51-4e07-9161-481937d28385/a?filesessionid=7522c148-7956-4893-91b4-639ac766e2b2&read=true&length=4&offset=6&api-version=2018-05-01&OP=OPEN
  response:
    body: {string: '6789'}
    headers:
      cache-control: ['no-cache, no-cache, no-store, max-age=0']
      content-type: [application/octet-stream]
      date: ['Mon, 29 Oct 2018 23:57:40 GMT']
      expires: ['-1']
      pragma: [no-cache]
      status: ['0x0']
      strict-transport-security: [max-age=15724800; includeSubDomains]
      transfer-encoding: [chunked]
      x-content-type-options: [nosniff]
      x-ms-request-id: [639d3d61-bddc-4df8-8808-3fbad35bdd83]
      x-ms-webhdfs-version: [17.04.24.00]
    status: {code: 200, message: OK}
- request:
    body: null
    headers:
      Accept: ['*/*']
      Accept-Encoding: ['gzip, deflate']
      Connection: [keep-alive]
      User-Agent: [python/2.7.13 (Windows-10-10.0.14393) azure.datalake.store.lib/0.0.34
          Azure-Data-Lake-Store-SDK-For-Python]
      x-ms-client-request-id: [6b885061-dbd6-11e8-885a-000d3a041d7c.0]
    method: GET
    uri: https://akharitadls.azuredatalakestore.net/webhdfs/v1/azure_python_sdk_test_dir09a10d70-be51-4e07-9161-481937d28385/a?filesessionid=7522c148-7956-4893-91b4-639ac766e2b2&read=true&length=4&offset=10&api-version=2018-05-01&OP=OPEN
  response:
    body: {string: abcd}
    headers:
      cache-control: ['no-cache, no-cache, no-store, max-age=0']
      content-type: [application/octet-stream]
      date: ['Mon, 29 Oct 2018 23:57:40 GMT']
      expires: ['-1']
      pragma: [no-cache]
      status: ['0x0']
      strict-transport-security: [max-age=15724800; includeSubDomains]
      transfer-encoding: [chunked]
      x-content-type-options: [nosniff]
      x-ms-request-id: [62b29833-96ff-463f-ae5f-b69de68108a7]
      x-ms-webhdfs-version: [17.04.24.00]
    status: {code: 200, message: OK}
- request:
    body: null
    headers:
      Accept: ['*/*']
      Accept-Encoding: ['gzip, deflate']
      Connection: [keep-alive]
      User-Agent: [python/2.7.13 (Windows-10-10.0.14393) azure.datalake.store.lib/0.0.34
          Azure-Data-Lake-Store-SDK-For-Python]
      x-ms-client-request-id: [6b8cbd30-dbd6-11e8-92ab-000d3a041d7c.0]
    method: GET
    uri: https://akharitadls.azuredatalakestore.net/webhdfs/v1/azure_python_sdk_test_dir09a10d70-be51-4e07-9161-481937d28385/a?filesessionid=7522c148-7956-4893-91b4-639ac766e2b2&read=true&length=4&offset=14&api-version=2018-05-01&OP=OPEN
  response:
    body: {string: efgh}
    headers:
      cache-control: ['no-cache, no-cache, no-store, max-age=0']
      content-type: [application/octet-stream]
      date: ['Mon, 29 Oct 2018 23:57:40 GMT']
      expires: ['-1']
      pragma: [no-cache]
      status: ['0x0']
      strict-transport-security: [max-age=15724800; includeSubDomains]
      transfer-encoding: [chunked]
      x-content-type-options: [nosniff]
      x-ms-request-id: [2cc14b8c-a532-4c30-afb9-9d2c885529ad]
      x-ms-webhdfs-version: [17.04.24.00]
    status: {code: 200, message: OK}
- request:
    body: null
    headers:
      Accept: ['*/*']
      Accept-Encoding: ['gzip, deflate']
      Connection: [keep-alive]
      User-Agent: [python/2.7.13 (Windows-10-10.0.14393) azure.datalake.store.lib/0.0.34
          Azure-Data-Lake-Store-SDK-For-Python]
      x-ms-client-request-id: [6b8ff180-dbd6-11e8-8132-000d3a041d7c.0]
    method: GET
    uri: https://akharitadls.azuredatalakestore.net/webhdfs/v1/azure_python_sdk_test_dir09a10d70-be51-4e07-9161-481937d28385/a?filesessionid=7522c148-7956-4893-91b4-639ac766e2b2&read=true&length=4&offset=18&api-version=2018-05-01&OP=OPEN
  response:
    body: {string: ijkl}
    headers:
      cache-control: ['no-cache, no-cache, no-store, max-age=0']
      content-type: [application/octet-stream]
      date: ['Mon, 29 Oct 2018 23:57:40 GMT']
      expires: ['-1']
      pragma: [no-cache]
      status: ['0x0']
      strict-transport-security: [max-age=15724800; includeSubDomains]
      transfer-encoding: [chunked]
      x-content-type-options: [nosniff]
      x-ms-request-id: [ead4a7fb-39cd-4f60-a5aa-7d0f3eb8afce]
      x-ms-webhdfs-version: [17.04.24.00]
    status: {code: 200, message: OK}
- request:
    body: null
    headers:
      Accept: ['*/*']
      Accept-Encoding: ['gzip, deflate']
      Connection: [keep-alive]
      User-Agent: [python/2.7.13 (Windows-10-10.0.14393) azure.datalake.store.lib/0.0.34
          Azure-Data-Lake-Store-SDK-For-Python]
      x-ms-client-request-id: [6b92fec0-dbd6-11e8-ade0-000d3a041d7c.0]
    method: GET
    uri: https://akharitadls.azuredatalakestore.net/webhdfs/v1/azure_python_sdk_test_dir09a10d70-be51-4e07-9161-481937d28385/a?filesessionid=7522c148-7956-4893-91b4-639ac766e2b2&read=true&length=4&offset=22&api-version=2018-05-01&OP=OPEN
  response:
    body: {string: mnop}
    headers:
      cache-control: ['no-cache, no-cache, no-store, max-age=0']
      content-type: [application/octet-stream]
      date: ['Mon, 29 Oct 2018 23:57:40 GMT']
      expires: ['-1']
      pragma: [no-cache]
      status: ['0x0']
      strict-transport-security: [max-age=15724800; includeSubDomains]
      transfer-encoding: [chunked]
      x-content-type-options: [nosniff]
      x-ms-request-id: [9f14c150-31fc-4add-9354-7435905cf527]
      x-ms-webhdfs-version: [17.04.24.00]
    status: {code: 200, message: OK}
- request:
    body: null
    headers:
      Accept: ['*/*']
      Accept-Encoding: ['gzip, deflate']
      Connection: [keep-alive]
      User-Agent: [python/2.7.13 (Windows-10-10.0.14393) azure.datalake.store.lib/0.0.34
          Azure-Data-Lake-Store-SDK-For-Python]
      x-ms-client-request-id: [6b97e0c0-dbd6-11e8-8ecc-000d3a041d7c.0]
    method: GET
    uri: https://akharitadls.azuredatalakestore.net/webhdfs/v1/azure_python_sdk_test_dir09a10d70-be51-4e07-9161-481937d28385/a?filesessionid=7522c148-7956-4893-91b4-639ac766e2b2&read=true&length=4&offset=26&api-version=2018-05-01&OP=OPEN
  response:
    body: {string: qrst}
    headers:
      cache-control: ['no-cache, no-cache, no-store, max-age=0']
      content-type: [application/octet-stream]
      date: ['Mon, 29 Oct 2018 23:57:40 GMT']
      expires: ['-1']
      pragma: [no-cache]
      status: ['0x0']
      strict-transport-security: [max-age=15724800; includeSubDomains]
      transfer-encoding: [chunked]
      x-content-type-options: [nosniff]
      x-ms-request-id: [6984884f-12c6-469d-a011-f00634945f1c]
      x-ms-webhdfs-version: [17.04.24.00]
    status: {code: 200, message: OK}
- request:
    body: null
    headers:
      Accept: ['*/*']
      Accept-Encoding: ['gzip, deflate']
      Connection: [keep-alive]
      User-Agent: [python/2.7.13 (Windows-10-10.0.14393) azure.datalake.store.lib/0.0.34
          Azure-Data-Lake-Store-SDK-For-Python]
      x-ms-client-request-id: [6b9bff70-dbd6-11e8-b861-000d3a041d7c.0]
    method: GET
    uri: https://akharitadls.azuredatalakestore.net/webhdfs/v1/azure_python_sdk_test_dir09a10d70-be51-4e07-9161-481937d28385/a?filesessionid=7522c148-7956-4893-91b4-639ac766e2b2&read=true&length=4&offset=30&api-version=2018-05-01&OP=OPEN
  response:
    body: {string: uvwx}
    headers:
      cache-control: ['no-cache, no-cache, no-store, max-age=0']
      content-type: [application/octet-stream]
      date: ['Mon, 29 Oct 2018 23:57:40 GMT']
      expires: ['-1']
      pragma: [no-cache]
      status: ['0x0']
      strict-transport-security: [max-age=15724800; includeSubDomains]
      transfer-encoding: [chunked]
      x-content-type-options: [nosniff]
      x-ms-request-id: [8d4bc2e1-acf3-4fc9-8c38-70033c527cdd]
      x-ms-webhdfs-version: [17.04.24.00]
    status: {code: 200, message: OK}
- request:
    body: null
    headers:
      Accept: ['*/*']
      Accept-Encoding: ['gzip, deflate']
      Connection: [keep-alive]
      User-Agent: [python/2.7.13 (Windows-10-10.0.14393) azure.datalake.store.lib/0.0.34
          Azure-Data-Lake-Store-SDK-For-Python]
      x-ms-client-request-id: [6b9f33c0-dbd6-11e8-ae31-000d3a041d7c.0]
    method: GET
    uri: https://akharitadls.azuredatalakestore.net/webhdfs/v1/azure_python_sdk_test_dir09a10d70-be51-4e07-9161-481937d28385/a?filesessionid=7522c148-7956-4893-91b4-639ac766e2b2&read=true&length=2&offset=34&api-version=2018-05-01&OP=OPEN
  response:
    body: {string: yz}
    headers:
      cache-control: ['no-cache, no-cache, no-store, max-age=0']
      content-type: [application/octet-stream]
      date: ['Mon, 29 Oct 2018 23:57:40 GMT']
      expires: ['-1']
      pragma: [no-cache]
      status: ['0x0']
      strict-transport-security: [max-age=15724800; includeSubDomains]
      transfer-encoding: [chunked]
      x-content-type-options: [nosniff]
      x-ms-request-id: [0d0fd5ad-b713-4e09-b46c-c5c421269c4a]
      x-ms-webhdfs-version: [17.04.24.00]
    status: {code: 200, message: OK}
- request:
    body: null
    headers:
      Accept: ['*/*']
      Accept-Encoding: ['gzip, deflate']
      Connection: [keep-alive]
      User-Agent: [python/2.7.13 (Windows-10-10.0.14393) azure.datalake.store.lib/0.0.34
          Azure-Data-Lake-Store-SDK-For-Python]
      x-ms-client-request-id: [6ba28f1e-dbd6-11e8-b842-000d3a041d7c.0]
    method: GET
    uri: https://akharitadls.azuredatalakestore.net/webhdfs/v1/azure_python_sdk_test_dir09a10d70-be51-4e07-9161-481937d28385/a?api-version=2018-05-01&OP=GETFILESTATUS
  response:
    body: {string: '{"FileStatus":{"length":36,"pathSuffix":"","type":"FILE","blockSize":268435456,"accessTime":1540857460432,"modificationTime":1540857460473,"replication":1,"permission":"770","owner":"a0b3cb87-9ca9-4769-af48-e687823d8937","group":"6d86a146-d7dc-49d0-862f-1897c5dd2afe","msExpirationTime":0,"aclBit":false}}'}
    headers:
      cache-control: ['no-cache, no-cache, no-store, max-age=0']
      content-length: ['305']
      content-type: [application/json; charset=utf-8]
      date: ['Mon, 29 Oct 2018 23:57:40 GMT']
      expires: ['-1']
      pragma: [no-cache]
      status: ['0x0']
      strict-transport-security: [max-age=15724800; includeSubDomains]
      x-content-type-options: [nosniff]
      x-ms-request-id: [fddaf4bc-c20f-4fc2-8bd8-e8daddcab92b]
      x-ms-webhdfs-version: [17.04.24.00]
    status: {code: 200, message: OK}
- request:
    body: null
    headers:
      Accept: ['*/*']
      Accept-Encoding: ['gzip, deflate']
      Connection: [keep-alive]
      Content-Length: ['0']
      User-Agent: [python/2.7.13 (Windows-10-10.0.14393) azure.datalake.store.lib/0.0.34
          Azure-Data-Lake-Store-SDK-For-Python]
      x-ms-client-request-id: [6ba54e40-dbd6-11e8-8db6-000d3a041d7c.0]
    method: DELETE
    uri: https://akharitadls.azuredatalakestore.net/webhdfs/v1/azure_python_sdk_test_dir09a10d70-be51-4e07-9161-481937d28385/a?api-version=2018-05-01&recursive=True&OP=DELETE
  response:
    body: {string: '{"boolean":true}'}
    headers:
      cache-control: ['no-cache, no-cache, no-store, max-age=0']
      content-length: ['16']
      content-type: [application/json; charset=utf-8]
      date: ['Mon, 29 Oct 2018 23:57:40 GMT']
      expires: ['-1']
      pragma: [no-cache]
      status: ['0x0']
      strict-transport-security: [max-age=15724800; includeSubDomains]
      x-content-type-options: [nosniff]
      x-ms-request-id: [fdf9f168-48d3-4f9d-8ccf-e3c276e09eea]
      x-ms-webhdfs-version: [17.04.24.00]
    status: {code: 200, message: OK}
- request:
    body: null
    headers:
      Accept: ['*/*']
      Accept-Encoding: ['gzip, deflate']
      Connection: [keep-alive]
      User-Agent: [python/3.7.0 (Windows-10-10.0.14393-SP0) azure.datalake.store.lib/0.0.37
          Azure-Data-Lake-Store-SDK-For-Python]
      x-ms-client-request-id: [5f119762-e6d5-11e8-b702-000d3a02e7d7.0]
    method: GET
    uri: https://akharitadls.azuredatalakestore.net/webhdfs/v1/azure_python_sdk_test_dir22bc5d88-20b0-431d-ba7c-a88cf6baf681/a?OP=GETFILESTATUS&api-version=2018-05-01
  response:
    body: {string: '{"RemoteException":{"exception":"FileNotFoundException","message":"File/Folder
        does not exist: /azure_python_sdk_test_dir22bc5d88-20b0-431d-ba7c-a88cf6baf681/a
        [4aa8bd27-df95-4b46-97d8-af0c8003014a][2018-11-12T15:47:53.2693174-08:00]","javaClassName":"java.io.FileNotFoundException"}}'}
    headers:
      Cache-Control: ['no-cache, no-cache, no-store, max-age=0']
      Content-Length: ['284']
      Content-Type: [application/json; charset=utf-8]
      Date: ['Mon, 12 Nov 2018 23:47:52 GMT']
      Expires: ['-1']
      Pragma: [no-cache]
      Status: ['0x8309000A']
      Strict-Transport-Security: [max-age=15724800; includeSubDomains]
      X-Content-Type-Options: [nosniff]
      x-ms-request-id: [4aa8bd27-df95-4b46-97d8-af0c8003014a]
      x-ms-webhdfs-version: [17.04.24.00]
    status: {code: 404, message: Not Found}
- request:
    body: 0123456789abcdefghijklmnopqrstuvwxyz
    headers:
      Accept: ['*/*']
      Accept-Encoding: ['gzip, deflate']
      Connection: [keep-alive]
      Content-Length: ['36']
      User-Agent: [python/3.7.0 (Windows-10-10.0.14393-SP0) azure.datalake.store.lib/0.0.37
          Azure-Data-Lake-Store-SDK-For-Python]
      x-ms-client-request-id: [5f1b1d9c-e6d5-11e8-993b-000d3a02e7d7.0]
    method: PUT
    uri: https://akharitadls.azuredatalakestore.net/webhdfs/v1/azure_python_sdk_test_dir22bc5d88-20b0-431d-ba7c-a88cf6baf681/a?OP=CREATE&api-version=2018-05-01&overwrite=true&write=true&syncFlag=CLOSE&leaseid=492b03d7-de1c-4431-ae98-0fd3016278f8&filesessionid=492b03d7-de1c-4431-ae98-0fd3016278f8
  response:
    body: {string: ''}
    headers:
      Cache-Control: ['no-cache, no-cache, no-store, max-age=0']
      Content-Length: ['0']
      ContentLength: ['0']
      Date: ['Mon, 12 Nov 2018 23:47:52 GMT']
      Expires: ['-1']
      Location: ['https://akharitadls.azuredatalakestore.net/webhdfs/v1/azure_python_sdk_test_dir22bc5d88-20b0-431d-ba7c-a88cf6baf681/a?OP=CREATE&api-version=2018-05-01&overwrite=true&write=true&syncFlag=CLOSE&leaseid=492b03d7-de1c-4431-ae98-0fd3016278f8&filesessionid=492b03d7-de1c-4431-ae98-0fd3016278f8']
      Pragma: [no-cache]
      Status: ['0x0']
      Strict-Transport-Security: [max-age=15724800; includeSubDomains]
      X-Content-Type-Options: [nosniff]
      x-ms-request-id: [de0f5efa-389a-4b01-b2ac-a81ba8e3cf88]
      x-ms-webhdfs-version: [17.04.24.00]
    status: {code: 201, message: Created}
- request:
    body: null
    headers:
      Accept: ['*/*']
      Accept-Encoding: ['gzip, deflate']
      Connection: [keep-alive]
      User-Agent: [python/3.7.0 (Windows-10-10.0.14393-SP0) azure.datalake.store.lib/0.0.37
          Azure-Data-Lake-Store-SDK-For-Python]
      x-ms-client-request-id: [5f2bcf52-e6d5-11e8-9282-000d3a02e7d7.0]
    method: GET
    uri: https://akharitadls.azuredatalakestore.net/webhdfs/v1/azure_python_sdk_test_dir22bc5d88-20b0-431d-ba7c-a88cf6baf681/a?OP=GETFILESTATUS&api-version=2018-05-01
  response:
    body: {string: '{"FileStatus":{"length":36,"pathSuffix":"","type":"FILE","blockSize":268435456,"accessTime":1542066473309,"modificationTime":1542066473331,"replication":1,"permission":"770","owner":"a0b3cb87-9ca9-4769-af48-e687823d8937","group":"6d86a146-d7dc-49d0-862f-1897c5dd2afe","msExpirationTime":0,"aclBit":false}}'}
    headers:
      Cache-Control: ['no-cache, no-cache, no-store, max-age=0']
      Content-Length: ['305']
      Content-Type: [application/json; charset=utf-8]
      Date: ['Mon, 12 Nov 2018 23:47:52 GMT']
      Expires: ['-1']
      Pragma: [no-cache]
      Status: ['0x0']
      Strict-Transport-Security: [max-age=15724800; includeSubDomains]
      X-Content-Type-Options: [nosniff]
      x-ms-request-id: [12fc7ade-cac3-451c-9f8d-1e9b106d4c16]
      x-ms-webhdfs-version: [17.04.24.00]
    status: {code: 200, message: OK}
- request:
    body: null
    headers:
      Accept: ['*/*']
      Accept-Encoding: ['gzip, deflate']
      Connection: [keep-alive]
      User-Agent: [python/3.7.0 (Windows-10-10.0.14393-SP0) azure.datalake.store.lib/0.0.37
          Azure-Data-Lake-Store-SDK-For-Python]
      x-ms-client-request-id: [5f3092b6-e6d5-11e8-bee3-000d3a02e7d7.0]
    method: GET
    uri: https://akharitadls.azuredatalakestore.net/webhdfs/v1/azure_python_sdk_test_dir22bc5d88-20b0-431d-ba7c-a88cf6baf681/a?OP=GETFILESTATUS&api-version=2018-05-01
  response:
    body: {string: '{"FileStatus":{"length":36,"pathSuffix":"","type":"FILE","blockSize":268435456,"accessTime":1542066473309,"modificationTime":1542066473331,"replication":1,"permission":"770","owner":"a0b3cb87-9ca9-4769-af48-e687823d8937","group":"6d86a146-d7dc-49d0-862f-1897c5dd2afe","msExpirationTime":0,"aclBit":false}}'}
    headers:
      Cache-Control: ['no-cache, no-cache, no-store, max-age=0']
      Content-Length: ['305']
      Content-Type: [application/json; charset=utf-8]
      Date: ['Mon, 12 Nov 2018 23:47:52 GMT']
      Expires: ['-1']
      Pragma: [no-cache]
      Status: ['0x0']
      Strict-Transport-Security: [max-age=15724800; includeSubDomains]
      X-Content-Type-Options: [nosniff]
      x-ms-request-id: [06f1f6b7-8533-4d10-93b5-f077338a09e9]
      x-ms-webhdfs-version: [17.04.24.00]
    status: {code: 200, message: OK}
- request:
    body: null
    headers:
      Accept: ['*/*']
      Accept-Encoding: ['gzip, deflate']
      Connection: [keep-alive]
      User-Agent: [python/3.7.0 (Windows-10-10.0.14393-SP0) azure.datalake.store.lib/0.0.37
          Azure-Data-Lake-Store-SDK-For-Python]
      x-ms-client-request-id: [5f32f7c8-e6d5-11e8-81ae-000d3a02e7d7.0]
    method: GET
    uri: https://akharitadls.azuredatalakestore.net/webhdfs/v1/azure_python_sdk_test_dir22bc5d88-20b0-431d-ba7c-a88cf6baf681/a?OP=GETFILESTATUS&api-version=2018-05-01
  response:
    body: {string: '{"FileStatus":{"length":36,"pathSuffix":"","type":"FILE","blockSize":268435456,"accessTime":1542066473309,"modificationTime":1542066473331,"replication":1,"permission":"770","owner":"a0b3cb87-9ca9-4769-af48-e687823d8937","group":"6d86a146-d7dc-49d0-862f-1897c5dd2afe","msExpirationTime":0,"aclBit":false}}'}
    headers:
      Cache-Control: ['no-cache, no-cache, no-store, max-age=0']
      Content-Length: ['305']
      Content-Type: [application/json; charset=utf-8]
      Date: ['Mon, 12 Nov 2018 23:47:52 GMT']
      Expires: ['-1']
      Pragma: [no-cache]
      Status: ['0x0']
      Strict-Transport-Security: [max-age=15724800; includeSubDomains]
      X-Content-Type-Options: [nosniff]
      x-ms-request-id: [b9280185-c061-4b4c-834f-85dedfd5e248]
      x-ms-webhdfs-version: [17.04.24.00]
    status: {code: 200, message: OK}
- request:
    body: null
    headers:
      Accept: ['*/*']
      Accept-Encoding: ['gzip, deflate']
      Connection: [keep-alive]
      User-Agent: [python/3.7.0 (Windows-10-10.0.14393-SP0) azure.datalake.store.lib/0.0.37
          Azure-Data-Lake-Store-SDK-For-Python]
      x-ms-client-request-id: [5f355754-e6d5-11e8-9364-000d3a02e7d7.0]
    method: GET
    uri: https://akharitadls.azuredatalakestore.net/webhdfs/v1/azure_python_sdk_test_dir22bc5d88-20b0-431d-ba7c-a88cf6baf681/a?OP=OPEN&api-version=2018-05-01&offset=2&length=4&read=true&filesessionid=be8bceb0-62d3-443f-a7a1-82ce9ae4adb7
  response:
    body: {string: '2345'}
    headers:
      Cache-Control: ['no-cache, no-cache, no-store, max-age=0']
      Content-Type: [application/octet-stream]
      Date: ['Mon, 12 Nov 2018 23:47:52 GMT']
      Expires: ['-1']
      Pragma: [no-cache]
      Status: ['0x0']
      Strict-Transport-Security: [max-age=15724800; includeSubDomains]
      Transfer-Encoding: [chunked]
      X-Content-Type-Options: [nosniff]
      x-ms-request-id: [da605a50-e78f-4a31-8a27-de9c6cddf5e7]
      x-ms-webhdfs-version: [17.04.24.00]
    status: {code: 200, message: OK}
- request:
    body: null
    headers:
      Accept: ['*/*']
      Accept-Encoding: ['gzip, deflate']
      Connection: [keep-alive]
      User-Agent: [python/3.7.0 (Windows-10-10.0.14393-SP0) azure.datalake.store.lib/0.0.37
          Azure-Data-Lake-Store-SDK-For-Python]
      x-ms-client-request-id: [5f6508d8-e6d5-11e8-a5c6-000d3a02e7d7.0]
    method: GET
    uri: https://akharitadls.azuredatalakestore.net/webhdfs/v1/azure_python_sdk_test_dir22bc5d88-20b0-431d-ba7c-a88cf6baf681/a?OP=OPEN&api-version=2018-05-01&offset=6&length=4&read=true&filesessionid=be8bceb0-62d3-443f-a7a1-82ce9ae4adb7
  response:
    body: {string: '6789'}
    headers:
      Cache-Control: ['no-cache, no-cache, no-store, max-age=0']
      Content-Type: [application/octet-stream]
      Date: ['Mon, 12 Nov 2018 23:47:52 GMT']
      Expires: ['-1']
      Pragma: [no-cache]
      Status: ['0x0']
      Strict-Transport-Security: [max-age=15724800; includeSubDomains]
      Transfer-Encoding: [chunked]
      X-Content-Type-Options: [nosniff]
      x-ms-request-id: [7bcd4381-18e7-42b2-9b79-f68c74412366]
      x-ms-webhdfs-version: [17.04.24.00]
    status: {code: 200, message: OK}
- request:
    body: null
    headers:
      Accept: ['*/*']
      Accept-Encoding: ['gzip, deflate']
      Connection: [keep-alive]
      User-Agent: [python/3.7.0 (Windows-10-10.0.14393-SP0) azure.datalake.store.lib/0.0.37
          Azure-Data-Lake-Store-SDK-For-Python]
      x-ms-client-request-id: [5f781a92-e6d5-11e8-8404-000d3a02e7d7.0]
    method: GET
    uri: https://akharitadls.azuredatalakestore.net/webhdfs/v1/azure_python_sdk_test_dir22bc5d88-20b0-431d-ba7c-a88cf6baf681/a?OP=OPEN&api-version=2018-05-01&offset=10&length=4&read=true&filesessionid=be8bceb0-62d3-443f-a7a1-82ce9ae4adb7
  response:
    body: {string: abcd}
    headers:
      Cache-Control: ['no-cache, no-cache, no-store, max-age=0']
      Content-Type: [application/octet-stream]
      Date: ['Mon, 12 Nov 2018 23:47:53 GMT']
      Expires: ['-1']
      Pragma: [no-cache]
      Status: ['0x0']
      Strict-Transport-Security: [max-age=15724800; includeSubDomains]
      Transfer-Encoding: [chunked]
      X-Content-Type-Options: [nosniff]
      x-ms-request-id: [0bcefa43-92ec-4443-a642-97ee7dc13190]
      x-ms-webhdfs-version: [17.04.24.00]
    status: {code: 200, message: OK}
- request:
    body: null
    headers:
      Accept: ['*/*']
      Accept-Encoding: ['gzip, deflate']
      Connection: [keep-alive]
      User-Agent: [python/3.7.0 (Windows-10-10.0.14393-SP0) azure.datalake.store.lib/0.0.37
          Azure-Data-Lake-Store-SDK-For-Python]
      x-ms-client-request-id: [5f94b68c-e6d5-11e8-9a29-000d3a02e7d7.0]
    method: GET
    uri: https://akharitadls.azuredatalakestore.net/webhdfs/v1/azure_python_sdk_test_dir22bc5d88-20b0-431d-ba7c-a88cf6baf681/a?OP=OPEN&api-version=2018-05-01&offset=14&length=4&read=true&filesessionid=be8bceb0-62d3-443f-a7a1-82ce9ae4adb7
  response:
    body: {string: efgh}
    headers:
      Cache-Control: ['no-cache, no-cache, no-store, max-age=0']
      Content-Type: [application/octet-stream]
      Date: ['Mon, 12 Nov 2018 23:47:53 GMT']
      Expires: ['-1']
      Pragma: [no-cache]
      Status: ['0x0']
      Strict-Transport-Security: [max-age=15724800; includeSubDomains]
      Transfer-Encoding: [chunked]
      X-Content-Type-Options: [nosniff]
      x-ms-request-id: [9639cf64-9010-4150-8bfd-67ce5c27b888]
      x-ms-webhdfs-version: [17.04.24.00]
    status: {code: 200, message: OK}
- request:
    body: null
    headers:
      Accept: ['*/*']
      Accept-Encoding: ['gzip, deflate']
      Connection: [keep-alive]
      User-Agent: [python/3.7.0 (Windows-10-10.0.14393-SP0) azure.datalake.store.lib/0.0.37
          Azure-Data-Lake-Store-SDK-For-Python]
      x-ms-client-request-id: [5faeef80-e6d5-11e8-b3f1-000d3a02e7d7.0]
    method: GET
    uri: https://akharitadls.azuredatalakestore.net/webhdfs/v1/azure_python_sdk_test_dir22bc5d88-20b0-431d-ba7c-a88cf6baf681/a?OP=OPEN&api-version=2018-05-01&offset=18&length=4&read=true&filesessionid=be8bceb0-62d3-443f-a7a1-82ce9ae4adb7
  response:
    body: {string: ijkl}
    headers:
      Cache-Control: ['no-cache, no-cache, no-store, max-age=0']
      Content-Type: [application/octet-stream]
      Date: ['Mon, 12 Nov 2018 23:47:53 GMT']
      Expires: ['-1']
      Pragma: [no-cache]
      Status: ['0x0']
      Strict-Transport-Security: [max-age=15724800; includeSubDomains]
      Transfer-Encoding: [chunked]
      X-Content-Type-Options: [nosniff]
      x-ms-request-id: [979b35b7-f194-43fd-8639-1c5a7357f05a]
      x-ms-webhdfs-version: [17.04.24.00]
    status: {code: 200, message: OK}
- request:
    body: null
    headers:
      Accept: ['*/*']
      Accept-Encoding: ['gzip, deflate']
      Connection: [keep-alive]
      User-Agent: [python/3.7.0 (Windows-10-10.0.14393-SP0) azure.datalake.store.lib/0.0.37
          Azure-Data-Lake-Store-SDK-For-Python]
      x-ms-client-request-id: [5fb3b5e8-e6d5-11e8-886a-000d3a02e7d7.0]
    method: GET
    uri: https://akharitadls.azuredatalakestore.net/webhdfs/v1/azure_python_sdk_test_dir22bc5d88-20b0-431d-ba7c-a88cf6baf681/a?OP=OPEN&api-version=2018-05-01&offset=22&length=4&read=true&filesessionid=be8bceb0-62d3-443f-a7a1-82ce9ae4adb7
  response:
    body: {string: mnop}
    headers:
      Cache-Control: ['no-cache, no-cache, no-store, max-age=0']
      Content-Type: [application/octet-stream]
      Date: ['Mon, 12 Nov 2018 23:47:53 GMT']
      Expires: ['-1']
      Pragma: [no-cache]
      Status: ['0x0']
      Strict-Transport-Security: [max-age=15724800; includeSubDomains]
      Transfer-Encoding: [chunked]
      X-Content-Type-Options: [nosniff]
      x-ms-request-id: [743222b4-08df-4cc3-9638-5b5bf05ce361]
      x-ms-webhdfs-version: [17.04.24.00]
    status: {code: 200, message: OK}
- request:
    body: null
    headers:
      Accept: ['*/*']
      Accept-Encoding: ['gzip, deflate']
      Connection: [keep-alive]
      User-Agent: [python/3.7.0 (Windows-10-10.0.14393-SP0) azure.datalake.store.lib/0.0.37
          Azure-Data-Lake-Store-SDK-For-Python]
      x-ms-client-request-id: [5fb616da-e6d5-11e8-b526-000d3a02e7d7.0]
    method: GET
    uri: https://akharitadls.azuredatalakestore.net/webhdfs/v1/azure_python_sdk_test_dir22bc5d88-20b0-431d-ba7c-a88cf6baf681/a?OP=OPEN&api-version=2018-05-01&offset=26&length=4&read=true&filesessionid=be8bceb0-62d3-443f-a7a1-82ce9ae4adb7
  response:
    body: {string: qrst}
    headers:
      Cache-Control: ['no-cache, no-cache, no-store, max-age=0']
      Content-Type: [application/octet-stream]
      Date: ['Mon, 12 Nov 2018 23:47:53 GMT']
      Expires: ['-1']
      Pragma: [no-cache]
      Status: ['0x0']
      Strict-Transport-Security: [max-age=15724800; includeSubDomains]
      Transfer-Encoding: [chunked]
      X-Content-Type-Options: [nosniff]
      x-ms-request-id: [4b3a38d9-0309-402e-bef1-4fedaf1ef999]
      x-ms-webhdfs-version: [17.04.24.00]
    status: {code: 200, message: OK}
- request:
    body: null
    headers:
      Accept: ['*/*']
      Accept-Encoding: ['gzip, deflate']
      Connection: [keep-alive]
      User-Agent: [python/3.7.0 (Windows-10-10.0.14393-SP0) azure.datalake.store.lib/0.0.37
          Azure-Data-Lake-Store-SDK-For-Python]
      x-ms-client-request-id: [5fbadb7a-e6d5-11e8-829b-000d3a02e7d7.0]
    method: GET
    uri: https://akharitadls.azuredatalakestore.net/webhdfs/v1/azure_python_sdk_test_dir22bc5d88-20b0-431d-ba7c-a88cf6baf681/a?OP=OPEN&api-version=2018-05-01&offset=30&length=4&read=true&filesessionid=be8bceb0-62d3-443f-a7a1-82ce9ae4adb7
  response:
    body: {string: uvwx}
    headers:
      Cache-Control: ['no-cache, no-cache, no-store, max-age=0']
      Content-Type: [application/octet-stream]
      Date: ['Mon, 12 Nov 2018 23:47:53 GMT']
      Expires: ['-1']
      Pragma: [no-cache]
      Status: ['0x0']
      Strict-Transport-Security: [max-age=15724800; includeSubDomains]
      Transfer-Encoding: [chunked]
      X-Content-Type-Options: [nosniff]
      x-ms-request-id: [488ec09f-921f-442f-80a9-04cbe1cfc5b7]
      x-ms-webhdfs-version: [17.04.24.00]
    status: {code: 200, message: OK}
- request:
    body: null
    headers:
      Accept: ['*/*']
      Accept-Encoding: ['gzip, deflate']
      Connection: [keep-alive]
      User-Agent: [python/3.7.0 (Windows-10-10.0.14393-SP0) azure.datalake.store.lib/0.0.37
          Azure-Data-Lake-Store-SDK-For-Python]
      x-ms-client-request-id: [5fc20292-e6d5-11e8-9a1a-000d3a02e7d7.0]
    method: GET
    uri: https://akharitadls.azuredatalakestore.net/webhdfs/v1/azure_python_sdk_test_dir22bc5d88-20b0-431d-ba7c-a88cf6baf681/a?OP=OPEN&api-version=2018-05-01&offset=34&length=2&read=true&filesessionid=be8bceb0-62d3-443f-a7a1-82ce9ae4adb7
  response:
    body: {string: yz}
    headers:
      Cache-Control: ['no-cache, no-cache, no-store, max-age=0']
      Content-Type: [application/octet-stream]
      Date: ['Mon, 12 Nov 2018 23:47:53 GMT']
      Expires: ['-1']
      Pragma: [no-cache]
      Status: ['0x0']
      Strict-Transport-Security: [max-age=15724800; includeSubDomains]
      Transfer-Encoding: [chunked]
      X-Content-Type-Options: [nosniff]
      x-ms-request-id: [040c9e91-ff26-498c-9a2a-ea6b86c48cfc]
      x-ms-webhdfs-version: [17.04.24.00]
    status: {code: 200, message: OK}
- request:
    body: null
    headers:
      Accept: ['*/*']
      Accept-Encoding: ['gzip, deflate']
      Connection: [keep-alive]
      User-Agent: [python/3.7.0 (Windows-10-10.0.14393-SP0) azure.datalake.store.lib/0.0.37
          Azure-Data-Lake-Store-SDK-For-Python]
      x-ms-client-request-id: [5fc6c808-e6d5-11e8-b5fa-000d3a02e7d7.0]
    method: GET
    uri: https://akharitadls.azuredatalakestore.net/webhdfs/v1/azure_python_sdk_test_dir22bc5d88-20b0-431d-ba7c-a88cf6baf681/a?OP=GETFILESTATUS&api-version=2018-05-01
  response:
    body: {string: '{"FileStatus":{"length":36,"pathSuffix":"","type":"FILE","blockSize":268435456,"accessTime":1542066473309,"modificationTime":1542066473331,"replication":1,"permission":"770","owner":"a0b3cb87-9ca9-4769-af48-e687823d8937","group":"6d86a146-d7dc-49d0-862f-1897c5dd2afe","msExpirationTime":0,"aclBit":false}}'}
    headers:
      Cache-Control: ['no-cache, no-cache, no-store, max-age=0']
      Content-Length: ['305']
      Content-Type: [application/json; charset=utf-8]
      Date: ['Mon, 12 Nov 2018 23:47:53 GMT']
      Expires: ['-1']
      Pragma: [no-cache]
      Status: ['0x0']
      Strict-Transport-Security: [max-age=15724800; includeSubDomains]
      X-Content-Type-Options: [nosniff]
      x-ms-request-id: [88102cb5-f19e-4756-8923-467baf4d884d]
      x-ms-webhdfs-version: [17.04.24.00]
    status: {code: 200, message: OK}
- request:
    body: null
    headers:
      Accept: ['*/*']
      Accept-Encoding: ['gzip, deflate']
      Connection: [keep-alive]
      Content-Length: ['0']
      User-Agent: [python/3.7.0 (Windows-10-10.0.14393-SP0) azure.datalake.store.lib/0.0.37
          Azure-Data-Lake-Store-SDK-For-Python]
      x-ms-client-request-id: [5fcdee36-e6d5-11e8-80db-000d3a02e7d7.0]
    method: DELETE
    uri: https://akharitadls.azuredatalakestore.net/webhdfs/v1/azure_python_sdk_test_dir22bc5d88-20b0-431d-ba7c-a88cf6baf681/a?OP=DELETE&api-version=2018-05-01&recursive=True
  response:
    body: {string: '{"boolean":true}'}
    headers:
      Cache-Control: ['no-cache, no-cache, no-store, max-age=0']
      Content-Length: ['16']
      Content-Type: [application/json; charset=utf-8]
      Date: ['Mon, 12 Nov 2018 23:47:53 GMT']
      Expires: ['-1']
      Pragma: [no-cache]
      Status: ['0x0']
      Strict-Transport-Security: [max-age=15724800; includeSubDomains]
      X-Content-Type-Options: [nosniff]
      x-ms-request-id: [e94a0fcb-c4f2-4fed-92c1-2e2e747fc4fd]
      x-ms-webhdfs-version: [17.04.24.00]
    status: {code: 200, message: OK}
- request:
    body: null
    headers:
      Accept: ['*/*']
      Accept-Encoding: ['gzip, deflate']
      Connection: [keep-alive]
      User-Agent: [python/3.6.3 (Windows-10-10.0.14393-SP0) azure.datalake.store.lib/0.0.41
          Azure-Data-Lake-Store-SDK-For-Python]
      x-ms-client-request-id: [f2845768-25b6-11e9-ad3c-480fcf66f040.0]
    method: GET
    uri: https://akharitadls.azuredatalakestore.net/webhdfs/v1/azure_python_sdk_test_dir4dafa5a0-90c8-45f3-afb6-f48b9df3b8d0/a?OP=GETFILESTATUS&api-version=2018-09-01
  response:
    body: {string: '{"RemoteException":{"exception":"FileNotFoundException","message":"File/Folder
        does not exist: /azure_python_sdk_test_dir4dafa5a0-90c8-45f3-afb6-f48b9df3b8d0/a
        [fd1168ae-af87-469e-83d8-d27dcb97c57d][2019-01-31T16:18:49.7970598-08:00]","javaClassName":"java.io.FileNotFoundException"}}'}
    headers:
      Cache-Control: ['no-cache, no-cache, no-store, max-age=0']
      Content-Length: ['284']
      Content-Type: [application/json; charset=utf-8]
      Date: ['Fri, 01 Feb 2019 00:18:49 GMT']
      Expires: ['-1']
      Pragma: [no-cache]
      Status: ['0x8309000A']
      Strict-Transport-Security: [max-age=15724800; includeSubDomains]
      X-Content-Type-Options: [nosniff]
      x-ms-request-id: [fd1168ae-af87-469e-83d8-d27dcb97c57d]
      x-ms-webhdfs-version: [17.04.24.00]
    status: {code: 404, message: Not Found}
- request:
    body: 0123456789abcdefghijklmnopqrstuvwxyz
    headers:
      Accept: ['*/*']
      Accept-Encoding: ['gzip, deflate']
      Connection: [keep-alive]
      Content-Length: ['36']
      User-Agent: [python/3.6.3 (Windows-10-10.0.14393-SP0) azure.datalake.store.lib/0.0.41
          Azure-Data-Lake-Store-SDK-For-Python]
      x-ms-client-request-id: [f2bfeeb0-25b6-11e9-be18-480fcf66f040.0]
    method: PUT
    uri: https://akharitadls.azuredatalakestore.net/webhdfs/v1/azure_python_sdk_test_dir4dafa5a0-90c8-45f3-afb6-f48b9df3b8d0/a?OP=CREATE&api-version=2018-09-01&overwrite=true&write=true&syncFlag=CLOSE&leaseid=9a354d5b-d723-4b8c-829b-e43769992a76&filesessionid=9a354d5b-d723-4b8c-829b-e43769992a76
  response:
    body: {string: ''}
    headers:
      Cache-Control: ['no-cache, no-cache, no-store, max-age=0']
      Content-Length: ['0']
      ContentLength: ['0']
      Date: ['Fri, 01 Feb 2019 00:18:49 GMT']
      Expires: ['-1']
      Location: ['https://akharitadls.azuredatalakestore.net/webhdfs/v1/azure_python_sdk_test_dir4dafa5a0-90c8-45f3-afb6-f48b9df3b8d0/a?OP=CREATE&api-version=2018-09-01&overwrite=true&write=true&syncFlag=CLOSE&leaseid=9a354d5b-d723-4b8c-829b-e43769992a76&filesessionid=9a354d5b-d723-4b8c-829b-e43769992a76']
      Pragma: [no-cache]
      Status: ['0x0']
      Strict-Transport-Security: [max-age=15724800; includeSubDomains]
      X-Content-Type-Options: [nosniff]
      x-ms-request-id: [9ba60152-49b9-4e4b-909e-a9b8f705179d]
      x-ms-webhdfs-version: [17.04.24.00]
    status: {code: 201, message: Created}
- request:
    body: null
    headers:
      Accept: ['*/*']
      Accept-Encoding: ['gzip, deflate']
      Connection: [keep-alive]
      User-Agent: [python/3.6.3 (Windows-10-10.0.14393-SP0) azure.datalake.store.lib/0.0.41
          Azure-Data-Lake-Store-SDK-For-Python]
      x-ms-client-request-id: [f2de2ecc-25b6-11e9-9d9b-480fcf66f040.0]
    method: GET
    uri: https://akharitadls.azuredatalakestore.net/webhdfs/v1/azure_python_sdk_test_dir4dafa5a0-90c8-45f3-afb6-f48b9df3b8d0/a?OP=GETFILESTATUS&api-version=2018-09-01
  response:
    body: {string: '{"FileStatus":{"length":36,"pathSuffix":"","type":"FILE","blockSize":268435456,"accessTime":1548980329919,"modificationTime":1548980329953,"replication":1,"permission":"770","owner":"a0b3cb87-9ca9-4769-af48-e687823d8937","group":"6d86a146-d7dc-49d0-862f-1897c5dd2afe","msExpirationTime":0,"aclBit":false}}'}
    headers:
      Cache-Control: ['no-cache, no-cache, no-store, max-age=0']
      Content-Length: ['305']
      Content-Type: [application/json; charset=utf-8]
      Date: ['Fri, 01 Feb 2019 00:18:49 GMT']
      Expires: ['-1']
      Pragma: [no-cache]
      Status: ['0x0']
      Strict-Transport-Security: [max-age=15724800; includeSubDomains]
      X-Content-Type-Options: [nosniff]
      x-ms-request-id: [de95d10f-4a65-4114-a4d5-b3e1fbefea40]
      x-ms-webhdfs-version: [17.04.24.00]
    status: {code: 200, message: OK}
- request:
    body: null
    headers:
      Accept: ['*/*']
      Accept-Encoding: ['gzip, deflate']
      Connection: [keep-alive]
      User-Agent: [python/3.6.3 (Windows-10-10.0.14393-SP0) azure.datalake.store.lib/0.0.41
          Azure-Data-Lake-Store-SDK-For-Python]
      x-ms-client-request-id: [f2ee8b0a-25b6-11e9-8b5d-480fcf66f040.0]
    method: GET
    uri: https://akharitadls.azuredatalakestore.net/webhdfs/v1/azure_python_sdk_test_dir4dafa5a0-90c8-45f3-afb6-f48b9df3b8d0/a?OP=GETFILESTATUS&api-version=2018-09-01
  response:
    body: {string: '{"FileStatus":{"length":36,"pathSuffix":"","type":"FILE","blockSize":268435456,"accessTime":1548980329919,"modificationTime":1548980329953,"replication":1,"permission":"770","owner":"a0b3cb87-9ca9-4769-af48-e687823d8937","group":"6d86a146-d7dc-49d0-862f-1897c5dd2afe","msExpirationTime":0,"aclBit":false}}'}
    headers:
      Cache-Control: ['no-cache, no-cache, no-store, max-age=0']
      Content-Length: ['305']
      Content-Type: [application/json; charset=utf-8]
      Date: ['Fri, 01 Feb 2019 00:18:49 GMT']
      Expires: ['-1']
      Pragma: [no-cache]
      Status: ['0x0']
      Strict-Transport-Security: [max-age=15724800; includeSubDomains]
      X-Content-Type-Options: [nosniff]
      x-ms-request-id: [2c5b870a-dc68-4ae4-a59f-6269303ec681]
      x-ms-webhdfs-version: [17.04.24.00]
    status: {code: 200, message: OK}
- request:
    body: null
    headers:
      Accept: ['*/*']
      Accept-Encoding: ['gzip, deflate']
      Connection: [keep-alive]
      User-Agent: [python/3.6.3 (Windows-10-10.0.14393-SP0) azure.datalake.store.lib/0.0.41
          Azure-Data-Lake-Store-SDK-For-Python]
      x-ms-client-request-id: [f2ff56d2-25b6-11e9-b413-480fcf66f040.0]
    method: GET
    uri: https://akharitadls.azuredatalakestore.net/webhdfs/v1/azure_python_sdk_test_dir4dafa5a0-90c8-45f3-afb6-f48b9df3b8d0/a?OP=GETFILESTATUS&api-version=2018-09-01
  response:
    body: {string: '{"FileStatus":{"length":36,"pathSuffix":"","type":"FILE","blockSize":268435456,"accessTime":1548980329919,"modificationTime":1548980329953,"replication":1,"permission":"770","owner":"a0b3cb87-9ca9-4769-af48-e687823d8937","group":"6d86a146-d7dc-49d0-862f-1897c5dd2afe","msExpirationTime":0,"aclBit":false}}'}
    headers:
      Cache-Control: ['no-cache, no-cache, no-store, max-age=0']
      Content-Length: ['305']
      Content-Type: [application/json; charset=utf-8]
      Date: ['Fri, 01 Feb 2019 00:18:49 GMT']
      Expires: ['-1']
      Pragma: [no-cache]
      Status: ['0x0']
      Strict-Transport-Security: [max-age=15724800; includeSubDomains]
      X-Content-Type-Options: [nosniff]
      x-ms-request-id: [4437a4f9-00ca-4d7f-bd75-28c5801da709]
      x-ms-webhdfs-version: [17.04.24.00]
    status: {code: 200, message: OK}
- request:
    body: null
    headers:
      Accept: ['*/*']
      Accept-Encoding: ['gzip, deflate']
      Connection: [keep-alive]
      User-Agent: [python/3.6.3 (Windows-10-10.0.14393-SP0) azure.datalake.store.lib/0.0.41
          Azure-Data-Lake-Store-SDK-For-Python]
      x-ms-client-request-id: [f30fc464-25b6-11e9-b589-480fcf66f040.0]
    method: GET
    uri: https://akharitadls.azuredatalakestore.net/webhdfs/v1/azure_python_sdk_test_dir4dafa5a0-90c8-45f3-afb6-f48b9df3b8d0/a?OP=OPEN&api-version=2018-09-01&offset=2&length=4&read=true&filesessionid=ee8cf0df-fd8c-4cc9-9837-35fe25c880e5
  response:
    body: {string: '2345'}
    headers:
      Cache-Control: ['no-cache, no-cache, no-store, max-age=0']
      Content-Type: [application/octet-stream]
      Date: ['Fri, 01 Feb 2019 00:18:49 GMT']
      Expires: ['-1']
      Pragma: [no-cache]
      Status: ['0x0']
      Strict-Transport-Security: [max-age=15724800; includeSubDomains]
      Transfer-Encoding: [chunked]
      X-Content-Type-Options: [nosniff]
      x-ms-request-id: [8581e0c1-e462-46a0-a11f-54d160b6661a]
      x-ms-webhdfs-version: [17.04.24.00]
    status: {code: 200, message: OK}
- request:
    body: null
    headers:
      Accept: ['*/*']
      Accept-Encoding: ['gzip, deflate']
      Connection: [keep-alive]
      User-Agent: [python/3.6.3 (Windows-10-10.0.14393-SP0) azure.datalake.store.lib/0.0.41
          Azure-Data-Lake-Store-SDK-For-Python]
      x-ms-client-request-id: [f32c2ea8-25b6-11e9-99f4-480fcf66f040.0]
    method: GET
    uri: https://akharitadls.azuredatalakestore.net/webhdfs/v1/azure_python_sdk_test_dir4dafa5a0-90c8-45f3-afb6-f48b9df3b8d0/a?OP=OPEN&api-version=2018-09-01&offset=6&length=4&read=true&filesessionid=ee8cf0df-fd8c-4cc9-9837-35fe25c880e5
  response:
    body: {string: '6789'}
    headers:
      Cache-Control: ['no-cache, no-cache, no-store, max-age=0']
      Content-Type: [application/octet-stream]
      Date: ['Fri, 01 Feb 2019 00:18:49 GMT']
      Expires: ['-1']
      Pragma: [no-cache]
      Status: ['0x0']
      Strict-Transport-Security: [max-age=15724800; includeSubDomains]
      Transfer-Encoding: [chunked]
      X-Content-Type-Options: [nosniff]
      x-ms-request-id: [bedc5a47-5cb3-4273-99a0-80b61466446f]
      x-ms-webhdfs-version: [17.04.24.00]
    status: {code: 200, message: OK}
- request:
    body: null
    headers:
      Accept: ['*/*']
      Accept-Encoding: ['gzip, deflate']
      Connection: [keep-alive]
      User-Agent: [python/3.6.3 (Windows-10-10.0.14393-SP0) azure.datalake.store.lib/0.0.41
          Azure-Data-Lake-Store-SDK-For-Python]
      x-ms-client-request-id: [f33d3c5c-25b6-11e9-b435-480fcf66f040.0]
    method: GET
    uri: https://akharitadls.azuredatalakestore.net/webhdfs/v1/azure_python_sdk_test_dir4dafa5a0-90c8-45f3-afb6-f48b9df3b8d0/a?OP=OPEN&api-version=2018-09-01&offset=10&length=4&read=true&filesessionid=ee8cf0df-fd8c-4cc9-9837-35fe25c880e5
  response:
    body: {string: abcd}
    headers:
      Cache-Control: ['no-cache, no-cache, no-store, max-age=0']
      Content-Type: [application/octet-stream]
      Date: ['Fri, 01 Feb 2019 00:18:49 GMT']
      Expires: ['-1']
      Pragma: [no-cache]
      Status: ['0x0']
      Strict-Transport-Security: [max-age=15724800; includeSubDomains]
      Transfer-Encoding: [chunked]
      X-Content-Type-Options: [nosniff]
      x-ms-request-id: [f09eb1db-af23-45c1-80ed-62f603ea4997]
      x-ms-webhdfs-version: [17.04.24.00]
    status: {code: 200, message: OK}
- request:
    body: null
    headers:
      Accept: ['*/*']
      Accept-Encoding: ['gzip, deflate']
      Connection: [keep-alive]
      User-Agent: [python/3.6.3 (Windows-10-10.0.14393-SP0) azure.datalake.store.lib/0.0.41
          Azure-Data-Lake-Store-SDK-For-Python]
      x-ms-client-request-id: [f354798a-25b6-11e9-8a0b-480fcf66f040.0]
    method: GET
    uri: https://akharitadls.azuredatalakestore.net/webhdfs/v1/azure_python_sdk_test_dir4dafa5a0-90c8-45f3-afb6-f48b9df3b8d0/a?OP=OPEN&api-version=2018-09-01&offset=14&length=4&read=true&filesessionid=ee8cf0df-fd8c-4cc9-9837-35fe25c880e5
  response:
    body: {string: efgh}
    headers:
      Cache-Control: ['no-cache, no-cache, no-store, max-age=0']
      Content-Type: [application/octet-stream]
      Date: ['Fri, 01 Feb 2019 00:18:50 GMT']
      Expires: ['-1']
      Pragma: [no-cache]
      Status: ['0x0']
      Strict-Transport-Security: [max-age=15724800; includeSubDomains]
      Transfer-Encoding: [chunked]
      X-Content-Type-Options: [nosniff]
      x-ms-request-id: [05cf79d6-9279-4e08-8e1b-430a9fcafc1e]
      x-ms-webhdfs-version: [17.04.24.00]
    status: {code: 200, message: OK}
- request:
    body: null
    headers:
      Accept: ['*/*']
      Accept-Encoding: ['gzip, deflate']
      Connection: [keep-alive]
      User-Agent: [python/3.6.3 (Windows-10-10.0.14393-SP0) azure.datalake.store.lib/0.0.41
          Azure-Data-Lake-Store-SDK-For-Python]
      x-ms-client-request-id: [f365a5d2-25b6-11e9-b1cb-480fcf66f040.0]
    method: GET
    uri: https://akharitadls.azuredatalakestore.net/webhdfs/v1/azure_python_sdk_test_dir4dafa5a0-90c8-45f3-afb6-f48b9df3b8d0/a?OP=OPEN&api-version=2018-09-01&offset=18&length=4&read=true&filesessionid=ee8cf0df-fd8c-4cc9-9837-35fe25c880e5
  response:
    body: {string: ijkl}
    headers:
      Cache-Control: ['no-cache, no-cache, no-store, max-age=0']
      Content-Type: [application/octet-stream]
      Date: ['Fri, 01 Feb 2019 00:18:50 GMT']
      Expires: ['-1']
      Pragma: [no-cache]
      Status: ['0x0']
      Strict-Transport-Security: [max-age=15724800; includeSubDomains]
      Transfer-Encoding: [chunked]
      X-Content-Type-Options: [nosniff]
      x-ms-request-id: [acceda48-f10b-449f-a997-965defcaf9b4]
      x-ms-webhdfs-version: [17.04.24.00]
    status: {code: 200, message: OK}
- request:
    body: null
    headers:
      Accept: ['*/*']
      Accept-Encoding: ['gzip, deflate']
      Connection: [keep-alive]
      User-Agent: [python/3.6.3 (Windows-10-10.0.14393-SP0) azure.datalake.store.lib/0.0.41
          Azure-Data-Lake-Store-SDK-For-Python]
      x-ms-client-request-id: [f377b91e-25b6-11e9-adf3-480fcf66f040.0]
    method: GET
    uri: https://akharitadls.azuredatalakestore.net/webhdfs/v1/azure_python_sdk_test_dir4dafa5a0-90c8-45f3-afb6-f48b9df3b8d0/a?OP=OPEN&api-version=2018-09-01&offset=22&length=4&read=true&filesessionid=ee8cf0df-fd8c-4cc9-9837-35fe25c880e5
  response:
    body: {string: mnop}
    headers:
      Cache-Control: ['no-cache, no-cache, no-store, max-age=0']
      Content-Type: [application/octet-stream]
      Date: ['Fri, 01 Feb 2019 00:18:50 GMT']
      Expires: ['-1']
      Pragma: [no-cache]
      Status: ['0x0']
      Strict-Transport-Security: [max-age=15724800; includeSubDomains]
      Transfer-Encoding: [chunked]
      X-Content-Type-Options: [nosniff]
      x-ms-request-id: [f7eb6323-0c4f-4a55-920c-9934fa26fd4a]
      x-ms-webhdfs-version: [17.04.24.00]
    status: {code: 200, message: OK}
- request:
    body: null
    headers:
      Accept: ['*/*']
      Accept-Encoding: ['gzip, deflate']
      Connection: [keep-alive]
      User-Agent: [python/3.6.3 (Windows-10-10.0.14393-SP0) azure.datalake.store.lib/0.0.41
          Azure-Data-Lake-Store-SDK-For-Python]
      x-ms-client-request-id: [f3890de6-25b6-11e9-84eb-480fcf66f040.0]
    method: GET
    uri: https://akharitadls.azuredatalakestore.net/webhdfs/v1/azure_python_sdk_test_dir4dafa5a0-90c8-45f3-afb6-f48b9df3b8d0/a?OP=OPEN&api-version=2018-09-01&offset=26&length=4&read=true&filesessionid=ee8cf0df-fd8c-4cc9-9837-35fe25c880e5
  response:
    body: {string: qrst}
    headers:
      Cache-Control: ['no-cache, no-cache, no-store, max-age=0']
      Content-Type: [application/octet-stream]
      Date: ['Fri, 01 Feb 2019 00:18:50 GMT']
      Expires: ['-1']
      Pragma: [no-cache]
      Status: ['0x0']
      Strict-Transport-Security: [max-age=15724800; includeSubDomains]
      Transfer-Encoding: [chunked]
      X-Content-Type-Options: [nosniff]
      x-ms-request-id: [e994910a-6558-4320-a3cd-35176b1b5f47]
      x-ms-webhdfs-version: [17.04.24.00]
    status: {code: 200, message: OK}
- request:
    body: null
    headers:
      Accept: ['*/*']
      Accept-Encoding: ['gzip, deflate']
      Connection: [keep-alive]
      User-Agent: [python/3.6.3 (Windows-10-10.0.14393-SP0) azure.datalake.store.lib/0.0.41
          Azure-Data-Lake-Store-SDK-For-Python]
      x-ms-client-request-id: [f39cb052-25b6-11e9-9e06-480fcf66f040.0]
    method: GET
    uri: https://akharitadls.azuredatalakestore.net/webhdfs/v1/azure_python_sdk_test_dir4dafa5a0-90c8-45f3-afb6-f48b9df3b8d0/a?OP=OPEN&api-version=2018-09-01&offset=30&length=4&read=true&filesessionid=ee8cf0df-fd8c-4cc9-9837-35fe25c880e5
  response:
    body: {string: uvwx}
    headers:
      Cache-Control: ['no-cache, no-cache, no-store, max-age=0']
      Content-Type: [application/octet-stream]
      Date: ['Fri, 01 Feb 2019 00:18:50 GMT']
      Expires: ['-1']
      Pragma: [no-cache]
      Status: ['0x0']
      Strict-Transport-Security: [max-age=15724800; includeSubDomains]
      Transfer-Encoding: [chunked]
      X-Content-Type-Options: [nosniff]
      x-ms-request-id: [ceacbb65-7c2c-4fba-b45e-a4e396c58c8b]
      x-ms-webhdfs-version: [17.04.24.00]
    status: {code: 200, message: OK}
- request:
    body: null
    headers:
      Accept: ['*/*']
      Accept-Encoding: ['gzip, deflate']
      Connection: [keep-alive]
      User-Agent: [python/3.6.3 (Windows-10-10.0.14393-SP0) azure.datalake.store.lib/0.0.41
          Azure-Data-Lake-Store-SDK-For-Python]
      x-ms-client-request-id: [f3b02892-25b6-11e9-91df-480fcf66f040.0]
    method: GET
    uri: https://akharitadls.azuredatalakestore.net/webhdfs/v1/azure_python_sdk_test_dir4dafa5a0-90c8-45f3-afb6-f48b9df3b8d0/a?OP=OPEN&api-version=2018-09-01&offset=34&length=2&read=true&filesessionid=ee8cf0df-fd8c-4cc9-9837-35fe25c880e5
  response:
    body: {string: yz}
    headers:
      Cache-Control: ['no-cache, no-cache, no-store, max-age=0']
      Content-Type: [application/octet-stream]
      Date: ['Fri, 01 Feb 2019 00:18:50 GMT']
      Expires: ['-1']
      Pragma: [no-cache]
      Status: ['0x0']
      Strict-Transport-Security: [max-age=15724800; includeSubDomains]
      Transfer-Encoding: [chunked]
      X-Content-Type-Options: [nosniff]
      x-ms-request-id: [72b0dd36-ba3e-4698-9339-bb021832410c]
      x-ms-webhdfs-version: [17.04.24.00]
    status: {code: 200, message: OK}
- request:
    body: null
    headers:
      Accept: ['*/*']
      Accept-Encoding: ['gzip, deflate']
      Connection: [keep-alive]
      User-Agent: [python/3.6.3 (Windows-10-10.0.14393-SP0) azure.datalake.store.lib/0.0.41
          Azure-Data-Lake-Store-SDK-For-Python]
      x-ms-client-request-id: [f3c159dc-25b6-11e9-94f5-480fcf66f040.0]
    method: GET
    uri: https://akharitadls.azuredatalakestore.net/webhdfs/v1/azure_python_sdk_test_dir4dafa5a0-90c8-45f3-afb6-f48b9df3b8d0/a?OP=GETFILESTATUS&api-version=2018-09-01
  response:
    body: {string: '{"FileStatus":{"length":36,"pathSuffix":"","type":"FILE","blockSize":268435456,"accessTime":1548980329919,"modificationTime":1548980329953,"replication":1,"permission":"770","owner":"a0b3cb87-9ca9-4769-af48-e687823d8937","group":"6d86a146-d7dc-49d0-862f-1897c5dd2afe","msExpirationTime":0,"aclBit":false}}'}
    headers:
      Cache-Control: ['no-cache, no-cache, no-store, max-age=0']
      Content-Length: ['305']
      Content-Type: [application/json; charset=utf-8]
      Date: ['Fri, 01 Feb 2019 00:18:50 GMT']
      Expires: ['-1']
      Pragma: [no-cache]
      Status: ['0x0']
      Strict-Transport-Security: [max-age=15724800; includeSubDomains]
      X-Content-Type-Options: [nosniff]
      x-ms-request-id: [6ec7fac3-3a03-4992-81f2-0478a35030a6]
      x-ms-webhdfs-version: [17.04.24.00]
    status: {code: 200, message: OK}
- request:
    body: null
    headers:
      Accept: ['*/*']
      Accept-Encoding: ['gzip, deflate']
      Connection: [keep-alive]
      Content-Length: ['0']
      User-Agent: [python/3.6.3 (Windows-10-10.0.14393-SP0) azure.datalake.store.lib/0.0.41
          Azure-Data-Lake-Store-SDK-For-Python]
      x-ms-client-request-id: [f3d1b230-25b6-11e9-888f-480fcf66f040.0]
    method: DELETE
    uri: https://akharitadls.azuredatalakestore.net/webhdfs/v1/azure_python_sdk_test_dir4dafa5a0-90c8-45f3-afb6-f48b9df3b8d0/a?OP=DELETE&api-version=2018-09-01&recursive=True
  response:
    body: {string: '{"boolean":true}'}
    headers:
      Cache-Control: ['no-cache, no-cache, no-store, max-age=0']
      Content-Length: ['16']
      Content-Type: [application/json; charset=utf-8]
      Date: ['Fri, 01 Feb 2019 00:18:50 GMT']
      Expires: ['-1']
      Pragma: [no-cache]
      Status: ['0x0']
      Strict-Transport-Security: [max-age=15724800; includeSubDomains]
      X-Content-Type-Options: [nosniff]
      x-ms-request-id: [0dbaf0c5-c49f-4a5d-b093-6b7c96927597]
      x-ms-webhdfs-version: [17.04.24.00]
    status: {code: 200, message: OK}
- request:
    body: null
    headers:
      Accept: ['*/*']
      Accept-Encoding: ['gzip, deflate']
      Connection: [keep-alive]
      User-Agent: [python/3.6.3 (Windows-10-10.0.14393-SP0) azure.datalake.store.lib/0.0.41
          Azure-Data-Lake-Store-SDK-For-Python]
      x-ms-client-request-id: [57197154-25be-11e9-a6d0-480fcf66f040.0]
    method: GET
    uri: https://akharitadls.azuredatalakestore.net/webhdfs/v1/azure_python_sdk_test_dir8db4de56-65b4-40a9-9c48-c118e88508b3/a?OP=GETFILESTATUS&api-version=2018-05-01
  response:
    body: {string: '{"RemoteException":{"exception":"FileNotFoundException","message":"File/Folder
        does not exist: /azure_python_sdk_test_dir8db4de56-65b4-40a9-9c48-c118e88508b3/a
        [922b5361-fbd7-40e2-8988-91d01020ae7e][2019-01-31T17:11:45.0161402-08:00]","javaClassName":"java.io.FileNotFoundException"}}'}
    headers:
      Cache-Control: ['no-cache, no-cache, no-store, max-age=0']
      Content-Length: ['284']
      Content-Type: [application/json; charset=utf-8]
      Date: ['Fri, 01 Feb 2019 01:11:44 GMT']
      Expires: ['-1']
      Pragma: [no-cache]
      Status: ['0x8309000A']
      Strict-Transport-Security: [max-age=15724800; includeSubDomains]
      X-Content-Type-Options: [nosniff]
      x-ms-request-id: [922b5361-fbd7-40e2-8988-91d01020ae7e]
      x-ms-webhdfs-version: [17.04.24.00]
    status: {code: 404, message: Not Found}
- request:
    body: 0123456789abcdefghijklmnopqrstuvwxyz
    headers:
      Accept: ['*/*']
      Accept-Encoding: ['gzip, deflate']
      Connection: [keep-alive]
      Content-Length: ['36']
      User-Agent: [python/3.6.3 (Windows-10-10.0.14393-SP0) azure.datalake.store.lib/0.0.41
          Azure-Data-Lake-Store-SDK-For-Python]
      x-ms-client-request-id: [575423f4-25be-11e9-9c87-480fcf66f040.0]
    method: PUT
    uri: https://akharitadls.azuredatalakestore.net/webhdfs/v1/azure_python_sdk_test_dir8db4de56-65b4-40a9-9c48-c118e88508b3/a?OP=CREATE&api-version=2018-05-01&overwrite=true&write=true&syncFlag=CLOSE&leaseid=88122c8c-421f-41ee-afe1-8453fbfa2557&filesessionid=88122c8c-421f-41ee-afe1-8453fbfa2557
  response:
    body: {string: ''}
    headers:
      Cache-Control: ['no-cache, no-cache, no-store, max-age=0']
      Content-Length: ['0']
      ContentLength: ['0']
      Date: ['Fri, 01 Feb 2019 01:11:45 GMT']
      Expires: ['-1']
      Location: ['https://akharitadls.azuredatalakestore.net/webhdfs/v1/azure_python_sdk_test_dir8db4de56-65b4-40a9-9c48-c118e88508b3/a?OP=CREATE&api-version=2018-05-01&overwrite=true&write=true&syncFlag=CLOSE&leaseid=88122c8c-421f-41ee-afe1-8453fbfa2557&filesessionid=88122c8c-421f-41ee-afe1-8453fbfa2557']
      Pragma: [no-cache]
      Status: ['0x0']
      Strict-Transport-Security: [max-age=15724800; includeSubDomains]
      X-Content-Type-Options: [nosniff]
      x-ms-request-id: [104e746d-f822-4edc-a9c8-6d0bc4f229d6]
      x-ms-webhdfs-version: [17.04.24.00]
    status: {code: 201, message: Created}
- request:
    body: null
    headers:
      Accept: ['*/*']
      Accept-Encoding: ['gzip, deflate']
      Connection: [keep-alive]
      User-Agent: [python/3.6.3 (Windows-10-10.0.14393-SP0) azure.datalake.store.lib/0.0.41
          Azure-Data-Lake-Store-SDK-For-Python]
      x-ms-client-request-id: [5783eac8-25be-11e9-9156-480fcf66f040.0]
    method: GET
    uri: https://akharitadls.azuredatalakestore.net/webhdfs/v1/azure_python_sdk_test_dir8db4de56-65b4-40a9-9c48-c118e88508b3/a?OP=GETFILESTATUS&api-version=2018-05-01
  response:
    body: {string: '{"FileStatus":{"length":36,"pathSuffix":"","type":"FILE","blockSize":268435456,"accessTime":1548983505141,"modificationTime":1548983505281,"replication":1,"permission":"770","owner":"a0b3cb87-9ca9-4769-af48-e687823d8937","group":"6d86a146-d7dc-49d0-862f-1897c5dd2afe","msExpirationTime":0,"aclBit":false}}'}
    headers:
      Cache-Control: ['no-cache, no-cache, no-store, max-age=0']
      Content-Length: ['305']
      Content-Type: [application/json; charset=utf-8]
      Date: ['Fri, 01 Feb 2019 01:11:45 GMT']
      Expires: ['-1']
      Pragma: [no-cache]
      Status: ['0x0']
      Strict-Transport-Security: [max-age=15724800; includeSubDomains]
      X-Content-Type-Options: [nosniff]
      x-ms-request-id: [d64e5b7f-1f4b-404b-b8bf-43e2f5bfc26a]
      x-ms-webhdfs-version: [17.04.24.00]
    status: {code: 200, message: OK}
- request:
    body: null
    headers:
      Accept: ['*/*']
      Accept-Encoding: ['gzip, deflate']
      Connection: [keep-alive]
      User-Agent: [python/3.6.3 (Windows-10-10.0.14393-SP0) azure.datalake.store.lib/0.0.41
          Azure-Data-Lake-Store-SDK-For-Python]
      x-ms-client-request-id: [57947c10-25be-11e9-b5b3-480fcf66f040.0]
    method: GET
    uri: https://akharitadls.azuredatalakestore.net/webhdfs/v1/azure_python_sdk_test_dir8db4de56-65b4-40a9-9c48-c118e88508b3/a?OP=GETFILESTATUS&api-version=2018-05-01
  response:
    body: {string: '{"FileStatus":{"length":36,"pathSuffix":"","type":"FILE","blockSize":268435456,"accessTime":1548983505141,"modificationTime":1548983505281,"replication":1,"permission":"770","owner":"a0b3cb87-9ca9-4769-af48-e687823d8937","group":"6d86a146-d7dc-49d0-862f-1897c5dd2afe","msExpirationTime":0,"aclBit":false}}'}
    headers:
      Cache-Control: ['no-cache, no-cache, no-store, max-age=0']
      Content-Length: ['305']
      Content-Type: [application/json; charset=utf-8]
      Date: ['Fri, 01 Feb 2019 01:11:45 GMT']
      Expires: ['-1']
      Pragma: [no-cache]
      Status: ['0x0']
      Strict-Transport-Security: [max-age=15724800; includeSubDomains]
      X-Content-Type-Options: [nosniff]
      x-ms-request-id: [a52719c1-1b04-4c36-bfed-4a38d2beff56]
      x-ms-webhdfs-version: [17.04.24.00]
    status: {code: 200, message: OK}
- request:
    body: null
    headers:
      Accept: ['*/*']
      Accept-Encoding: ['gzip, deflate']
      Connection: [keep-alive]
      User-Agent: [python/3.6.3 (Windows-10-10.0.14393-SP0) azure.datalake.store.lib/0.0.41
          Azure-Data-Lake-Store-SDK-For-Python]
      x-ms-client-request-id: [57a523f6-25be-11e9-911a-480fcf66f040.0]
    method: GET
    uri: https://akharitadls.azuredatalakestore.net/webhdfs/v1/azure_python_sdk_test_dir8db4de56-65b4-40a9-9c48-c118e88508b3/a?OP=GETFILESTATUS&api-version=2018-05-01
  response:
    body: {string: '{"FileStatus":{"length":36,"pathSuffix":"","type":"FILE","blockSize":268435456,"accessTime":1548983505141,"modificationTime":1548983505281,"replication":1,"permission":"770","owner":"a0b3cb87-9ca9-4769-af48-e687823d8937","group":"6d86a146-d7dc-49d0-862f-1897c5dd2afe","msExpirationTime":0,"aclBit":false}}'}
    headers:
      Cache-Control: ['no-cache, no-cache, no-store, max-age=0']
      Content-Length: ['305']
      Content-Type: [application/json; charset=utf-8]
      Date: ['Fri, 01 Feb 2019 01:11:45 GMT']
      Expires: ['-1']
      Pragma: [no-cache]
      Status: ['0x0']
      Strict-Transport-Security: [max-age=15724800; includeSubDomains]
      X-Content-Type-Options: [nosniff]
      x-ms-request-id: [a9f3fe8a-39c9-486a-9fad-609731a7337a]
      x-ms-webhdfs-version: [17.04.24.00]
    status: {code: 200, message: OK}
- request:
    body: null
    headers:
      Accept: ['*/*']
      Accept-Encoding: ['gzip, deflate']
      Connection: [keep-alive]
      User-Agent: [python/3.6.3 (Windows-10-10.0.14393-SP0) azure.datalake.store.lib/0.0.41
          Azure-Data-Lake-Store-SDK-For-Python]
      x-ms-client-request-id: [57b5775c-25be-11e9-b0c8-480fcf66f040.0]
    method: GET
    uri: https://akharitadls.azuredatalakestore.net/webhdfs/v1/azure_python_sdk_test_dir8db4de56-65b4-40a9-9c48-c118e88508b3/a?OP=OPEN&api-version=2018-05-01&offset=2&length=4&read=true&filesessionid=9f4698bb-426c-4f69-be6f-af3e03807dcb
  response:
    body: {string: '2345'}
    headers:
      Cache-Control: ['no-cache, no-cache, no-store, max-age=0']
      Content-Type: [application/octet-stream]
      Date: ['Fri, 01 Feb 2019 01:11:45 GMT']
      Expires: ['-1']
      Pragma: [no-cache]
      Status: ['0x0']
      Strict-Transport-Security: [max-age=15724800; includeSubDomains]
      Transfer-Encoding: [chunked]
      X-Content-Type-Options: [nosniff]
      x-ms-request-id: [ab304ce4-5a73-4b3a-bc23-f4eef8a07e28]
      x-ms-webhdfs-version: [17.04.24.00]
    status: {code: 200, message: OK}
- request:
    body: null
    headers:
      Accept: ['*/*']
      Accept-Encoding: ['gzip, deflate']
      Connection: [keep-alive]
      User-Agent: [python/3.6.3 (Windows-10-10.0.14393-SP0) azure.datalake.store.lib/0.0.41
          Azure-Data-Lake-Store-SDK-For-Python]
      x-ms-client-request-id: [57dafcf8-25be-11e9-8bbf-480fcf66f040.0]
    method: GET
    uri: https://akharitadls.azuredatalakestore.net/webhdfs/v1/azure_python_sdk_test_dir8db4de56-65b4-40a9-9c48-c118e88508b3/a?OP=OPEN&api-version=2018-05-01&offset=6&length=4&read=true&filesessionid=9f4698bb-426c-4f69-be6f-af3e03807dcb
  response:
    body: {string: '6789'}
    headers:
      Cache-Control: ['no-cache, no-cache, no-store, max-age=0']
      Content-Type: [application/octet-stream]
      Date: ['Fri, 01 Feb 2019 01:11:45 GMT']
      Expires: ['-1']
      Pragma: [no-cache]
      Status: ['0x0']
      Strict-Transport-Security: [max-age=15724800; includeSubDomains]
      Transfer-Encoding: [chunked]
      X-Content-Type-Options: [nosniff]
      x-ms-request-id: [45b36a0b-775a-4e49-953b-464e8550cab7]
      x-ms-webhdfs-version: [17.04.24.00]
    status: {code: 200, message: OK}
- request:
    body: null
    headers:
      Accept: ['*/*']
      Accept-Encoding: ['gzip, deflate']
      Connection: [keep-alive]
      User-Agent: [python/3.6.3 (Windows-10-10.0.14393-SP0) azure.datalake.store.lib/0.0.41
          Azure-Data-Lake-Store-SDK-For-Python]
      x-ms-client-request-id: [57ec11ae-25be-11e9-ad62-480fcf66f040.0]
    method: GET
    uri: https://akharitadls.azuredatalakestore.net/webhdfs/v1/azure_python_sdk_test_dir8db4de56-65b4-40a9-9c48-c118e88508b3/a?OP=OPEN&api-version=2018-05-01&offset=10&length=4&read=true&filesessionid=9f4698bb-426c-4f69-be6f-af3e03807dcb
  response:
    body: {string: abcd}
    headers:
      Cache-Control: ['no-cache, no-cache, no-store, max-age=0']
      Content-Type: [application/octet-stream]
      Date: ['Fri, 01 Feb 2019 01:11:45 GMT']
      Expires: ['-1']
      Pragma: [no-cache]
      Status: ['0x0']
      Strict-Transport-Security: [max-age=15724800; includeSubDomains]
      Transfer-Encoding: [chunked]
      X-Content-Type-Options: [nosniff]
      x-ms-request-id: [c57e212f-1a6b-4ee2-a7a0-4765bc68891c]
      x-ms-webhdfs-version: [17.04.24.00]
    status: {code: 200, message: OK}
- request:
    body: null
    headers:
      Accept: ['*/*']
      Accept-Encoding: ['gzip, deflate']
      Connection: [keep-alive]
      User-Agent: [python/3.6.3 (Windows-10-10.0.14393-SP0) azure.datalake.store.lib/0.0.41
          Azure-Data-Lake-Store-SDK-For-Python]
      x-ms-client-request-id: [57fd4d86-25be-11e9-a15a-480fcf66f040.0]
    method: GET
    uri: https://akharitadls.azuredatalakestore.net/webhdfs/v1/azure_python_sdk_test_dir8db4de56-65b4-40a9-9c48-c118e88508b3/a?OP=OPEN&api-version=2018-05-01&offset=14&length=4&read=true&filesessionid=9f4698bb-426c-4f69-be6f-af3e03807dcb
  response:
    body: {string: efgh}
    headers:
      Cache-Control: ['no-cache, no-cache, no-store, max-age=0']
      Content-Type: [application/octet-stream]
      Date: ['Fri, 01 Feb 2019 01:11:45 GMT']
      Expires: ['-1']
      Pragma: [no-cache]
      Status: ['0x0']
      Strict-Transport-Security: [max-age=15724800; includeSubDomains]
      Transfer-Encoding: [chunked]
      X-Content-Type-Options: [nosniff]
      x-ms-request-id: [42a0599c-af3c-4c9e-9f7a-0c5ab1761f02]
      x-ms-webhdfs-version: [17.04.24.00]
    status: {code: 200, message: OK}
- request:
    body: null
    headers:
      Accept: ['*/*']
      Accept-Encoding: ['gzip, deflate']
      Connection: [keep-alive]
      User-Agent: [python/3.6.3 (Windows-10-10.0.14393-SP0) azure.datalake.store.lib/0.0.41
          Azure-Data-Lake-Store-SDK-For-Python]
      x-ms-client-request-id: [580ec5da-25be-11e9-b184-480fcf66f040.0]
    method: GET
    uri: https://akharitadls.azuredatalakestore.net/webhdfs/v1/azure_python_sdk_test_dir8db4de56-65b4-40a9-9c48-c118e88508b3/a?OP=OPEN&api-version=2018-05-01&offset=18&length=4&read=true&filesessionid=9f4698bb-426c-4f69-be6f-af3e03807dcb
  response:
    body: {string: ijkl}
    headers:
      Cache-Control: ['no-cache, no-cache, no-store, max-age=0']
      Content-Type: [application/octet-stream]
      Date: ['Fri, 01 Feb 2019 01:11:46 GMT']
      Expires: ['-1']
      Pragma: [no-cache]
      Status: ['0x0']
      Strict-Transport-Security: [max-age=15724800; includeSubDomains]
      Transfer-Encoding: [chunked]
      X-Content-Type-Options: [nosniff]
      x-ms-request-id: [4a75e595-0374-4c8e-b303-2df20d2a400b]
      x-ms-webhdfs-version: [17.04.24.00]
    status: {code: 200, message: OK}
- request:
    body: null
    headers:
      Accept: ['*/*']
      Accept-Encoding: ['gzip, deflate']
      Connection: [keep-alive]
      User-Agent: [python/3.6.3 (Windows-10-10.0.14393-SP0) azure.datalake.store.lib/0.0.41
          Azure-Data-Lake-Store-SDK-For-Python]
      x-ms-client-request-id: [5826b4f4-25be-11e9-94f9-480fcf66f040.0]
    method: GET
    uri: https://akharitadls.azuredatalakestore.net/webhdfs/v1/azure_python_sdk_test_dir8db4de56-65b4-40a9-9c48-c118e88508b3/a?OP=OPEN&api-version=2018-05-01&offset=22&length=4&read=true&filesessionid=9f4698bb-426c-4f69-be6f-af3e03807dcb
  response:
    body: {string: mnop}
    headers:
      Cache-Control: ['no-cache, no-cache, no-store, max-age=0']
      Content-Type: [application/octet-stream]
      Date: ['Fri, 01 Feb 2019 01:11:46 GMT']
      Expires: ['-1']
      Pragma: [no-cache]
      Status: ['0x0']
      Strict-Transport-Security: [max-age=15724800; includeSubDomains]
      Transfer-Encoding: [chunked]
      X-Content-Type-Options: [nosniff]
      x-ms-request-id: [2e89c730-8248-4382-b188-8b102f02cd8c]
      x-ms-webhdfs-version: [17.04.24.00]
    status: {code: 200, message: OK}
- request:
    body: null
    headers:
      Accept: ['*/*']
      Accept-Encoding: ['gzip, deflate']
      Connection: [keep-alive]
      User-Agent: [python/3.6.3 (Windows-10-10.0.14393-SP0) azure.datalake.store.lib/0.0.41
          Azure-Data-Lake-Store-SDK-For-Python]
      x-ms-client-request-id: [5839a736-25be-11e9-8f81-480fcf66f040.0]
    method: GET
    uri: https://akharitadls.azuredatalakestore.net/webhdfs/v1/azure_python_sdk_test_dir8db4de56-65b4-40a9-9c48-c118e88508b3/a?OP=OPEN&api-version=2018-05-01&offset=26&length=4&read=true&filesessionid=9f4698bb-426c-4f69-be6f-af3e03807dcb
  response:
    body: {string: qrst}
    headers:
      Cache-Control: ['no-cache, no-cache, no-store, max-age=0']
      Content-Type: [application/octet-stream]
      Date: ['Fri, 01 Feb 2019 01:11:46 GMT']
      Expires: ['-1']
      Pragma: [no-cache]
      Status: ['0x0']
      Strict-Transport-Security: [max-age=15724800; includeSubDomains]
      Transfer-Encoding: [chunked]
      X-Content-Type-Options: [nosniff]
      x-ms-request-id: [e958ce7f-da3f-43d3-b4cc-f612f1edf67b]
      x-ms-webhdfs-version: [17.04.24.00]
    status: {code: 200, message: OK}
- request:
    body: null
    headers:
      Accept: ['*/*']
      Accept-Encoding: ['gzip, deflate']
      Connection: [keep-alive]
      User-Agent: [python/3.6.3 (Windows-10-10.0.14393-SP0) azure.datalake.store.lib/0.0.41
          Azure-Data-Lake-Store-SDK-For-Python]
      x-ms-client-request-id: [584b1cd0-25be-11e9-a119-480fcf66f040.0]
    method: GET
    uri: https://akharitadls.azuredatalakestore.net/webhdfs/v1/azure_python_sdk_test_dir8db4de56-65b4-40a9-9c48-c118e88508b3/a?OP=OPEN&api-version=2018-05-01&offset=30&length=4&read=true&filesessionid=9f4698bb-426c-4f69-be6f-af3e03807dcb
  response:
    body: {string: uvwx}
    headers:
      Cache-Control: ['no-cache, no-cache, no-store, max-age=0']
      Content-Type: [application/octet-stream]
      Date: ['Fri, 01 Feb 2019 01:11:46 GMT']
      Expires: ['-1']
      Pragma: [no-cache]
      Status: ['0x0']
      Strict-Transport-Security: [max-age=15724800; includeSubDomains]
      Transfer-Encoding: [chunked]
      X-Content-Type-Options: [nosniff]
      x-ms-request-id: [c8b9aa3a-38b4-42a8-87d7-3716ae74a70f]
      x-ms-webhdfs-version: [17.04.24.00]
    status: {code: 200, message: OK}
- request:
    body: null
    headers:
      Accept: ['*/*']
      Accept-Encoding: ['gzip, deflate']
      Connection: [keep-alive]
      User-Agent: [python/3.6.3 (Windows-10-10.0.14393-SP0) azure.datalake.store.lib/0.0.41
          Azure-Data-Lake-Store-SDK-For-Python]
      x-ms-client-request-id: [585cc058-25be-11e9-84f5-480fcf66f040.0]
    method: GET
    uri: https://akharitadls.azuredatalakestore.net/webhdfs/v1/azure_python_sdk_test_dir8db4de56-65b4-40a9-9c48-c118e88508b3/a?OP=OPEN&api-version=2018-05-01&offset=34&length=2&read=true&filesessionid=9f4698bb-426c-4f69-be6f-af3e03807dcb
  response:
    body: {string: yz}
    headers:
      Cache-Control: ['no-cache, no-cache, no-store, max-age=0']
      Content-Type: [application/octet-stream]
      Date: ['Fri, 01 Feb 2019 01:11:46 GMT']
      Expires: ['-1']
      Pragma: [no-cache]
      Status: ['0x0']
      Strict-Transport-Security: [max-age=15724800; includeSubDomains]
      Transfer-Encoding: [chunked]
      X-Content-Type-Options: [nosniff]
      x-ms-request-id: [40d7566c-44f0-4b24-b46c-53d18fb86989]
      x-ms-webhdfs-version: [17.04.24.00]
    status: {code: 200, message: OK}
- request:
    body: null
    headers:
      Accept: ['*/*']
      Accept-Encoding: ['gzip, deflate']
      Connection: [keep-alive]
      User-Agent: [python/3.6.3 (Windows-10-10.0.14393-SP0) azure.datalake.store.lib/0.0.41
          Azure-Data-Lake-Store-SDK-For-Python]
      x-ms-client-request-id: [586e6cf6-25be-11e9-84f3-480fcf66f040.0]
    method: GET
    uri: https://akharitadls.azuredatalakestore.net/webhdfs/v1/azure_python_sdk_test_dir8db4de56-65b4-40a9-9c48-c118e88508b3/a?OP=GETFILESTATUS&api-version=2018-05-01
  response:
    body: {string: '{"FileStatus":{"length":36,"pathSuffix":"","type":"FILE","blockSize":268435456,"accessTime":1548983505141,"modificationTime":1548983505281,"replication":1,"permission":"770","owner":"a0b3cb87-9ca9-4769-af48-e687823d8937","group":"6d86a146-d7dc-49d0-862f-1897c5dd2afe","msExpirationTime":0,"aclBit":false}}'}
    headers:
      Cache-Control: ['no-cache, no-cache, no-store, max-age=0']
      Content-Length: ['305']
      Content-Type: [application/json; charset=utf-8]
      Date: ['Fri, 01 Feb 2019 01:11:46 GMT']
      Expires: ['-1']
      Pragma: [no-cache]
      Status: ['0x0']
      Strict-Transport-Security: [max-age=15724800; includeSubDomains]
      X-Content-Type-Options: [nosniff]
      x-ms-request-id: [24a3106a-663a-4b0c-a04f-1f2dc103d751]
      x-ms-webhdfs-version: [17.04.24.00]
    status: {code: 200, message: OK}
- request:
    body: null
    headers:
      Accept: ['*/*']
      Accept-Encoding: ['gzip, deflate']
      Connection: [keep-alive]
      Content-Length: ['0']
      User-Agent: [python/3.6.3 (Windows-10-10.0.14393-SP0) azure.datalake.store.lib/0.0.41
          Azure-Data-Lake-Store-SDK-For-Python]
      x-ms-client-request-id: [587f0c10-25be-11e9-816b-480fcf66f040.0]
    method: DELETE
    uri: https://akharitadls.azuredatalakestore.net/webhdfs/v1/azure_python_sdk_test_dir8db4de56-65b4-40a9-9c48-c118e88508b3/a?OP=DELETE&api-version=2018-05-01&recursive=True
  response:
    body: {string: '{"boolean":true}'}
    headers:
      Cache-Control: ['no-cache, no-cache, no-store, max-age=0']
      Content-Length: ['16']
      Content-Type: [application/json; charset=utf-8]
      Date: ['Fri, 01 Feb 2019 01:11:46 GMT']
      Expires: ['-1']
      Pragma: [no-cache]
      Status: ['0x0']
      Strict-Transport-Security: [max-age=15724800; includeSubDomains]
      X-Content-Type-Options: [nosniff]
      x-ms-request-id: [87174dbb-f6f0-4b19-8d68-34f16eed661a]
      x-ms-webhdfs-version: [17.04.24.00]
    status: {code: 200, message: OK}
version: 1
