interactions:
- request:
    body: null
    headers:
      Accept: ['*/*']
      Accept-Encoding: ['gzip, deflate']
      Connection: [keep-alive]
      User-Agent: [python-requests/2.11.1]
      x-ms-client-request-id: [55d20c86-97a9-11e6-96b6-acbc32b2789b]
    method: GET
    uri: https://fakestore.azuredatalakestore.net/webhdfs/v1/.?OP=LISTSTATUS
  response:
    body: {string: '{"FileStatuses":{"FileStatus":[{"length":5012,"pathSuffix":"README.rst","type":"FILE","blockSize":268435456,"accessTime":1475276603298,"modificationTime":1475276603391,"replication":1,"permission":"770","owner":"49b2f9ec-818a-49ca-9424-249e1f19f7d7","group":"49b2f9ec-818a-49ca-9424-249e1f19f7d7"},{"length":0,"pathSuffix":"README.rst.segments.80f4f7d34d984e368cedcc818ff356fd","type":"DIRECTORY","blockSize":0,"accessTime":1475275684099,"modificationTime":1475276529505,"replication":0,"permission":"770","owner":"49b2f9ec-818a-49ca-9424-249e1f19f7d7","group":"49b2f9ec-818a-49ca-9424-249e1f19f7d7"},{"length":0,"pathSuffix":"abc","type":"FILE","blockSize":268435456,"accessTime":1474578356755,"modificationTime":1474578356755,"replication":1,"permission":"660","owner":"49b2f9ec-818a-49ca-9424-249e1f19f7d7","group":"49b2f9ec-818a-49ca-9424-249e1f19f7d7"},{"length":0,"pathSuffix":"appveyor.yml2.segments.013df0ecaaab45a0a936a7233e09a613","type":"DIRECTORY","blockSize":0,"accessTime":1475263243165,"modificationTime":1475263244520,"replication":0,"permission":"770","owner":"49b2f9ec-818a-49ca-9424-249e1f19f7d7","group":"49b2f9ec-818a-49ca-9424-249e1f19f7d7"},{"length":0,"pathSuffix":"appveyor.yml2.segments.7db806d845194efeae58eb9c5af3e3bd","type":"DIRECTORY","blockSize":0,"accessTime":1475263177867,"modificationTime":1475263179420,"replication":0,"permission":"770","owner":"49b2f9ec-818a-49ca-9424-249e1f19f7d7","group":"49b2f9ec-818a-49ca-9424-249e1f19f7d7"},{"length":0,"pathSuffix":"appveyor.yml2.segments.aa373f7cf6b14b6bbe64412fe4006d43","type":"DIRECTORY","blockSize":0,"accessTime":1475261077011,"modificationTime":1475261078126,"replication":0,"permission":"770","owner":"49b2f9ec-818a-49ca-9424-249e1f19f7d7","group":"49b2f9ec-818a-49ca-9424-249e1f19f7d7"},{"length":0,"pathSuffix":"appveyor.yml2.segments.b8461c32925e46229adeca1327265ceb","type":"DIRECTORY","blockSize":0,"accessTime":1475263451711,"modificationTime":1475263453168,"replication":0,"permission":"770","owner":"49b2f9ec-818a-49ca-9424-249e1f19f7d7","group":"49b2f9ec-818a-49ca-9424-249e1f19f7d7"},{"length":0,"pathSuffix":"azure_test_dir","type":"DIRECTORY","blockSize":0,"accessTime":1474578598739,"modificationTime":1477066412794,"replication":0,"permission":"770","owner":"49b2f9ec-818a-49ca-9424-249e1f19f7d7","group":"49b2f9ec-818a-49ca-9424-249e1f19f7d7"},{"length":0,"pathSuffix":"b","type":"DIRECTORY","blockSize":0,"accessTime":1475268785878,"modificationTime":1475268785878,"replication":0,"permission":"770","owner":"49b2f9ec-818a-49ca-9424-249e1f19f7d7","group":"49b2f9ec-818a-49ca-9424-249e1f19f7d7"},{"length":0,"pathSuffix":"begoldsm","type":"DIRECTORY","blockSize":0,"accessTime":1472597222084,"modificationTime":1474340083980,"replication":0,"permission":"770","owner":"49b2f9ec-818a-49ca-9424-249e1f19f7d7","group":"49b2f9ec-818a-49ca-9424-249e1f19f7d7"},{"length":0,"pathSuffix":"foo","type":"DIRECTORY","blockSize":0,"accessTime":1474524434761,"modificationTime":1474553866040,"replication":0,"permission":"770","owner":"49b2f9ec-818a-49ca-9424-249e1f19f7d7","group":"49b2f9ec-818a-49ca-9424-249e1f19f7d7"},{"length":0,"pathSuffix":"joseph","type":"DIRECTORY","blockSize":0,"accessTime":1472608724061,"modificationTime":1477065234602,"replication":0,"permission":"700","owner":"49b2f9ec-818a-49ca-9424-249e1f19f7d7","group":"49b2f9ec-818a-49ca-9424-249e1f19f7d7"},{"length":0,"pathSuffix":"md","type":"DIRECTORY","blockSize":0,"accessTime":1475501440481,"modificationTime":1475501475294,"replication":0,"permission":"770","owner":"49b2f9ec-818a-49ca-9424-249e1f19f7d7","group":"49b2f9ec-818a-49ca-9424-249e1f19f7d7"},{"length":39,"pathSuffix":"test.csv","type":"FILE","blockSize":268435456,"accessTime":1469226766337,"modificationTime":1475168613454,"replication":1,"permission":"777","owner":"49b2f9ec-818a-49ca-9424-249e1f19f7d7","group":"49b2f9ec-818a-49ca-9424-249e1f19f7d7"},{"length":0,"pathSuffix":"tmp","type":"DIRECTORY","blockSize":0,"accessTime":1474341881725,"modificationTime":1476215999870,"replication":0,"permission":"770","owner":"49b2f9ec-818a-49ca-9424-249e1f19f7d7","group":"49b2f9ec-818a-49ca-9424-249e1f19f7d7"}]}}'}
    headers:
      Cache-Control: ['no-cache, no-cache, no-store, max-age=0']
      Content-Length: ['4141']
      Content-Type: [application/json; charset=utf-8]
      Date: ['Fri, 21 Oct 2016 16:13:41 GMT']
      Expires: ['-1']
      Pragma: [no-cache]
      Status: ['0x0']
      Strict-Transport-Security: [max-age=15724800; includeSubDomains]
      X-Content-Type-Options: [nosniff]
      x-ms-request-id: [8693abd1-7210-455c-9cae-40fb0e938684]
      x-ms-webhdfs-version: [16.07.18.01]
    status: {code: 200, message: OK}
- request:
    body: null
    headers:
      Accept: ['*/*']
      Accept-Encoding: ['gzip, deflate']
      Connection: [keep-alive]
      User-Agent: [python-requests/2.11.1]
      x-ms-client-request-id: [55f19aa4-97a9-11e6-bb35-acbc32b2789b]
    method: GET
    uri: https://fakestore.azuredatalakestore.net/webhdfs/v1/azure_test_dir?OP=LISTSTATUS
  response:
    body: {string: '{"FileStatuses":{"FileStatus":[]}}'}
    headers:
      Cache-Control: ['no-cache, no-cache, no-store, max-age=0']
      Content-Length: ['34']
      Content-Type: [application/json; charset=utf-8]
      Date: ['Fri, 21 Oct 2016 16:13:42 GMT']
      Expires: ['-1']
      Pragma: [no-cache]
      Status: ['0x0']
      Strict-Transport-Security: [max-age=15724800; includeSubDomains]
      X-Content-Type-Options: [nosniff]
      x-ms-request-id: [965454b5-fcaa-4a55-b9b0-d938c1e761c0]
      x-ms-webhdfs-version: [16.07.18.01]
    status: {code: 200, message: OK}
- request:
    body: null
    headers:
      Accept: ['*/*']
      Accept-Encoding: ['gzip, deflate']
      Connection: [keep-alive]
      User-Agent: [python-requests/2.11.1]
      x-ms-client-request-id: [56108a88-97a9-11e6-b992-acbc32b2789b]
    method: GET
    uri: https://fakestore.azuredatalakestore.net/webhdfs/v1/.?OP=LISTSTATUS
  response:
    body: {string: '{"FileStatuses":{"FileStatus":[{"length":5012,"pathSuffix":"README.rst","type":"FILE","blockSize":268435456,"accessTime":1475276603298,"modificationTime":1475276603391,"replication":1,"permission":"770","owner":"49b2f9ec-818a-49ca-9424-249e1f19f7d7","group":"49b2f9ec-818a-49ca-9424-249e1f19f7d7"},{"length":0,"pathSuffix":"README.rst.segments.80f4f7d34d984e368cedcc818ff356fd","type":"DIRECTORY","blockSize":0,"accessTime":1475275684099,"modificationTime":1475276529505,"replication":0,"permission":"770","owner":"49b2f9ec-818a-49ca-9424-249e1f19f7d7","group":"49b2f9ec-818a-49ca-9424-249e1f19f7d7"},{"length":0,"pathSuffix":"abc","type":"FILE","blockSize":268435456,"accessTime":1474578356755,"modificationTime":1474578356755,"replication":1,"permission":"660","owner":"49b2f9ec-818a-49ca-9424-249e1f19f7d7","group":"49b2f9ec-818a-49ca-9424-249e1f19f7d7"},{"length":0,"pathSuffix":"appveyor.yml2.segments.013df0ecaaab45a0a936a7233e09a613","type":"DIRECTORY","blockSize":0,"accessTime":1475263243165,"modificationTime":1475263244520,"replication":0,"permission":"770","owner":"49b2f9ec-818a-49ca-9424-249e1f19f7d7","group":"49b2f9ec-818a-49ca-9424-249e1f19f7d7"},{"length":0,"pathSuffix":"appveyor.yml2.segments.7db806d845194efeae58eb9c5af3e3bd","type":"DIRECTORY","blockSize":0,"accessTime":1475263177867,"modificationTime":1475263179420,"replication":0,"permission":"770","owner":"49b2f9ec-818a-49ca-9424-249e1f19f7d7","group":"49b2f9ec-818a-49ca-9424-249e1f19f7d7"},{"length":0,"pathSuffix":"appveyor.yml2.segments.aa373f7cf6b14b6bbe64412fe4006d43","type":"DIRECTORY","blockSize":0,"accessTime":1475261077011,"modificationTime":1475261078126,"replication":0,"permission":"770","owner":"49b2f9ec-818a-49ca-9424-249e1f19f7d7","group":"49b2f9ec-818a-49ca-9424-249e1f19f7d7"},{"length":0,"pathSuffix":"appveyor.yml2.segments.b8461c32925e46229adeca1327265ceb","type":"DIRECTORY","blockSize":0,"accessTime":1475263451711,"modificationTime":1475263453168,"replication":0,"permission":"770","owner":"49b2f9ec-818a-49ca-9424-249e1f19f7d7","group":"49b2f9ec-818a-49ca-9424-249e1f19f7d7"},{"length":0,"pathSuffix":"azure_test_dir","type":"DIRECTORY","blockSize":0,"accessTime":1474578598739,"modificationTime":1477066412794,"replication":0,"permission":"770","owner":"49b2f9ec-818a-49ca-9424-249e1f19f7d7","group":"49b2f9ec-818a-49ca-9424-249e1f19f7d7"},{"length":0,"pathSuffix":"b","type":"DIRECTORY","blockSize":0,"accessTime":1475268785878,"modificationTime":1475268785878,"replication":0,"permission":"770","owner":"49b2f9ec-818a-49ca-9424-249e1f19f7d7","group":"49b2f9ec-818a-49ca-9424-249e1f19f7d7"},{"length":0,"pathSuffix":"begoldsm","type":"DIRECTORY","blockSize":0,"accessTime":1472597222084,"modificationTime":1474340083980,"replication":0,"permission":"770","owner":"49b2f9ec-818a-49ca-9424-249e1f19f7d7","group":"49b2f9ec-818a-49ca-9424-249e1f19f7d7"},{"length":0,"pathSuffix":"foo","type":"DIRECTORY","blockSize":0,"accessTime":1474524434761,"modificationTime":1474553866040,"replication":0,"permission":"770","owner":"49b2f9ec-818a-49ca-9424-249e1f19f7d7","group":"49b2f9ec-818a-49ca-9424-249e1f19f7d7"},{"length":0,"pathSuffix":"joseph","type":"DIRECTORY","blockSize":0,"accessTime":1472608724061,"modificationTime":1477065234602,"replication":0,"permission":"700","owner":"49b2f9ec-818a-49ca-9424-249e1f19f7d7","group":"49b2f9ec-818a-49ca-9424-249e1f19f7d7"},{"length":0,"pathSuffix":"md","type":"DIRECTORY","blockSize":0,"accessTime":1475501440481,"modificationTime":1475501475294,"replication":0,"permission":"770","owner":"49b2f9ec-818a-49ca-9424-249e1f19f7d7","group":"49b2f9ec-818a-49ca-9424-249e1f19f7d7"},{"length":39,"pathSuffix":"test.csv","type":"FILE","blockSize":268435456,"accessTime":1469226766337,"modificationTime":1475168613454,"replication":1,"permission":"777","owner":"49b2f9ec-818a-49ca-9424-249e1f19f7d7","group":"49b2f9ec-818a-49ca-9424-249e1f19f7d7"},{"length":0,"pathSuffix":"tmp","type":"DIRECTORY","blockSize":0,"accessTime":1474341881725,"modificationTime":1476215999870,"replication":0,"permission":"770","owner":"49b2f9ec-818a-49ca-9424-249e1f19f7d7","group":"49b2f9ec-818a-49ca-9424-249e1f19f7d7"}]}}'}
    headers:
      Cache-Control: ['no-cache, no-cache, no-store, max-age=0']
      Content-Length: ['4141']
      Content-Type: [application/json; charset=utf-8]
      Date: ['Fri, 21 Oct 2016 16:13:43 GMT']
      Expires: ['-1']
      Pragma: [no-cache]
      Status: ['0x0']
      Strict-Transport-Security: [max-age=15724800; includeSubDomains]
      X-Content-Type-Options: [nosniff]
      x-ms-request-id: [5798559d-112a-402d-8320-fd7ed1e1df00]
      x-ms-webhdfs-version: [16.07.18.01]
    status: {code: 200, message: OK}
version: 1
