interactions:
- request:
    body: null
    headers:
      Accept: ['*/*']
      Accept-Encoding: ['gzip, deflate']
      Connection: [keep-alive]
      Content-Length: ['0']
      User-Agent: [python/3.5.2 (Windows-10-10.0.14393-SP0) azure.datalake.store.lib/0.0.1
          Azure-Data-Lake-Store-SDK-For-Python]
      x-ms-client-request-id: [62043742-d9d0-11e6-b65a-645106422854]
    method: PUT
    uri: https://fakestore.azuredatalakestore.net/webhdfs/v1/azure_test_dir?OP=MKDIRS
  response:
    body: {string: '{"boolean":true}'}
    headers:
      Cache-Control: ['no-cache, no-cache, no-store, max-age=0']
      Content-Length: ['16']
      Content-Type: [application/json; charset=utf-8]
      Date: ['Fri, 13 Jan 2017 20:39:30 GMT']
      Expires: ['-1']
      Pragma: [no-cache]
      Status: ['0x0']
      Strict-Transport-Security: [max-age=15724800; includeSubDomains]
      X-Content-Type-Options: [nosniff]
      x-ms-request-id: [ac614c20-a8b8-4b09-b34f-76d9bf886289]
      x-ms-webhdfs-version: [16.07.18.01]
    status: {code: 200, message: OK}
- request:
    body: '123456'
    headers:
      Accept: ['*/*']
      Accept-Encoding: ['gzip, deflate']
      Connection: [keep-alive]
      Content-Length: ['6']
      User-Agent: [python/3.5.2 (Windows-10-10.0.14393-SP0) azure.datalake.store.lib/0.0.1
          Azure-Data-Lake-Store-SDK-For-Python]
      x-ms-client-request-id: [6241e1cc-d9d0-11e6-b08f-645106422854]
    method: PUT
    uri: https://fakestore.azuredatalakestore.net/webhdfs/v1/azure_test_dir/x.csv?overwrite=true&write=true&OP=CREATE
  response:
    body: {string: ''}
    headers:
      Cache-Control: ['no-cache, no-cache, no-store, max-age=0']
      Content-Length: ['0']
      ContentLength: ['0']
      Date: ['Fri, 13 Jan 2017 20:39:30 GMT']
      Expires: ['-1']
      Location: ['https://fakestore.azuredatalakestore.net/webhdfs/v1/azure_test_dir/x.csv?overwrite=true&write=true&OP=CREATE']
      Pragma: [no-cache]
      Status: ['0x0']
      Strict-Transport-Security: [max-age=15724800; includeSubDomains]
      X-Content-Type-Options: [nosniff]
      x-ms-request-id: [488f1167-32e1-42bf-9bdd-c4bf8ee3b8d1]
      x-ms-webhdfs-version: [16.07.18.01]
    status: {code: 201, message: Created}
- request:
    body: '123456'
    headers:
      Accept: ['*/*']
      Accept-Encoding: ['gzip, deflate']
      Connection: [keep-alive]
      Content-Length: ['6']
      User-Agent: [python/3.5.2 (Windows-10-10.0.14393-SP0) azure.datalake.store.lib/0.0.1
          Azure-Data-Lake-Store-SDK-For-Python]
      x-ms-client-request-id: [62725f58-d9d0-11e6-8a12-645106422854]
    method: PUT
    uri: https://fakestore.azuredatalakestore.net/webhdfs/v1/azure_test_dir/y.csv?overwrite=true&write=true&OP=CREATE
  response:
    body: {string: ''}
    headers:
      Cache-Control: ['no-cache, no-cache, no-store, max-age=0']
      Content-Length: ['0']
      ContentLength: ['0']
      Date: ['Fri, 13 Jan 2017 20:39:31 GMT']
      Expires: ['-1']
      Location: ['https://fakestore.azuredatalakestore.net/webhdfs/v1/azure_test_dir/y.csv?overwrite=true&write=true&OP=CREATE']
      Pragma: [no-cache]
      Status: ['0x0']
      Strict-Transport-Security: [max-age=15724800; includeSubDomains]
      X-Content-Type-Options: [nosniff]
      x-ms-request-id: [3370a4e0-f70e-45f9-88af-561a536d17ec]
      x-ms-webhdfs-version: [16.07.18.01]
    status: {code: 201, message: Created}
- request:
    body: '123456'
    headers:
      Accept: ['*/*']
      Accept-Encoding: ['gzip, deflate']
      Connection: [keep-alive]
      Content-Length: ['6']
      User-Agent: [python/3.5.2 (Windows-10-10.0.14393-SP0) azure.datalake.store.lib/0.0.1
          Azure-Data-Lake-Store-SDK-For-Python]
      x-ms-client-request-id: [629f2cf6-d9d0-11e6-a06a-645106422854]
    method: PUT
    uri: https://fakestore.azuredatalakestore.net/webhdfs/v1/azure_test_dir/z.txt?overwrite=true&write=true&OP=CREATE
  response:
    body: {string: ''}
    headers:
      Cache-Control: ['no-cache, no-cache, no-store, max-age=0']
      Content-Length: ['0']
      ContentLength: ['0']
      Date: ['Fri, 13 Jan 2017 20:39:31 GMT']
      Expires: ['-1']
      Location: ['https://fakestore.azuredatalakestore.net/webhdfs/v1/azure_test_dir/z.txt?overwrite=true&write=true&OP=CREATE']
      Pragma: [no-cache]
      Status: ['0x0']
      Strict-Transport-Security: [max-age=15724800; includeSubDomains]
      X-Content-Type-Options: [nosniff]
      x-ms-request-id: [8839a23e-55a2-4e1f-9cc8-704a9640cc6d]
      x-ms-webhdfs-version: [16.07.18.01]
    status: {code: 201, message: Created}
- request:
    body: null
    headers:
      Accept: ['*/*']
      Accept-Encoding: ['gzip, deflate']
      Connection: [keep-alive]
      Content-Length: ['0']
      User-Agent: [python/3.5.2 (Windows-10-10.0.14393-SP0) azure.datalake.store.lib/0.0.1
          Azure-Data-Lake-Store-SDK-For-Python]
      x-ms-client-request-id: [62d14c6c-d9d0-11e6-931e-645106422854]
    method: PUT
    uri: https://fakestore.azuredatalakestore.net/webhdfs/v1/azure_test_dir/data/a?OP=MKDIRS
  response:
    body: {string: '{"boolean":true}'}
    headers:
      Cache-Control: ['no-cache, no-cache, no-store, max-age=0']
      Content-Length: ['16']
      Content-Type: [application/json; charset=utf-8]
      Date: ['Fri, 13 Jan 2017 20:39:31 GMT']
      Expires: ['-1']
      Pragma: [no-cache]
      Status: ['0x0']
      Strict-Transport-Security: [max-age=15724800; includeSubDomains]
      X-Content-Type-Options: [nosniff]
      x-ms-request-id: [c2b2fdd8-6901-44d4-b962-81c7d735b4a9]
      x-ms-webhdfs-version: [16.07.18.01]
    status: {code: 200, message: OK}
- request:
    body: '123456'
    headers:
      Accept: ['*/*']
      Accept-Encoding: ['gzip, deflate']
      Connection: [keep-alive]
      Content-Length: ['6']
      User-Agent: [python/3.5.2 (Windows-10-10.0.14393-SP0) azure.datalake.store.lib/0.0.1
          Azure-Data-Lake-Store-SDK-For-Python]
      x-ms-client-request-id: [62e424c0-d9d0-11e6-b155-645106422854]
    method: PUT
    uri: https://fakestore.azuredatalakestore.net/webhdfs/v1/azure_test_dir/data/a/x.csv?overwrite=true&write=true&OP=CREATE
  response:
    body: {string: ''}
    headers:
      Cache-Control: ['no-cache, no-cache, no-store, max-age=0']
      Content-Length: ['0']
      ContentLength: ['0']
      Date: ['Fri, 13 Jan 2017 20:39:31 GMT']
      Expires: ['-1']
      Location: ['https://fakestore.azuredatalakestore.net/webhdfs/v1/azure_test_dir/data/a/x.csv?overwrite=true&write=true&OP=CREATE']
      Pragma: [no-cache]
      Status: ['0x0']
      Strict-Transport-Security: [max-age=15724800; includeSubDomains]
      X-Content-Type-Options: [nosniff]
      x-ms-request-id: [987edf59-2303-49b1-92f5-7506773b82fb]
      x-ms-webhdfs-version: [16.07.18.01]
    status: {code: 201, message: Created}
- request:
    body: '123456'
    headers:
      Accept: ['*/*']
      Accept-Encoding: ['gzip, deflate']
      Connection: [keep-alive]
      Content-Length: ['6']
      User-Agent: [python/3.5.2 (Windows-10-10.0.14393-SP0) azure.datalake.store.lib/0.0.1
          Azure-Data-Lake-Store-SDK-For-Python]
      x-ms-client-request-id: [630eb71a-d9d0-11e6-bc2a-645106422854]
    method: PUT
    uri: https://fakestore.azuredatalakestore.net/webhdfs/v1/azure_test_dir/data/a/y.csv?overwrite=true&write=true&OP=CREATE
  response:
    body: {string: ''}
    headers:
      Cache-Control: ['no-cache, no-cache, no-store, max-age=0']
      Content-Length: ['0']
      ContentLength: ['0']
      Date: ['Fri, 13 Jan 2017 20:39:32 GMT']
      Expires: ['-1']
      Location: ['https://fakestore.azuredatalakestore.net/webhdfs/v1/azure_test_dir/data/a/y.csv?overwrite=true&write=true&OP=CREATE']
      Pragma: [no-cache]
      Status: ['0x0']
      Strict-Transport-Security: [max-age=15724800; includeSubDomains]
      X-Content-Type-Options: [nosniff]
      x-ms-request-id: [a317ee15-0605-408b-8835-8e386fd334f9]
      x-ms-webhdfs-version: [16.07.18.01]
    status: {code: 201, message: Created}
- request:
    body: '123456'
    headers:
      Accept: ['*/*']
      Accept-Encoding: ['gzip, deflate']
      Connection: [keep-alive]
      Content-Length: ['6']
      User-Agent: [python/3.5.2 (Windows-10-10.0.14393-SP0) azure.datalake.store.lib/0.0.1
          Azure-Data-Lake-Store-SDK-For-Python]
      x-ms-client-request-id: [6348174a-d9d0-11e6-bc02-645106422854]
    method: PUT
    uri: https://fakestore.azuredatalakestore.net/webhdfs/v1/azure_test_dir/data/a/z.txt?overwrite=true&write=true&OP=CREATE
  response:
    body: {string: ''}
    headers:
      Cache-Control: ['no-cache, no-cache, no-store, max-age=0']
      Content-Length: ['0']
      ContentLength: ['0']
      Date: ['Fri, 13 Jan 2017 20:39:32 GMT']
      Expires: ['-1']
      Location: ['https://fakestore.azuredatalakestore.net/webhdfs/v1/azure_test_dir/data/a/z.txt?overwrite=true&write=true&OP=CREATE']
      Pragma: [no-cache]
      Status: ['0x0']
      Strict-Transport-Security: [max-age=15724800; includeSubDomains]
      X-Content-Type-Options: [nosniff]
      x-ms-request-id: [5cbe203b-0b4d-4f19-85a7-000257856b5a]
      x-ms-webhdfs-version: [16.07.18.01]
    status: {code: 201, message: Created}
- request:
    body: null
    headers:
      Accept: ['*/*']
      Accept-Encoding: ['gzip, deflate']
      Connection: [keep-alive]
      Content-Length: ['0']
      User-Agent: [python/3.5.2 (Windows-10-10.0.14393-SP0) azure.datalake.store.lib/0.0.1
          Azure-Data-Lake-Store-SDK-For-Python]
      x-ms-client-request-id: [63925b3e-d9d0-11e6-a5cf-645106422854]
    method: PUT
    uri: https://fakestore.azuredatalakestore.net/webhdfs/v1/azure_test_dir/data/b?OP=MKDIRS
  response:
    body: {string: '{"boolean":true}'}
    headers:
      Cache-Control: ['no-cache, no-cache, no-store, max-age=0']
      Content-Length: ['16']
      Content-Type: [application/json; charset=utf-8]
      Date: ['Fri, 13 Jan 2017 20:39:32 GMT']
      Expires: ['-1']
      Pragma: [no-cache]
      Status: ['0x0']
      Strict-Transport-Security: [max-age=15724800; includeSubDomains]
      X-Content-Type-Options: [nosniff]
      x-ms-request-id: [ca420efb-624c-42f4-af2e-9b8776984200]
      x-ms-webhdfs-version: [16.07.18.01]
    status: {code: 200, message: OK}
- request:
    body: '123456'
    headers:
      Accept: ['*/*']
      Accept-Encoding: ['gzip, deflate']
      Connection: [keep-alive]
      Content-Length: ['6']
      User-Agent: [python/3.5.2 (Windows-10-10.0.14393-SP0) azure.datalake.store.lib/0.0.1
          Azure-Data-Lake-Store-SDK-For-Python]
      x-ms-client-request-id: [63a54294-d9d0-11e6-aee7-645106422854]
    method: PUT
    uri: https://fakestore.azuredatalakestore.net/webhdfs/v1/azure_test_dir/data/b/x.csv?overwrite=true&write=true&OP=CREATE
  response:
    body: {string: ''}
    headers:
      Cache-Control: ['no-cache, no-cache, no-store, max-age=0']
      Content-Length: ['0']
      ContentLength: ['0']
      Date: ['Fri, 13 Jan 2017 20:39:33 GMT']
      Expires: ['-1']
      Location: ['https://fakestore.azuredatalakestore.net/webhdfs/v1/azure_test_dir/data/b/x.csv?overwrite=true&write=true&OP=CREATE']
      Pragma: [no-cache]
      Status: ['0x0']
      Strict-Transport-Security: [max-age=15724800; includeSubDomains]
      X-Content-Type-Options: [nosniff]
      x-ms-request-id: [960f8733-439c-47ab-9cfc-d536c8edc0e5]
      x-ms-webhdfs-version: [16.07.18.01]
    status: {code: 201, message: Created}
- request:
    body: '123456'
    headers:
      Accept: ['*/*']
      Accept-Encoding: ['gzip, deflate']
      Connection: [keep-alive]
      Content-Length: ['6']
      User-Agent: [python/3.5.2 (Windows-10-10.0.14393-SP0) azure.datalake.store.lib/0.0.1
          Azure-Data-Lake-Store-SDK-For-Python]
      x-ms-client-request-id: [63d245ac-d9d0-11e6-b68a-645106422854]
    method: PUT
    uri: https://fakestore.azuredatalakestore.net/webhdfs/v1/azure_test_dir/data/b/y.csv?overwrite=true&write=true&OP=CREATE
  response:
    body: {string: ''}
    headers:
      Cache-Control: ['no-cache, no-cache, no-store, max-age=0']
      Content-Length: ['0']
      ContentLength: ['0']
      Date: ['Fri, 13 Jan 2017 20:39:33 GMT']
      Expires: ['-1']
      Location: ['https://fakestore.azuredatalakestore.net/webhdfs/v1/azure_test_dir/data/b/y.csv?overwrite=true&write=true&OP=CREATE']
      Pragma: [no-cache]
      Status: ['0x0']
      Strict-Transport-Security: [max-age=15724800; includeSubDomains]
      X-Content-Type-Options: [nosniff]
      x-ms-request-id: [ba90c01b-3bfd-44df-a9fb-d9cfbbb6ff34]
      x-ms-webhdfs-version: [16.07.18.01]
    status: {code: 201, message: Created}
- request:
    body: '123456'
    headers:
      Accept: ['*/*']
      Accept-Encoding: ['gzip, deflate']
      Connection: [keep-alive]
      Content-Length: ['6']
      User-Agent: [python/3.5.2 (Windows-10-10.0.14393-SP0) azure.datalake.store.lib/0.0.1
          Azure-Data-Lake-Store-SDK-For-Python]
      x-ms-client-request-id: [642f7276-d9d0-11e6-8974-645106422854]
    method: PUT
    uri: https://fakestore.azuredatalakestore.net/webhdfs/v1/azure_test_dir/data/b/z.txt?overwrite=true&write=true&OP=CREATE
  response:
    body: {string: ''}
    headers:
      Cache-Control: ['no-cache, no-cache, no-store, max-age=0']
      Content-Length: ['0']
      ContentLength: ['0']
      Date: ['Fri, 13 Jan 2017 20:39:33 GMT']
      Expires: ['-1']
      Location: ['https://fakestore.azuredatalakestore.net/webhdfs/v1/azure_test_dir/data/b/z.txt?overwrite=true&write=true&OP=CREATE']
      Pragma: [no-cache]
      Status: ['0x0']
      Strict-Transport-Security: [max-age=15724800; includeSubDomains]
      X-Content-Type-Options: [nosniff]
      x-ms-request-id: [36194521-524e-4b71-bed5-6a6393f8fa70]
      x-ms-webhdfs-version: [16.07.18.01]
    status: {code: 201, message: Created}
- request:
    body: null
    headers:
      Accept: ['*/*']
      Accept-Encoding: ['gzip, deflate']
      Connection: [keep-alive]
      User-Agent: [python/3.5.2 (Windows-10-10.0.14393-SP0) azure.datalake.store.lib/0.0.1
          Azure-Data-Lake-Store-SDK-For-Python]
      x-ms-client-request-id: [6459eaec-d9d0-11e6-b727-645106422854]
    method: GET
    uri: https://fakestore.azuredatalakestore.net/webhdfs/v1/azure_test_dir/data/a?OP=LISTSTATUS
  response:
    body: {string: '{"FileStatuses":{"FileStatus":[{"length":6,"pathSuffix":"x.csv","type":"FILE","blockSize":268435456,"accessTime":1484339971792,"modificationTime":1484339971859,"replication":1,"permission":"770","owner":"9a23860e-03b0-4bad-a8b7-e1d081d592bd","group":"2e6c02d2-a364-4530-9137-d17403996cbf"},{"length":6,"pathSuffix":"y.csv","type":"FILE","blockSize":268435456,"accessTime":1484339972072,"modificationTime":1484339972233,"replication":1,"permission":"770","owner":"9a23860e-03b0-4bad-a8b7-e1d081d592bd","group":"2e6c02d2-a364-4530-9137-d17403996cbf"},{"length":6,"pathSuffix":"z.txt","type":"FILE","blockSize":268435456,"accessTime":1484339972451,"modificationTime":1484339972525,"replication":1,"permission":"770","owner":"9a23860e-03b0-4bad-a8b7-e1d081d592bd","group":"2e6c02d2-a364-4530-9137-d17403996cbf"}]}}'}
    headers:
      Cache-Control: ['no-cache, no-cache, no-store, max-age=0']
      Content-Length: ['810']
      Content-Type: [application/json; charset=utf-8]
      Date: ['Fri, 13 Jan 2017 20:39:34 GMT']
      Expires: ['-1']
      Pragma: [no-cache]
      Status: ['0x0']
      Strict-Transport-Security: [max-age=15724800; includeSubDomains]
      X-Content-Type-Options: [nosniff]
      x-ms-request-id: [dbdaaa6c-b0b6-4434-88c4-b72d6989a9a8]
      x-ms-webhdfs-version: [16.07.18.01]
    status: {code: 200, message: OK}
- request:
    body: null
    headers:
      Accept: ['*/*']
      Accept-Encoding: ['gzip, deflate']
      Connection: [keep-alive]
      User-Agent: [python/3.5.2 (Windows-10-10.0.14393-SP0) azure.datalake.store.lib/0.0.1
          Azure-Data-Lake-Store-SDK-For-Python]
      x-ms-client-request-id: [646c872c-d9d0-11e6-9df9-645106422854]
    method: GET
    uri: https://fakestore.azuredatalakestore.net/webhdfs/v1/azure_test_dir/data/a?OP=LISTSTATUS
  response:
    body: {string: '{"FileStatuses":{"FileStatus":[{"length":6,"pathSuffix":"x.csv","type":"FILE","blockSize":268435456,"accessTime":1484339971792,"modificationTime":1484339971859,"replication":1,"permission":"770","owner":"9a23860e-03b0-4bad-a8b7-e1d081d592bd","group":"2e6c02d2-a364-4530-9137-d17403996cbf"},{"length":6,"pathSuffix":"y.csv","type":"FILE","blockSize":268435456,"accessTime":1484339972072,"modificationTime":1484339972233,"replication":1,"permission":"770","owner":"9a23860e-03b0-4bad-a8b7-e1d081d592bd","group":"2e6c02d2-a364-4530-9137-d17403996cbf"},{"length":6,"pathSuffix":"z.txt","type":"FILE","blockSize":268435456,"accessTime":1484339972451,"modificationTime":1484339972525,"replication":1,"permission":"770","owner":"9a23860e-03b0-4bad-a8b7-e1d081d592bd","group":"2e6c02d2-a364-4530-9137-d17403996cbf"}]}}'}
    headers:
      Cache-Control: ['no-cache, no-cache, no-store, max-age=0']
      Content-Length: ['810']
      Content-Type: [application/json; charset=utf-8]
      Date: ['Fri, 13 Jan 2017 20:39:34 GMT']
      Expires: ['-1']
      Pragma: [no-cache]
      Status: ['0x0']
      Strict-Transport-Security: [max-age=15724800; includeSubDomains]
      X-Content-Type-Options: [nosniff]
      x-ms-request-id: [fc1c1b53-663e-46aa-8e6d-264c5501d53e]
      x-ms-webhdfs-version: [16.07.18.01]
    status: {code: 200, message: OK}
- request:
    body: null
    headers:
      Accept: ['*/*']
      Accept-Encoding: ['gzip, deflate']
      Connection: [keep-alive]
      User-Agent: [python/3.5.2 (Windows-10-10.0.14393-SP0) azure.datalake.store.lib/0.0.1
          Azure-Data-Lake-Store-SDK-For-Python]
      x-ms-client-request-id: [647f34e6-d9d0-11e6-8d4a-645106422854]
    method: GET
    uri: https://fakestore.azuredatalakestore.net/webhdfs/v1/azure_test_dir/data/a?OP=LISTSTATUS
  response:
    body: {string: '{"FileStatuses":{"FileStatus":[{"length":6,"pathSuffix":"x.csv","type":"FILE","blockSize":268435456,"accessTime":1484339971792,"modificationTime":1484339971859,"replication":1,"permission":"770","owner":"9a23860e-03b0-4bad-a8b7-e1d081d592bd","group":"2e6c02d2-a364-4530-9137-d17403996cbf"},{"length":6,"pathSuffix":"y.csv","type":"FILE","blockSize":268435456,"accessTime":1484339972072,"modificationTime":1484339972233,"replication":1,"permission":"770","owner":"9a23860e-03b0-4bad-a8b7-e1d081d592bd","group":"2e6c02d2-a364-4530-9137-d17403996cbf"},{"length":6,"pathSuffix":"z.txt","type":"FILE","blockSize":268435456,"accessTime":1484339972451,"modificationTime":1484339972525,"replication":1,"permission":"770","owner":"9a23860e-03b0-4bad-a8b7-e1d081d592bd","group":"2e6c02d2-a364-4530-9137-d17403996cbf"}]}}'}
    headers:
      Cache-Control: ['no-cache, no-cache, no-store, max-age=0']
      Content-Length: ['810']
      Content-Type: [application/json; charset=utf-8]
      Date: ['Fri, 13 Jan 2017 20:39:34 GMT']
      Expires: ['-1']
      Pragma: [no-cache]
      Status: ['0x0']
      Strict-Transport-Security: [max-age=15724800; includeSubDomains]
      X-Content-Type-Options: [nosniff]
      x-ms-request-id: [64e6934d-6a7d-4167-8b41-f091e32425cc]
      x-ms-webhdfs-version: [16.07.18.01]
    status: {code: 200, message: OK}
- request:
    body: null
    headers:
      Accept: ['*/*']
      Accept-Encoding: ['gzip, deflate']
      Connection: [keep-alive]
      User-Agent: [python/3.5.2 (Windows-10-10.0.14393-SP0) azure.datalake.store.lib/0.0.1
          Azure-Data-Lake-Store-SDK-For-Python]
      x-ms-client-request-id: [6491fcc0-d9d0-11e6-ad13-645106422854]
    method: GET
    uri: https://fakestore.azuredatalakestore.net/webhdfs/v1/azure_test_dir/data?OP=LISTSTATUS
  response:
    body: {string: '{"FileStatuses":{"FileStatus":[{"length":0,"pathSuffix":"a","type":"DIRECTORY","blockSize":0,"accessTime":1484339971668,"modificationTime":1484339972471,"replication":0,"permission":"770","owner":"9a23860e-03b0-4bad-a8b7-e1d081d592bd","group":"2e6c02d2-a364-4530-9137-d17403996cbf"},{"length":0,"pathSuffix":"b","type":"DIRECTORY","blockSize":0,"accessTime":1484339972932,"modificationTime":1484339973983,"replication":0,"permission":"770","owner":"9a23860e-03b0-4bad-a8b7-e1d081d592bd","group":"2e6c02d2-a364-4530-9137-d17403996cbf"}]}}'}
    headers:
      Cache-Control: ['no-cache, no-cache, no-store, max-age=0']
      Content-Length: ['537']
      Content-Type: [application/json; charset=utf-8]
      Date: ['Fri, 13 Jan 2017 20:39:34 GMT']
      Expires: ['-1']
      Pragma: [no-cache]
      Status: ['0x0']
      Strict-Transport-Security: [max-age=15724800; includeSubDomains]
      X-Content-Type-Options: [nosniff]
      x-ms-request-id: [1fdc550c-0815-4400-8ac4-68b90bd7a709]
      x-ms-webhdfs-version: [16.07.18.01]
    status: {code: 200, message: OK}
- request:
    body: null
    headers:
      Accept: ['*/*']
      Accept-Encoding: ['gzip, deflate']
      Connection: [keep-alive]
      User-Agent: [python/3.5.2 (Windows-10-10.0.14393-SP0) azure.datalake.store.lib/0.0.1
          Azure-Data-Lake-Store-SDK-For-Python]
      x-ms-client-request-id: [64a3df74-d9d0-11e6-a037-645106422854]
    method: GET
    uri: https://fakestore.azuredatalakestore.net/webhdfs/v1/azure_test_dir/data/a?OP=LISTSTATUS
  response:
    body: {string: '{"FileStatuses":{"FileStatus":[{"length":6,"pathSuffix":"x.csv","type":"FILE","blockSize":268435456,"accessTime":1484339971792,"modificationTime":1484339971859,"replication":1,"permission":"770","owner":"9a23860e-03b0-4bad-a8b7-e1d081d592bd","group":"2e6c02d2-a364-4530-9137-d17403996cbf"},{"length":6,"pathSuffix":"y.csv","type":"FILE","blockSize":268435456,"accessTime":1484339972072,"modificationTime":1484339972233,"replication":1,"permission":"770","owner":"9a23860e-03b0-4bad-a8b7-e1d081d592bd","group":"2e6c02d2-a364-4530-9137-d17403996cbf"},{"length":6,"pathSuffix":"z.txt","type":"FILE","blockSize":268435456,"accessTime":1484339972451,"modificationTime":1484339972525,"replication":1,"permission":"770","owner":"9a23860e-03b0-4bad-a8b7-e1d081d592bd","group":"2e6c02d2-a364-4530-9137-d17403996cbf"}]}}'}
    headers:
      Cache-Control: ['no-cache, no-cache, no-store, max-age=0']
      Content-Length: ['810']
      Content-Type: [application/json; charset=utf-8]
      Date: ['Fri, 13 Jan 2017 20:39:34 GMT']
      Expires: ['-1']
      Pragma: [no-cache]
      Status: ['0x0']
      Strict-Transport-Security: [max-age=15724800; includeSubDomains]
      X-Content-Type-Options: [nosniff]
      x-ms-request-id: [cc649da6-1983-40f0-96a8-9c95729c39c6]
      x-ms-webhdfs-version: [16.07.18.01]
    status: {code: 200, message: OK}
- request:
    body: null
    headers:
      Accept: ['*/*']
      Accept-Encoding: ['gzip, deflate']
      Connection: [keep-alive]
      User-Agent: [python/3.5.2 (Windows-10-10.0.14393-SP0) azure.datalake.store.lib/0.0.1
          Azure-Data-Lake-Store-SDK-For-Python]
      x-ms-client-request-id: [64b6c864-d9d0-11e6-be6f-645106422854]
    method: GET
    uri: https://fakestore.azuredatalakestore.net/webhdfs/v1/azure_test_dir/data/b?OP=LISTSTATUS
  response:
    body: {string: '{"FileStatuses":{"FileStatus":[{"length":6,"pathSuffix":"x.csv","type":"FILE","blockSize":268435456,"accessTime":1484339973058,"modificationTime":1484339973140,"replication":1,"permission":"770","owner":"9a23860e-03b0-4bad-a8b7-e1d081d592bd","group":"2e6c02d2-a364-4530-9137-d17403996cbf"},{"length":6,"pathSuffix":"y.csv","type":"FILE","blockSize":268435456,"accessTime":1484339973353,"modificationTime":1484339973415,"replication":1,"permission":"770","owner":"9a23860e-03b0-4bad-a8b7-e1d081d592bd","group":"2e6c02d2-a364-4530-9137-d17403996cbf"},{"length":6,"pathSuffix":"z.txt","type":"FILE","blockSize":268435456,"accessTime":1484339973962,"modificationTime":1484339974011,"replication":1,"permission":"770","owner":"9a23860e-03b0-4bad-a8b7-e1d081d592bd","group":"2e6c02d2-a364-4530-9137-d17403996cbf"}]}}'}
    headers:
      Cache-Control: ['no-cache, no-cache, no-store, max-age=0']
      Content-Length: ['810']
      Content-Type: [application/json; charset=utf-8]
      Date: ['Fri, 13 Jan 2017 20:39:34 GMT']
      Expires: ['-1']
      Pragma: [no-cache]
      Status: ['0x0']
      Strict-Transport-Security: [max-age=15724800; includeSubDomains]
      X-Content-Type-Options: [nosniff]
      x-ms-request-id: [c46ef150-ca37-4aca-bece-14a30371f6af]
      x-ms-webhdfs-version: [16.07.18.01]
    status: {code: 200, message: OK}
- request:
    body: null
    headers:
      Accept: ['*/*']
      Accept-Encoding: ['gzip, deflate']
      Connection: [keep-alive]
      User-Agent: [python/3.5.2 (Windows-10-10.0.14393-SP0) azure.datalake.store.lib/0.0.1
          Azure-Data-Lake-Store-SDK-For-Python]
      x-ms-client-request-id: [64cc38e4-d9d0-11e6-b763-645106422854]
    method: GET
    uri: https://fakestore.azuredatalakestore.net/webhdfs/v1/azure_test_dir/data/a?OP=LISTSTATUS
  response:
    body: {string: '{"FileStatuses":{"FileStatus":[{"length":6,"pathSuffix":"x.csv","type":"FILE","blockSize":268435456,"accessTime":1484339971792,"modificationTime":1484339971859,"replication":1,"permission":"770","owner":"9a23860e-03b0-4bad-a8b7-e1d081d592bd","group":"2e6c02d2-a364-4530-9137-d17403996cbf"},{"length":6,"pathSuffix":"y.csv","type":"FILE","blockSize":268435456,"accessTime":1484339972072,"modificationTime":1484339972233,"replication":1,"permission":"770","owner":"9a23860e-03b0-4bad-a8b7-e1d081d592bd","group":"2e6c02d2-a364-4530-9137-d17403996cbf"},{"length":6,"pathSuffix":"z.txt","type":"FILE","blockSize":268435456,"accessTime":1484339972451,"modificationTime":1484339972525,"replication":1,"permission":"770","owner":"9a23860e-03b0-4bad-a8b7-e1d081d592bd","group":"2e6c02d2-a364-4530-9137-d17403996cbf"}]}}'}
    headers:
      Cache-Control: ['no-cache, no-cache, no-store, max-age=0']
      Content-Length: ['810']
      Content-Type: [application/json; charset=utf-8]
      Date: ['Fri, 13 Jan 2017 20:39:34 GMT']
      Expires: ['-1']
      Pragma: [no-cache]
      Status: ['0x0']
      Strict-Transport-Security: [max-age=15724800; includeSubDomains]
      X-Content-Type-Options: [nosniff]
      x-ms-request-id: [a2249c4d-eb43-4e92-b90d-ea07dfc3c8c5]
      x-ms-webhdfs-version: [16.07.18.01]
    status: {code: 200, message: OK}
- request:
    body: null
    headers:
      Accept: ['*/*']
      Accept-Encoding: ['gzip, deflate']
      Connection: [keep-alive]
      User-Agent: [python/3.5.2 (Windows-10-10.0.14393-SP0) azure.datalake.store.lib/0.0.1
          Azure-Data-Lake-Store-SDK-For-Python]
      x-ms-client-request-id: [64dec0ba-d9d0-11e6-8376-645106422854]
    method: GET
    uri: https://fakestore.azuredatalakestore.net/webhdfs/v1/azure_test_dir/data/a?OP=LISTSTATUS
  response:
    body: {string: '{"FileStatuses":{"FileStatus":[{"length":6,"pathSuffix":"x.csv","type":"FILE","blockSize":268435456,"accessTime":1484339971792,"modificationTime":1484339971859,"replication":1,"permission":"770","owner":"9a23860e-03b0-4bad-a8b7-e1d081d592bd","group":"2e6c02d2-a364-4530-9137-d17403996cbf"},{"length":6,"pathSuffix":"y.csv","type":"FILE","blockSize":268435456,"accessTime":1484339972072,"modificationTime":1484339972233,"replication":1,"permission":"770","owner":"9a23860e-03b0-4bad-a8b7-e1d081d592bd","group":"2e6c02d2-a364-4530-9137-d17403996cbf"},{"length":6,"pathSuffix":"z.txt","type":"FILE","blockSize":268435456,"accessTime":1484339972451,"modificationTime":1484339972525,"replication":1,"permission":"770","owner":"9a23860e-03b0-4bad-a8b7-e1d081d592bd","group":"2e6c02d2-a364-4530-9137-d17403996cbf"}]}}'}
    headers:
      Cache-Control: ['no-cache, no-cache, no-store, max-age=0']
      Content-Length: ['810']
      Content-Type: [application/json; charset=utf-8]
      Date: ['Fri, 13 Jan 2017 20:39:34 GMT']
      Expires: ['-1']
      Pragma: [no-cache]
      Status: ['0x0']
      Strict-Transport-Security: [max-age=15724800; includeSubDomains]
      X-Content-Type-Options: [nosniff]
      x-ms-request-id: [8690097a-61ed-4c03-a106-e27bd006f6a4]
      x-ms-webhdfs-version: [16.07.18.01]
    status: {code: 200, message: OK}
- request:
    body: null
    headers:
      Accept: ['*/*']
      Accept-Encoding: ['gzip, deflate']
      Connection: [keep-alive]
      User-Agent: [python/3.5.2 (Windows-10-10.0.14393-SP0) azure.datalake.store.lib/0.0.1
          Azure-Data-Lake-Store-SDK-For-Python]
      x-ms-client-request-id: [64f1c89a-d9d0-11e6-a8a4-645106422854]
    method: GET
    uri: https://fakestore.azuredatalakestore.net/webhdfs/v1/azure_test_dir/data/b?OP=LISTSTATUS
  response:
    body: {string: '{"FileStatuses":{"FileStatus":[{"length":6,"pathSuffix":"x.csv","type":"FILE","blockSize":268435456,"accessTime":1484339973058,"modificationTime":1484339973140,"replication":1,"permission":"770","owner":"9a23860e-03b0-4bad-a8b7-e1d081d592bd","group":"2e6c02d2-a364-4530-9137-d17403996cbf"},{"length":6,"pathSuffix":"y.csv","type":"FILE","blockSize":268435456,"accessTime":1484339973353,"modificationTime":1484339973415,"replication":1,"permission":"770","owner":"9a23860e-03b0-4bad-a8b7-e1d081d592bd","group":"2e6c02d2-a364-4530-9137-d17403996cbf"},{"length":6,"pathSuffix":"z.txt","type":"FILE","blockSize":268435456,"accessTime":1484339973962,"modificationTime":1484339974011,"replication":1,"permission":"770","owner":"9a23860e-03b0-4bad-a8b7-e1d081d592bd","group":"2e6c02d2-a364-4530-9137-d17403996cbf"}]}}'}
    headers:
      Cache-Control: ['no-cache, no-cache, no-store, max-age=0']
      Content-Length: ['810']
      Content-Type: [application/json; charset=utf-8]
      Date: ['Fri, 13 Jan 2017 20:39:35 GMT']
      Expires: ['-1']
      Pragma: [no-cache]
      Status: ['0x0']
      Strict-Transport-Security: [max-age=15724800; includeSubDomains]
      X-Content-Type-Options: [nosniff]
      x-ms-request-id: [c4027691-f2c0-4674-bf5a-b6d8d380a6df]
      x-ms-webhdfs-version: [16.07.18.01]
    status: {code: 200, message: OK}
- request:
    body: null
    headers:
      Accept: ['*/*']
      Accept-Encoding: ['gzip, deflate']
      Connection: [keep-alive]
      User-Agent: [python/3.5.2 (Windows-10-10.0.14393-SP0) azure.datalake.store.lib/0.0.1
          Azure-Data-Lake-Store-SDK-For-Python]
      x-ms-client-request-id: [65048768-d9d0-11e6-9a77-645106422854]
    method: GET
    uri: https://fakestore.azuredatalakestore.net/webhdfs/v1/azure_test_dir/data/b?OP=LISTSTATUS
  response:
    body: {string: '{"FileStatuses":{"FileStatus":[{"length":6,"pathSuffix":"x.csv","type":"FILE","blockSize":268435456,"accessTime":1484339973058,"modificationTime":1484339973140,"replication":1,"permission":"770","owner":"9a23860e-03b0-4bad-a8b7-e1d081d592bd","group":"2e6c02d2-a364-4530-9137-d17403996cbf"},{"length":6,"pathSuffix":"y.csv","type":"FILE","blockSize":268435456,"accessTime":1484339973353,"modificationTime":1484339973415,"replication":1,"permission":"770","owner":"9a23860e-03b0-4bad-a8b7-e1d081d592bd","group":"2e6c02d2-a364-4530-9137-d17403996cbf"},{"length":6,"pathSuffix":"z.txt","type":"FILE","blockSize":268435456,"accessTime":1484339973962,"modificationTime":1484339974011,"replication":1,"permission":"770","owner":"9a23860e-03b0-4bad-a8b7-e1d081d592bd","group":"2e6c02d2-a364-4530-9137-d17403996cbf"}]}}'}
    headers:
      Cache-Control: ['no-cache, no-cache, no-store, max-age=0']
      Content-Length: ['810']
      Content-Type: [application/json; charset=utf-8]
      Date: ['Fri, 13 Jan 2017 20:39:35 GMT']
      Expires: ['-1']
      Pragma: [no-cache]
      Status: ['0x0']
      Strict-Transport-Security: [max-age=15724800; includeSubDomains]
      X-Content-Type-Options: [nosniff]
      x-ms-request-id: [16c1a2e9-d0ff-4623-b8ff-b3d70cd7c635]
      x-ms-webhdfs-version: [16.07.18.01]
    status: {code: 200, message: OK}
- request:
    body: null
    headers:
      Accept: ['*/*']
      Accept-Encoding: ['gzip, deflate']
      Connection: [keep-alive]
      User-Agent: [python/3.5.2 (Windows-10-10.0.14393-SP0) azure.datalake.store.lib/0.0.1
          Azure-Data-Lake-Store-SDK-For-Python]
      x-ms-client-request-id: [6516fa2c-d9d0-11e6-9b0e-645106422854]
    method: GET
    uri: https://fakestore.azuredatalakestore.net/webhdfs/v1/azure_test_dir/data?OP=LISTSTATUS
  response:
    body: {string: '{"FileStatuses":{"FileStatus":[{"length":0,"pathSuffix":"a","type":"DIRECTORY","blockSize":0,"accessTime":1484339971668,"modificationTime":1484339972471,"replication":0,"permission":"770","owner":"9a23860e-03b0-4bad-a8b7-e1d081d592bd","group":"2e6c02d2-a364-4530-9137-d17403996cbf"},{"length":0,"pathSuffix":"b","type":"DIRECTORY","blockSize":0,"accessTime":1484339972932,"modificationTime":1484339973983,"replication":0,"permission":"770","owner":"9a23860e-03b0-4bad-a8b7-e1d081d592bd","group":"2e6c02d2-a364-4530-9137-d17403996cbf"}]}}'}
    headers:
      Cache-Control: ['no-cache, no-cache, no-store, max-age=0']
      Content-Length: ['537']
      Content-Type: [application/json; charset=utf-8]
      Date: ['Fri, 13 Jan 2017 20:39:35 GMT']
      Expires: ['-1']
      Pragma: [no-cache]
      Status: ['0x0']
      Strict-Transport-Security: [max-age=15724800; includeSubDomains]
      X-Content-Type-Options: [nosniff]
      x-ms-request-id: [baf61000-8760-4904-a671-b4fadb81725d]
      x-ms-webhdfs-version: [16.07.18.01]
    status: {code: 200, message: OK}
- request:
    body: null
    headers:
      Accept: ['*/*']
      Accept-Encoding: ['gzip, deflate']
      Connection: [keep-alive]
      User-Agent: [python/3.5.2 (Windows-10-10.0.14393-SP0) azure.datalake.store.lib/0.0.1
          Azure-Data-Lake-Store-SDK-For-Python]
      x-ms-client-request-id: [6528bcc0-d9d0-11e6-83d7-645106422854]
    method: GET
    uri: https://fakestore.azuredatalakestore.net/webhdfs/v1/azure_test_dir/data/a?OP=LISTSTATUS
  response:
    body: {string: '{"FileStatuses":{"FileStatus":[{"length":6,"pathSuffix":"x.csv","type":"FILE","blockSize":268435456,"accessTime":1484339971792,"modificationTime":1484339971859,"replication":1,"permission":"770","owner":"9a23860e-03b0-4bad-a8b7-e1d081d592bd","group":"2e6c02d2-a364-4530-9137-d17403996cbf"},{"length":6,"pathSuffix":"y.csv","type":"FILE","blockSize":268435456,"accessTime":1484339972072,"modificationTime":1484339972233,"replication":1,"permission":"770","owner":"9a23860e-03b0-4bad-a8b7-e1d081d592bd","group":"2e6c02d2-a364-4530-9137-d17403996cbf"},{"length":6,"pathSuffix":"z.txt","type":"FILE","blockSize":268435456,"accessTime":1484339972451,"modificationTime":1484339972525,"replication":1,"permission":"770","owner":"9a23860e-03b0-4bad-a8b7-e1d081d592bd","group":"2e6c02d2-a364-4530-9137-d17403996cbf"}]}}'}
    headers:
      Cache-Control: ['no-cache, no-cache, no-store, max-age=0']
      Content-Length: ['810']
      Content-Type: [application/json; charset=utf-8]
      Date: ['Fri, 13 Jan 2017 20:39:35 GMT']
      Expires: ['-1']
      Pragma: [no-cache]
      Status: ['0x0']
      Strict-Transport-Security: [max-age=15724800; includeSubDomains]
      X-Content-Type-Options: [nosniff]
      x-ms-request-id: [4cd88950-a532-47dd-9c64-d18e7d3700d5]
      x-ms-webhdfs-version: [16.07.18.01]
    status: {code: 200, message: OK}
- request:
    body: null
    headers:
      Accept: ['*/*']
      Accept-Encoding: ['gzip, deflate']
      Connection: [keep-alive]
      User-Agent: [python/3.5.2 (Windows-10-10.0.14393-SP0) azure.datalake.store.lib/0.0.1
          Azure-Data-Lake-Store-SDK-For-Python]
      x-ms-client-request-id: [653b3306-d9d0-11e6-9ece-645106422854]
    method: GET
    uri: https://fakestore.azuredatalakestore.net/webhdfs/v1/azure_test_dir/data/b?OP=LISTSTATUS
  response:
    body: {string: '{"FileStatuses":{"FileStatus":[{"length":6,"pathSuffix":"x.csv","type":"FILE","blockSize":268435456,"accessTime":1484339973058,"modificationTime":1484339973140,"replication":1,"permission":"770","owner":"9a23860e-03b0-4bad-a8b7-e1d081d592bd","group":"2e6c02d2-a364-4530-9137-d17403996cbf"},{"length":6,"pathSuffix":"y.csv","type":"FILE","blockSize":268435456,"accessTime":1484339973353,"modificationTime":1484339973415,"replication":1,"permission":"770","owner":"9a23860e-03b0-4bad-a8b7-e1d081d592bd","group":"2e6c02d2-a364-4530-9137-d17403996cbf"},{"length":6,"pathSuffix":"z.txt","type":"FILE","blockSize":268435456,"accessTime":1484339973962,"modificationTime":1484339974011,"replication":1,"permission":"770","owner":"9a23860e-03b0-4bad-a8b7-e1d081d592bd","group":"2e6c02d2-a364-4530-9137-d17403996cbf"}]}}'}
    headers:
      Cache-Control: ['no-cache, no-cache, no-store, max-age=0']
      Content-Length: ['810']
      Content-Type: [application/json; charset=utf-8]
      Date: ['Fri, 13 Jan 2017 20:39:35 GMT']
      Expires: ['-1']
      Pragma: [no-cache]
      Status: ['0x0']
      Strict-Transport-Security: [max-age=15724800; includeSubDomains]
      X-Content-Type-Options: [nosniff]
      x-ms-request-id: [d3f4becd-40c3-48da-88cb-becbb2b5611c]
      x-ms-webhdfs-version: [16.07.18.01]
    status: {code: 200, message: OK}
- request:
    body: null
    headers:
      Accept: ['*/*']
      Accept-Encoding: ['gzip, deflate']
      Connection: [keep-alive]
      User-Agent: [python/3.5.2 (Windows-10-10.0.14393-SP0) azure.datalake.store.lib/0.0.1
          Azure-Data-Lake-Store-SDK-For-Python]
      x-ms-client-request-id: [654dee38-d9d0-11e6-a61b-645106422854]
    method: GET
    uri: https://fakestore.azuredatalakestore.net/webhdfs/v1/azure_test_dir/data/a?OP=LISTSTATUS
  response:
    body: {string: '{"FileStatuses":{"FileStatus":[{"length":6,"pathSuffix":"x.csv","type":"FILE","blockSize":268435456,"accessTime":1484339971792,"modificationTime":1484339971859,"replication":1,"permission":"770","owner":"9a23860e-03b0-4bad-a8b7-e1d081d592bd","group":"2e6c02d2-a364-4530-9137-d17403996cbf"},{"length":6,"pathSuffix":"y.csv","type":"FILE","blockSize":268435456,"accessTime":1484339972072,"modificationTime":1484339972233,"replication":1,"permission":"770","owner":"9a23860e-03b0-4bad-a8b7-e1d081d592bd","group":"2e6c02d2-a364-4530-9137-d17403996cbf"},{"length":6,"pathSuffix":"z.txt","type":"FILE","blockSize":268435456,"accessTime":1484339972451,"modificationTime":1484339972525,"replication":1,"permission":"770","owner":"9a23860e-03b0-4bad-a8b7-e1d081d592bd","group":"2e6c02d2-a364-4530-9137-d17403996cbf"}]}}'}
    headers:
      Cache-Control: ['no-cache, no-cache, no-store, max-age=0']
      Content-Length: ['810']
      Content-Type: [application/json; charset=utf-8]
      Date: ['Fri, 13 Jan 2017 20:39:35 GMT']
      Expires: ['-1']
      Pragma: [no-cache]
      Status: ['0x0']
      Strict-Transport-Security: [max-age=15724800; includeSubDomains]
      X-Content-Type-Options: [nosniff]
      x-ms-request-id: [b0ce9342-ba7d-4672-b1d9-2ce4045ba990]
      x-ms-webhdfs-version: [16.07.18.01]
    status: {code: 200, message: OK}
- request:
    body: null
    headers:
      Accept: ['*/*']
      Accept-Encoding: ['gzip, deflate']
      Connection: [keep-alive]
      User-Agent: [python/3.5.2 (Windows-10-10.0.14393-SP0) azure.datalake.store.lib/0.0.1
          Azure-Data-Lake-Store-SDK-For-Python]
      x-ms-client-request-id: [6560c264-d9d0-11e6-9b6d-645106422854]
    method: GET
    uri: https://fakestore.azuredatalakestore.net/webhdfs/v1/azure_test_dir/data/b?OP=LISTSTATUS
  response:
    body: {string: '{"FileStatuses":{"FileStatus":[{"length":6,"pathSuffix":"x.csv","type":"FILE","blockSize":268435456,"accessTime":1484339973058,"modificationTime":1484339973140,"replication":1,"permission":"770","owner":"9a23860e-03b0-4bad-a8b7-e1d081d592bd","group":"2e6c02d2-a364-4530-9137-d17403996cbf"},{"length":6,"pathSuffix":"y.csv","type":"FILE","blockSize":268435456,"accessTime":1484339973353,"modificationTime":1484339973415,"replication":1,"permission":"770","owner":"9a23860e-03b0-4bad-a8b7-e1d081d592bd","group":"2e6c02d2-a364-4530-9137-d17403996cbf"},{"length":6,"pathSuffix":"z.txt","type":"FILE","blockSize":268435456,"accessTime":1484339973962,"modificationTime":1484339974011,"replication":1,"permission":"770","owner":"9a23860e-03b0-4bad-a8b7-e1d081d592bd","group":"2e6c02d2-a364-4530-9137-d17403996cbf"}]}}'}
    headers:
      Cache-Control: ['no-cache, no-cache, no-store, max-age=0']
      Content-Length: ['810']
      Content-Type: [application/json; charset=utf-8]
      Date: ['Fri, 13 Jan 2017 20:39:35 GMT']
      Expires: ['-1']
      Pragma: [no-cache]
      Status: ['0x0']
      Strict-Transport-Security: [max-age=15724800; includeSubDomains]
      X-Content-Type-Options: [nosniff]
      x-ms-request-id: [461b3632-2506-40d7-871c-916bc4c87465]
      x-ms-webhdfs-version: [16.07.18.01]
    status: {code: 200, message: OK}
- request:
    body: null
    headers:
      Accept: ['*/*']
      Accept-Encoding: ['gzip, deflate']
      Connection: [keep-alive]
      User-Agent: [python/3.5.2 (Windows-10-10.0.14393-SP0) azure.datalake.store.lib/0.0.1
          Azure-Data-Lake-Store-SDK-For-Python]
      x-ms-client-request-id: [65736628-d9d0-11e6-bc9b-645106422854]
    method: GET
    uri: https://fakestore.azuredatalakestore.net/webhdfs/v1/azure_test_dir?OP=LISTSTATUS
  response:
    body: {string: '{"FileStatuses":{"FileStatus":[{"length":0,"pathSuffix":"data","type":"DIRECTORY","blockSize":0,"accessTime":1484339971668,"modificationTime":1484339972932,"replication":0,"permission":"770","owner":"9a23860e-03b0-4bad-a8b7-e1d081d592bd","group":"2e6c02d2-a364-4530-9137-d17403996cbf"},{"length":6,"pathSuffix":"x.csv","type":"FILE","blockSize":268435456,"accessTime":1484339970767,"modificationTime":1484339970812,"replication":1,"permission":"770","owner":"9a23860e-03b0-4bad-a8b7-e1d081d592bd","group":"2e6c02d2-a364-4530-9137-d17403996cbf"},{"length":6,"pathSuffix":"y.csv","type":"FILE","blockSize":268435456,"accessTime":1484339971045,"modificationTime":1484339971120,"replication":1,"permission":"770","owner":"9a23860e-03b0-4bad-a8b7-e1d081d592bd","group":"2e6c02d2-a364-4530-9137-d17403996cbf"},{"length":6,"pathSuffix":"z.txt","type":"FILE","blockSize":268435456,"accessTime":1484339971342,"modificationTime":1484339971410,"replication":1,"permission":"770","owner":"9a23860e-03b0-4bad-a8b7-e1d081d592bd","group":"2e6c02d2-a364-4530-9137-d17403996cbf"}]}}'}
    headers:
      Cache-Control: ['no-cache, no-cache, no-store, max-age=0']
      Content-Length: ['1065']
      Content-Type: [application/json; charset=utf-8]
      Date: ['Fri, 13 Jan 2017 20:39:35 GMT']
      Expires: ['-1']
      Pragma: [no-cache]
      Status: ['0x0']
      Strict-Transport-Security: [max-age=15724800; includeSubDomains]
      X-Content-Type-Options: [nosniff]
      x-ms-request-id: [3a294914-0eb8-46be-9b78-eef1fcb25c28]
      x-ms-webhdfs-version: [16.07.18.01]
    status: {code: 200, message: OK}
- request:
    body: null
    headers:
      Accept: ['*/*']
      Accept-Encoding: ['gzip, deflate']
      Connection: [keep-alive]
      User-Agent: [python/3.5.2 (Windows-10-10.0.14393-SP0) azure.datalake.store.lib/0.0.1
          Azure-Data-Lake-Store-SDK-For-Python]
      x-ms-client-request-id: [65865182-d9d0-11e6-b7f0-645106422854]
    method: GET
    uri: https://fakestore.azuredatalakestore.net/webhdfs/v1/azure_test_dir?OP=LISTSTATUS
  response:
    body: {string: '{"FileStatuses":{"FileStatus":[{"length":0,"pathSuffix":"data","type":"DIRECTORY","blockSize":0,"accessTime":1484339971668,"modificationTime":1484339972932,"replication":0,"permission":"770","owner":"9a23860e-03b0-4bad-a8b7-e1d081d592bd","group":"2e6c02d2-a364-4530-9137-d17403996cbf"},{"length":6,"pathSuffix":"x.csv","type":"FILE","blockSize":268435456,"accessTime":1484339970767,"modificationTime":1484339970812,"replication":1,"permission":"770","owner":"9a23860e-03b0-4bad-a8b7-e1d081d592bd","group":"2e6c02d2-a364-4530-9137-d17403996cbf"},{"length":6,"pathSuffix":"y.csv","type":"FILE","blockSize":268435456,"accessTime":1484339971045,"modificationTime":1484339971120,"replication":1,"permission":"770","owner":"9a23860e-03b0-4bad-a8b7-e1d081d592bd","group":"2e6c02d2-a364-4530-9137-d17403996cbf"},{"length":6,"pathSuffix":"z.txt","type":"FILE","blockSize":268435456,"accessTime":1484339971342,"modificationTime":1484339971410,"replication":1,"permission":"770","owner":"9a23860e-03b0-4bad-a8b7-e1d081d592bd","group":"2e6c02d2-a364-4530-9137-d17403996cbf"}]}}'}
    headers:
      Cache-Control: ['no-cache, no-cache, no-store, max-age=0']
      Content-Length: ['1065']
      Content-Type: [application/json; charset=utf-8]
      Date: ['Fri, 13 Jan 2017 20:39:36 GMT']
      Expires: ['-1']
      Pragma: [no-cache]
      Status: ['0x0']
      Strict-Transport-Security: [max-age=15724800; includeSubDomains]
      X-Content-Type-Options: [nosniff]
      x-ms-request-id: [38115c18-11e7-4fad-977f-bb13451afb32]
      x-ms-webhdfs-version: [16.07.18.01]
    status: {code: 200, message: OK}
- request:
    body: null
    headers:
      Accept: ['*/*']
      Accept-Encoding: ['gzip, deflate']
      Connection: [keep-alive]
      User-Agent: [python/3.5.2 (Windows-10-10.0.14393-SP0) azure.datalake.store.lib/0.0.1
          Azure-Data-Lake-Store-SDK-For-Python]
      x-ms-client-request-id: [65992154-d9d0-11e6-a3c1-645106422854]
    method: GET
    uri: https://fakestore.azuredatalakestore.net/webhdfs/v1/azure_test_dir?OP=LISTSTATUS
  response:
    body: {string: '{"FileStatuses":{"FileStatus":[{"length":0,"pathSuffix":"data","type":"DIRECTORY","blockSize":0,"accessTime":1484339971668,"modificationTime":1484339972932,"replication":0,"permission":"770","owner":"9a23860e-03b0-4bad-a8b7-e1d081d592bd","group":"2e6c02d2-a364-4530-9137-d17403996cbf"},{"length":6,"pathSuffix":"x.csv","type":"FILE","blockSize":268435456,"accessTime":1484339970767,"modificationTime":1484339970812,"replication":1,"permission":"770","owner":"9a23860e-03b0-4bad-a8b7-e1d081d592bd","group":"2e6c02d2-a364-4530-9137-d17403996cbf"},{"length":6,"pathSuffix":"y.csv","type":"FILE","blockSize":268435456,"accessTime":1484339971045,"modificationTime":1484339971120,"replication":1,"permission":"770","owner":"9a23860e-03b0-4bad-a8b7-e1d081d592bd","group":"2e6c02d2-a364-4530-9137-d17403996cbf"},{"length":6,"pathSuffix":"z.txt","type":"FILE","blockSize":268435456,"accessTime":1484339971342,"modificationTime":1484339971410,"replication":1,"permission":"770","owner":"9a23860e-03b0-4bad-a8b7-e1d081d592bd","group":"2e6c02d2-a364-4530-9137-d17403996cbf"}]}}'}
    headers:
      Cache-Control: ['no-cache, no-cache, no-store, max-age=0']
      Content-Length: ['1065']
      Content-Type: [application/json; charset=utf-8]
      Date: ['Fri, 13 Jan 2017 20:39:36 GMT']
      Expires: ['-1']
      Pragma: [no-cache]
      Status: ['0x0']
      Strict-Transport-Security: [max-age=15724800; includeSubDomains]
      X-Content-Type-Options: [nosniff]
      x-ms-request-id: [a6ea5017-667d-4943-8e96-2d004fb50279]
      x-ms-webhdfs-version: [16.07.18.01]
    status: {code: 200, message: OK}
- request:
    body: null
    headers:
      Accept: ['*/*']
      Accept-Encoding: ['gzip, deflate']
      Connection: [keep-alive]
      Content-Length: ['0']
      User-Agent: [python/3.5.2 (Windows-10-10.0.14393-SP0) azure.datalake.store.lib/0.0.1
          Azure-Data-Lake-Store-SDK-For-Python]
      x-ms-client-request-id: [65ac207e-d9d0-11e6-8e1c-645106422854]
    method: DELETE
    uri: https://fakestore.azuredatalakestore.net/webhdfs/v1/azure_test_dir/data?recursive=True&OP=DELETE
  response:
    body: {string: '{"boolean":true}'}
    headers:
      Cache-Control: ['no-cache, no-cache, no-store, max-age=0']
      Content-Length: ['16']
      Content-Type: [application/json; charset=utf-8]
      Date: ['Fri, 13 Jan 2017 20:39:36 GMT']
      Expires: ['-1']
      Pragma: [no-cache]
      Status: ['0x0']
      Strict-Transport-Security: [max-age=15724800; includeSubDomains]
      X-Content-Type-Options: [nosniff]
      x-ms-request-id: [16005897-41f6-48c0-8c9b-e55e182dfebd]
      x-ms-webhdfs-version: [16.07.18.01]
    status: {code: 200, message: OK}
- request:
    body: null
    headers:
      Accept: ['*/*']
      Accept-Encoding: ['gzip, deflate']
      Connection: [keep-alive]
      User-Agent: [python/3.5.2 (Windows-10-10.0.14393-SP0) azure.datalake.store.lib/0.0.1
          Azure-Data-Lake-Store-SDK-For-Python]
      x-ms-client-request-id: [65c5ca50-d9d0-11e6-90ab-645106422854]
    method: GET
    uri: https://fakestore.azuredatalakestore.net/webhdfs/v1/azure_test_dir?OP=LISTSTATUS
  response:
    body: {string: '{"FileStatuses":{"FileStatus":[{"length":6,"pathSuffix":"x.csv","type":"FILE","blockSize":268435456,"accessTime":1484339970767,"modificationTime":1484339970812,"replication":1,"permission":"770","owner":"9a23860e-03b0-4bad-a8b7-e1d081d592bd","group":"2e6c02d2-a364-4530-9137-d17403996cbf"},{"length":6,"pathSuffix":"y.csv","type":"FILE","blockSize":268435456,"accessTime":1484339971045,"modificationTime":1484339971120,"replication":1,"permission":"770","owner":"9a23860e-03b0-4bad-a8b7-e1d081d592bd","group":"2e6c02d2-a364-4530-9137-d17403996cbf"},{"length":6,"pathSuffix":"z.txt","type":"FILE","blockSize":268435456,"accessTime":1484339971342,"modificationTime":1484339971410,"replication":1,"permission":"770","owner":"9a23860e-03b0-4bad-a8b7-e1d081d592bd","group":"2e6c02d2-a364-4530-9137-d17403996cbf"}]}}'}
    headers:
      Cache-Control: ['no-cache, no-cache, no-store, max-age=0']
      Content-Length: ['810']
      Content-Type: [application/json; charset=utf-8]
      Date: ['Fri, 13 Jan 2017 20:39:36 GMT']
      Expires: ['-1']
      Pragma: [no-cache]
      Status: ['0x0']
      Strict-Transport-Security: [max-age=15724800; includeSubDomains]
      X-Content-Type-Options: [nosniff]
      x-ms-request-id: [aa96731e-617f-4a1e-a889-e26188371b09]
      x-ms-webhdfs-version: [16.07.18.01]
    status: {code: 200, message: OK}
- request:
    body: null
    headers:
      Accept: ['*/*']
      Accept-Encoding: ['gzip, deflate']
      Connection: [keep-alive]
      User-Agent: [python/3.5.2 (Windows-10-10.0.14393-SP0) azure.datalake.store.lib/0.0.1
          Azure-Data-Lake-Store-SDK-For-Python]
      x-ms-client-request-id: [65d8d45a-d9d0-11e6-b512-645106422854]
    method: GET
    uri: https://fakestore.azuredatalakestore.net/webhdfs/v1/azure_test_dir?OP=LISTSTATUS
  response:
    body: {string: '{"FileStatuses":{"FileStatus":[{"length":6,"pathSuffix":"x.csv","type":"FILE","blockSize":268435456,"accessTime":1484339970767,"modificationTime":1484339970812,"replication":1,"permission":"770","owner":"9a23860e-03b0-4bad-a8b7-e1d081d592bd","group":"2e6c02d2-a364-4530-9137-d17403996cbf"},{"length":6,"pathSuffix":"y.csv","type":"FILE","blockSize":268435456,"accessTime":1484339971045,"modificationTime":1484339971120,"replication":1,"permission":"770","owner":"9a23860e-03b0-4bad-a8b7-e1d081d592bd","group":"2e6c02d2-a364-4530-9137-d17403996cbf"},{"length":6,"pathSuffix":"z.txt","type":"FILE","blockSize":268435456,"accessTime":1484339971342,"modificationTime":1484339971410,"replication":1,"permission":"770","owner":"9a23860e-03b0-4bad-a8b7-e1d081d592bd","group":"2e6c02d2-a364-4530-9137-d17403996cbf"}]}}'}
    headers:
      Cache-Control: ['no-cache, no-cache, no-store, max-age=0']
      Content-Length: ['810']
      Content-Type: [application/json; charset=utf-8]
      Date: ['Fri, 13 Jan 2017 20:39:36 GMT']
      Expires: ['-1']
      Pragma: [no-cache]
      Status: ['0x0']
      Strict-Transport-Security: [max-age=15724800; includeSubDomains]
      X-Content-Type-Options: [nosniff]
      x-ms-request-id: [18ef85e0-8fe6-44b4-a733-7462abe3517a]
      x-ms-webhdfs-version: [16.07.18.01]
    status: {code: 200, message: OK}
- request:
    body: null
    headers:
      Accept: ['*/*']
      Accept-Encoding: ['gzip, deflate']
      Connection: [keep-alive]
      Content-Length: ['0']
      User-Agent: [python/3.5.2 (Windows-10-10.0.14393-SP0) azure.datalake.store.lib/0.0.1
          Azure-Data-Lake-Store-SDK-For-Python]
      x-ms-client-request-id: [65ebd708-d9d0-11e6-9ad5-645106422854]
    method: DELETE
    uri: https://fakestore.azuredatalakestore.net/webhdfs/v1/azure_test_dir/x.csv?recursive=True&OP=DELETE
  response:
    body: {string: '{"boolean":true}'}
    headers:
      Cache-Control: ['no-cache, no-cache, no-store, max-age=0']
      Content-Length: ['16']
      Content-Type: [application/json; charset=utf-8]
      Date: ['Fri, 13 Jan 2017 20:39:36 GMT']
      Expires: ['-1']
      Pragma: [no-cache]
      Status: ['0x0']
      Strict-Transport-Security: [max-age=15724800; includeSubDomains]
      X-Content-Type-Options: [nosniff]
      x-ms-request-id: [009b06bb-ce95-45d9-a434-9cba69663cf3]
      x-ms-webhdfs-version: [16.07.18.01]
    status: {code: 200, message: OK}
- request:
    body: null
    headers:
      Accept: ['*/*']
      Accept-Encoding: ['gzip, deflate']
      Connection: [keep-alive]
      User-Agent: [python/3.5.2 (Windows-10-10.0.14393-SP0) azure.datalake.store.lib/0.0.1
          Azure-Data-Lake-Store-SDK-For-Python]
      x-ms-client-request-id: [6608efa2-d9d0-11e6-8ba7-645106422854]
    method: GET
    uri: https://fakestore.azuredatalakestore.net/webhdfs/v1/azure_test_dir?OP=LISTSTATUS
  response:
    body: {string: '{"FileStatuses":{"FileStatus":[{"length":6,"pathSuffix":"y.csv","type":"FILE","blockSize":268435456,"accessTime":1484339971045,"modificationTime":1484339971120,"replication":1,"permission":"770","owner":"9a23860e-03b0-4bad-a8b7-e1d081d592bd","group":"2e6c02d2-a364-4530-9137-d17403996cbf"},{"length":6,"pathSuffix":"z.txt","type":"FILE","blockSize":268435456,"accessTime":1484339971342,"modificationTime":1484339971410,"replication":1,"permission":"770","owner":"9a23860e-03b0-4bad-a8b7-e1d081d592bd","group":"2e6c02d2-a364-4530-9137-d17403996cbf"}]}}'}
    headers:
      Cache-Control: ['no-cache, no-cache, no-store, max-age=0']
      Content-Length: ['551']
      Content-Type: [application/json; charset=utf-8]
      Date: ['Fri, 13 Jan 2017 20:39:36 GMT']
      Expires: ['-1']
      Pragma: [no-cache]
      Status: ['0x0']
      Strict-Transport-Security: [max-age=15724800; includeSubDomains]
      X-Content-Type-Options: [nosniff]
      x-ms-request-id: [883cf786-9df1-4d46-b53f-e0563c7ce5cf]
      x-ms-webhdfs-version: [16.07.18.01]
    status: {code: 200, message: OK}
- request:
    body: null
    headers:
      Accept: ['*/*']
      Accept-Encoding: ['gzip, deflate']
      Connection: [keep-alive]
      User-Agent: [python/3.5.2 (Windows-10-10.0.14393-SP0) azure.datalake.store.lib/0.0.1
          Azure-Data-Lake-Store-SDK-For-Python]
      x-ms-client-request-id: [661b7c98-d9d0-11e6-9611-645106422854]
    method: GET
    uri: https://fakestore.azuredatalakestore.net/webhdfs/v1/azure_test_dir?OP=LISTSTATUS
  response:
    body: {string: '{"FileStatuses":{"FileStatus":[{"length":6,"pathSuffix":"y.csv","type":"FILE","blockSize":268435456,"accessTime":1484339971045,"modificationTime":1484339971120,"replication":1,"permission":"770","owner":"9a23860e-03b0-4bad-a8b7-e1d081d592bd","group":"2e6c02d2-a364-4530-9137-d17403996cbf"},{"length":6,"pathSuffix":"z.txt","type":"FILE","blockSize":268435456,"accessTime":1484339971342,"modificationTime":1484339971410,"replication":1,"permission":"770","owner":"9a23860e-03b0-4bad-a8b7-e1d081d592bd","group":"2e6c02d2-a364-4530-9137-d17403996cbf"}]}}'}
    headers:
      Cache-Control: ['no-cache, no-cache, no-store, max-age=0']
      Content-Length: ['551']
      Content-Type: [application/json; charset=utf-8]
      Date: ['Fri, 13 Jan 2017 20:39:36 GMT']
      Expires: ['-1']
      Pragma: [no-cache]
      Status: ['0x0']
      Strict-Transport-Security: [max-age=15724800; includeSubDomains]
      X-Content-Type-Options: [nosniff]
      x-ms-request-id: [71279e39-18a9-4878-b193-27acf2eff654]
      x-ms-webhdfs-version: [16.07.18.01]
    status: {code: 200, message: OK}
- request:
    body: null
    headers:
      Accept: ['*/*']
      Accept-Encoding: ['gzip, deflate']
      Connection: [keep-alive]
      Content-Length: ['0']
      User-Agent: [python/3.5.2 (Windows-10-10.0.14393-SP0) azure.datalake.store.lib/0.0.1
          Azure-Data-Lake-Store-SDK-For-Python]
      x-ms-client-request-id: [66308678-d9d0-11e6-a1dc-645106422854]
    method: DELETE
    uri: https://fakestore.azuredatalakestore.net/webhdfs/v1/azure_test_dir/y.csv?recursive=True&OP=DELETE
  response:
    body: {string: '{"boolean":true}'}
    headers:
      Cache-Control: ['no-cache, no-cache, no-store, max-age=0']
      Content-Length: ['16']
      Content-Type: [application/json; charset=utf-8]
      Date: ['Fri, 13 Jan 2017 20:39:37 GMT']
      Expires: ['-1']
      Pragma: [no-cache]
      Status: ['0x0']
      Strict-Transport-Security: [max-age=15724800; includeSubDomains]
      X-Content-Type-Options: [nosniff]
      x-ms-request-id: [a6a1e9fb-6c99-465a-be45-3d900220cab7]
      x-ms-webhdfs-version: [16.07.18.01]
    status: {code: 200, message: OK}
- request:
    body: null
    headers:
      Accept: ['*/*']
      Accept-Encoding: ['gzip, deflate']
      Connection: [keep-alive]
      User-Agent: [python/3.5.2 (Windows-10-10.0.14393-SP0) azure.datalake.store.lib/0.0.1
          Azure-Data-Lake-Store-SDK-For-Python]
      x-ms-client-request-id: [664daa0a-d9d0-11e6-bd35-645106422854]
    method: GET
    uri: https://fakestore.azuredatalakestore.net/webhdfs/v1/azure_test_dir?OP=LISTSTATUS
  response:
    body: {string: '{"FileStatuses":{"FileStatus":[{"length":6,"pathSuffix":"z.txt","type":"FILE","blockSize":268435456,"accessTime":1484339971342,"modificationTime":1484339971410,"replication":1,"permission":"770","owner":"9a23860e-03b0-4bad-a8b7-e1d081d592bd","group":"2e6c02d2-a364-4530-9137-d17403996cbf"}]}}'}
    headers:
      Cache-Control: ['no-cache, no-cache, no-store, max-age=0']
      Content-Length: ['292']
      Content-Type: [application/json; charset=utf-8]
      Date: ['Fri, 13 Jan 2017 20:39:37 GMT']
      Expires: ['-1']
      Pragma: [no-cache]
      Status: ['0x0']
      Strict-Transport-Security: [max-age=15724800; includeSubDomains]
      X-Content-Type-Options: [nosniff]
      x-ms-request-id: [190e28bf-e4d7-45ef-b6b9-6a7a6fda0201]
      x-ms-webhdfs-version: [16.07.18.01]
    status: {code: 200, message: OK}
- request:
    body: null
    headers:
      Accept: ['*/*']
      Accept-Encoding: ['gzip, deflate']
      Connection: [keep-alive]
      User-Agent: [python/3.5.2 (Windows-10-10.0.14393-SP0) azure.datalake.store.lib/0.0.1
          Azure-Data-Lake-Store-SDK-For-Python]
      x-ms-client-request-id: [666035c6-d9d0-11e6-92d3-645106422854]
    method: GET
    uri: https://fakestore.azuredatalakestore.net/webhdfs/v1/azure_test_dir?OP=LISTSTATUS
  response:
    body: {string: '{"FileStatuses":{"FileStatus":[{"length":6,"pathSuffix":"z.txt","type":"FILE","blockSize":268435456,"accessTime":1484339971342,"modificationTime":1484339971410,"replication":1,"permission":"770","owner":"9a23860e-03b0-4bad-a8b7-e1d081d592bd","group":"2e6c02d2-a364-4530-9137-d17403996cbf"}]}}'}
    headers:
      Cache-Control: ['no-cache, no-cache, no-store, max-age=0']
      Content-Length: ['292']
      Content-Type: [application/json; charset=utf-8]
      Date: ['Fri, 13 Jan 2017 20:39:37 GMT']
      Expires: ['-1']
      Pragma: [no-cache]
      Status: ['0x0']
      Strict-Transport-Security: [max-age=15724800; includeSubDomains]
      X-Content-Type-Options: [nosniff]
      x-ms-request-id: [44357e3e-5a71-4dea-9617-9a71d5c645dd]
      x-ms-webhdfs-version: [16.07.18.01]
    status: {code: 200, message: OK}
- request:
    body: null
    headers:
      Accept: ['*/*']
      Accept-Encoding: ['gzip, deflate']
      Connection: [keep-alive]
      Content-Length: ['0']
      User-Agent: [python/3.5.2 (Windows-10-10.0.14393-SP0) azure.datalake.store.lib/0.0.1
          Azure-Data-Lake-Store-SDK-For-Python]
      x-ms-client-request-id: [667419a4-d9d0-11e6-98d5-645106422854]
    method: DELETE
    uri: https://fakestore.azuredatalakestore.net/webhdfs/v1/azure_test_dir/z.txt?recursive=True&OP=DELETE
  response:
    body: {string: '{"boolean":true}'}
    headers:
      Cache-Control: ['no-cache, no-cache, no-store, max-age=0']
      Content-Length: ['16']
      Content-Type: [application/json; charset=utf-8]
      Date: ['Fri, 13 Jan 2017 20:39:37 GMT']
      Expires: ['-1']
      Pragma: [no-cache]
      Status: ['0x0']
      Strict-Transport-Security: [max-age=15724800; includeSubDomains]
      X-Content-Type-Options: [nosniff]
      x-ms-request-id: [670cb76e-284a-4a1f-aa6e-fdd195a3f09c]
      x-ms-webhdfs-version: [16.07.18.01]
    status: {code: 200, message: OK}
version: 1
