interactions:
- request:
    body: '00000,11111,22222,33333,44444,55555,66666,77777,88888,99999

      00000,11111,22222,33333,44444,55555,66666,77777,88888,99999

      00000,11111,22222,33333,44444,55555,66666,77777,88888,99999

      00000,11111,22222,33333,44444,55555,66666,77777,88888,99999

      00000,11111,22222,33333,44444,55555,66666,77777,88888,99999

      00000,11111,22222,33333,44444,55555,66666,77777,88888,99999

      00000,11111,22222,33333,44444,55555,66666,77777,88888,99999

      00000,11111,22222,33333,44444,55555,66666,77777,88888,99999

      00000,11111,22222,33333,44444,55555,66666,77777,88888,99999

      00000,11111,22222,33333,44444,55555,66666,77777,88888,99999

      00000,11111,22222,33333,44444,55555,66666,77777,88888,99999

      00000,11111,22222,33333,44444,55555,66666,77777,88888,99999

      00000,11111,22222,33333,44444,55555,66666,77777,88888,99999

      00000,11111,22222,33333,44444,55555,66666,77777,88888,99999

      00000,11111,22222,33333,44444,55555,66666,77777,88888,99999

      00000,11111,22222,33333,44444,55555,66666,77777,88888,99999

      00000,11111,22222,33333,44444,55555,66666,77777,88888,99999

      00000,11111,22222,33333,44444,55555,66666,77777,88888,99999

      00000,11111,22222,33333,44444,55555,66666,77777,88888,99999

      00000,11111,22222,33333,44444,55555,66666,77777,88888,99999

      00000,11111,22222,33333,44444,55555,66666,77777,88888,99999

      00000,11111,22222,33333,44444,55555,66666,77777,88888,99999

      00000,11111,22222,33333,44444,55555,66666,77777,88888,99999

      00000,11111,22222,33333,44444,55555,66666,77777,88888,99999

      00000,11111,22222,33333,44444,55555,66666,77777,88888,99999

      00000,11111,22222,33333,44444,55555,66666,77777,88888,99999

      00000,11111,22222,33333,44444,55555,66666,77777,88888,99999

      00000,11111,22222,33333,44444,55555,66666,77777,88888,99999

      00000,11111,22222,33333,44444,55555,66666,77777,88888,99999

      00000,11111,22222,33333,44444,55555,66666,77777,88888,99999

      00000,11111,22222,33333,44444,55555,66666,77777,88888,99999

      00000,11111,22222,33333,44444,55555,66666,77777,88888,99999

      00000,11111,22222,33333,44444,55555,66666,77777,88888,99999

      00000,11111,22222,33333,44444,55555,66666,77777,88888,99999

      00000,11111,22222,33333,44444,55555,66666,77777,88888,99999

      00000,11111,22222,33333,44444,55555,66666,77777,88888,99999

      00000,11111,22222,33333,44444,55555,66666,77777,88888,99999

      00000,11111,22222,33333,44444,55555,66666,77777,88888,99999

      00000,11111,22222,33333,44444,55555,66666,77777,88888,99999

      00000,11111,22222,33333,44444,55555,66666,77777,88888,99999

      00000,11111,22222,33333,44444,55555,66666,77777,88888,99999

      00000,11111,22222,33333,44444,55555,66666,77777,88888,99999

      00000,11111,22222,33333,44444,55555,66666,77777,88888,99999

      00000,11111,22222,33333,44444,55555,66666,77777,88888,99999

      00000,11111,22222,33333,44444,55555,66666,77777,88888,99999

      00000,11111,22222,33333,44444,55555,66666,77777,88888,99999

      00000,11111,22222,33333,44444,55555,66666,77777,88888,99999

      00000,11111,22222,33333,44444,55555,66666,77777,88888,99999

      00000,11111,22222,33333,44444,55555,66666,77777,88888,99999

      00000,11111,22222,33333,44444,55555,66666,77777,88888,99999

      00000,11111,22222,33333,44444,55555,66666,77777,88888,99999

      00000,11111,22222,33333,44444,55555,66666,77777,88888,99999

      00000,11111,22222,33333,44444,55555,66666,77777,88888,99999

      00000,11111,22222,33333,44444,55555,66666,77777,88888,99999

      00000,11111,22222,33333,44444,55555,66666,77777,88888,99999

      00000,11111,22222,33333,44444,55555,66666,77777,88888,99999

      00000,11111,22222,33333,44444,55555,66666,77777,88888,99999

      00000,11111,22222,33333,44444,55555,66666,77777,88888,99999

      00000,11111,22222,33333,44444,55555,66666,77777,88888,99999

      00000,11111,22222,33333,44444,55555,66666,77777,88888,99999

      00000,11111,22222,33333,44444,55555,66666,77777,88888,99999

      00000,11111,22222,33333,44444,55555,66666,77777,88888,99999

      00000,11111,22222,33333,44444,55555,66666,77777,88888,99999

      00000,11111,22222,33333,44444,55555,66666,77777,88888,99999

      00000,11111,22222,33333,44444,55555,66666,77777,88888,99999

      00000,11111,22222,33333,44444,55555,66666,77777,88888,99999

      00000,11111,22222,33333,44444,55555,66666,77777,88888,99999

      00000,11111,22222,33333,44444,55555,66666,77777,88888,99999

      00000,11111,22222,33333,44444,55555,66666,77777,88888,99999

      00000,11111,22222,33333,44444,55555,66666,77777,88888,99999

      00000,11111,22222,33333,44444,55555,66666,77777,88888,99999

      00000,11111,22222,33333,44444,55555,66666,77777,88888,99999

      00000,11111,22222,33333,44444,55555,66666,77777,88888,99999

      00000,11111,22222,33333,44444,55555,66666,77777,88888,99999

      00000,11111,22222,33333,44444,55555,66666,77777,88888,99999

      00000,11111,22222,33333,44444,55555,66666,77777,88888,99999

      00000,11111,22222,33333,44444,55555,66666,77777,88888,99999

      00000,11111,22222,33333,44444,55555,66666,77777,88888,99999

      00000,11111,22222,33333,44444,55555,66666,77777,88888,99999

      00000,11111,22222,33333,44444,55555,66666,77777,88888,99999

      00000,11111,22222,33333,44444,55555,66666,77777,88888,99999

      00000,11111,22222,33333,44444,55555,66666,77777,88888,99999

      00000,11111,22222,33333,44444,55555,66666,77777,88888,99999

      00000,11111,22222,33333,44444,55555,66666,77777,88888,99999

      00000,11111,22222,33333,44444,55555,66666,77777,88888,99999

      00000,11111,22222,33333,44444,55555,66666,77777,88888,99999

      00000,11111,22222,33333,44444,55555,66666,77777,88888,99999

      00000,11111,22222,33333,44444,55555,66666,77777,88888,99999

      00000,11111,22222,33333,44444,55555,66666,77777,88888,99999

      00000,11111,22222,33333,44444,55555,66666,77777,88888,99999

      00000,11111,22222,33333,44444,55555,66666,77777,88888,99999

      00000,11111,22222,33333,44444,55555,66666,77777,88888,99999

      00000,11111,22222,33333,44444,55555,66666,77777,88888,99999

      00000,11111,22222,33333,44444,55555,66666,77777,88888,99999

      00000,11111,22222,33333,44444,55555,66666,77777,88888,99999

      00000,11111,22222,33333,44444,55555,66666,77777,88888,99999

      00000,11111,22222,33333,44444,55555,66666,77777,88888,99999

      00000,11111,22222,33333,44444,55555,66666,77777,88888,99999

      00000,11111,22222,33333,44444,55555,66666,77777,88888,99999

      00000,11111,22222,33333,44444,55555,66666,77777,88888,99999

'
    headers:
      Accept: ['*/*']
      Accept-Encoding: ['gzip, deflate']
      Connection: [keep-alive]
      Content-Length: ['6000']
      User-Agent: [python-requests/2.11.1]
    method: PUT
    uri: https://fakestore.azuredatalakestore.net/webhdfs/v1/azure_test_dir/remote.csv?overwrite=true&write=true&OP=CREATE
  response:
    body: {string: ''}
    headers:
      Cache-Control: [no-cache]
      Content-Length: ['0']
      ContentLength: ['0']
      Date: ['Fri, 16 Sep 2016 23:57:35 GMT']
      Expires: ['-1']
      Location: ['https://fakestore.azuredatalakestore.net/webhdfs/v1/azure_test_dir/remote.csv?overwrite=true&write=true&OP=CREATE']
      Pragma: [no-cache]
      Server-Perf: ['[ffdd91cc-fe95-4e14-907e-3cd7404a282c][ AuthTime::895.508600988053::PostAuthTime::198.43170528102
          ][S-HdfsGetFileStatusV2 :: 00:00:006 ms]%0a[S-HdfsCheckAccess :: 00:00:003
          ms]%0a[S-FsDelete :: 00:00:006 ms]%0a[S-FsOpenStream :: 00:00:045 ms]%0a[S-FsAppendStream
          :: 00:00:078 ms]%0a[BufferingTime :: 00:00:000 ms]%0a[WriteTime :: 00:00:078
          ms]%0a[S-FsAppendStream :: 00:00:033 ms]%0a[S-FsCloseHandle :: 00:00:001
          ms]%0a[CREATE :: 00:00:179 ms]%0a']
      Status: ['0x0']
      Strict-Transport-Security: [max-age=15724800; includeSubDomains]
      X-Content-Type-Options: [nosniff]
      x-ms-request-id: [ffdd91cc-fe95-4e14-907e-3cd7404a282c]
      x-ms-webhdfs-version: [16.07.18.01]
    status: {code: 201, message: Created}
- request:
    body: null
    headers:
      Accept: ['*/*']
      Accept-Encoding: ['gzip, deflate']
      Connection: [keep-alive]
      User-Agent: [python-requests/2.11.1]
    method: GET
    uri: https://fakestore.azuredatalakestore.net/webhdfs/v1/azure_test_dir/remote.csv?OP=LISTSTATUS
  response:
    body: {string: '{"FileStatuses":{"FileStatus":[{"length":6000,"pathSuffix":"","type":"FILE","blockSize":268435456,"accessTime":1474070256277,"modificationTime":1474070256360,"replication":1,"permission":"770","owner":"49b2f9ec-818a-49ca-9424-249e1f19f7d7","group":"49b2f9ec-818a-49ca-9424-249e1f19f7d7"}]}}'}
    headers:
      Cache-Control: [no-cache]
      Content-Length: ['290']
      Content-Type: [application/json; charset=utf-8]
      Date: ['Fri, 16 Sep 2016 23:57:36 GMT']
      Expires: ['-1']
      Pragma: [no-cache]
      Server-Perf: ['[21f519f0-b3cf-4e56-beea-aa72233e6b6c][ AuthTime::874.127369424017::PostAuthTime::172.345073325772
          ][S-HdfsListStatus :: 00:00:009 ms]%0a[LISTSTATUS :: 00:00:010 ms]%0a']
      Status: ['0x0']
      Strict-Transport-Security: [max-age=15724800; includeSubDomains]
      X-Content-Type-Options: [nosniff]
      x-ms-request-id: [21f519f0-b3cf-4e56-beea-aa72233e6b6c]
      x-ms-webhdfs-version: [16.07.18.01]
    status: {code: 200, message: OK}
- request:
    body: null
    headers:
      Accept: ['*/*']
      Accept-Encoding: ['gzip, deflate']
      Connection: [keep-alive]
      User-Agent: [python-requests/2.11.1]
    method: GET
    uri: https://fakestore.azuredatalakestore.net/webhdfs/v1/azure_test_dir?OP=LISTSTATUS
  response:
    body: {string: '{"FileStatuses":{"FileStatus":[{"length":6000,"pathSuffix":"remote.csv","type":"FILE","blockSize":268435456,"accessTime":1474070256277,"modificationTime":1474070256360,"replication":1,"permission":"770","owner":"49b2f9ec-818a-49ca-9424-249e1f19f7d7","group":"49b2f9ec-818a-49ca-9424-249e1f19f7d7"}]}}'}
    headers:
      Cache-Control: [no-cache]
      Content-Length: ['300']
      Content-Type: [application/json; charset=utf-8]
      Date: ['Fri, 16 Sep 2016 23:57:36 GMT']
      Expires: ['-1']
      Pragma: [no-cache]
      Server-Perf: ['[f91ab82c-8899-404c-919a-0cce08d39fe9][ AuthTime::948.109298142527::PostAuthTime::232.643869278094
          ][S-HdfsListStatus :: 00:00:013 ms]%0a[LISTSTATUS :: 00:00:013 ms]%0a']
      Status: ['0x0']
      Strict-Transport-Security: [max-age=15724800; includeSubDomains]
      X-Content-Type-Options: [nosniff]
      x-ms-request-id: [f91ab82c-8899-404c-919a-0cce08d39fe9]
      x-ms-webhdfs-version: [16.07.18.01]
    status: {code: 200, message: OK}
- request:
    body: null
    headers:
      Accept: ['*/*']
      Accept-Encoding: ['gzip, deflate']
      Connection: [keep-alive]
      User-Agent: [python-requests/2.11.1]
    method: GET
    uri: https://fakestore.azuredatalakestore.net/webhdfs/v1/azure_test_dir/remote.csv?length=6000&offset=0&read=true&OP=OPEN
  response:
    body: {string: '00000,11111,22222,33333,44444,55555,66666,77777,88888,99999

        00000,11111,22222,33333,44444,55555,66666,77777,88888,99999

        00000,11111,22222,33333,44444,55555,66666,77777,88888,99999

        00000,11111,22222,33333,44444,55555,66666,77777,88888,99999

        00000,11111,22222,33333,44444,55555,66666,77777,88888,99999

        00000,11111,22222,33333,44444,55555,66666,77777,88888,99999

        00000,11111,22222,33333,44444,55555,66666,77777,88888,99999

        00000,11111,22222,33333,44444,55555,66666,77777,88888,99999

        00000,11111,22222,33333,44444,55555,66666,77777,88888,99999

        00000,11111,22222,33333,44444,55555,66666,77777,88888,99999

        00000,11111,22222,33333,44444,55555,66666,77777,88888,99999

        00000,11111,22222,33333,44444,55555,66666,77777,88888,99999

        00000,11111,22222,33333,44444,55555,66666,77777,88888,99999

        00000,11111,22222,33333,44444,55555,66666,77777,88888,99999

        00000,11111,22222,33333,44444,55555,66666,77777,88888,99999

        00000,11111,22222,33333,44444,55555,66666,77777,88888,99999

        00000,11111,22222,33333,44444,55555,66666,77777,88888,99999

        00000,11111,22222,33333,44444,55555,66666,77777,88888,99999

        00000,11111,22222,33333,44444,55555,66666,77777,88888,99999

        00000,11111,22222,33333,44444,55555,66666,77777,88888,99999

        00000,11111,22222,33333,44444,55555,66666,77777,88888,99999

        00000,11111,22222,33333,44444,55555,66666,77777,88888,99999

        00000,11111,22222,33333,44444,55555,66666,77777,88888,99999

        00000,11111,22222,33333,44444,55555,66666,77777,88888,99999

        00000,11111,22222,33333,44444,55555,66666,77777,88888,99999

        00000,11111,22222,33333,44444,55555,66666,77777,88888,99999

        00000,11111,22222,33333,44444,55555,66666,77777,88888,99999

        00000,11111,22222,33333,44444,55555,66666,77777,88888,99999

        00000,11111,22222,33333,44444,55555,66666,77777,88888,99999

        00000,11111,22222,33333,44444,55555,66666,77777,88888,99999

        00000,11111,22222,33333,44444,55555,66666,77777,88888,99999

        00000,11111,22222,33333,44444,55555,66666,77777,88888,99999

        00000,11111,22222,33333,44444,55555,66666,77777,88888,99999

        00000,11111,22222,33333,44444,55555,66666,77777,88888,99999

        00000,11111,22222,33333,44444,55555,66666,77777,88888,99999

        00000,11111,22222,33333,44444,55555,66666,77777,88888,99999

        00000,11111,22222,33333,44444,55555,66666,77777,88888,99999

        00000,11111,22222,33333,44444,55555,66666,77777,88888,99999

        00000,11111,22222,33333,44444,55555,66666,77777,88888,99999

        00000,11111,22222,33333,44444,55555,66666,77777,88888,99999

        00000,11111,22222,33333,44444,55555,66666,77777,88888,99999

        00000,11111,22222,33333,44444,55555,66666,77777,88888,99999

        00000,11111,22222,33333,44444,55555,66666,77777,88888,99999

        00000,11111,22222,33333,44444,55555,66666,77777,88888,99999

        00000,11111,22222,33333,44444,55555,66666,77777,88888,99999

        00000,11111,22222,33333,44444,55555,66666,77777,88888,99999

        00000,11111,22222,33333,44444,55555,66666,77777,88888,99999

        00000,11111,22222,33333,44444,55555,66666,77777,88888,99999

        00000,11111,22222,33333,44444,55555,66666,77777,88888,99999

        00000,11111,22222,33333,44444,55555,66666,77777,88888,99999

        00000,11111,22222,33333,44444,55555,66666,77777,88888,99999

        00000,11111,22222,33333,44444,55555,66666,77777,88888,99999

        00000,11111,22222,33333,44444,55555,66666,77777,88888,99999

        00000,11111,22222,33333,44444,55555,66666,77777,88888,99999

        00000,11111,22222,33333,44444,55555,66666,77777,88888,99999

        00000,11111,22222,33333,44444,55555,66666,77777,88888,99999

        00000,11111,22222,33333,44444,55555,66666,77777,88888,99999

        00000,11111,22222,33333,44444,55555,66666,77777,88888,99999

        00000,11111,22222,33333,44444,55555,66666,77777,88888,99999

        00000,11111,22222,33333,44444,55555,66666,77777,88888,99999

        00000,11111,22222,33333,44444,55555,66666,77777,88888,99999

        00000,11111,22222,33333,44444,55555,66666,77777,88888,99999

        00000,11111,22222,33333,44444,55555,66666,77777,88888,99999

        00000,11111,22222,33333,44444,55555,66666,77777,88888,99999

        00000,11111,22222,33333,44444,55555,66666,77777,88888,99999

        00000,11111,22222,33333,44444,55555,66666,77777,88888,99999

        00000,11111,22222,33333,44444,55555,66666,77777,88888,99999

        00000,11111,22222,33333,44444,55555,66666,77777,88888,99999

        00000,11111,22222,33333,44444,55555,66666,77777,88888,99999

        00000,11111,22222,33333,44444,55555,66666,77777,88888,99999

        00000,11111,22222,33333,44444,55555,66666,77777,88888,99999

        00000,11111,22222,33333,44444,55555,66666,77777,88888,99999

        00000,11111,22222,33333,44444,55555,66666,77777,88888,99999

        00000,11111,22222,33333,44444,55555,66666,77777,88888,99999

        00000,11111,22222,33333,44444,55555,66666,77777,88888,99999

        00000,11111,22222,33333,44444,55555,66666,77777,88888,99999

        00000,11111,22222,33333,44444,55555,66666,77777,88888,99999

        00000,11111,22222,33333,44444,55555,66666,77777,88888,99999

        00000,11111,22222,33333,44444,55555,66666,77777,88888,99999

        00000,11111,22222,33333,44444,55555,66666,77777,88888,99999

        00000,11111,22222,33333,44444,55555,66666,77777,88888,99999

        00000,11111,22222,33333,44444,55555,66666,77777,88888,99999

        00000,11111,22222,33333,44444,55555,66666,77777,88888,99999

        00000,11111,22222,33333,44444,55555,66666,77777,88888,99999

        00000,11111,22222,33333,44444,55555,66666,77777,88888,99999

        00000,11111,22222,33333,44444,55555,66666,77777,88888,99999

        00000,11111,22222,33333,44444,55555,66666,77777,88888,99999

        00000,11111,22222,33333,44444,55555,66666,77777,88888,99999

        00000,11111,22222,33333,44444,55555,66666,77777,88888,99999

        00000,11111,22222,33333,44444,55555,66666,77777,88888,99999

        00000,11111,22222,33333,44444,55555,66666,77777,88888,99999

        00000,11111,22222,33333,44444,55555,66666,77777,88888,99999

        00000,11111,22222,33333,44444,55555,66666,77777,88888,99999

        00000,11111,22222,33333,44444,55555,66666,77777,88888,99999

        00000,11111,22222,33333,44444,55555,66666,77777,88888,99999

        00000,11111,22222,33333,44444,55555,66666,77777,88888,99999

        00000,11111,22222,33333,44444,55555,66666,77777,88888,99999

        00000,11111,22222,33333,44444,55555,66666,77777,88888,99999

        00000,11111,22222,33333,44444,55555,66666,77777,88888,99999

        00000,11111,22222,33333,44444,55555,66666,77777,88888,99999

'}
    headers:
      Cache-Control: [no-cache]
      Content-Type: [application/octet-stream]
      Date: ['Fri, 16 Sep 2016 23:57:36 GMT']
      Expires: ['-1']
      Pragma: [no-cache]
      Server-Perf: ['[e9065200-3446-4d6b-a304-5e891c672b48][ AuthTime::929.719373572705::PostAuthTime::213.399249039917
          ][S-FsOpenStream :: 00:00:013 ms]%0a[S-FsReadStream :: 00:00:021 ms]%0a[OPEN
          :: 00:00:035 ms]%0a']
      Status: ['0x0']
      Strict-Transport-Security: [max-age=15724800; includeSubDomains]
      Transfer-Encoding: [chunked]
      X-Content-Type-Options: [nosniff]
      x-ms-request-id: [e9065200-3446-4d6b-a304-5e891c672b48]
      x-ms-webhdfs-version: [16.07.18.01]
    status: {code: 200, message: OK}
- request:
    body: null
    headers:
      Accept: ['*/*']
      Accept-Encoding: ['gzip, deflate']
      Connection: [keep-alive]
      User-Agent: [python-requests/2.11.1]
    method: GET
    uri: https://fakestore.azuredatalakestore.net/webhdfs/v1/azure_test_dir/remote.csv?length=6000&offset=0&read=true&OP=OPEN
  response:
    body: {string: '00000,11111,22222,33333,44444,55555,66666,77777,88888,99999

        00000,11111,22222,33333,44444,55555,66666,77777,88888,99999

        00000,11111,22222,33333,44444,55555,66666,77777,88888,99999

        00000,11111,22222,33333,44444,55555,66666,77777,88888,99999

        00000,11111,22222,33333,44444,55555,66666,77777,88888,99999

        00000,11111,22222,33333,44444,55555,66666,77777,88888,99999

        00000,11111,22222,33333,44444,55555,66666,77777,88888,99999

        00000,11111,22222,33333,44444,55555,66666,77777,88888,99999

        00000,11111,22222,33333,44444,55555,66666,77777,88888,99999

        00000,11111,22222,33333,44444,55555,66666,77777,88888,99999

        00000,11111,22222,33333,44444,55555,66666,77777,88888,99999

        00000,11111,22222,33333,44444,55555,66666,77777,88888,99999

        00000,11111,22222,33333,44444,55555,66666,77777,88888,99999

        00000,11111,22222,33333,44444,55555,66666,77777,88888,99999

        00000,11111,22222,33333,44444,55555,66666,77777,88888,99999

        00000,11111,22222,33333,44444,55555,66666,77777,88888,99999

        00000,11111,22222,33333,44444,55555,66666,77777,88888,99999

        00000,11111,22222,33333,44444,55555,66666,77777,88888,99999

        00000,11111,22222,33333,44444,55555,66666,77777,88888,99999

        00000,11111,22222,33333,44444,55555,66666,77777,88888,99999

        00000,11111,22222,33333,44444,55555,66666,77777,88888,99999

        00000,11111,22222,33333,44444,55555,66666,77777,88888,99999

        00000,11111,22222,33333,44444,55555,66666,77777,88888,99999

        00000,11111,22222,33333,44444,55555,66666,77777,88888,99999

        00000,11111,22222,33333,44444,55555,66666,77777,88888,99999

        00000,11111,22222,33333,44444,55555,66666,77777,88888,99999

        00000,11111,22222,33333,44444,55555,66666,77777,88888,99999

        00000,11111,22222,33333,44444,55555,66666,77777,88888,99999

        00000,11111,22222,33333,44444,55555,66666,77777,88888,99999

        00000,11111,22222,33333,44444,55555,66666,77777,88888,99999

        00000,11111,22222,33333,44444,55555,66666,77777,88888,99999

        00000,11111,22222,33333,44444,55555,66666,77777,88888,99999

        00000,11111,22222,33333,44444,55555,66666,77777,88888,99999

        00000,11111,22222,33333,44444,55555,66666,77777,88888,99999

        00000,11111,22222,33333,44444,55555,66666,77777,88888,99999

        00000,11111,22222,33333,44444,55555,66666,77777,88888,99999

        00000,11111,22222,33333,44444,55555,66666,77777,88888,99999

        00000,11111,22222,33333,44444,55555,66666,77777,88888,99999

        00000,11111,22222,33333,44444,55555,66666,77777,88888,99999

        00000,11111,22222,33333,44444,55555,66666,77777,88888,99999

        00000,11111,22222,33333,44444,55555,66666,77777,88888,99999

        00000,11111,22222,33333,44444,55555,66666,77777,88888,99999

        00000,11111,22222,33333,44444,55555,66666,77777,88888,99999

        00000,11111,22222,33333,44444,55555,66666,77777,88888,99999

        00000,11111,22222,33333,44444,55555,66666,77777,88888,99999

        00000,11111,22222,33333,44444,55555,66666,77777,88888,99999

        00000,11111,22222,33333,44444,55555,66666,77777,88888,99999

        00000,11111,22222,33333,44444,55555,66666,77777,88888,99999

        00000,11111,22222,33333,44444,55555,66666,77777,88888,99999

        00000,11111,22222,33333,44444,55555,66666,77777,88888,99999

        00000,11111,22222,33333,44444,55555,66666,77777,88888,99999

        00000,11111,22222,33333,44444,55555,66666,77777,88888,99999

        00000,11111,22222,33333,44444,55555,66666,77777,88888,99999

        00000,11111,22222,33333,44444,55555,66666,77777,88888,99999

        00000,11111,22222,33333,44444,55555,66666,77777,88888,99999

        00000,11111,22222,33333,44444,55555,66666,77777,88888,99999

        00000,11111,22222,33333,44444,55555,66666,77777,88888,99999

        00000,11111,22222,33333,44444,55555,66666,77777,88888,99999

        00000,11111,22222,33333,44444,55555,66666,77777,88888,99999

        00000,11111,22222,33333,44444,55555,66666,77777,88888,99999

        00000,11111,22222,33333,44444,55555,66666,77777,88888,99999

        00000,11111,22222,33333,44444,55555,66666,77777,88888,99999

        00000,11111,22222,33333,44444,55555,66666,77777,88888,99999

        00000,11111,22222,33333,44444,55555,66666,77777,88888,99999

        00000,11111,22222,33333,44444,55555,66666,77777,88888,99999

        00000,11111,22222,33333,44444,55555,66666,77777,88888,99999

        00000,11111,22222,33333,44444,55555,66666,77777,88888,99999

        00000,11111,22222,33333,44444,55555,66666,77777,88888,99999

        00000,11111,22222,33333,44444,55555,66666,77777,88888,99999

        00000,11111,22222,33333,44444,55555,66666,77777,88888,99999

        00000,11111,22222,33333,44444,55555,66666,77777,88888,99999

        00000,11111,22222,33333,44444,55555,66666,77777,88888,99999

        00000,11111,22222,33333,44444,55555,66666,77777,88888,99999

        00000,11111,22222,33333,44444,55555,66666,77777,88888,99999

        00000,11111,22222,33333,44444,55555,66666,77777,88888,99999

        00000,11111,22222,33333,44444,55555,66666,77777,88888,99999

        00000,11111,22222,33333,44444,55555,66666,77777,88888,99999

        00000,11111,22222,33333,44444,55555,66666,77777,88888,99999

        00000,11111,22222,33333,44444,55555,66666,77777,88888,99999

        00000,11111,22222,33333,44444,55555,66666,77777,88888,99999

        00000,11111,22222,33333,44444,55555,66666,77777,88888,99999

        00000,11111,22222,33333,44444,55555,66666,77777,88888,99999

        00000,11111,22222,33333,44444,55555,66666,77777,88888,99999

        00000,11111,22222,33333,44444,55555,66666,77777,88888,99999

        00000,11111,22222,33333,44444,55555,66666,77777,88888,99999

        00000,11111,22222,33333,44444,55555,66666,77777,88888,99999

        00000,11111,22222,33333,44444,55555,66666,77777,88888,99999

        00000,11111,22222,33333,44444,55555,66666,77777,88888,99999

        00000,11111,22222,33333,44444,55555,66666,77777,88888,99999

        00000,11111,22222,33333,44444,55555,66666,77777,88888,99999

        00000,11111,22222,33333,44444,55555,66666,77777,88888,99999

        00000,11111,22222,33333,44444,55555,66666,77777,88888,99999

        00000,11111,22222,33333,44444,55555,66666,77777,88888,99999

        00000,11111,22222,33333,44444,55555,66666,77777,88888,99999

        00000,11111,22222,33333,44444,55555,66666,77777,88888,99999

        00000,11111,22222,33333,44444,55555,66666,77777,88888,99999

        00000,11111,22222,33333,44444,55555,66666,77777,88888,99999

        00000,11111,22222,33333,44444,55555,66666,77777,88888,99999

        00000,11111,22222,33333,44444,55555,66666,77777,88888,99999

        00000,11111,22222,33333,44444,55555,66666,77777,88888,99999

'}
    headers:
      Cache-Control: [no-cache]
      Content-Type: [application/octet-stream]
      Date: ['Fri, 16 Sep 2016 23:57:37 GMT']
      Expires: ['-1']
      Pragma: [no-cache]
      Server-Perf: ['[42b3ff27-9d2a-484c-bbf5-2a514a28358d][ AuthTime::892.514637539414::PostAuthTime::209.550633634074
          ][S-FsOpenStream :: 00:00:013 ms]%0a[S-FsReadStream :: 00:00:027 ms]%0a[OPEN
          :: 00:00:041 ms]%0a']
      Status: ['0x0']
      Strict-Transport-Security: [max-age=15724800; includeSubDomains]
      Transfer-Encoding: [chunked]
      X-Content-Type-Options: [nosniff]
      x-ms-request-id: [42b3ff27-9d2a-484c-bbf5-2a514a28358d]
      x-ms-webhdfs-version: [16.07.18.01]
    status: {code: 200, message: OK}
- request:
    body: null
    headers:
      Accept: ['*/*']
      Accept-Encoding: ['gzip, deflate']
      Connection: [keep-alive]
      User-Agent: [python-requests/2.11.1]
    method: GET
    uri: https://fakestore.azuredatalakestore.net/webhdfs/v1/azure_test_dir/remote.csv?length=4800&offset=1200&read=true&OP=OPEN
  response:
    body: {string: '00000,11111,22222,33333,44444,55555,66666,77777,88888,99999

        00000,11111,22222,33333,44444,55555,66666,77777,88888,99999

        00000,11111,22222,33333,44444,55555,66666,77777,88888,99999

        00000,11111,22222,33333,44444,55555,66666,77777,88888,99999

        00000,11111,22222,33333,44444,55555,66666,77777,88888,99999

        00000,11111,22222,33333,44444,55555,66666,77777,88888,99999

        00000,11111,22222,33333,44444,55555,66666,77777,88888,99999

        00000,11111,22222,33333,44444,55555,66666,77777,88888,99999

        00000,11111,22222,33333,44444,55555,66666,77777,88888,99999

        00000,11111,22222,33333,44444,55555,66666,77777,88888,99999

        00000,11111,22222,33333,44444,55555,66666,77777,88888,99999

        00000,11111,22222,33333,44444,55555,66666,77777,88888,99999

        00000,11111,22222,33333,44444,55555,66666,77777,88888,99999

        00000,11111,22222,33333,44444,55555,66666,77777,88888,99999

        00000,11111,22222,33333,44444,55555,66666,77777,88888,99999

        00000,11111,22222,33333,44444,55555,66666,77777,88888,99999

        00000,11111,22222,33333,44444,55555,66666,77777,88888,99999

        00000,11111,22222,33333,44444,55555,66666,77777,88888,99999

        00000,11111,22222,33333,44444,55555,66666,77777,88888,99999

        00000,11111,22222,33333,44444,55555,66666,77777,88888,99999

        00000,11111,22222,33333,44444,55555,66666,77777,88888,99999

        00000,11111,22222,33333,44444,55555,66666,77777,88888,99999

        00000,11111,22222,33333,44444,55555,66666,77777,88888,99999

        00000,11111,22222,33333,44444,55555,66666,77777,88888,99999

        00000,11111,22222,33333,44444,55555,66666,77777,88888,99999

        00000,11111,22222,33333,44444,55555,66666,77777,88888,99999

        00000,11111,22222,33333,44444,55555,66666,77777,88888,99999

        00000,11111,22222,33333,44444,55555,66666,77777,88888,99999

        00000,11111,22222,33333,44444,55555,66666,77777,88888,99999

        00000,11111,22222,33333,44444,55555,66666,77777,88888,99999

        00000,11111,22222,33333,44444,55555,66666,77777,88888,99999

        00000,11111,22222,33333,44444,55555,66666,77777,88888,99999

        00000,11111,22222,33333,44444,55555,66666,77777,88888,99999

        00000,11111,22222,33333,44444,55555,66666,77777,88888,99999

        00000,11111,22222,33333,44444,55555,66666,77777,88888,99999

        00000,11111,22222,33333,44444,55555,66666,77777,88888,99999

        00000,11111,22222,33333,44444,55555,66666,77777,88888,99999

        00000,11111,22222,33333,44444,55555,66666,77777,88888,99999

        00000,11111,22222,33333,44444,55555,66666,77777,88888,99999

        00000,11111,22222,33333,44444,55555,66666,77777,88888,99999

        00000,11111,22222,33333,44444,55555,66666,77777,88888,99999

        00000,11111,22222,33333,44444,55555,66666,77777,88888,99999

        00000,11111,22222,33333,44444,55555,66666,77777,88888,99999

        00000,11111,22222,33333,44444,55555,66666,77777,88888,99999

        00000,11111,22222,33333,44444,55555,66666,77777,88888,99999

        00000,11111,22222,33333,44444,55555,66666,77777,88888,99999

        00000,11111,22222,33333,44444,55555,66666,77777,88888,99999

        00000,11111,22222,33333,44444,55555,66666,77777,88888,99999

        00000,11111,22222,33333,44444,55555,66666,77777,88888,99999

        00000,11111,22222,33333,44444,55555,66666,77777,88888,99999

        00000,11111,22222,33333,44444,55555,66666,77777,88888,99999

        00000,11111,22222,33333,44444,55555,66666,77777,88888,99999

        00000,11111,22222,33333,44444,55555,66666,77777,88888,99999

        00000,11111,22222,33333,44444,55555,66666,77777,88888,99999

        00000,11111,22222,33333,44444,55555,66666,77777,88888,99999

        00000,11111,22222,33333,44444,55555,66666,77777,88888,99999

        00000,11111,22222,33333,44444,55555,66666,77777,88888,99999

        00000,11111,22222,33333,44444,55555,66666,77777,88888,99999

        00000,11111,22222,33333,44444,55555,66666,77777,88888,99999

        00000,11111,22222,33333,44444,55555,66666,77777,88888,99999

        00000,11111,22222,33333,44444,55555,66666,77777,88888,99999

        00000,11111,22222,33333,44444,55555,66666,77777,88888,99999

        00000,11111,22222,33333,44444,55555,66666,77777,88888,99999

        00000,11111,22222,33333,44444,55555,66666,77777,88888,99999

        00000,11111,22222,33333,44444,55555,66666,77777,88888,99999

        00000,11111,22222,33333,44444,55555,66666,77777,88888,99999

        00000,11111,22222,33333,44444,55555,66666,77777,88888,99999

        00000,11111,22222,33333,44444,55555,66666,77777,88888,99999

        00000,11111,22222,33333,44444,55555,66666,77777,88888,99999

        00000,11111,22222,33333,44444,55555,66666,77777,88888,99999

        00000,11111,22222,33333,44444,55555,66666,77777,88888,99999

        00000,11111,22222,33333,44444,55555,66666,77777,88888,99999

        00000,11111,22222,33333,44444,55555,66666,77777,88888,99999

        00000,11111,22222,33333,44444,55555,66666,77777,88888,99999

        00000,11111,22222,33333,44444,55555,66666,77777,88888,99999

        00000,11111,22222,33333,44444,55555,66666,77777,88888,99999

        00000,11111,22222,33333,44444,55555,66666,77777,88888,99999

        00000,11111,22222,33333,44444,55555,66666,77777,88888,99999

        00000,11111,22222,33333,44444,55555,66666,77777,88888,99999

        00000,11111,22222,33333,44444,55555,66666,77777,88888,99999

'}
    headers:
      Cache-Control: [no-cache]
      Content-Type: [application/octet-stream]
      Date: ['Fri, 16 Sep 2016 23:57:38 GMT']
      Expires: ['-1']
      Pragma: [no-cache]
      Server-Perf: ['[cdb12b07-4567-4414-b26e-8d11427c33d6][ AuthTime::0::PostAuthTime::0
          ][S-FsOpenStream :: 00:00:014 ms]%0a[S-FsReadStream :: 00:00:017 ms]%0a[OPEN
          :: 00:00:032 ms]%0a']
      Status: ['0x0']
      Strict-Transport-Security: [max-age=15724800; includeSubDomains]
      Transfer-Encoding: [chunked]
      X-Content-Type-Options: [nosniff]
      x-ms-request-id: [cdb12b07-4567-4414-b26e-8d11427c33d6]
      x-ms-webhdfs-version: [16.07.18.01]
    status: {code: 200, message: OK}
- request:
    body: null
    headers:
      Accept: ['*/*']
      Accept-Encoding: ['gzip, deflate']
      Connection: [keep-alive]
      User-Agent: [python-requests/2.11.1]
    method: GET
    uri: https://fakestore.azuredatalakestore.net/webhdfs/v1/azure_test_dir/remote.csv?length=3600&offset=2400&read=true&OP=OPEN
  response:
    body: {string: '00000,11111,22222,33333,44444,55555,66666,77777,88888,99999

        00000,11111,22222,33333,44444,55555,66666,77777,88888,99999

        00000,11111,22222,33333,44444,55555,66666,77777,88888,99999

        00000,11111,22222,33333,44444,55555,66666,77777,88888,99999

        00000,11111,22222,33333,44444,55555,66666,77777,88888,99999

        00000,11111,22222,33333,44444,55555,66666,77777,88888,99999

        00000,11111,22222,33333,44444,55555,66666,77777,88888,99999

        00000,11111,22222,33333,44444,55555,66666,77777,88888,99999

        00000,11111,22222,33333,44444,55555,66666,77777,88888,99999

        00000,11111,22222,33333,44444,55555,66666,77777,88888,99999

        00000,11111,22222,33333,44444,55555,66666,77777,88888,99999

        00000,11111,22222,33333,44444,55555,66666,77777,88888,99999

        00000,11111,22222,33333,44444,55555,66666,77777,88888,99999

        00000,11111,22222,33333,44444,55555,66666,77777,88888,99999

        00000,11111,22222,33333,44444,55555,66666,77777,88888,99999

        00000,11111,22222,33333,44444,55555,66666,77777,88888,99999

        00000,11111,22222,33333,44444,55555,66666,77777,88888,99999

        00000,11111,22222,33333,44444,55555,66666,77777,88888,99999

        00000,11111,22222,33333,44444,55555,66666,77777,88888,99999

        00000,11111,22222,33333,44444,55555,66666,77777,88888,99999

        00000,11111,22222,33333,44444,55555,66666,77777,88888,99999

        00000,11111,22222,33333,44444,55555,66666,77777,88888,99999

        00000,11111,22222,33333,44444,55555,66666,77777,88888,99999

        00000,11111,22222,33333,44444,55555,66666,77777,88888,99999

        00000,11111,22222,33333,44444,55555,66666,77777,88888,99999

        00000,11111,22222,33333,44444,55555,66666,77777,88888,99999

        00000,11111,22222,33333,44444,55555,66666,77777,88888,99999

        00000,11111,22222,33333,44444,55555,66666,77777,88888,99999

        00000,11111,22222,33333,44444,55555,66666,77777,88888,99999

        00000,11111,22222,33333,44444,55555,66666,77777,88888,99999

        00000,11111,22222,33333,44444,55555,66666,77777,88888,99999

        00000,11111,22222,33333,44444,55555,66666,77777,88888,99999

        00000,11111,22222,33333,44444,55555,66666,77777,88888,99999

        00000,11111,22222,33333,44444,55555,66666,77777,88888,99999

        00000,11111,22222,33333,44444,55555,66666,77777,88888,99999

        00000,11111,22222,33333,44444,55555,66666,77777,88888,99999

        00000,11111,22222,33333,44444,55555,66666,77777,88888,99999

        00000,11111,22222,33333,44444,55555,66666,77777,88888,99999

        00000,11111,22222,33333,44444,55555,66666,77777,88888,99999

        00000,11111,22222,33333,44444,55555,66666,77777,88888,99999

        00000,11111,22222,33333,44444,55555,66666,77777,88888,99999

        00000,11111,22222,33333,44444,55555,66666,77777,88888,99999

        00000,11111,22222,33333,44444,55555,66666,77777,88888,99999

        00000,11111,22222,33333,44444,55555,66666,77777,88888,99999

        00000,11111,22222,33333,44444,55555,66666,77777,88888,99999

        00000,11111,22222,33333,44444,55555,66666,77777,88888,99999

        00000,11111,22222,33333,44444,55555,66666,77777,88888,99999

        00000,11111,22222,33333,44444,55555,66666,77777,88888,99999

        00000,11111,22222,33333,44444,55555,66666,77777,88888,99999

        00000,11111,22222,33333,44444,55555,66666,77777,88888,99999

        00000,11111,22222,33333,44444,55555,66666,77777,88888,99999

        00000,11111,22222,33333,44444,55555,66666,77777,88888,99999

        00000,11111,22222,33333,44444,55555,66666,77777,88888,99999

        00000,11111,22222,33333,44444,55555,66666,77777,88888,99999

        00000,11111,22222,33333,44444,55555,66666,77777,88888,99999

        00000,11111,22222,33333,44444,55555,66666,77777,88888,99999

        00000,11111,22222,33333,44444,55555,66666,77777,88888,99999

        00000,11111,22222,33333,44444,55555,66666,77777,88888,99999

        00000,11111,22222,33333,44444,55555,66666,77777,88888,99999

        00000,11111,22222,33333,44444,55555,66666,77777,88888,99999

'}
    headers:
      Cache-Control: [no-cache]
      Content-Type: [application/octet-stream]
      Date: ['Fri, 16 Sep 2016 23:57:38 GMT']
      Expires: ['-1']
      Pragma: [no-cache]
      Server-Perf: ['[54c9be10-2cb4-4723-8016-00a6d1e2ee33][ AuthTime::831.786652069417::PostAuthTime::162.508446162662
          ][S-FsOpenStream :: 00:00:012 ms]%0a[S-FsReadStream :: 00:00:027 ms]%0a[OPEN
          :: 00:00:040 ms]%0a']
      Status: ['0x0']
      Strict-Transport-Security: [max-age=15724800; includeSubDomains]
      Transfer-Encoding: [chunked]
      X-Content-Type-Options: [nosniff]
      x-ms-request-id: [54c9be10-2cb4-4723-8016-00a6d1e2ee33]
      x-ms-webhdfs-version: [16.07.18.01]
    status: {code: 200, message: OK}
- request:
    body: null
    headers:
      Accept: ['*/*']
      Accept-Encoding: ['gzip, deflate']
      Connection: [keep-alive]
      User-Agent: [python-requests/2.11.1]
    method: GET
    uri: https://fakestore.azuredatalakestore.net/webhdfs/v1/azure_test_dir/remote.csv?length=2400&offset=3600&read=true&OP=OPEN
  response:
    body: {string: '00000,11111,22222,33333,44444,55555,66666,77777,88888,99999

        00000,11111,22222,33333,44444,55555,66666,77777,88888,99999

        00000,11111,22222,33333,44444,55555,66666,77777,88888,99999

        00000,11111,22222,33333,44444,55555,66666,77777,88888,99999

        00000,11111,22222,33333,44444,55555,66666,77777,88888,99999

        00000,11111,22222,33333,44444,55555,66666,77777,88888,99999

        00000,11111,22222,33333,44444,55555,66666,77777,88888,99999

        00000,11111,22222,33333,44444,55555,66666,77777,88888,99999

        00000,11111,22222,33333,44444,55555,66666,77777,88888,99999

        00000,11111,22222,33333,44444,55555,66666,77777,88888,99999

        00000,11111,22222,33333,44444,55555,66666,77777,88888,99999

        00000,11111,22222,33333,44444,55555,66666,77777,88888,99999

        00000,11111,22222,33333,44444,55555,66666,77777,88888,99999

        00000,11111,22222,33333,44444,55555,66666,77777,88888,99999

        00000,11111,22222,33333,44444,55555,66666,77777,88888,99999

        00000,11111,22222,33333,44444,55555,66666,77777,88888,99999

        00000,11111,22222,33333,44444,55555,66666,77777,88888,99999

        00000,11111,22222,33333,44444,55555,66666,77777,88888,99999

        00000,11111,22222,33333,44444,55555,66666,77777,88888,99999

        00000,11111,22222,33333,44444,55555,66666,77777,88888,99999

        00000,11111,22222,33333,44444,55555,66666,77777,88888,99999

        00000,11111,22222,33333,44444,55555,66666,77777,88888,99999

        00000,11111,22222,33333,44444,55555,66666,77777,88888,99999

        00000,11111,22222,33333,44444,55555,66666,77777,88888,99999

        00000,11111,22222,33333,44444,55555,66666,77777,88888,99999

        00000,11111,22222,33333,44444,55555,66666,77777,88888,99999

        00000,11111,22222,33333,44444,55555,66666,77777,88888,99999

        00000,11111,22222,33333,44444,55555,66666,77777,88888,99999

        00000,11111,22222,33333,44444,55555,66666,77777,88888,99999

        00000,11111,22222,33333,44444,55555,66666,77777,88888,99999

        00000,11111,22222,33333,44444,55555,66666,77777,88888,99999

        00000,11111,22222,33333,44444,55555,66666,77777,88888,99999

        00000,11111,22222,33333,44444,55555,66666,77777,88888,99999

        00000,11111,22222,33333,44444,55555,66666,77777,88888,99999

        00000,11111,22222,33333,44444,55555,66666,77777,88888,99999

        00000,11111,22222,33333,44444,55555,66666,77777,88888,99999

        00000,11111,22222,33333,44444,55555,66666,77777,88888,99999

        00000,11111,22222,33333,44444,55555,66666,77777,88888,99999

        00000,11111,22222,33333,44444,55555,66666,77777,88888,99999

        00000,11111,22222,33333,44444,55555,66666,77777,88888,99999

'}
    headers:
      Cache-Control: [no-cache]
      Content-Type: [application/octet-stream]
      Date: ['Fri, 16 Sep 2016 23:57:39 GMT']
      Expires: ['-1']
      Pragma: [no-cache]
      Server-Perf: ['[99fadf48-e703-4069-a074-e8ab491d5372][ AuthTime::912.187518041684::PostAuthTime::204.418956223125
          ][S-FsOpenStream :: 00:00:013 ms]%0a[S-FsReadStream :: 00:00:013 ms]%0a[OPEN
          :: 00:00:028 ms]%0a']
      Status: ['0x0']
      Strict-Transport-Security: [max-age=15724800; includeSubDomains]
      Transfer-Encoding: [chunked]
      X-Content-Type-Options: [nosniff]
      x-ms-request-id: [99fadf48-e703-4069-a074-e8ab491d5372]
      x-ms-webhdfs-version: [16.07.18.01]
    status: {code: 200, message: OK}
- request:
    body: null
    headers:
      Accept: ['*/*']
      Accept-Encoding: ['gzip, deflate']
      Connection: [keep-alive]
      User-Agent: [python-requests/2.11.1]
    method: GET
    uri: https://fakestore.azuredatalakestore.net/webhdfs/v1/azure_test_dir/remote.csv?length=1200&offset=4800&read=true&OP=OPEN
  response:
    body: {string: '00000,11111,22222,33333,44444,55555,66666,77777,88888,99999

        00000,11111,22222,33333,44444,55555,66666,77777,88888,99999

        00000,11111,22222,33333,44444,55555,66666,77777,88888,99999

        00000,11111,22222,33333,44444,55555,66666,77777,88888,99999

        00000,11111,22222,33333,44444,55555,66666,77777,88888,99999

        00000,11111,22222,33333,44444,55555,66666,77777,88888,99999

        00000,11111,22222,33333,44444,55555,66666,77777,88888,99999

        00000,11111,22222,33333,44444,55555,66666,77777,88888,99999

        00000,11111,22222,33333,44444,55555,66666,77777,88888,99999

        00000,11111,22222,33333,44444,55555,66666,77777,88888,99999

        00000,11111,22222,33333,44444,55555,66666,77777,88888,99999

        00000,11111,22222,33333,44444,55555,66666,77777,88888,99999

        00000,11111,22222,33333,44444,55555,66666,77777,88888,99999

        00000,11111,22222,33333,44444,55555,66666,77777,88888,99999

        00000,11111,22222,33333,44444,55555,66666,77777,88888,99999

        00000,11111,22222,33333,44444,55555,66666,77777,88888,99999

        00000,11111,22222,33333,44444,55555,66666,77777,88888,99999

        00000,11111,22222,33333,44444,55555,66666,77777,88888,99999

        00000,11111,22222,33333,44444,55555,66666,77777,88888,99999

        00000,11111,22222,33333,44444,55555,66666,77777,88888,99999

'}
    headers:
      Cache-Control: [no-cache]
      Content-Type: [application/octet-stream]
      Date: ['Fri, 16 Sep 2016 23:57:39 GMT']
      Expires: ['-1']
      Pragma: [no-cache]
      Server-Perf: ['[6b0faf32-6fb8-4fb1-b955-5085cd25ade3][ AuthTime::988.310903536836::PostAuthTime::229.650781133397
          ][S-FsOpenStream :: 00:00:014 ms]%0a[S-FsReadStream :: 00:00:078 ms]%0a[OPEN
          :: 00:00:092 ms]%0a']
      Status: ['0x0']
      Strict-Transport-Security: [max-age=15724800; includeSubDomains]
      Transfer-Encoding: [chunked]
      X-Content-Type-Options: [nosniff]
      x-ms-request-id: [6b0faf32-6fb8-4fb1-b955-5085cd25ade3]
      x-ms-webhdfs-version: [16.07.18.01]
    status: {code: 200, message: OK}
- request:
    body: null
    headers:
      Accept: ['*/*']
      Accept-Encoding: ['gzip, deflate']
      Connection: [keep-alive]
      Content-Length: ['0']
      User-Agent: [python-requests/2.11.1]
    method: DELETE
    uri: https://fakestore.azuredatalakestore.net/webhdfs/v1/azure_test_dir/remote.csv?recursive=True&OP=DELETE
  response:
    body: {string: '{"boolean":true}'}
    headers:
      Cache-Control: [no-cache]
      Content-Length: ['16']
      Content-Type: [application/json; charset=utf-8]
      Date: ['Fri, 16 Sep 2016 23:57:40 GMT']
      Expires: ['-1']
      Pragma: [no-cache]
      Server-Perf: ['[e2ea338f-6f94-4df7-bad0-56087061e200][ AuthTime::0::PostAuthTime::0
          ][S-FsDelete :: 00:00:098 ms]%0a[DELETE :: 00:00:099 ms]%0a']
      Status: ['0x0']
      Strict-Transport-Security: [max-age=15724800; includeSubDomains]
      X-Content-Type-Options: [nosniff]
      x-ms-request-id: [e2ea338f-6f94-4df7-bad0-56087061e200]
      x-ms-webhdfs-version: [16.07.18.01]
    status: {code: 200, message: OK}
version: 1
