interactions:
- request:
    body: null
    headers:
      Accept: ['*/*']
      Accept-Encoding: ['gzip, deflate']
      Connection: [keep-alive]
      Content-Length: ['0']
      User-Agent: [python-requests/2.11.1]
    method: PUT
    uri: https://fakestore.azuredatalakestore.net/webhdfs/v1/azure_test_dir/remote.csv?OP=CREATE&overwrite=True
  response:
    body: {string: ''}
    headers:
      Cache-Control: [no-cache]
      Content-Length: ['0']
      ContentLength: ['0']
      Date: ['Thu, 01 Sep 2016 17:12:22 GMT']
      Expires: ['-1']
      Location: ['https://fakestore.azuredatalakestore.net/webhdfs/v1/azure_test_dir/remote.csv?OP=CREATE&overwrite=True&write=true']
      Pragma: [no-cache]
      Server-Perf: ['[d873d5e4-c5ab-4edf-be72-b9c0d9ae503f][ AuthTime::0::PostAuthTime::0
          ][S-HdfsGetFileStatusV2 :: 00:00:004 ms]%0a[CREATE :: 00:00:005 ms]%0a']
      Status: ['0x8309000A']
      Strict-Transport-Security: [max-age=15724800; includeSubDomains]
      X-Content-Type-Options: [nosniff]
      x-ms-request-id: [d873d5e4-c5ab-4edf-be72-b9c0d9ae503f]
      x-ms-webhdfs-version: [16.07.07.01]
    status: {code: 307, message: Temporary Redirect}
- request:
    body: null
    headers:
      Accept: ['*/*']
      Accept-Encoding: ['gzip, deflate']
      Connection: [keep-alive]
      Content-Length: ['0']
      User-Agent: [python-requests/2.11.1]
    method: PUT
    uri: https://fakestore.azuredatalakestore.net/webhdfs/v1/azure_test_dir/remote.csv?OP=CREATE&overwrite=True&write=true
  response:
    body: {string: ''}
    headers:
      Cache-Control: [no-cache]
      Content-Length: ['0']
      ContentLength: ['0']
      Date: ['Thu, 01 Sep 2016 17:12:23 GMT']
      Expires: ['-1']
      Location: ['https://fakestore.azuredatalakestore.net/webhdfs/v1/azure_test_dir/remote.csv?OP=CREATE&overwrite=True&write=true']
      Pragma: [no-cache]
      Server-Perf: ['[55a50c45-52ea-41f1-8b66-a00d9d18fcf8][ AuthTime::0::PostAuthTime::0
          ][S-HdfsGetFileStatusV2 :: 00:00:005 ms]%0a[S-HdfsCheckAccess :: 00:00:002
          ms]%0a[S-FsDelete :: 00:00:004 ms]%0a[S-FsOpenStream :: 00:00:054 ms]%0a[BufferingTime
          :: 00:00:000 ms]%0a[WriteTime :: 00:00:000 ms]%0a[S-FsAppendStream :: 00:00:030
          ms]%0a[S-FsCloseHandle :: 00:00:001 ms]%0a[CREATE :: 00:00:103 ms]%0a']
      Status: ['0x0']
      Strict-Transport-Security: [max-age=15724800; includeSubDomains]
      X-Content-Type-Options: [nosniff]
      x-ms-request-id: [55a50c45-52ea-41f1-8b66-a00d9d18fcf8]
      x-ms-webhdfs-version: [16.07.07.01]
    status: {code: 201, message: Created}
- request:
    body: '00000,11111,22222,33333,44444,55555,66666,77777,88888,99999

      00000,11111,22222,33333,44444,55555,66666,77777,88888,99999

      00000,11111,22222,33333,44444,55555,66666,77777,88888,99999

      00000,11111,22222,33333,44444,55555,66666,77777,88888,99999

      00000,11111,22222,33333,44444,55555,66666,77777,88888,99999

      00000,11111,22222,33333,44444,55555,66666,77777,88888,99999

      00000,11111,22222,33333,44444,55555,66666,77777,88888,99999

      00000,11111,22222,33333,44444,55555,66666,77777,88888,99999

      00000,11111,22222,33333,44444,55555,66666,77777,88888,99999

      00000,11111,22222,33333,44444,55555,66666,77777,88888,99999

      00000,11111,22222,33333,44444,55555,66666,77777,88888,99999

      00000,11111,22222,33333,44444,55555,66666,77777,88888,99999

      00000,11111,22222,33333,44444,55555,66666,77777,88888,99999

      00000,11111,22222,33333,44444,55555,66666,77777,88888,99999

      00000,11111,22222,33333,44444,55555,66666,77777,88888,99999

      00000,11111,22222,33333,44444,55555,66666,77777,88888,99999

      00000,11111,22222,33333,44444,55555,66666,77777,88888,99999

      00000,11111,22222,33333,44444,55555,66666,77777,88888,99999

      00000,11111,22222,33333,44444,55555,66666,77777,88888,99999

      00000,11111,22222,33333,44444,55555,66666,77777,88888,99999

      00000,11111,22222,33333,44444,55555,66666,77777,88888,99999

      00000,11111,22222,33333,44444,55555,66666,77777,88888,99999

      00000,11111,22222,33333,44444,55555,66666,77777,88888,99999

      00000,11111,22222,33333,44444,55555,66666,77777,88888,99999

      00000,11111,22222,33333,44444,55555,66666,77777,88888,99999

      00000,11111,22222,33333,44444,55555,66666,77777,88888,99999

      00000,11111,22222,33333,44444,55555,66666,77777,88888,99999

      00000,11111,22222,33333,44444,55555,66666,77777,88888,99999

      00000,11111,22222,33333,44444,55555,66666,77777,88888,99999

      00000,11111,22222,33333,44444,55555,66666,77777,88888,99999

      00000,11111,22222,33333,44444,55555,66666,77777,88888,99999

      00000,11111,22222,33333,44444,55555,66666,77777,88888,99999

      00000,11111,22222,33333,44444,55555,66666,77777,88888,99999

      00000,11111,22222,33333,44444,55555,66666,77777,88888,99999

      00000,11111,22222,33333,44444,55555,66666,77777,88888,99999

      00000,11111,22222,33333,44444,55555,66666,77777,88888,99999

      00000,11111,22222,33333,44444,55555,66666,77777,88888,99999

      00000,11111,22222,33333,44444,55555,66666,77777,88888,99999

      00000,11111,22222,33333,44444,55555,66666,77777,88888,99999

      00000,11111,22222,33333,44444,55555,66666,77777,88888,99999

      00000,11111,22222,33333,44444,55555,66666,77777,88888,99999

      00000,11111,22222,33333,44444,55555,66666,77777,88888,99999

      00000,11111,22222,33333,44444,55555,66666,77777,88888,99999

      00000,11111,22222,33333,44444,55555,66666,77777,88888,99999

      00000,11111,22222,33333,44444,55555,66666,77777,88888,99999

      00000,11111,22222,33333,44444,55555,66666,77777,88888,99999

      00000,11111,22222,33333,44444,55555,66666,77777,88888,99999

      00000,11111,22222,33333,44444,55555,66666,77777,88888,99999

      00000,11111,22222,33333,44444,55555,66666,77777,88888,99999

      00000,11111,22222,33333,44444,55555,66666,77777,88888,99999

      00000,11111,22222,33333,44444,55555,66666,77777,88888,99999

      00000,11111,22222,33333,44444,55555,66666,77777,88888,99999

      00000,11111,22222,33333,44444,55555,66666,77777,88888,99999

      00000,11111,22222,33333,44444,55555,66666,77777,88888,99999

      00000,11111,22222,33333,44444,55555,66666,77777,88888,99999

      00000,11111,22222,33333,44444,55555,66666,77777,88888,99999

      00000,11111,22222,33333,44444,55555,66666,77777,88888,99999

      00000,11111,22222,33333,44444,55555,66666,77777,88888,99999

      00000,11111,22222,33333,44444,55555,66666,77777,88888,99999

      00000,11111,22222,33333,44444,55555,66666,77777,88888,99999

      00000,11111,22222,33333,44444,55555,66666,77777,88888,99999

      00000,11111,22222,33333,44444,55555,66666,77777,88888,99999

      00000,11111,22222,33333,44444,55555,66666,77777,88888,99999

      00000,11111,22222,33333,44444,55555,66666,77777,88888,99999

      00000,11111,22222,33333,44444,55555,66666,77777,88888,99999

      00000,11111,22222,33333,44444,55555,66666,77777,88888,99999

      00000,11111,22222,33333,44444,55555,66666,77777,88888,99999

      00000,11111,22222,33333,44444,55555,66666,77777,88888,99999

      00000,11111,22222,33333,44444,55555,66666,77777,88888,99999

      00000,11111,22222,33333,44444,55555,66666,77777,88888,99999

      00000,11111,22222,33333,44444,55555,66666,77777,88888,99999

      00000,11111,22222,33333,44444,55555,66666,77777,88888,99999

      00000,11111,22222,33333,44444,55555,66666,77777,88888,99999

      00000,11111,22222,33333,44444,55555,66666,77777,88888,99999

      00000,11111,22222,33333,44444,55555,66666,77777,88888,99999

      00000,11111,22222,33333,44444,55555,66666,77777,88888,99999

      00000,11111,22222,33333,44444,55555,66666,77777,88888,99999

      00000,11111,22222,33333,44444,55555,66666,77777,88888,99999

      00000,11111,22222,33333,44444,55555,66666,77777,88888,99999

      00000,11111,22222,33333,44444,55555,66666,77777,88888,99999

      00000,11111,22222,33333,44444,55555,66666,77777,88888,99999

      00000,11111,22222,33333,44444,55555,66666,77777,88888,99999

      00000,11111,22222,33333,44444,55555,66666,77777,88888,99999

      00000,11111,22222,33333,44444,55555,66666,77777,88888,99999

      00000,11111,22222,33333,44444,55555,66666,77777,88888,99999

      00000,11111,22222,33333,44444,55555,66666,77777,88888,99999

      00000,11111,22222,33333,44444,55555,66666,77777,88888,99999

      00000,11111,22222,33333,44444,55555,66666,77777,88888,99999

      00000,11111,22222,33333,44444,55555,66666,77777,88888,99999

      00000,11111,22222,33333,44444,55555,66666,77777,88888,99999

      00000,11111,22222,33333,44444,55555,66666,77777,88888,99999

      00000,11111,22222,33333,44444,55555,66666,77777,88888,99999

      00000,11111,22222,33333,44444,55555,66666,77777,88888,99999

      00000,11111,22222,33333,44444,55555,66666,77777,88888,99999

      00000,11111,22222,33333,44444,55555,66666,77777,88888,99999

      00000,11111,22222,33333,44444,55555,66666,77777,88888,99999

      00000,11111,22222,33333,44444,55555,66666,77777,88888,99999

      00000,11111,22222,33333,44444,55555,66666,77777,88888,99999

      00000,11111,22222,33333,44444,55555,66666,77777,88888,99999

      00000,11111,22222,33333,44444,55555,66666,77777,88888,99999

'
    headers:
      Accept: ['*/*']
      Accept-Encoding: ['gzip, deflate']
      Connection: [keep-alive]
      Content-Length: ['6000']
      User-Agent: [python-requests/2.11.1]
    method: POST
    uri: https://fakestore.azuredatalakestore.net/webhdfs/v1/azure_test_dir/remote.csv?OP=APPEND
  response:
    body: {string: ''}
    headers:
      Cache-Control: [no-cache]
      Content-Length: ['0']
      ContentLength: ['0']
      Date: ['Thu, 01 Sep 2016 17:12:23 GMT']
      Expires: ['-1']
      Location: ['https://fakestore.azuredatalakestore.net/webhdfs/v1/azure_test_dir/remote.csv?OP=APPEND&append=true']
      Pragma: [no-cache]
      Server-Perf: ['[d9585ce0-cb50-48bc-9a80-eee597ea50bc][ AuthTime::0::PostAuthTime::0
          ][APPEND :: 00:00:000 ms]%0a']
      Status: ['0x0']
      Strict-Transport-Security: [max-age=15724800; includeSubDomains]
      X-Content-Type-Options: [nosniff]
      x-ms-request-id: [d9585ce0-cb50-48bc-9a80-eee597ea50bc]
      x-ms-webhdfs-version: [16.07.07.01]
    status: {code: 307, message: Temporary Redirect}
- request:
    body: '00000,11111,22222,33333,44444,55555,66666,77777,88888,99999

      00000,11111,22222,33333,44444,55555,66666,77777,88888,99999

      00000,11111,22222,33333,44444,55555,66666,77777,88888,99999

      00000,11111,22222,33333,44444,55555,66666,77777,88888,99999

      00000,11111,22222,33333,44444,55555,66666,77777,88888,99999

      00000,11111,22222,33333,44444,55555,66666,77777,88888,99999

      00000,11111,22222,33333,44444,55555,66666,77777,88888,99999

      00000,11111,22222,33333,44444,55555,66666,77777,88888,99999

      00000,11111,22222,33333,44444,55555,66666,77777,88888,99999

      00000,11111,22222,33333,44444,55555,66666,77777,88888,99999

      00000,11111,22222,33333,44444,55555,66666,77777,88888,99999

      00000,11111,22222,33333,44444,55555,66666,77777,88888,99999

      00000,11111,22222,33333,44444,55555,66666,77777,88888,99999

      00000,11111,22222,33333,44444,55555,66666,77777,88888,99999

      00000,11111,22222,33333,44444,55555,66666,77777,88888,99999

      00000,11111,22222,33333,44444,55555,66666,77777,88888,99999

      00000,11111,22222,33333,44444,55555,66666,77777,88888,99999

      00000,11111,22222,33333,44444,55555,66666,77777,88888,99999

      00000,11111,22222,33333,44444,55555,66666,77777,88888,99999

      00000,11111,22222,33333,44444,55555,66666,77777,88888,99999

      00000,11111,22222,33333,44444,55555,66666,77777,88888,99999

      00000,11111,22222,33333,44444,55555,66666,77777,88888,99999

      00000,11111,22222,33333,44444,55555,66666,77777,88888,99999

      00000,11111,22222,33333,44444,55555,66666,77777,88888,99999

      00000,11111,22222,33333,44444,55555,66666,77777,88888,99999

      00000,11111,22222,33333,44444,55555,66666,77777,88888,99999

      00000,11111,22222,33333,44444,55555,66666,77777,88888,99999

      00000,11111,22222,33333,44444,55555,66666,77777,88888,99999

      00000,11111,22222,33333,44444,55555,66666,77777,88888,99999

      00000,11111,22222,33333,44444,55555,66666,77777,88888,99999

      00000,11111,22222,33333,44444,55555,66666,77777,88888,99999

      00000,11111,22222,33333,44444,55555,66666,77777,88888,99999

      00000,11111,22222,33333,44444,55555,66666,77777,88888,99999

      00000,11111,22222,33333,44444,55555,66666,77777,88888,99999

      00000,11111,22222,33333,44444,55555,66666,77777,88888,99999

      00000,11111,22222,33333,44444,55555,66666,77777,88888,99999

      00000,11111,22222,33333,44444,55555,66666,77777,88888,99999

      00000,11111,22222,33333,44444,55555,66666,77777,88888,99999

      00000,11111,22222,33333,44444,55555,66666,77777,88888,99999

      00000,11111,22222,33333,44444,55555,66666,77777,88888,99999

      00000,11111,22222,33333,44444,55555,66666,77777,88888,99999

      00000,11111,22222,33333,44444,55555,66666,77777,88888,99999

      00000,11111,22222,33333,44444,55555,66666,77777,88888,99999

      00000,11111,22222,33333,44444,55555,66666,77777,88888,99999

      00000,11111,22222,33333,44444,55555,66666,77777,88888,99999

      00000,11111,22222,33333,44444,55555,66666,77777,88888,99999

      00000,11111,22222,33333,44444,55555,66666,77777,88888,99999

      00000,11111,22222,33333,44444,55555,66666,77777,88888,99999

      00000,11111,22222,33333,44444,55555,66666,77777,88888,99999

      00000,11111,22222,33333,44444,55555,66666,77777,88888,99999

      00000,11111,22222,33333,44444,55555,66666,77777,88888,99999

      00000,11111,22222,33333,44444,55555,66666,77777,88888,99999

      00000,11111,22222,33333,44444,55555,66666,77777,88888,99999

      00000,11111,22222,33333,44444,55555,66666,77777,88888,99999

      00000,11111,22222,33333,44444,55555,66666,77777,88888,99999

      00000,11111,22222,33333,44444,55555,66666,77777,88888,99999

      00000,11111,22222,33333,44444,55555,66666,77777,88888,99999

      00000,11111,22222,33333,44444,55555,66666,77777,88888,99999

      00000,11111,22222,33333,44444,55555,66666,77777,88888,99999

      00000,11111,22222,33333,44444,55555,66666,77777,88888,99999

      00000,11111,22222,33333,44444,55555,66666,77777,88888,99999

      00000,11111,22222,33333,44444,55555,66666,77777,88888,99999

      00000,11111,22222,33333,44444,55555,66666,77777,88888,99999

      00000,11111,22222,33333,44444,55555,66666,77777,88888,99999

      00000,11111,22222,33333,44444,55555,66666,77777,88888,99999

      00000,11111,22222,33333,44444,55555,66666,77777,88888,99999

      00000,11111,22222,33333,44444,55555,66666,77777,88888,99999

      00000,11111,22222,33333,44444,55555,66666,77777,88888,99999

      00000,11111,22222,33333,44444,55555,66666,77777,88888,99999

      00000,11111,22222,33333,44444,55555,66666,77777,88888,99999

      00000,11111,22222,33333,44444,55555,66666,77777,88888,99999

      00000,11111,22222,33333,44444,55555,66666,77777,88888,99999

      00000,11111,22222,33333,44444,55555,66666,77777,88888,99999

      00000,11111,22222,33333,44444,55555,66666,77777,88888,99999

      00000,11111,22222,33333,44444,55555,66666,77777,88888,99999

      00000,11111,22222,33333,44444,55555,66666,77777,88888,99999

      00000,11111,22222,33333,44444,55555,66666,77777,88888,99999

      00000,11111,22222,33333,44444,55555,66666,77777,88888,99999

      00000,11111,22222,33333,44444,55555,66666,77777,88888,99999

      00000,11111,22222,33333,44444,55555,66666,77777,88888,99999

      00000,11111,22222,33333,44444,55555,66666,77777,88888,99999

      00000,11111,22222,33333,44444,55555,66666,77777,88888,99999

      00000,11111,22222,33333,44444,55555,66666,77777,88888,99999

      00000,11111,22222,33333,44444,55555,66666,77777,88888,99999

      00000,11111,22222,33333,44444,55555,66666,77777,88888,99999

      00000,11111,22222,33333,44444,55555,66666,77777,88888,99999

      00000,11111,22222,33333,44444,55555,66666,77777,88888,99999

      00000,11111,22222,33333,44444,55555,66666,77777,88888,99999

      00000,11111,22222,33333,44444,55555,66666,77777,88888,99999

      00000,11111,22222,33333,44444,55555,66666,77777,88888,99999

      00000,11111,22222,33333,44444,55555,66666,77777,88888,99999

      00000,11111,22222,33333,44444,55555,66666,77777,88888,99999

      00000,11111,22222,33333,44444,55555,66666,77777,88888,99999

      00000,11111,22222,33333,44444,55555,66666,77777,88888,99999

      00000,11111,22222,33333,44444,55555,66666,77777,88888,99999

      00000,11111,22222,33333,44444,55555,66666,77777,88888,99999

      00000,11111,22222,33333,44444,55555,66666,77777,88888,99999

      00000,11111,22222,33333,44444,55555,66666,77777,88888,99999

      00000,11111,22222,33333,44444,55555,66666,77777,88888,99999

      00000,11111,22222,33333,44444,55555,66666,77777,88888,99999

'
    headers:
      Accept: ['*/*']
      Accept-Encoding: ['gzip, deflate']
      Connection: [keep-alive]
      Content-Length: ['6000']
      User-Agent: [python-requests/2.11.1]
    method: POST
    uri: https://fakestore.azuredatalakestore.net/webhdfs/v1/azure_test_dir/remote.csv?OP=APPEND&append=true
  response:
    body: {string: ''}
    headers:
      Cache-Control: [no-cache]
      Content-Length: ['0']
      Date: ['Thu, 01 Sep 2016 17:12:23 GMT']
      Expires: ['-1']
      Pragma: [no-cache]
      Server-Perf: ['[19761c33-d768-4409-906e-4e481b6857a0][ AuthTime::0::PostAuthTime::0
          ][S-FsOpenStream :: 00:00:012 ms]%0a[S-FsGetStreamLength :: 00:00:029 ms]%0a[S-FsAppendStream
          :: 00:00:220 ms]%0a[BufferingTime :: 00:00:000 ms]%0a[WriteTime :: 00:00:221
          ms]%0a[S-FsAppendStream :: 00:00:032 ms]%0a[S-FsCloseHandle :: 00:00:004
          ms]%0a[APPEND :: 00:00:303 ms]%0a']
      Status: ['0x0']
      Strict-Transport-Security: [max-age=15724800; includeSubDomains]
      X-Content-Type-Options: [nosniff]
      x-ms-request-id: [19761c33-d768-4409-906e-4e481b6857a0]
      x-ms-webhdfs-version: [16.07.07.01]
    status: {code: 200, message: OK}
- request:
    body: null
    headers:
      Accept: ['*/*']
      Accept-Encoding: ['gzip, deflate']
      Connection: [keep-alive]
      User-Agent: [python-requests/2.11.1]
    method: GET
    uri: https://fakestore.azuredatalakestore.net/webhdfs/v1/azure_test_dir/remote.csv?OP=LISTSTATUS
  response:
    body: {string: '{"FileStatuses":{"FileStatus":[{"length":6000,"pathSuffix":"","type":"FILE","blockSize":268435456,"accessTime":1472749943174,"modificationTime":1472749943790,"replication":1,"permission":"770","owner":"49b2f9ec-818a-49ca-9424-249e1f19f7d7","group":"49b2f9ec-818a-49ca-9424-249e1f19f7d7"}]}}'}
    headers:
      Cache-Control: [no-cache]
      Content-Length: ['290']
      Content-Type: [application/json; charset=utf-8]
      Date: ['Thu, 01 Sep 2016 17:12:23 GMT']
      Expires: ['-1']
      Pragma: [no-cache]
      Server-Perf: ['[0ab699fb-0bbd-4084-b0ea-8dbeea04f552][ AuthTime::0::PostAuthTime::0
          ][S-HdfsListStatus :: 00:00:008 ms]%0a[LISTSTATUS :: 00:00:008 ms]%0a']
      Status: ['0x0']
      Strict-Transport-Security: [max-age=15724800; includeSubDomains]
      X-Content-Type-Options: [nosniff]
      x-ms-request-id: [0ab699fb-0bbd-4084-b0ea-8dbeea04f552]
      x-ms-webhdfs-version: [16.07.07.01]
    status: {code: 200, message: OK}
- request:
    body: null
    headers:
      Accept: ['*/*']
      Accept-Encoding: ['gzip, deflate']
      Connection: [keep-alive]
      User-Agent: [python-requests/2.11.1]
    method: GET
    uri: https://fakestore.azuredatalakestore.net/webhdfs/v1/azure_test_dir?OP=LISTSTATUS
  response:
    body: {string: '{"FileStatuses":{"FileStatus":[{"length":6000,"pathSuffix":"remote.csv","type":"FILE","blockSize":268435456,"accessTime":1472749943174,"modificationTime":1472749943790,"replication":1,"permission":"770","owner":"49b2f9ec-818a-49ca-9424-249e1f19f7d7","group":"49b2f9ec-818a-49ca-9424-249e1f19f7d7"}]}}'}
    headers:
      Cache-Control: [no-cache]
      Content-Length: ['300']
      Content-Type: [application/json; charset=utf-8]
      Date: ['Thu, 01 Sep 2016 17:12:24 GMT']
      Expires: ['-1']
      Pragma: [no-cache]
      Server-Perf: ['[d5cb5814-015d-4b24-88ab-b6c86cd6498d][ AuthTime::0::PostAuthTime::0
          ][S-HdfsListStatus :: 00:00:041 ms]%0a[LISTSTATUS :: 00:00:041 ms]%0a']
      Status: ['0x0']
      Strict-Transport-Security: [max-age=15724800; includeSubDomains]
      X-Content-Type-Options: [nosniff]
      x-ms-request-id: [d5cb5814-015d-4b24-88ab-b6c86cd6498d]
      x-ms-webhdfs-version: [16.07.07.01]
    status: {code: 200, message: OK}
- request:
    body: null
    headers:
      Accept: ['*/*']
      Accept-Encoding: ['gzip, deflate']
      Connection: [keep-alive]
      User-Agent: [python-requests/2.11.1]
    method: GET
    uri: https://fakestore.azuredatalakestore.net/webhdfs/v1/azure_test_dir/remote.csv?OP=OPEN&length=6000&offset=0
  response:
    body: {string: ''}
    headers:
      Cache-Control: [no-cache]
      Content-Length: ['0']
      ContentLength: ['0']
      Date: ['Thu, 01 Sep 2016 17:12:24 GMT']
      Expires: ['-1']
      Location: ['https://fakestore.azuredatalakestore.net/webhdfs/v1/azure_test_dir/remote.csv?OP=OPEN&length=6000&offset=0&read=true']
      Pragma: [no-cache]
      Server-Perf: ['[44a6927b-eb19-4f5c-8887-0ac0bf2d311d][ AuthTime::0::PostAuthTime::0
          ][OPEN :: 00:00:000 ms]%0a']
      Status: ['0x0']
      Strict-Transport-Security: [max-age=15724800; includeSubDomains]
      X-Content-Type-Options: [nosniff]
      x-ms-request-id: [44a6927b-eb19-4f5c-8887-0ac0bf2d311d]
      x-ms-webhdfs-version: [16.07.07.01]
    status: {code: 307, message: Temporary Redirect}
- request:
    body: null
    headers:
      Accept: ['*/*']
      Accept-Encoding: ['gzip, deflate']
      Connection: [keep-alive]
      User-Agent: [python-requests/2.11.1]
    method: GET
    uri: https://fakestore.azuredatalakestore.net/webhdfs/v1/azure_test_dir/remote.csv?OP=OPEN&length=6000&offset=0&read=true
  response:
    body: {string: '00000,11111,22222,33333,44444,55555,66666,77777,88888,99999

        00000,11111,22222,33333,44444,55555,66666,77777,88888,99999

        00000,11111,22222,33333,44444,55555,66666,77777,88888,99999

        00000,11111,22222,33333,44444,55555,66666,77777,88888,99999

        00000,11111,22222,33333,44444,55555,66666,77777,88888,99999

        00000,11111,22222,33333,44444,55555,66666,77777,88888,99999

        00000,11111,22222,33333,44444,55555,66666,77777,88888,99999

        00000,11111,22222,33333,44444,55555,66666,77777,88888,99999

        00000,11111,22222,33333,44444,55555,66666,77777,88888,99999

        00000,11111,22222,33333,44444,55555,66666,77777,88888,99999

        00000,11111,22222,33333,44444,55555,66666,77777,88888,99999

        00000,11111,22222,33333,44444,55555,66666,77777,88888,99999

        00000,11111,22222,33333,44444,55555,66666,77777,88888,99999

        00000,11111,22222,33333,44444,55555,66666,77777,88888,99999

        00000,11111,22222,33333,44444,55555,66666,77777,88888,99999

        00000,11111,22222,33333,44444,55555,66666,77777,88888,99999

        00000,11111,22222,33333,44444,55555,66666,77777,88888,99999

        00000,11111,22222,33333,44444,55555,66666,77777,88888,99999

        00000,11111,22222,33333,44444,55555,66666,77777,88888,99999

        00000,11111,22222,33333,44444,55555,66666,77777,88888,99999

        00000,11111,22222,33333,44444,55555,66666,77777,88888,99999

        00000,11111,22222,33333,44444,55555,66666,77777,88888,99999

        00000,11111,22222,33333,44444,55555,66666,77777,88888,99999

        00000,11111,22222,33333,44444,55555,66666,77777,88888,99999

        00000,11111,22222,33333,44444,55555,66666,77777,88888,99999

        00000,11111,22222,33333,44444,55555,66666,77777,88888,99999

        00000,11111,22222,33333,44444,55555,66666,77777,88888,99999

        00000,11111,22222,33333,44444,55555,66666,77777,88888,99999

        00000,11111,22222,33333,44444,55555,66666,77777,88888,99999

        00000,11111,22222,33333,44444,55555,66666,77777,88888,99999

        00000,11111,22222,33333,44444,55555,66666,77777,88888,99999

        00000,11111,22222,33333,44444,55555,66666,77777,88888,99999

        00000,11111,22222,33333,44444,55555,66666,77777,88888,99999

        00000,11111,22222,33333,44444,55555,66666,77777,88888,99999

        00000,11111,22222,33333,44444,55555,66666,77777,88888,99999

        00000,11111,22222,33333,44444,55555,66666,77777,88888,99999

        00000,11111,22222,33333,44444,55555,66666,77777,88888,99999

        00000,11111,22222,33333,44444,55555,66666,77777,88888,99999

        00000,11111,22222,33333,44444,55555,66666,77777,88888,99999

        00000,11111,22222,33333,44444,55555,66666,77777,88888,99999

        00000,11111,22222,33333,44444,55555,66666,77777,88888,99999

        00000,11111,22222,33333,44444,55555,66666,77777,88888,99999

        00000,11111,22222,33333,44444,55555,66666,77777,88888,99999

        00000,11111,22222,33333,44444,55555,66666,77777,88888,99999

        00000,11111,22222,33333,44444,55555,66666,77777,88888,99999

        00000,11111,22222,33333,44444,55555,66666,77777,88888,99999

        00000,11111,22222,33333,44444,55555,66666,77777,88888,99999

        00000,11111,22222,33333,44444,55555,66666,77777,88888,99999

        00000,11111,22222,33333,44444,55555,66666,77777,88888,99999

        00000,11111,22222,33333,44444,55555,66666,77777,88888,99999

        00000,11111,22222,33333,44444,55555,66666,77777,88888,99999

        00000,11111,22222,33333,44444,55555,66666,77777,88888,99999

        00000,11111,22222,33333,44444,55555,66666,77777,88888,99999

        00000,11111,22222,33333,44444,55555,66666,77777,88888,99999

        00000,11111,22222,33333,44444,55555,66666,77777,88888,99999

        00000,11111,22222,33333,44444,55555,66666,77777,88888,99999

        00000,11111,22222,33333,44444,55555,66666,77777,88888,99999

        00000,11111,22222,33333,44444,55555,66666,77777,88888,99999

        00000,11111,22222,33333,44444,55555,66666,77777,88888,99999

        00000,11111,22222,33333,44444,55555,66666,77777,88888,99999

        00000,11111,22222,33333,44444,55555,66666,77777,88888,99999

        00000,11111,22222,33333,44444,55555,66666,77777,88888,99999

        00000,11111,22222,33333,44444,55555,66666,77777,88888,99999

        00000,11111,22222,33333,44444,55555,66666,77777,88888,99999

        00000,11111,22222,33333,44444,55555,66666,77777,88888,99999

        00000,11111,22222,33333,44444,55555,66666,77777,88888,99999

        00000,11111,22222,33333,44444,55555,66666,77777,88888,99999

        00000,11111,22222,33333,44444,55555,66666,77777,88888,99999

        00000,11111,22222,33333,44444,55555,66666,77777,88888,99999

        00000,11111,22222,33333,44444,55555,66666,77777,88888,99999

        00000,11111,22222,33333,44444,55555,66666,77777,88888,99999

        00000,11111,22222,33333,44444,55555,66666,77777,88888,99999

        00000,11111,22222,33333,44444,55555,66666,77777,88888,99999

        00000,11111,22222,33333,44444,55555,66666,77777,88888,99999

        00000,11111,22222,33333,44444,55555,66666,77777,88888,99999

        00000,11111,22222,33333,44444,55555,66666,77777,88888,99999

        00000,11111,22222,33333,44444,55555,66666,77777,88888,99999

        00000,11111,22222,33333,44444,55555,66666,77777,88888,99999

        00000,11111,22222,33333,44444,55555,66666,77777,88888,99999

        00000,11111,22222,33333,44444,55555,66666,77777,88888,99999

        00000,11111,22222,33333,44444,55555,66666,77777,88888,99999

        00000,11111,22222,33333,44444,55555,66666,77777,88888,99999

        00000,11111,22222,33333,44444,55555,66666,77777,88888,99999

        00000,11111,22222,33333,44444,55555,66666,77777,88888,99999

        00000,11111,22222,33333,44444,55555,66666,77777,88888,99999

        00000,11111,22222,33333,44444,55555,66666,77777,88888,99999

        00000,11111,22222,33333,44444,55555,66666,77777,88888,99999

        00000,11111,22222,33333,44444,55555,66666,77777,88888,99999

        00000,11111,22222,33333,44444,55555,66666,77777,88888,99999

        00000,11111,22222,33333,44444,55555,66666,77777,88888,99999

        00000,11111,22222,33333,44444,55555,66666,77777,88888,99999

        00000,11111,22222,33333,44444,55555,66666,77777,88888,99999

        00000,11111,22222,33333,44444,55555,66666,77777,88888,99999

        00000,11111,22222,33333,44444,55555,66666,77777,88888,99999

        00000,11111,22222,33333,44444,55555,66666,77777,88888,99999

        00000,11111,22222,33333,44444,55555,66666,77777,88888,99999

        00000,11111,22222,33333,44444,55555,66666,77777,88888,99999

        00000,11111,22222,33333,44444,55555,66666,77777,88888,99999

        00000,11111,22222,33333,44444,55555,66666,77777,88888,99999

        00000,11111,22222,33333,44444,55555,66666,77777,88888,99999

'}
    headers:
      Cache-Control: [no-cache]
      Content-Type: [application/octet-stream]
      Date: ['Thu, 01 Sep 2016 17:12:24 GMT']
      Expires: ['-1']
      Pragma: [no-cache]
      Server-Perf: ['[324040ba-b378-4060-8bbe-7b5187e764c4][ AuthTime::0::PostAuthTime::0
          ][S-FsOpenStream :: 00:00:012 ms]%0a[S-FsReadStream :: 00:00:017 ms]%0a[OPEN
          :: 00:00:029 ms]%0a']
      Status: ['0x0']
      Strict-Transport-Security: [max-age=15724800; includeSubDomains]
      Transfer-Encoding: [chunked]
      X-Content-Type-Options: [nosniff]
      x-ms-request-id: [324040ba-b378-4060-8bbe-7b5187e764c4]
      x-ms-webhdfs-version: [16.07.07.01]
    status: {code: 200, message: OK}
- request:
    body: null
    headers:
      Accept: ['*/*']
      Accept-Encoding: ['gzip, deflate']
      Connection: [keep-alive]
      Content-Length: ['0']
      User-Agent: [python-requests/2.11.1]
    method: DELETE
    uri: https://fakestore.azuredatalakestore.net/webhdfs/v1/azure_test_dir/remote.csv?OP=DELETE&recursive=True
  response:
    body: {string: '{"boolean":true}'}
    headers:
      Cache-Control: [no-cache]
      Content-Length: ['16']
      Content-Type: [application/json; charset=utf-8]
      Date: ['Thu, 01 Sep 2016 17:12:25 GMT']
      Expires: ['-1']
      Pragma: [no-cache]
      Server-Perf: ['[df3942d7-f6cd-47fb-bc9b-f92a89e33275][ AuthTime::0::PostAuthTime::0
          ][S-FsDelete :: 00:00:056 ms]%0a[DELETE :: 00:00:059 ms]%0a']
      Status: ['0x0']
      Strict-Transport-Security: [max-age=15724800; includeSubDomains]
      X-Content-Type-Options: [nosniff]
      x-ms-request-id: [df3942d7-f6cd-47fb-bc9b-f92a89e33275]
      x-ms-webhdfs-version: [16.07.07.01]
    status: {code: 200, message: OK}
version: 1
