interactions:
- request:
    body: null
    headers:
      Accept: ['*/*']
      Accept-Encoding: ['gzip, deflate']
      Connection: [keep-alive]
      Content-Length: ['0']
      User-Agent: [python-requests/2.10.0]
    method: PUT
    uri: https://fakestore.azuredatalakestore.net/webhdfs/v1/azure_test_dir/?OP=MKDIRS
  response:
    body: {string: !!python/unicode '{"boolean":true}'}
    headers:
      cache-control: [no-cache]
      content-length: ['16']
      content-type: [application/json; charset=utf-8]
      date: ['Sun, 21 Aug 2016 08:53:50 GMT']
      expires: ['-1']
      pragma: [no-cache]
      server-perf: ['[8de4e14d-ddf8-4a83-bdc5-387a700d9386][ AuthTime::0::PostAuthTime::0
          ][S-HdfsMkdirs :: 00:00:004 ms]%0a[MKDIRS :: 00:00:007 ms]%0a']
      status: ['0x83090180']
      strict-transport-security: [max-age=15724800; includeSubDomains]
      x-content-type-options: [nosniff]
      x-ms-request-id: [8de4e14d-ddf8-4a83-bdc5-387a700d9386]
      x-ms-webhdfs-version: [16.07.07.01]
    status: {code: 200, message: OK}
- request:
    body: null
    headers:
      Accept: ['*/*']
      Accept-Encoding: ['gzip, deflate']
      Connection: [keep-alive]
      Content-Length: ['0']
      User-Agent: [python-requests/2.10.0]
    method: PUT
    uri: https://fakestore.azuredatalakestore.net/webhdfs/v1/azure_test_dir/x.csv?overwrite=True&OP=CREATE
  response:
    body: {string: !!python/unicode ''}
    headers:
      cache-control: [no-cache]
      content-length: ['0']
      contentlength: ['0']
      date: ['Sun, 21 Aug 2016 08:53:50 GMT']
      expires: ['-1']
      location: ['https://fakestore.azuredatalakestore.net/webhdfs/v1/azure_test_dir/x.csv?overwrite=True&OP=CREATE&write=true']
      pragma: [no-cache]
      server-perf: ['[cd24acf1-51b6-4b28-94e6-f9d466e70dc0][ AuthTime::0::PostAuthTime::0
          ][S-HdfsGetFileStatusV2 :: 00:00:006 ms]%0a[CREATE :: 00:00:007 ms]%0a']
      status: ['0x8309000A']
      strict-transport-security: [max-age=15724800; includeSubDomains]
      x-content-type-options: [nosniff]
      x-ms-request-id: [cd24acf1-51b6-4b28-94e6-f9d466e70dc0]
      x-ms-webhdfs-version: [16.07.07.01]
    status: {code: 307, message: Temporary Redirect}
- request:
    body: null
    headers:
      Accept: ['*/*']
      Accept-Encoding: ['gzip, deflate']
      Connection: [keep-alive]
      Content-Length: ['0']
      User-Agent: [python-requests/2.10.0]
    method: PUT
    uri: https://fakestore.azuredatalakestore.net/webhdfs/v1/azure_test_dir/x.csv?overwrite=True&OP=CREATE&write=true
  response:
    body: {string: !!python/unicode ''}
    headers:
      cache-control: [no-cache]
      content-length: ['0']
      contentlength: ['0']
      date: ['Sun, 21 Aug 2016 08:53:51 GMT']
      expires: ['-1']
      location: ['https://fakestore.azuredatalakestore.net/webhdfs/v1/azure_test_dir/x.csv?overwrite=True&OP=CREATE&write=true']
      pragma: [no-cache]
      server-perf: ['[6ba4cb66-0181-444e-8892-f4d89e85905c][ AuthTime::0::PostAuthTime::0
          ][S-HdfsGetFileStatusV2 :: 00:00:006 ms]%0a[S-HdfsCheckAccess :: 00:00:002
          ms]%0a[S-FsDelete :: 00:00:005 ms]%0a[S-FsOpenStream :: 00:00:063 ms]%0a[BufferingTime
          :: 00:00:000 ms]%0a[WriteTime :: 00:00:000 ms]%0a[S-FsCloseHandle :: 00:00:001
          ms]%0a[CREATE :: 00:00:082 ms]%0a']
      status: ['0x0']
      strict-transport-security: [max-age=15724800; includeSubDomains]
      x-content-type-options: [nosniff]
      x-ms-request-id: [6ba4cb66-0181-444e-8892-f4d89e85905c]
      x-ms-webhdfs-version: [16.07.07.01]
    status: {code: 201, message: Created}
- request:
    body: !!python/unicode 123456
    headers:
      Accept: ['*/*']
      Accept-Encoding: ['gzip, deflate']
      Connection: [keep-alive]
      Content-Length: ['6']
      User-Agent: [python-requests/2.10.0]
    method: POST
    uri: https://fakestore.azuredatalakestore.net/webhdfs/v1/azure_test_dir/x.csv?OP=APPEND
  response:
    body: {string: !!python/unicode ''}
    headers:
      cache-control: [no-cache]
      content-length: ['0']
      contentlength: ['0']
      date: ['Sun, 21 Aug 2016 08:53:51 GMT']
      expires: ['-1']
      location: ['https://fakestore.azuredatalakestore.net/webhdfs/v1/azure_test_dir/x.csv?OP=APPEND&append=true']
      pragma: [no-cache]
      server-perf: ['[a6e746db-d434-419f-9456-1b6997714470][ AuthTime::0::PostAuthTime::0
          ][APPEND :: 00:00:000 ms]%0a']
      status: ['0x0']
      strict-transport-security: [max-age=15724800; includeSubDomains]
      x-content-type-options: [nosniff]
      x-ms-request-id: [a6e746db-d434-419f-9456-1b6997714470]
      x-ms-webhdfs-version: [16.07.07.01]
    status: {code: 307, message: Temporary Redirect}
- request:
    body: !!python/unicode 123456
    headers:
      Accept: ['*/*']
      Accept-Encoding: ['gzip, deflate']
      Connection: [keep-alive]
      Content-Length: ['6']
      User-Agent: [python-requests/2.10.0]
    method: POST
    uri: https://fakestore.azuredatalakestore.net/webhdfs/v1/azure_test_dir/x.csv?OP=APPEND&append=true
  response:
    body: {string: !!python/unicode ''}
    headers:
      cache-control: [no-cache]
      content-length: ['0']
      date: ['Sun, 21 Aug 2016 08:53:51 GMT']
      expires: ['-1']
      pragma: [no-cache]
      server-perf: ['[36c8beb4-5c8c-44c8-ab77-2420849abcfa][ AuthTime::0::PostAuthTime::0
          ][S-FsOpenStream :: 00:00:010 ms]%0a[S-FsGetStreamLength :: 00:00:010 ms]%0a[S-FsAppendStream
          :: 00:00:114 ms]%0a[BufferingTime :: 00:00:000 ms]%0a[WriteTime :: 00:00:114
          ms]%0a[S-FsCloseHandle :: 00:00:001 ms]%0a[APPEND :: 00:00:137 ms]%0a']
      status: ['0x0']
      strict-transport-security: [max-age=15724800; includeSubDomains]
      x-content-type-options: [nosniff]
      x-ms-request-id: [36c8beb4-5c8c-44c8-ab77-2420849abcfa]
      x-ms-webhdfs-version: [16.07.07.01]
    status: {code: 200, message: OK}
- request:
    body: null
    headers:
      Accept: ['*/*']
      Accept-Encoding: ['gzip, deflate']
      Connection: [keep-alive]
      Content-Length: ['0']
      User-Agent: [python-requests/2.10.0]
    method: PUT
    uri: https://fakestore.azuredatalakestore.net/webhdfs/v1/azure_test_dir/y.csv?overwrite=True&OP=CREATE
  response:
    body: {string: !!python/unicode ''}
    headers:
      cache-control: [no-cache]
      content-length: ['0']
      contentlength: ['0']
      date: ['Sun, 21 Aug 2016 08:53:51 GMT']
      expires: ['-1']
      location: ['https://fakestore.azuredatalakestore.net/webhdfs/v1/azure_test_dir/y.csv?overwrite=True&OP=CREATE&write=true']
      pragma: [no-cache]
      server-perf: ['[ef3c0baf-9a30-4e00-a0c9-e5b18d7c857f][ AuthTime::0::PostAuthTime::0
          ][S-HdfsGetFileStatusV2 :: 00:00:006 ms]%0a[CREATE :: 00:00:006 ms]%0a']
      status: ['0x8309000A']
      strict-transport-security: [max-age=15724800; includeSubDomains]
      x-content-type-options: [nosniff]
      x-ms-request-id: [ef3c0baf-9a30-4e00-a0c9-e5b18d7c857f]
      x-ms-webhdfs-version: [16.07.07.01]
    status: {code: 307, message: Temporary Redirect}
- request:
    body: null
    headers:
      Accept: ['*/*']
      Accept-Encoding: ['gzip, deflate']
      Connection: [keep-alive]
      Content-Length: ['0']
      User-Agent: [python-requests/2.10.0]
    method: PUT
    uri: https://fakestore.azuredatalakestore.net/webhdfs/v1/azure_test_dir/y.csv?overwrite=True&OP=CREATE&write=true
  response:
    body: {string: !!python/unicode ''}
    headers:
      cache-control: [no-cache]
      content-length: ['0']
      contentlength: ['0']
      date: ['Sun, 21 Aug 2016 08:53:51 GMT']
      expires: ['-1']
      location: ['https://fakestore.azuredatalakestore.net/webhdfs/v1/azure_test_dir/y.csv?overwrite=True&OP=CREATE&write=true']
      pragma: [no-cache]
      server-perf: ['[473a0608-c8ed-4e9f-a045-952cdcecd9ef][ AuthTime::0::PostAuthTime::0
          ][S-HdfsGetFileStatusV2 :: 00:00:006 ms]%0a[S-HdfsCheckAccess :: 00:00:002
          ms]%0a[S-FsDelete :: 00:00:007 ms]%0a[S-FsOpenStream :: 00:00:041 ms]%0a[BufferingTime
          :: 00:00:000 ms]%0a[WriteTime :: 00:00:000 ms]%0a[S-FsCloseHandle :: 00:00:001
          ms]%0a[CREATE :: 00:00:060 ms]%0a']
      status: ['0x0']
      strict-transport-security: [max-age=15724800; includeSubDomains]
      x-content-type-options: [nosniff]
      x-ms-request-id: [473a0608-c8ed-4e9f-a045-952cdcecd9ef]
      x-ms-webhdfs-version: [16.07.07.01]
    status: {code: 201, message: Created}
- request:
    body: !!python/unicode 123456
    headers:
      Accept: ['*/*']
      Accept-Encoding: ['gzip, deflate']
      Connection: [keep-alive]
      Content-Length: ['6']
      User-Agent: [python-requests/2.10.0]
    method: POST
    uri: https://fakestore.azuredatalakestore.net/webhdfs/v1/azure_test_dir/y.csv?OP=APPEND
  response:
    body: {string: !!python/unicode ''}
    headers:
      cache-control: [no-cache]
      content-length: ['0']
      contentlength: ['0']
      date: ['Sun, 21 Aug 2016 08:53:51 GMT']
      expires: ['-1']
      location: ['https://fakestore.azuredatalakestore.net/webhdfs/v1/azure_test_dir/y.csv?OP=APPEND&append=true']
      pragma: [no-cache]
      server-perf: ['[63d33649-8654-4838-9682-8968c899a8cc][ AuthTime::0::PostAuthTime::0
          ][APPEND :: 00:00:000 ms]%0a']
      status: ['0x0']
      strict-transport-security: [max-age=15724800; includeSubDomains]
      x-content-type-options: [nosniff]
      x-ms-request-id: [63d33649-8654-4838-9682-8968c899a8cc]
      x-ms-webhdfs-version: [16.07.07.01]
    status: {code: 307, message: Temporary Redirect}
- request:
    body: !!python/unicode 123456
    headers:
      Accept: ['*/*']
      Accept-Encoding: ['gzip, deflate']
      Connection: [keep-alive]
      Content-Length: ['6']
      User-Agent: [python-requests/2.10.0]
    method: POST
    uri: https://fakestore.azuredatalakestore.net/webhdfs/v1/azure_test_dir/y.csv?OP=APPEND&append=true
  response:
    body: {string: !!python/unicode ''}
    headers:
      cache-control: [no-cache]
      content-length: ['0']
      date: ['Sun, 21 Aug 2016 08:53:51 GMT']
      expires: ['-1']
      pragma: [no-cache]
      server-perf: ['[cce2ac04-75e8-419e-ae11-f00ea26bc775][ AuthTime::0::PostAuthTime::0
          ][S-FsOpenStream :: 00:00:009 ms]%0a[S-FsGetStreamLength :: 00:00:009 ms]%0a[S-FsAppendStream
          :: 00:00:157 ms]%0a[BufferingTime :: 00:00:000 ms]%0a[WriteTime :: 00:00:157
          ms]%0a[S-FsCloseHandle :: 00:00:001 ms]%0a[APPEND :: 00:00:179 ms]%0a']
      status: ['0x0']
      strict-transport-security: [max-age=15724800; includeSubDomains]
      x-content-type-options: [nosniff]
      x-ms-request-id: [cce2ac04-75e8-419e-ae11-f00ea26bc775]
      x-ms-webhdfs-version: [16.07.07.01]
    status: {code: 200, message: OK}
- request:
    body: null
    headers:
      Accept: ['*/*']
      Accept-Encoding: ['gzip, deflate']
      Connection: [keep-alive]
      Content-Length: ['0']
      User-Agent: [python-requests/2.10.0]
    method: PUT
    uri: https://fakestore.azuredatalakestore.net/webhdfs/v1/azure_test_dir/z.txt?overwrite=True&OP=CREATE
  response:
    body: {string: !!python/unicode ''}
    headers:
      cache-control: [no-cache]
      content-length: ['0']
      contentlength: ['0']
      date: ['Sun, 21 Aug 2016 08:53:52 GMT']
      expires: ['-1']
      location: ['https://fakestore.azuredatalakestore.net/webhdfs/v1/azure_test_dir/z.txt?overwrite=True&OP=CREATE&write=true']
      pragma: [no-cache]
      server-perf: ['[f1b71301-6745-489e-b7ee-11e508e5227d][ AuthTime::0::PostAuthTime::0
          ][S-HdfsGetFileStatusV2 :: 00:00:006 ms]%0a[CREATE :: 00:00:006 ms]%0a']
      status: ['0x8309000A']
      strict-transport-security: [max-age=15724800; includeSubDomains]
      x-content-type-options: [nosniff]
      x-ms-request-id: [f1b71301-6745-489e-b7ee-11e508e5227d]
      x-ms-webhdfs-version: [16.07.07.01]
    status: {code: 307, message: Temporary Redirect}
- request:
    body: null
    headers:
      Accept: ['*/*']
      Accept-Encoding: ['gzip, deflate']
      Connection: [keep-alive]
      Content-Length: ['0']
      User-Agent: [python-requests/2.10.0]
    method: PUT
    uri: https://fakestore.azuredatalakestore.net/webhdfs/v1/azure_test_dir/z.txt?overwrite=True&OP=CREATE&write=true
  response:
    body: {string: !!python/unicode ''}
    headers:
      cache-control: [no-cache]
      content-length: ['0']
      contentlength: ['0']
      date: ['Sun, 21 Aug 2016 08:53:52 GMT']
      expires: ['-1']
      location: ['https://fakestore.azuredatalakestore.net/webhdfs/v1/azure_test_dir/z.txt?overwrite=True&OP=CREATE&write=true']
      pragma: [no-cache]
      server-perf: ['[f3a520de-0ced-4041-bc3d-8a2b7fdc7d18][ AuthTime::0::PostAuthTime::0
          ][S-HdfsGetFileStatusV2 :: 00:00:006 ms]%0a[S-HdfsCheckAccess :: 00:00:002
          ms]%0a[S-FsDelete :: 00:00:006 ms]%0a[S-FsOpenStream :: 00:00:055 ms]%0a[BufferingTime
          :: 00:00:000 ms]%0a[WriteTime :: 00:00:000 ms]%0a[S-FsCloseHandle :: 00:00:001
          ms]%0a[CREATE :: 00:00:073 ms]%0a']
      status: ['0x0']
      strict-transport-security: [max-age=15724800; includeSubDomains]
      x-content-type-options: [nosniff]
      x-ms-request-id: [f3a520de-0ced-4041-bc3d-8a2b7fdc7d18]
      x-ms-webhdfs-version: [16.07.07.01]
    status: {code: 201, message: Created}
- request:
    body: !!python/unicode 123456
    headers:
      Accept: ['*/*']
      Accept-Encoding: ['gzip, deflate']
      Connection: [keep-alive]
      Content-Length: ['6']
      User-Agent: [python-requests/2.10.0]
    method: POST
    uri: https://fakestore.azuredatalakestore.net/webhdfs/v1/azure_test_dir/z.txt?OP=APPEND
  response:
    body: {string: !!python/unicode ''}
    headers:
      cache-control: [no-cache]
      content-length: ['0']
      contentlength: ['0']
      date: ['Sun, 21 Aug 2016 08:53:52 GMT']
      expires: ['-1']
      location: ['https://fakestore.azuredatalakestore.net/webhdfs/v1/azure_test_dir/z.txt?OP=APPEND&append=true']
      pragma: [no-cache]
      server-perf: ['[cf7517d1-a9ec-4c1c-96d9-d92588ed1247][ AuthTime::0::PostAuthTime::0
          ][APPEND :: 00:00:000 ms]%0a']
      status: ['0x0']
      strict-transport-security: [max-age=15724800; includeSubDomains]
      x-content-type-options: [nosniff]
      x-ms-request-id: [cf7517d1-a9ec-4c1c-96d9-d92588ed1247]
      x-ms-webhdfs-version: [16.07.07.01]
    status: {code: 307, message: Temporary Redirect}
- request:
    body: !!python/unicode 123456
    headers:
      Accept: ['*/*']
      Accept-Encoding: ['gzip, deflate']
      Connection: [keep-alive]
      Content-Length: ['6']
      User-Agent: [python-requests/2.10.0]
    method: POST
    uri: https://fakestore.azuredatalakestore.net/webhdfs/v1/azure_test_dir/z.txt?OP=APPEND&append=true
  response:
    body: {string: !!python/unicode ''}
    headers:
      cache-control: [no-cache]
      content-length: ['0']
      date: ['Sun, 21 Aug 2016 08:53:52 GMT']
      expires: ['-1']
      pragma: [no-cache]
      server-perf: ['[942cdcef-04a9-43d1-81fb-165964a91fdc][ AuthTime::0::PostAuthTime::0
          ][S-FsOpenStream :: 00:00:010 ms]%0a[S-FsGetStreamLength :: 00:00:010 ms]%0a[S-FsAppendStream
          :: 00:00:158 ms]%0a[BufferingTime :: 00:00:000 ms]%0a[WriteTime :: 00:00:159
          ms]%0a[S-FsCloseHandle :: 00:00:001 ms]%0a[APPEND :: 00:00:182 ms]%0a']
      status: ['0x0']
      strict-transport-security: [max-age=15724800; includeSubDomains]
      x-content-type-options: [nosniff]
      x-ms-request-id: [942cdcef-04a9-43d1-81fb-165964a91fdc]
      x-ms-webhdfs-version: [16.07.07.01]
    status: {code: 200, message: OK}
- request:
    body: null
    headers:
      Accept: ['*/*']
      Accept-Encoding: ['gzip, deflate']
      Connection: [keep-alive]
      Content-Length: ['0']
      User-Agent: [python-requests/2.10.0]
    method: PUT
    uri: https://fakestore.azuredatalakestore.net/webhdfs/v1/azure_test_dir/data/a/?OP=MKDIRS
  response:
    body: {string: !!python/unicode '{"boolean":true}'}
    headers:
      cache-control: [no-cache]
      content-length: ['16']
      content-type: [application/json; charset=utf-8]
      date: ['Sun, 21 Aug 2016 08:53:53 GMT']
      expires: ['-1']
      pragma: [no-cache]
      server-perf: ['[102f24f2-df09-4837-bb5d-e31fed00f85b][ AuthTime::972.488081247659::PostAuthTime::255.737850741469
          ][S-HdfsMkdirs :: 00:00:012 ms]%0a[MKDIRS :: 00:00:012 ms]%0a']
      status: ['0x0']
      strict-transport-security: [max-age=15724800; includeSubDomains]
      x-content-type-options: [nosniff]
      x-ms-request-id: [102f24f2-df09-4837-bb5d-e31fed00f85b]
      x-ms-webhdfs-version: [16.07.07.01]
    status: {code: 200, message: OK}
- request:
    body: null
    headers:
      Accept: ['*/*']
      Accept-Encoding: ['gzip, deflate']
      Connection: [keep-alive]
      Content-Length: ['0']
      User-Agent: [python-requests/2.10.0]
    method: PUT
    uri: https://fakestore.azuredatalakestore.net/webhdfs/v1/azure_test_dir/data/a/x.csv?overwrite=True&OP=CREATE
  response:
    body: {string: !!python/unicode ''}
    headers:
      cache-control: [no-cache]
      content-length: ['0']
      contentlength: ['0']
      date: ['Sun, 21 Aug 2016 08:53:52 GMT']
      expires: ['-1']
      location: ['https://fakestore.azuredatalakestore.net/webhdfs/v1/azure_test_dir/data/a/x.csv?overwrite=True&OP=CREATE&write=true']
      pragma: [no-cache]
      server-perf: ['[2399527c-64af-43d1-bf68-57e5738b9c43][ AuthTime::0::PostAuthTime::0
          ][S-HdfsGetFileStatusV2 :: 00:00:007 ms]%0a[CREATE :: 00:00:007 ms]%0a']
      status: ['0x8309000A']
      strict-transport-security: [max-age=15724800; includeSubDomains]
      x-content-type-options: [nosniff]
      x-ms-request-id: [2399527c-64af-43d1-bf68-57e5738b9c43]
      x-ms-webhdfs-version: [16.07.07.01]
    status: {code: 307, message: Temporary Redirect}
- request:
    body: null
    headers:
      Accept: ['*/*']
      Accept-Encoding: ['gzip, deflate']
      Connection: [keep-alive]
      Content-Length: ['0']
      User-Agent: [python-requests/2.10.0]
    method: PUT
    uri: https://fakestore.azuredatalakestore.net/webhdfs/v1/azure_test_dir/data/a/x.csv?overwrite=True&OP=CREATE&write=true
  response:
    body: {string: !!python/unicode ''}
    headers:
      cache-control: [no-cache]
      content-length: ['0']
      contentlength: ['0']
      date: ['Sun, 21 Aug 2016 08:53:52 GMT']
      expires: ['-1']
      location: ['https://fakestore.azuredatalakestore.net/webhdfs/v1/azure_test_dir/data/a/x.csv?overwrite=True&OP=CREATE&write=true']
      pragma: [no-cache]
      server-perf: ['[74d31b34-a0b7-4dc7-bc8f-6fb24569d319][ AuthTime::0::PostAuthTime::0
          ][S-HdfsGetFileStatusV2 :: 00:00:006 ms]%0a[S-HdfsCheckAccess :: 00:00:002
          ms]%0a[S-FsDelete :: 00:00:005 ms]%0a[S-FsOpenStream :: 00:00:056 ms]%0a[BufferingTime
          :: 00:00:000 ms]%0a[WriteTime :: 00:00:000 ms]%0a[S-FsCloseHandle :: 00:00:001
          ms]%0a[CREATE :: 00:00:074 ms]%0a']
      status: ['0x0']
      strict-transport-security: [max-age=15724800; includeSubDomains]
      x-content-type-options: [nosniff]
      x-ms-request-id: [74d31b34-a0b7-4dc7-bc8f-6fb24569d319]
      x-ms-webhdfs-version: [16.07.07.01]
    status: {code: 201, message: Created}
- request:
    body: !!python/unicode 123456
    headers:
      Accept: ['*/*']
      Accept-Encoding: ['gzip, deflate']
      Connection: [keep-alive]
      Content-Length: ['6']
      User-Agent: [python-requests/2.10.0]
    method: POST
    uri: https://fakestore.azuredatalakestore.net/webhdfs/v1/azure_test_dir/data/a/x.csv?OP=APPEND
  response:
    body: {string: !!python/unicode ''}
    headers:
      cache-control: [no-cache]
      content-length: ['0']
      contentlength: ['0']
      date: ['Sun, 21 Aug 2016 08:53:54 GMT']
      expires: ['-1']
      location: ['https://fakestore.azuredatalakestore.net/webhdfs/v1/azure_test_dir/data/a/x.csv?OP=APPEND&append=true']
      pragma: [no-cache]
      server-perf: ['[064223c2-9809-4690-b4ba-8eba280553a1][ AuthTime::1005.4145271494::PostAuthTime::230.50549984412
          ][APPEND :: 00:00:000 ms]%0a']
      status: ['0x0']
      strict-transport-security: [max-age=15724800; includeSubDomains]
      x-content-type-options: [nosniff]
      x-ms-request-id: [064223c2-9809-4690-b4ba-8eba280553a1]
      x-ms-webhdfs-version: [16.07.07.01]
    status: {code: 307, message: Temporary Redirect}
- request:
    body: !!python/unicode 123456
    headers:
      Accept: ['*/*']
      Accept-Encoding: ['gzip, deflate']
      Connection: [keep-alive]
      Content-Length: ['6']
      User-Agent: [python-requests/2.10.0]
    method: POST
    uri: https://fakestore.azuredatalakestore.net/webhdfs/v1/azure_test_dir/data/a/x.csv?OP=APPEND&append=true
  response:
    body: {string: !!python/unicode ''}
    headers:
      cache-control: [no-cache]
      content-length: ['0']
      date: ['Sun, 21 Aug 2016 08:53:55 GMT']
      expires: ['-1']
      pragma: [no-cache]
      server-perf: ['[a249df24-d4ab-48e1-8417-6ca678dfd11e][ AuthTime::0::PostAuthTime::0
          ][S-FsOpenStream :: 00:00:010 ms]%0a[S-FsGetStreamLength :: 00:00:009 ms]%0a[S-FsAppendStream
          :: 00:00:148 ms]%0a[BufferingTime :: 00:00:000 ms]%0a[WriteTime :: 00:00:148
          ms]%0a[S-FsCloseHandle :: 00:00:001 ms]%0a[APPEND :: 00:00:171 ms]%0a']
      status: ['0x0']
      strict-transport-security: [max-age=15724800; includeSubDomains]
      x-content-type-options: [nosniff]
      x-ms-request-id: [a249df24-d4ab-48e1-8417-6ca678dfd11e]
      x-ms-webhdfs-version: [16.07.07.01]
    status: {code: 200, message: OK}
- request:
    body: null
    headers:
      Accept: ['*/*']
      Accept-Encoding: ['gzip, deflate']
      Connection: [keep-alive]
      Content-Length: ['0']
      User-Agent: [python-requests/2.10.0]
    method: PUT
    uri: https://fakestore.azuredatalakestore.net/webhdfs/v1/azure_test_dir/data/a/y.csv?overwrite=True&OP=CREATE
  response:
    body: {string: !!python/unicode ''}
    headers:
      cache-control: [no-cache]
      content-length: ['0']
      contentlength: ['0']
      date: ['Sun, 21 Aug 2016 08:53:55 GMT']
      expires: ['-1']
      location: ['https://fakestore.azuredatalakestore.net/webhdfs/v1/azure_test_dir/data/a/y.csv?overwrite=True&OP=CREATE&write=true']
      pragma: [no-cache]
      server-perf: ['[323cf2c1-2839-4302-a2a4-465234e8f1d6][ AuthTime::0::PostAuthTime::0
          ][S-HdfsGetFileStatusV2 :: 00:00:005 ms]%0a[CREATE :: 00:00:006 ms]%0a']
      status: ['0x8309000A']
      strict-transport-security: [max-age=15724800; includeSubDomains]
      x-content-type-options: [nosniff]
      x-ms-request-id: [323cf2c1-2839-4302-a2a4-465234e8f1d6]
      x-ms-webhdfs-version: [16.07.07.01]
    status: {code: 307, message: Temporary Redirect}
- request:
    body: null
    headers:
      Accept: ['*/*']
      Accept-Encoding: ['gzip, deflate']
      Connection: [keep-alive]
      Content-Length: ['0']
      User-Agent: [python-requests/2.10.0]
    method: PUT
    uri: https://fakestore.azuredatalakestore.net/webhdfs/v1/azure_test_dir/data/a/y.csv?overwrite=True&OP=CREATE&write=true
  response:
    body: {string: !!python/unicode ''}
    headers:
      cache-control: [no-cache]
      content-length: ['0']
      contentlength: ['0']
      date: ['Sun, 21 Aug 2016 08:53:55 GMT']
      expires: ['-1']
      location: ['https://fakestore.azuredatalakestore.net/webhdfs/v1/azure_test_dir/data/a/y.csv?overwrite=True&OP=CREATE&write=true']
      pragma: [no-cache]
      server-perf: ['[42910dc0-6f5d-47a5-957c-a0e6b45bbf09][ AuthTime::0::PostAuthTime::0
          ][S-HdfsGetFileStatusV2 :: 00:00:006 ms]%0a[S-HdfsCheckAccess :: 00:00:002
          ms]%0a[S-FsDelete :: 00:00:005 ms]%0a[S-FsOpenStream :: 00:00:033 ms]%0a[BufferingTime
          :: 00:00:000 ms]%0a[WriteTime :: 00:00:000 ms]%0a[S-FsCloseHandle :: 00:00:001
          ms]%0a[CREATE :: 00:00:051 ms]%0a']
      status: ['0x0']
      strict-transport-security: [max-age=15724800; includeSubDomains]
      x-content-type-options: [nosniff]
      x-ms-request-id: [42910dc0-6f5d-47a5-957c-a0e6b45bbf09]
      x-ms-webhdfs-version: [16.07.07.01]
    status: {code: 201, message: Created}
- request:
    body: !!python/unicode 123456
    headers:
      Accept: ['*/*']
      Accept-Encoding: ['gzip, deflate']
      Connection: [keep-alive]
      Content-Length: ['6']
      User-Agent: [python-requests/2.10.0]
    method: POST
    uri: https://fakestore.azuredatalakestore.net/webhdfs/v1/azure_test_dir/data/a/y.csv?OP=APPEND
  response:
    body: {string: !!python/unicode ''}
    headers:
      cache-control: [no-cache]
      content-length: ['0']
      contentlength: ['0']
      date: ['Sun, 21 Aug 2016 08:53:55 GMT']
      expires: ['-1']
      location: ['https://fakestore.azuredatalakestore.net/webhdfs/v1/azure_test_dir/data/a/y.csv?OP=APPEND&append=true']
      pragma: [no-cache]
      server-perf: ['[28dd8db7-3c02-4c92-b9d3-7c12be2e821c][ AuthTime::0::PostAuthTime::0
          ][APPEND :: 00:00:000 ms]%0a']
      status: ['0x0']
      strict-transport-security: [max-age=15724800; includeSubDomains]
      x-content-type-options: [nosniff]
      x-ms-request-id: [28dd8db7-3c02-4c92-b9d3-7c12be2e821c]
      x-ms-webhdfs-version: [16.07.07.01]
    status: {code: 307, message: Temporary Redirect}
- request:
    body: !!python/unicode 123456
    headers:
      Accept: ['*/*']
      Accept-Encoding: ['gzip, deflate']
      Connection: [keep-alive]
      Content-Length: ['6']
      User-Agent: [python-requests/2.10.0]
    method: POST
    uri: https://fakestore.azuredatalakestore.net/webhdfs/v1/azure_test_dir/data/a/y.csv?OP=APPEND&append=true
  response:
    body: {string: !!python/unicode ''}
    headers:
      cache-control: [no-cache]
      content-length: ['0']
      date: ['Sun, 21 Aug 2016 08:53:56 GMT']
      expires: ['-1']
      pragma: [no-cache]
      server-perf: ['[95db0a64-8190-43cb-b3a2-faa91298048b][ AuthTime::0::PostAuthTime::0
          ][S-FsOpenStream :: 00:00:010 ms]%0a[S-FsGetStreamLength :: 00:00:010 ms]%0a[S-FsAppendStream
          :: 00:00:228 ms]%0a[BufferingTime :: 00:00:000 ms]%0a[WriteTime :: 00:00:228
          ms]%0a[S-FsCloseHandle :: 00:00:001 ms]%0a[APPEND :: 00:00:251 ms]%0a']
      status: ['0x0']
      strict-transport-security: [max-age=15724800; includeSubDomains]
      x-content-type-options: [nosniff]
      x-ms-request-id: [95db0a64-8190-43cb-b3a2-faa91298048b]
      x-ms-webhdfs-version: [16.07.07.01]
    status: {code: 200, message: OK}
- request:
    body: null
    headers:
      Accept: ['*/*']
      Accept-Encoding: ['gzip, deflate']
      Connection: [keep-alive]
      Content-Length: ['0']
      User-Agent: [python-requests/2.10.0]
    method: PUT
    uri: https://fakestore.azuredatalakestore.net/webhdfs/v1/azure_test_dir/data/a/z.txt?overwrite=True&OP=CREATE
  response:
    body: {string: !!python/unicode ''}
    headers:
      cache-control: [no-cache]
      content-length: ['0']
      contentlength: ['0']
      date: ['Sun, 21 Aug 2016 08:53:56 GMT']
      expires: ['-1']
      location: ['https://fakestore.azuredatalakestore.net/webhdfs/v1/azure_test_dir/data/a/z.txt?overwrite=True&OP=CREATE&write=true']
      pragma: [no-cache]
      server-perf: ['[2453de16-789c-48dc-80b8-b7acba0da80d][ AuthTime::0::PostAuthTime::0
          ][S-HdfsGetFileStatusV2 :: 00:00:006 ms]%0a[CREATE :: 00:00:007 ms]%0a']
      status: ['0x8309000A']
      strict-transport-security: [max-age=15724800; includeSubDomains]
      x-content-type-options: [nosniff]
      x-ms-request-id: [2453de16-789c-48dc-80b8-b7acba0da80d]
      x-ms-webhdfs-version: [16.07.07.01]
    status: {code: 307, message: Temporary Redirect}
- request:
    body: null
    headers:
      Accept: ['*/*']
      Accept-Encoding: ['gzip, deflate']
      Connection: [keep-alive]
      Content-Length: ['0']
      User-Agent: [python-requests/2.10.0]
    method: PUT
    uri: https://fakestore.azuredatalakestore.net/webhdfs/v1/azure_test_dir/data/a/z.txt?overwrite=True&OP=CREATE&write=true
  response:
    body: {string: !!python/unicode ''}
    headers:
      cache-control: [no-cache]
      content-length: ['0']
      contentlength: ['0']
      date: ['Sun, 21 Aug 2016 08:53:56 GMT']
      expires: ['-1']
      location: ['https://fakestore.azuredatalakestore.net/webhdfs/v1/azure_test_dir/data/a/z.txt?overwrite=True&OP=CREATE&write=true']
      pragma: [no-cache]
      server-perf: ['[1fcc1bed-cd20-478c-b218-38b6b3b49162][ AuthTime::0::PostAuthTime::0
          ][S-HdfsGetFileStatusV2 :: 00:00:005 ms]%0a[S-HdfsCheckAccess :: 00:00:003
          ms]%0a[S-FsDelete :: 00:00:005 ms]%0a[S-FsOpenStream :: 00:00:060 ms]%0a[BufferingTime
          :: 00:00:000 ms]%0a[WriteTime :: 00:00:000 ms]%0a[S-FsCloseHandle :: 00:00:001
          ms]%0a[CREATE :: 00:00:078 ms]%0a']
      status: ['0x0']
      strict-transport-security: [max-age=15724800; includeSubDomains]
      x-content-type-options: [nosniff]
      x-ms-request-id: [1fcc1bed-cd20-478c-b218-38b6b3b49162]
      x-ms-webhdfs-version: [16.07.07.01]
    status: {code: 201, message: Created}
- request:
    body: !!python/unicode 123456
    headers:
      Accept: ['*/*']
      Accept-Encoding: ['gzip, deflate']
      Connection: [keep-alive]
      Content-Length: ['6']
      User-Agent: [python-requests/2.10.0]
    method: POST
    uri: https://fakestore.azuredatalakestore.net/webhdfs/v1/azure_test_dir/data/a/z.txt?OP=APPEND
  response:
    body: {string: !!python/unicode ''}
    headers:
      cache-control: [no-cache]
      content-length: ['0']
      contentlength: ['0']
      date: ['Sun, 21 Aug 2016 08:53:57 GMT']
      expires: ['-1']
      location: ['https://fakestore.azuredatalakestore.net/webhdfs/v1/azure_test_dir/data/a/z.txt?OP=APPEND&append=true']
      pragma: [no-cache]
      server-perf: ['[43b6b8d7-5927-4903-9048-2fb458b8768b][ AuthTime::0::PostAuthTime::0
          ][APPEND :: 00:00:000 ms]%0a']
      status: ['0x0']
      strict-transport-security: [max-age=15724800; includeSubDomains]
      x-content-type-options: [nosniff]
      x-ms-request-id: [43b6b8d7-5927-4903-9048-2fb458b8768b]
      x-ms-webhdfs-version: [16.07.07.01]
    status: {code: 307, message: Temporary Redirect}
- request:
    body: !!python/unicode 123456
    headers:
      Accept: ['*/*']
      Accept-Encoding: ['gzip, deflate']
      Connection: [keep-alive]
      Content-Length: ['6']
      User-Agent: [python-requests/2.10.0]
    method: POST
    uri: https://fakestore.azuredatalakestore.net/webhdfs/v1/azure_test_dir/data/a/z.txt?OP=APPEND&append=true
  response:
    body: {string: !!python/unicode ''}
    headers:
      cache-control: [no-cache]
      content-length: ['0']
      date: ['Sun, 21 Aug 2016 08:53:57 GMT']
      expires: ['-1']
      pragma: [no-cache]
      server-perf: ['[f4e23b83-0eba-4068-9e76-370c922eeb75][ AuthTime::0::PostAuthTime::0
          ][S-FsOpenStream :: 00:00:010 ms]%0a[S-FsGetStreamLength :: 00:00:010 ms]%0a[S-FsAppendStream
          :: 00:00:122 ms]%0a[BufferingTime :: 00:00:000 ms]%0a[WriteTime :: 00:00:122
          ms]%0a[S-FsCloseHandle :: 00:00:001 ms]%0a[APPEND :: 00:00:146 ms]%0a']
      status: ['0x0']
      strict-transport-security: [max-age=15724800; includeSubDomains]
      x-content-type-options: [nosniff]
      x-ms-request-id: [f4e23b83-0eba-4068-9e76-370c922eeb75]
      x-ms-webhdfs-version: [16.07.07.01]
    status: {code: 200, message: OK}
- request:
    body: null
    headers:
      Accept: ['*/*']
      Accept-Encoding: ['gzip, deflate']
      Connection: [keep-alive]
      Content-Length: ['0']
      User-Agent: [python-requests/2.10.0]
    method: PUT
    uri: https://fakestore.azuredatalakestore.net/webhdfs/v1/azure_test_dir/data/b/?OP=MKDIRS
  response:
    body: {string: !!python/unicode '{"boolean":true}'}
    headers:
      cache-control: [no-cache]
      content-length: ['16']
      content-type: [application/json; charset=utf-8]
      date: ['Sun, 21 Aug 2016 08:53:56 GMT']
      expires: ['-1']
      pragma: [no-cache]
      server-perf: ['[402fe728-5296-46e7-903d-1bbf7072182c][ AuthTime::0::PostAuthTime::0
          ][S-HdfsMkdirs :: 00:00:013 ms]%0a[MKDIRS :: 00:00:013 ms]%0a']
      status: ['0x0']
      strict-transport-security: [max-age=15724800; includeSubDomains]
      x-content-type-options: [nosniff]
      x-ms-request-id: [402fe728-5296-46e7-903d-1bbf7072182c]
      x-ms-webhdfs-version: [16.07.07.01]
    status: {code: 200, message: OK}
- request:
    body: null
    headers:
      Accept: ['*/*']
      Accept-Encoding: ['gzip, deflate']
      Connection: [keep-alive]
      Content-Length: ['0']
      User-Agent: [python-requests/2.10.0]
    method: PUT
    uri: https://fakestore.azuredatalakestore.net/webhdfs/v1/azure_test_dir/data/b/x.csv?overwrite=True&OP=CREATE
  response:
    body: {string: !!python/unicode ''}
    headers:
      cache-control: [no-cache]
      content-length: ['0']
      contentlength: ['0']
      date: ['Sun, 21 Aug 2016 08:53:57 GMT']
      expires: ['-1']
      location: ['https://fakestore.azuredatalakestore.net/webhdfs/v1/azure_test_dir/data/b/x.csv?overwrite=True&OP=CREATE&write=true']
      pragma: [no-cache]
      server-perf: ['[9ee9847b-f482-4852-83be-9c34f3f2be73][ AuthTime::0::PostAuthTime::0
          ][S-HdfsGetFileStatusV2 :: 00:00:006 ms]%0a[CREATE :: 00:00:007 ms]%0a']
      status: ['0x8309000A']
      strict-transport-security: [max-age=15724800; includeSubDomains]
      x-content-type-options: [nosniff]
      x-ms-request-id: [9ee9847b-f482-4852-83be-9c34f3f2be73]
      x-ms-webhdfs-version: [16.07.07.01]
    status: {code: 307, message: Temporary Redirect}
- request:
    body: null
    headers:
      Accept: ['*/*']
      Accept-Encoding: ['gzip, deflate']
      Connection: [keep-alive]
      Content-Length: ['0']
      User-Agent: [python-requests/2.10.0]
    method: PUT
    uri: https://fakestore.azuredatalakestore.net/webhdfs/v1/azure_test_dir/data/b/x.csv?overwrite=True&OP=CREATE&write=true
  response:
    body: {string: !!python/unicode ''}
    headers:
      cache-control: [no-cache]
      content-length: ['0']
      contentlength: ['0']
      date: ['Sun, 21 Aug 2016 08:53:57 GMT']
      expires: ['-1']
      location: ['https://fakestore.azuredatalakestore.net/webhdfs/v1/azure_test_dir/data/b/x.csv?overwrite=True&OP=CREATE&write=true']
      pragma: [no-cache]
      server-perf: ['[9d91cf07-492b-4a61-bfe6-0566afd8a908][ AuthTime::0::PostAuthTime::0
          ][S-HdfsGetFileStatusV2 :: 00:00:006 ms]%0a[S-HdfsCheckAccess :: 00:00:002
          ms]%0a[S-FsDelete :: 00:00:005 ms]%0a[S-FsOpenStream :: 00:00:042 ms]%0a[BufferingTime
          :: 00:00:000 ms]%0a[WriteTime :: 00:00:000 ms]%0a[S-FsCloseHandle :: 00:00:001
          ms]%0a[CREATE :: 00:00:060 ms]%0a']
      status: ['0x0']
      strict-transport-security: [max-age=15724800; includeSubDomains]
      x-content-type-options: [nosniff]
      x-ms-request-id: [9d91cf07-492b-4a61-bfe6-0566afd8a908]
      x-ms-webhdfs-version: [16.07.07.01]
    status: {code: 201, message: Created}
- request:
    body: !!python/unicode 123456
    headers:
      Accept: ['*/*']
      Accept-Encoding: ['gzip, deflate']
      Connection: [keep-alive]
      Content-Length: ['6']
      User-Agent: [python-requests/2.10.0]
    method: POST
    uri: https://fakestore.azuredatalakestore.net/webhdfs/v1/azure_test_dir/data/b/x.csv?OP=APPEND
  response:
    body: {string: !!python/unicode ''}
    headers:
      cache-control: [no-cache]
      content-length: ['0']
      contentlength: ['0']
      date: ['Sun, 21 Aug 2016 08:53:57 GMT']
      expires: ['-1']
      location: ['https://fakestore.azuredatalakestore.net/webhdfs/v1/azure_test_dir/data/b/x.csv?OP=APPEND&append=true']
      pragma: [no-cache]
      server-perf: ['[114bdfaa-123a-4e50-9052-d5546c75a1b7][ AuthTime::0::PostAuthTime::0
          ][APPEND :: 00:00:000 ms]%0a']
      status: ['0x0']
      strict-transport-security: [max-age=15724800; includeSubDomains]
      x-content-type-options: [nosniff]
      x-ms-request-id: [114bdfaa-123a-4e50-9052-d5546c75a1b7]
      x-ms-webhdfs-version: [16.07.07.01]
    status: {code: 307, message: Temporary Redirect}
- request:
    body: !!python/unicode 123456
    headers:
      Accept: ['*/*']
      Accept-Encoding: ['gzip, deflate']
      Connection: [keep-alive]
      Content-Length: ['6']
      User-Agent: [python-requests/2.10.0]
    method: POST
    uri: https://fakestore.azuredatalakestore.net/webhdfs/v1/azure_test_dir/data/b/x.csv?OP=APPEND&append=true
  response:
    body: {string: !!python/unicode ''}
    headers:
      cache-control: [no-cache]
      content-length: ['0']
      date: ['Sun, 21 Aug 2016 08:53:58 GMT']
      expires: ['-1']
      pragma: [no-cache]
      server-perf: ['[50fce030-1dda-44cb-a7cf-d0318d92f1bb][ AuthTime::0::PostAuthTime::0
          ][S-FsOpenStream :: 00:00:009 ms]%0a[S-FsGetStreamLength :: 00:00:010 ms]%0a[S-FsAppendStream
          :: 00:00:145 ms]%0a[BufferingTime :: 00:00:000 ms]%0a[WriteTime :: 00:00:145
          ms]%0a[S-FsCloseHandle :: 00:00:001 ms]%0a[APPEND :: 00:00:168 ms]%0a']
      status: ['0x0']
      strict-transport-security: [max-age=15724800; includeSubDomains]
      x-content-type-options: [nosniff]
      x-ms-request-id: [50fce030-1dda-44cb-a7cf-d0318d92f1bb]
      x-ms-webhdfs-version: [16.07.07.01]
    status: {code: 200, message: OK}
- request:
    body: null
    headers:
      Accept: ['*/*']
      Accept-Encoding: ['gzip, deflate']
      Connection: [keep-alive]
      Content-Length: ['0']
      User-Agent: [python-requests/2.10.0]
    method: PUT
    uri: https://fakestore.azuredatalakestore.net/webhdfs/v1/azure_test_dir/data/b/y.csv?overwrite=True&OP=CREATE
  response:
    body: {string: !!python/unicode ''}
    headers:
      cache-control: [no-cache]
      content-length: ['0']
      contentlength: ['0']
      date: ['Sun, 21 Aug 2016 08:53:58 GMT']
      expires: ['-1']
      location: ['https://fakestore.azuredatalakestore.net/webhdfs/v1/azure_test_dir/data/b/y.csv?overwrite=True&OP=CREATE&write=true']
      pragma: [no-cache]
      server-perf: ['[7c9b1cce-0cc2-4b58-9983-8e6212356138][ AuthTime::0::PostAuthTime::0
          ][S-HdfsGetFileStatusV2 :: 00:00:005 ms]%0a[CREATE :: 00:00:006 ms]%0a']
      status: ['0x8309000A']
      strict-transport-security: [max-age=15724800; includeSubDomains]
      x-content-type-options: [nosniff]
      x-ms-request-id: [7c9b1cce-0cc2-4b58-9983-8e6212356138]
      x-ms-webhdfs-version: [16.07.07.01]
    status: {code: 307, message: Temporary Redirect}
- request:
    body: null
    headers:
      Accept: ['*/*']
      Accept-Encoding: ['gzip, deflate']
      Connection: [keep-alive]
      Content-Length: ['0']
      User-Agent: [python-requests/2.10.0]
    method: PUT
    uri: https://fakestore.azuredatalakestore.net/webhdfs/v1/azure_test_dir/data/b/y.csv?overwrite=True&OP=CREATE&write=true
  response:
    body: {string: !!python/unicode ''}
    headers:
      cache-control: [no-cache]
      content-length: ['0']
      contentlength: ['0']
      date: ['Sun, 21 Aug 2016 08:53:58 GMT']
      expires: ['-1']
      location: ['https://fakestore.azuredatalakestore.net/webhdfs/v1/azure_test_dir/data/b/y.csv?overwrite=True&OP=CREATE&write=true']
      pragma: [no-cache]
      server-perf: ['[634aff6b-10ec-490a-be66-98d8f7e8d0a4][ AuthTime::0::PostAuthTime::0
          ][S-HdfsGetFileStatusV2 :: 00:00:006 ms]%0a[S-HdfsCheckAccess :: 00:00:002
          ms]%0a[S-FsDelete :: 00:00:006 ms]%0a[S-FsOpenStream :: 00:00:024 ms]%0a[BufferingTime
          :: 00:00:000 ms]%0a[WriteTime :: 00:00:000 ms]%0a[S-FsCloseHandle :: 00:00:001
          ms]%0a[CREATE :: 00:00:042 ms]%0a']
      status: ['0x0']
      strict-transport-security: [max-age=15724800; includeSubDomains]
      x-content-type-options: [nosniff]
      x-ms-request-id: [634aff6b-10ec-490a-be66-98d8f7e8d0a4]
      x-ms-webhdfs-version: [16.07.07.01]
    status: {code: 201, message: Created}
- request:
    body: !!python/unicode 123456
    headers:
      Accept: ['*/*']
      Accept-Encoding: ['gzip, deflate']
      Connection: [keep-alive]
      Content-Length: ['6']
      User-Agent: [python-requests/2.10.0]
    method: POST
    uri: https://fakestore.azuredatalakestore.net/webhdfs/v1/azure_test_dir/data/b/y.csv?OP=APPEND
  response:
    body: {string: !!python/unicode ''}
    headers:
      cache-control: [no-cache]
      content-length: ['0']
      contentlength: ['0']
      date: ['Sun, 21 Aug 2016 08:53:57 GMT']
      expires: ['-1']
      location: ['https://fakestore.azuredatalakestore.net/webhdfs/v1/azure_test_dir/data/b/y.csv?OP=APPEND&append=true']
      pragma: [no-cache]
      server-perf: ['[d2b97189-11e7-4641-a936-baa70ae772bd][ AuthTime::0::PostAuthTime::0
          ][APPEND :: 00:00:000 ms]%0a']
      status: ['0x0']
      strict-transport-security: [max-age=15724800; includeSubDomains]
      x-content-type-options: [nosniff]
      x-ms-request-id: [d2b97189-11e7-4641-a936-baa70ae772bd]
      x-ms-webhdfs-version: [16.07.07.01]
    status: {code: 307, message: Temporary Redirect}
- request:
    body: !!python/unicode 123456
    headers:
      Accept: ['*/*']
      Accept-Encoding: ['gzip, deflate']
      Connection: [keep-alive]
      Content-Length: ['6']
      User-Agent: [python-requests/2.10.0]
    method: POST
    uri: https://fakestore.azuredatalakestore.net/webhdfs/v1/azure_test_dir/data/b/y.csv?OP=APPEND&append=true
  response:
    body: {string: !!python/unicode ''}
    headers:
      cache-control: [no-cache]
      content-length: ['0']
      date: ['Sun, 21 Aug 2016 08:53:59 GMT']
      expires: ['-1']
      pragma: [no-cache]
      server-perf: ['[e991d6d4-43c8-4294-a6c8-49878268ee61][ AuthTime::0::PostAuthTime::0
          ][S-FsOpenStream :: 00:00:011 ms]%0a[S-FsGetStreamLength :: 00:00:009 ms]%0a[S-FsAppendStream
          :: 00:00:120 ms]%0a[BufferingTime :: 00:00:000 ms]%0a[WriteTime :: 00:00:120
          ms]%0a[S-FsCloseHandle :: 00:00:001 ms]%0a[APPEND :: 00:00:144 ms]%0a']
      status: ['0x0']
      strict-transport-security: [max-age=15724800; includeSubDomains]
      x-content-type-options: [nosniff]
      x-ms-request-id: [e991d6d4-43c8-4294-a6c8-49878268ee61]
      x-ms-webhdfs-version: [16.07.07.01]
    status: {code: 200, message: OK}
- request:
    body: null
    headers:
      Accept: ['*/*']
      Accept-Encoding: ['gzip, deflate']
      Connection: [keep-alive]
      Content-Length: ['0']
      User-Agent: [python-requests/2.10.0]
    method: PUT
    uri: https://fakestore.azuredatalakestore.net/webhdfs/v1/azure_test_dir/data/b/z.txt?overwrite=True&OP=CREATE
  response:
    body: {string: !!python/unicode ''}
    headers:
      cache-control: [no-cache]
      content-length: ['0']
      contentlength: ['0']
      date: ['Sun, 21 Aug 2016 08:53:58 GMT']
      expires: ['-1']
      location: ['https://fakestore.azuredatalakestore.net/webhdfs/v1/azure_test_dir/data/b/z.txt?overwrite=True&OP=CREATE&write=true']
      pragma: [no-cache]
      server-perf: ['[c5370975-6857-4ae7-a863-0ea3a16d43f1][ AuthTime::0::PostAuthTime::0
          ][S-HdfsGetFileStatusV2 :: 00:00:006 ms]%0a[CREATE :: 00:00:007 ms]%0a']
      status: ['0x8309000A']
      strict-transport-security: [max-age=15724800; includeSubDomains]
      x-content-type-options: [nosniff]
      x-ms-request-id: [c5370975-6857-4ae7-a863-0ea3a16d43f1]
      x-ms-webhdfs-version: [16.07.07.01]
    status: {code: 307, message: Temporary Redirect}
- request:
    body: null
    headers:
      Accept: ['*/*']
      Accept-Encoding: ['gzip, deflate']
      Connection: [keep-alive]
      Content-Length: ['0']
      User-Agent: [python-requests/2.10.0]
    method: PUT
    uri: https://fakestore.azuredatalakestore.net/webhdfs/v1/azure_test_dir/data/b/z.txt?overwrite=True&OP=CREATE&write=true
  response:
    body: {string: !!python/unicode ''}
    headers:
      cache-control: [no-cache]
      content-length: ['0']
      contentlength: ['0']
      date: ['Sun, 21 Aug 2016 08:53:58 GMT']
      expires: ['-1']
      location: ['https://fakestore.azuredatalakestore.net/webhdfs/v1/azure_test_dir/data/b/z.txt?overwrite=True&OP=CREATE&write=true']
      pragma: [no-cache]
      server-perf: ['[cf6ed0ec-c18d-486e-afcb-5a506beb18d3][ AuthTime::0::PostAuthTime::0
          ][S-HdfsGetFileStatusV2 :: 00:00:006 ms]%0a[S-HdfsCheckAccess :: 00:00:002
          ms]%0a[S-FsDelete :: 00:00:006 ms]%0a[S-FsOpenStream :: 00:00:055 ms]%0a[BufferingTime
          :: 00:00:000 ms]%0a[WriteTime :: 00:00:000 ms]%0a[S-FsCloseHandle :: 00:00:001
          ms]%0a[CREATE :: 00:00:074 ms]%0a']
      status: ['0x0']
      strict-transport-security: [max-age=15724800; includeSubDomains]
      x-content-type-options: [nosniff]
      x-ms-request-id: [cf6ed0ec-c18d-486e-afcb-5a506beb18d3]
      x-ms-webhdfs-version: [16.07.07.01]
    status: {code: 201, message: Created}
- request:
    body: !!python/unicode 123456
    headers:
      Accept: ['*/*']
      Accept-Encoding: ['gzip, deflate']
      Connection: [keep-alive]
      Content-Length: ['6']
      User-Agent: [python-requests/2.10.0]
    method: POST
    uri: https://fakestore.azuredatalakestore.net/webhdfs/v1/azure_test_dir/data/b/z.txt?OP=APPEND
  response:
    body: {string: !!python/unicode ''}
    headers:
      cache-control: [no-cache]
      content-length: ['0']
      contentlength: ['0']
      date: ['Sun, 21 Aug 2016 08:53:59 GMT']
      expires: ['-1']
      location: ['https://fakestore.azuredatalakestore.net/webhdfs/v1/azure_test_dir/data/b/z.txt?OP=APPEND&append=true']
      pragma: [no-cache]
      server-perf: ['[0447e751-eed6-4580-a097-7187b1c79276][ AuthTime::0::PostAuthTime::0
          ][APPEND :: 00:00:000 ms]%0a']
      status: ['0x0']
      strict-transport-security: [max-age=15724800; includeSubDomains]
      x-content-type-options: [nosniff]
      x-ms-request-id: [0447e751-eed6-4580-a097-7187b1c79276]
      x-ms-webhdfs-version: [16.07.07.01]
    status: {code: 307, message: Temporary Redirect}
- request:
    body: !!python/unicode 123456
    headers:
      Accept: ['*/*']
      Accept-Encoding: ['gzip, deflate']
      Connection: [keep-alive]
      Content-Length: ['6']
      User-Agent: [python-requests/2.10.0]
    method: POST
    uri: https://fakestore.azuredatalakestore.net/webhdfs/v1/azure_test_dir/data/b/z.txt?OP=APPEND&append=true
  response:
    body: {string: !!python/unicode ''}
    headers:
      cache-control: [no-cache]
      content-length: ['0']
      date: ['Sun, 21 Aug 2016 08:53:59 GMT']
      expires: ['-1']
      pragma: [no-cache]
      server-perf: ['[64bbace3-d6ba-49df-ab28-81b124b86c3e][ AuthTime::0::PostAuthTime::0
          ][S-FsOpenStream :: 00:00:009 ms]%0a[S-FsGetStreamLength :: 00:00:281 ms]%0a[S-FsAppendStream
          :: 00:00:146 ms]%0a[BufferingTime :: 00:00:000 ms]%0a[WriteTime :: 00:00:146
          ms]%0a[S-FsCloseHandle :: 00:00:001 ms]%0a[APPEND :: 00:00:440 ms]%0a']
      status: ['0x0']
      strict-transport-security: [max-age=15724800; includeSubDomains]
      x-content-type-options: [nosniff]
      x-ms-request-id: [64bbace3-d6ba-49df-ab28-81b124b86c3e]
      x-ms-webhdfs-version: [16.07.07.01]
    status: {code: 200, message: OK}
- request:
    body: null
    headers:
      Accept: ['*/*']
      Accept-Encoding: ['gzip, deflate']
      Connection: [keep-alive]
      User-Agent: [python-requests/2.10.0]
    method: GET
    uri: https://fakestore.azuredatalakestore.net/webhdfs/v1/azure_test_dir?OP=LISTSTATUS
  response:
    body: {string: !!python/unicode '{"FileStatuses":{"FileStatus":[{"length":0,"pathSuffix":"data","type":"DIRECTORY","blockSize":0,"accessTime":1471769633253,"modificationTime":1471769637643,"replication":0,"permission":"770","owner":"49b2f9ec-818a-49ca-9424-249e1f19f7d7","group":"49b2f9ec-818a-49ca-9424-249e1f19f7d7"},{"length":6,"pathSuffix":"x.csv","type":"FILE","blockSize":268435456,"accessTime":1471769631143,"modificationTime":1471769631542,"replication":1,"permission":"770","owner":"49b2f9ec-818a-49ca-9424-249e1f19f7d7","group":"49b2f9ec-818a-49ca-9424-249e1f19f7d7"},{"length":6,"pathSuffix":"y.csv","type":"FILE","blockSize":268435456,"accessTime":1471769631846,"modificationTime":1471769632227,"replication":1,"permission":"770","owner":"49b2f9ec-818a-49ca-9424-249e1f19f7d7","group":"49b2f9ec-818a-49ca-9424-249e1f19f7d7"},{"length":6,"pathSuffix":"z.txt","type":"FILE","blockSize":268435456,"accessTime":1471769632565,"modificationTime":1471769632963,"replication":1,"permission":"770","owner":"49b2f9ec-818a-49ca-9424-249e1f19f7d7","group":"49b2f9ec-818a-49ca-9424-249e1f19f7d7"}]}}'}
    headers:
      cache-control: [no-cache]
      content-length: ['1065']
      content-type: [application/json; charset=utf-8]
      date: ['Sun, 21 Aug 2016 08:53:59 GMT']
      expires: ['-1']
      pragma: [no-cache]
      server-perf: ['[4704ed62-be35-470e-a97b-6e7b65e28ab7][ AuthTime::0::PostAuthTime::0
          ][S-HdfsListStatus :: 00:00:012 ms]%0a[LISTSTATUS :: 00:00:013 ms]%0a']
      status: ['0x0']
      strict-transport-security: [max-age=15724800; includeSubDomains]
      x-content-type-options: [nosniff]
      x-ms-request-id: [4704ed62-be35-470e-a97b-6e7b65e28ab7]
      x-ms-webhdfs-version: [16.07.07.01]
    status: {code: 200, message: OK}
- request:
    body: null
    headers:
      Accept: ['*/*']
      Accept-Encoding: ['gzip, deflate']
      Connection: [keep-alive]
      User-Agent: [python-requests/2.10.0]
    method: GET
    uri: https://fakestore.azuredatalakestore.net/webhdfs/v1/azure_test_dir/data?OP=LISTSTATUS
  response:
    body: {string: !!python/unicode '{"FileStatuses":{"FileStatus":[{"length":0,"pathSuffix":"a","type":"DIRECTORY","blockSize":0,"accessTime":1471769633254,"modificationTime":1471769637022,"replication":0,"permission":"770","owner":"49b2f9ec-818a-49ca-9424-249e1f19f7d7","group":"49b2f9ec-818a-49ca-9424-249e1f19f7d7"},{"length":0,"pathSuffix":"b","type":"DIRECTORY","blockSize":0,"accessTime":1471769637643,"modificationTime":1471769639381,"replication":0,"permission":"770","owner":"49b2f9ec-818a-49ca-9424-249e1f19f7d7","group":"49b2f9ec-818a-49ca-9424-249e1f19f7d7"}]}}'}
    headers:
      cache-control: [no-cache]
      content-length: ['537']
      content-type: [application/json; charset=utf-8]
      date: ['Sun, 21 Aug 2016 08:54:00 GMT']
      expires: ['-1']
      pragma: [no-cache]
      server-perf: ['[d14f9aa7-e1c2-4270-9114-db811a337319][ AuthTime::0::PostAuthTime::0
          ][S-HdfsListStatus :: 00:00:007 ms]%0a[LISTSTATUS :: 00:00:007 ms]%0a']
      status: ['0x0']
      strict-transport-security: [max-age=15724800; includeSubDomains]
      x-content-type-options: [nosniff]
      x-ms-request-id: [d14f9aa7-e1c2-4270-9114-db811a337319]
      x-ms-webhdfs-version: [16.07.07.01]
    status: {code: 200, message: OK}
- request:
    body: null
    headers:
      Accept: ['*/*']
      Accept-Encoding: ['gzip, deflate']
      Connection: [keep-alive]
      User-Agent: [python-requests/2.10.0]
    method: GET
    uri: https://fakestore.azuredatalakestore.net/webhdfs/v1/azure_test_dir/data/a?OP=LISTSTATUS
  response:
    body: {string: !!python/unicode '{"FileStatuses":{"FileStatus":[{"length":6,"pathSuffix":"x.csv","type":"FILE","blockSize":268435456,"accessTime":1471769633532,"modificationTime":1471769635835,"replication":1,"permission":"770","owner":"49b2f9ec-818a-49ca-9424-249e1f19f7d7","group":"49b2f9ec-818a-49ca-9424-249e1f19f7d7"},{"length":6,"pathSuffix":"y.csv","type":"FILE","blockSize":268435456,"accessTime":1471769636188,"modificationTime":1471769636644,"replication":1,"permission":"770","owner":"49b2f9ec-818a-49ca-9424-249e1f19f7d7","group":"49b2f9ec-818a-49ca-9424-249e1f19f7d7"},{"length":6,"pathSuffix":"z.txt","type":"FILE","blockSize":268435456,"accessTime":1471769636986,"modificationTime":1471769637374,"replication":1,"permission":"770","owner":"49b2f9ec-818a-49ca-9424-249e1f19f7d7","group":"49b2f9ec-818a-49ca-9424-249e1f19f7d7"}]}}'}
    headers:
      cache-control: [no-cache]
      content-length: ['810']
      content-type: [application/json; charset=utf-8]
      date: ['Sun, 21 Aug 2016 08:54:00 GMT']
      expires: ['-1']
      pragma: [no-cache]
      server-perf: ['[88d58007-f6e9-4bc0-81bf-2a1792fd7c2e][ AuthTime::0::PostAuthTime::0
          ][S-HdfsListStatus :: 00:00:012 ms]%0a[LISTSTATUS :: 00:00:013 ms]%0a']
      status: ['0x0']
      strict-transport-security: [max-age=15724800; includeSubDomains]
      x-content-type-options: [nosniff]
      x-ms-request-id: [88d58007-f6e9-4bc0-81bf-2a1792fd7c2e]
      x-ms-webhdfs-version: [16.07.07.01]
    status: {code: 200, message: OK}
- request:
    body: null
    headers:
      Accept: ['*/*']
      Accept-Encoding: ['gzip, deflate']
      Connection: [keep-alive]
      User-Agent: [python-requests/2.10.0]
    method: GET
    uri: https://fakestore.azuredatalakestore.net/webhdfs/v1/azure_test_dir/data/b?OP=LISTSTATUS
  response:
    body: {string: !!python/unicode '{"FileStatuses":{"FileStatus":[{"length":6,"pathSuffix":"x.csv","type":"FILE","blockSize":268435456,"accessTime":1471769637935,"modificationTime":1471769638301,"replication":1,"permission":"770","owner":"49b2f9ec-818a-49ca-9424-249e1f19f7d7","group":"49b2f9ec-818a-49ca-9424-249e1f19f7d7"},{"length":6,"pathSuffix":"y.csv","type":"FILE","blockSize":268435456,"accessTime":1471769638669,"modificationTime":1471769639017,"replication":1,"permission":"770","owner":"49b2f9ec-818a-49ca-9424-249e1f19f7d7","group":"49b2f9ec-818a-49ca-9424-249e1f19f7d7"},{"length":6,"pathSuffix":"z.txt","type":"FILE","blockSize":268435456,"accessTime":1471769639344,"modificationTime":1471769640002,"replication":1,"permission":"770","owner":"49b2f9ec-818a-49ca-9424-249e1f19f7d7","group":"49b2f9ec-818a-49ca-9424-249e1f19f7d7"}]}}'}
    headers:
      cache-control: [no-cache]
      content-length: ['810']
      content-type: [application/json; charset=utf-8]
      date: ['Sun, 21 Aug 2016 08:54:00 GMT']
      expires: ['-1']
      pragma: [no-cache]
      server-perf: ['[ad4d1ea7-ff0e-48c4-972b-8ebbfcf9d9ba][ AuthTime::0::PostAuthTime::0
          ][S-HdfsListStatus :: 00:00:013 ms]%0a[LISTSTATUS :: 00:00:013 ms]%0a']
      status: ['0x0']
      strict-transport-security: [max-age=15724800; includeSubDomains]
      x-content-type-options: [nosniff]
      x-ms-request-id: [ad4d1ea7-ff0e-48c4-972b-8ebbfcf9d9ba]
      x-ms-webhdfs-version: [16.07.07.01]
    status: {code: 200, message: OK}
- request:
    body: null
    headers:
      Accept: ['*/*']
      Accept-Encoding: ['gzip, deflate']
      Connection: [keep-alive]
      User-Agent: [python-requests/2.10.0]
    method: GET
    uri: https://fakestore.azuredatalakestore.net/webhdfs/v1/azure_test_dir/data/a/y.csv?length=6&offset=0&OP=OPEN
  response:
    body: {string: !!python/unicode ''}
    headers:
      cache-control: [no-cache]
      content-length: ['0']
      contentlength: ['0']
      date: ['Sun, 21 Aug 2016 08:54:01 GMT']
      expires: ['-1']
      location: ['https://fakestore.azuredatalakestore.net/webhdfs/v1/azure_test_dir/data/a/y.csv?length=6&offset=0&OP=OPEN&read=true']
      pragma: [no-cache]
      server-perf: ['[cf5ff4b7-9d5e-4b4f-b9b5-c0743f799e2f][ AuthTime::0::PostAuthTime::0
          ][OPEN :: 00:00:000 ms]%0a']
      status: ['0x0']
      strict-transport-security: [max-age=15724800; includeSubDomains]
      x-content-type-options: [nosniff]
      x-ms-request-id: [cf5ff4b7-9d5e-4b4f-b9b5-c0743f799e2f]
      x-ms-webhdfs-version: [16.07.07.01]
    status: {code: 307, message: Temporary Redirect}
- request:
    body: null
    headers:
      Accept: ['*/*']
      Accept-Encoding: ['gzip, deflate']
      Connection: [keep-alive]
      User-Agent: [python-requests/2.10.0]
    method: GET
    uri: https://fakestore.azuredatalakestore.net/webhdfs/v1/azure_test_dir/data/a/y.csv?length=6&offset=0&OP=OPEN&read=true
  response:
    body: {string: !!python/unicode 123456}
    headers:
      cache-control: [no-cache]
      content-type: [application/octet-stream]
      date: ['Sun, 21 Aug 2016 08:54:01 GMT']
      expires: ['-1']
      pragma: [no-cache]
      server-perf: ['[63b79ec5-108d-4d2e-bd7b-698a27cf350b][ AuthTime::0::PostAuthTime::0
          ][S-FsOpenStream :: 00:00:012 ms]%0a[S-FsReadStream :: 00:00:015 ms]%0a[OPEN
          :: 00:00:028 ms]%0a']
      status: ['0x0']
      strict-transport-security: [max-age=15724800; includeSubDomains]
      x-content-type-options: [nosniff]
      x-ms-request-id: [63b79ec5-108d-4d2e-bd7b-698a27cf350b]
      x-ms-webhdfs-version: [16.07.07.01]
    status: {code: 200, message: OK}
- request:
    body: null
    headers:
      Accept: ['*/*']
      Accept-Encoding: ['gzip, deflate']
      Connection: [keep-alive]
      User-Agent: [python-requests/2.10.0]
    method: GET
    uri: https://fakestore.azuredatalakestore.net/webhdfs/v1/azure_test_dir/data/b/z.txt?length=6&offset=0&OP=OPEN
  response:
    body: {string: !!python/unicode ''}
    headers:
      cache-control: [no-cache]
      content-length: ['0']
      contentlength: ['0']
      date: ['Sun, 21 Aug 2016 08:54:01 GMT']
      expires: ['-1']
      location: ['https://fakestore.azuredatalakestore.net/webhdfs/v1/azure_test_dir/data/b/z.txt?length=6&offset=0&OP=OPEN&read=true']
      pragma: [no-cache]
      server-perf: ['[086004b8-9eb5-4eda-97a4-af5f67b275a1][ AuthTime::0::PostAuthTime::0
          ][OPEN :: 00:00:000 ms]%0a']
      status: ['0x0']
      strict-transport-security: [max-age=15724800; includeSubDomains]
      x-content-type-options: [nosniff]
      x-ms-request-id: [086004b8-9eb5-4eda-97a4-af5f67b275a1]
      x-ms-webhdfs-version: [16.07.07.01]
    status: {code: 307, message: Temporary Redirect}
- request:
    body: null
    headers:
      Accept: ['*/*']
      Accept-Encoding: ['gzip, deflate']
      Connection: [keep-alive]
      User-Agent: [python-requests/2.10.0]
    method: GET
    uri: https://fakestore.azuredatalakestore.net/webhdfs/v1/azure_test_dir/data/b/z.txt?length=6&offset=0&OP=OPEN&read=true
  response:
    body: {string: !!python/unicode 123456}
    headers:
      cache-control: [no-cache]
      content-type: [application/octet-stream]
      date: ['Sun, 21 Aug 2016 08:54:01 GMT']
      expires: ['-1']
      pragma: [no-cache]
      server-perf: ['[16649578-c24d-4b65-bb34-8a3a01f21cb5][ AuthTime::0::PostAuthTime::0
          ][S-FsOpenStream :: 00:00:012 ms]%0a[S-FsReadStream :: 00:00:013 ms]%0a[OPEN
          :: 00:00:026 ms]%0a']
      status: ['0x0']
      strict-transport-security: [max-age=15724800; includeSubDomains]
      x-content-type-options: [nosniff]
      x-ms-request-id: [16649578-c24d-4b65-bb34-8a3a01f21cb5]
      x-ms-webhdfs-version: [16.07.07.01]
    status: {code: 200, message: OK}
- request:
    body: null
    headers:
      Accept: ['*/*']
      Accept-Encoding: ['gzip, deflate']
      Connection: [keep-alive]
      User-Agent: [python-requests/2.10.0]
    method: GET
    uri: https://fakestore.azuredatalakestore.net/webhdfs/v1/azure_test_dir/data/b/y.csv?length=6&offset=0&OP=OPEN
  response:
    body: {string: !!python/unicode ''}
    headers:
      cache-control: [no-cache]
      content-length: ['0']
      contentlength: ['0']
      date: ['Sun, 21 Aug 2016 08:54:01 GMT']
      expires: ['-1']
      location: ['https://fakestore.azuredatalakestore.net/webhdfs/v1/azure_test_dir/data/b/y.csv?length=6&offset=0&OP=OPEN&read=true']
      pragma: [no-cache]
      server-perf: ['[2b61cdf2-c8dc-4536-bce2-e1476e050e82][ AuthTime::0::PostAuthTime::0
          ][OPEN :: 00:00:000 ms]%0a']
      status: ['0x0']
      strict-transport-security: [max-age=15724800; includeSubDomains]
      x-content-type-options: [nosniff]
      x-ms-request-id: [2b61cdf2-c8dc-4536-bce2-e1476e050e82]
      x-ms-webhdfs-version: [16.07.07.01]
    status: {code: 307, message: Temporary Redirect}
- request:
    body: null
    headers:
      Accept: ['*/*']
      Accept-Encoding: ['gzip, deflate']
      Connection: [keep-alive]
      User-Agent: [python-requests/2.10.0]
    method: GET
    uri: https://fakestore.azuredatalakestore.net/webhdfs/v1/azure_test_dir/data/b/y.csv?length=6&offset=0&OP=OPEN&read=true
  response:
    body: {string: !!python/unicode 123456}
    headers:
      cache-control: [no-cache]
      content-type: [application/octet-stream]
      date: ['Sun, 21 Aug 2016 08:54:01 GMT']
      expires: ['-1']
      pragma: [no-cache]
      server-perf: ['[397aa231-a153-4309-8f6c-d0092d754192][ AuthTime::0::PostAuthTime::0
          ][S-FsOpenStream :: 00:00:012 ms]%0a[S-FsReadStream :: 00:00:014 ms]%0a[OPEN
          :: 00:00:027 ms]%0a']
      status: ['0x0']
      strict-transport-security: [max-age=15724800; includeSubDomains]
      x-content-type-options: [nosniff]
      x-ms-request-id: [397aa231-a153-4309-8f6c-d0092d754192]
      x-ms-webhdfs-version: [16.07.07.01]
    status: {code: 200, message: OK}
- request:
    body: null
    headers:
      Accept: ['*/*']
      Accept-Encoding: ['gzip, deflate']
      Connection: [keep-alive]
      User-Agent: [python-requests/2.10.0]
    method: GET
    uri: https://fakestore.azuredatalakestore.net/webhdfs/v1/azure_test_dir/data/a/x.csv?length=6&offset=0&OP=OPEN
  response:
    body: {string: !!python/unicode ''}
    headers:
      cache-control: [no-cache]
      content-length: ['0']
      contentlength: ['0']
      date: ['Sun, 21 Aug 2016 08:54:02 GMT']
      expires: ['-1']
      location: ['https://fakestore.azuredatalakestore.net/webhdfs/v1/azure_test_dir/data/a/x.csv?length=6&offset=0&OP=OPEN&read=true']
      pragma: [no-cache]
      server-perf: ['[2cf47ab1-b4f7-4c2b-91b0-e36ce6344db5][ AuthTime::0::PostAuthTime::0
          ][OPEN :: 00:00:000 ms]%0a']
      status: ['0x0']
      strict-transport-security: [max-age=15724800; includeSubDomains]
      x-content-type-options: [nosniff]
      x-ms-request-id: [2cf47ab1-b4f7-4c2b-91b0-e36ce6344db5]
      x-ms-webhdfs-version: [16.07.07.01]
    status: {code: 307, message: Temporary Redirect}
- request:
    body: null
    headers:
      Accept: ['*/*']
      Accept-Encoding: ['gzip, deflate']
      Connection: [keep-alive]
      User-Agent: [python-requests/2.10.0]
    method: GET
    uri: https://fakestore.azuredatalakestore.net/webhdfs/v1/azure_test_dir/data/a/x.csv?length=6&offset=0&OP=OPEN&read=true
  response:
    body: {string: !!python/unicode 123456}
    headers:
      cache-control: [no-cache]
      content-type: [application/octet-stream]
      date: ['Sun, 21 Aug 2016 08:54:02 GMT']
      expires: ['-1']
      pragma: [no-cache]
      server-perf: ['[09ca04eb-3d3a-4c8e-ab12-150143f03077][ AuthTime::0::PostAuthTime::0
          ][S-FsOpenStream :: 00:00:012 ms]%0a[S-FsReadStream :: 00:00:014 ms]%0a[OPEN
          :: 00:00:027 ms]%0a']
      status: ['0x0']
      strict-transport-security: [max-age=15724800; includeSubDomains]
      x-content-type-options: [nosniff]
      x-ms-request-id: [09ca04eb-3d3a-4c8e-ab12-150143f03077]
      x-ms-webhdfs-version: [16.07.07.01]
    status: {code: 200, message: OK}
- request:
    body: null
    headers:
      Accept: ['*/*']
      Accept-Encoding: ['gzip, deflate']
      Connection: [keep-alive]
      User-Agent: [python-requests/2.10.0]
    method: GET
    uri: https://fakestore.azuredatalakestore.net/webhdfs/v1/azure_test_dir/z.txt?length=6&offset=0&OP=OPEN
  response:
    body: {string: !!python/unicode ''}
    headers:
      cache-control: [no-cache]
      content-length: ['0']
      contentlength: ['0']
      date: ['Sun, 21 Aug 2016 08:54:02 GMT']
      expires: ['-1']
      location: ['https://fakestore.azuredatalakestore.net/webhdfs/v1/azure_test_dir/z.txt?length=6&offset=0&OP=OPEN&read=true']
      pragma: [no-cache]
      server-perf: ['[75c8763a-a39b-49e1-85ac-9ef5878ac478][ AuthTime::0::PostAuthTime::0
          ][OPEN :: 00:00:000 ms]%0a']
      status: ['0x0']
      strict-transport-security: [max-age=15724800; includeSubDomains]
      x-content-type-options: [nosniff]
      x-ms-request-id: [75c8763a-a39b-49e1-85ac-9ef5878ac478]
      x-ms-webhdfs-version: [16.07.07.01]
    status: {code: 307, message: Temporary Redirect}
- request:
    body: null
    headers:
      Accept: ['*/*']
      Accept-Encoding: ['gzip, deflate']
      Connection: [keep-alive]
      User-Agent: [python-requests/2.10.0]
    method: GET
    uri: https://fakestore.azuredatalakestore.net/webhdfs/v1/azure_test_dir/z.txt?length=6&offset=0&OP=OPEN&read=true
  response:
    body: {string: !!python/unicode 123456}
    headers:
      cache-control: [no-cache]
      content-type: [application/octet-stream]
      date: ['Sun, 21 Aug 2016 08:54:02 GMT']
      expires: ['-1']
      pragma: [no-cache]
      server-perf: ['[2665715e-a522-47b5-8617-6a2ec806bf7c][ AuthTime::0::PostAuthTime::0
          ][S-FsOpenStream :: 00:00:012 ms]%0a[S-FsReadStream :: 00:00:014 ms]%0a[OPEN
          :: 00:00:027 ms]%0a']
      status: ['0x0']
      strict-transport-security: [max-age=15724800; includeSubDomains]
      x-content-type-options: [nosniff]
      x-ms-request-id: [2665715e-a522-47b5-8617-6a2ec806bf7c]
      x-ms-webhdfs-version: [16.07.07.01]
    status: {code: 200, message: OK}
- request:
    body: null
    headers:
      Accept: ['*/*']
      Accept-Encoding: ['gzip, deflate']
      Connection: [keep-alive]
      User-Agent: [python-requests/2.10.0]
    method: GET
    uri: https://fakestore.azuredatalakestore.net/webhdfs/v1/azure_test_dir/data/a/z.txt?length=6&offset=0&OP=OPEN
  response:
    body: {string: !!python/unicode ''}
    headers:
      cache-control: [no-cache]
      content-length: ['0']
      contentlength: ['0']
      date: ['Sun, 21 Aug 2016 08:54:02 GMT']
      expires: ['-1']
      location: ['https://fakestore.azuredatalakestore.net/webhdfs/v1/azure_test_dir/data/a/z.txt?length=6&offset=0&OP=OPEN&read=true']
      pragma: [no-cache]
      server-perf: ['[07d524eb-b864-4011-9ea0-e647415bd1d0][ AuthTime::0::PostAuthTime::0
          ][OPEN :: 00:00:000 ms]%0a']
      status: ['0x0']
      strict-transport-security: [max-age=15724800; includeSubDomains]
      x-content-type-options: [nosniff]
      x-ms-request-id: [07d524eb-b864-4011-9ea0-e647415bd1d0]
      x-ms-webhdfs-version: [16.07.07.01]
    status: {code: 307, message: Temporary Redirect}
- request:
    body: null
    headers:
      Accept: ['*/*']
      Accept-Encoding: ['gzip, deflate']
      Connection: [keep-alive]
      User-Agent: [python-requests/2.10.0]
    method: GET
    uri: https://fakestore.azuredatalakestore.net/webhdfs/v1/azure_test_dir/data/a/z.txt?length=6&offset=0&OP=OPEN&read=true
  response:
    body: {string: !!python/unicode 123456}
    headers:
      cache-control: [no-cache]
      content-type: [application/octet-stream]
      date: ['Sun, 21 Aug 2016 08:54:02 GMT']
      expires: ['-1']
      pragma: [no-cache]
      server-perf: ['[b5d50063-544a-498f-83cf-df9806ac85e9][ AuthTime::0::PostAuthTime::0
          ][S-FsOpenStream :: 00:00:012 ms]%0a[S-FsReadStream :: 00:00:013 ms]%0a[OPEN
          :: 00:00:025 ms]%0a']
      status: ['0x0']
      strict-transport-security: [max-age=15724800; includeSubDomains]
      x-content-type-options: [nosniff]
      x-ms-request-id: [b5d50063-544a-498f-83cf-df9806ac85e9]
      x-ms-webhdfs-version: [16.07.07.01]
    status: {code: 200, message: OK}
- request:
    body: null
    headers:
      Accept: ['*/*']
      Accept-Encoding: ['gzip, deflate']
      Connection: [keep-alive]
      User-Agent: [python-requests/2.10.0]
    method: GET
    uri: https://fakestore.azuredatalakestore.net/webhdfs/v1/azure_test_dir/x.csv?length=6&offset=0&OP=OPEN
  response:
    body: {string: !!python/unicode ''}
    headers:
      cache-control: [no-cache]
      content-length: ['0']
      contentlength: ['0']
      date: ['Sun, 21 Aug 2016 08:54:03 GMT']
      expires: ['-1']
      location: ['https://fakestore.azuredatalakestore.net/webhdfs/v1/azure_test_dir/x.csv?length=6&offset=0&OP=OPEN&read=true']
      pragma: [no-cache]
      server-perf: ['[e363a009-41c3-45c6-870b-b1cbab5ed3b2][ AuthTime::0::PostAuthTime::0
          ][OPEN :: 00:00:000 ms]%0a']
      status: ['0x0']
      strict-transport-security: [max-age=15724800; includeSubDomains]
      x-content-type-options: [nosniff]
      x-ms-request-id: [e363a009-41c3-45c6-870b-b1cbab5ed3b2]
      x-ms-webhdfs-version: [16.07.07.01]
    status: {code: 307, message: Temporary Redirect}
- request:
    body: null
    headers:
      Accept: ['*/*']
      Accept-Encoding: ['gzip, deflate']
      Connection: [keep-alive]
      User-Agent: [python-requests/2.10.0]
    method: GET
    uri: https://fakestore.azuredatalakestore.net/webhdfs/v1/azure_test_dir/x.csv?length=6&offset=0&OP=OPEN&read=true
  response:
    body: {string: !!python/unicode 123456}
    headers:
      cache-control: [no-cache]
      content-type: [application/octet-stream]
      date: ['Sun, 21 Aug 2016 08:54:03 GMT']
      expires: ['-1']
      pragma: [no-cache]
      server-perf: ['[dae3b2df-c14a-44a9-b7f1-b1e470898303][ AuthTime::0::PostAuthTime::0
          ][S-FsOpenStream :: 00:00:013 ms]%0a[S-FsReadStream :: 00:00:015 ms]%0a[OPEN
          :: 00:00:029 ms]%0a']
      status: ['0x0']
      strict-transport-security: [max-age=15724800; includeSubDomains]
      x-content-type-options: [nosniff]
      x-ms-request-id: [dae3b2df-c14a-44a9-b7f1-b1e470898303]
      x-ms-webhdfs-version: [16.07.07.01]
    status: {code: 200, message: OK}
- request:
    body: null
    headers:
      Accept: ['*/*']
      Accept-Encoding: ['gzip, deflate']
      Connection: [keep-alive]
      User-Agent: [python-requests/2.10.0]
    method: GET
    uri: https://fakestore.azuredatalakestore.net/webhdfs/v1/azure_test_dir/y.csv?length=6&offset=0&OP=OPEN
  response:
    body: {string: !!python/unicode ''}
    headers:
      cache-control: [no-cache]
      content-length: ['0']
      contentlength: ['0']
      date: ['Sun, 21 Aug 2016 08:54:03 GMT']
      expires: ['-1']
      location: ['https://fakestore.azuredatalakestore.net/webhdfs/v1/azure_test_dir/y.csv?length=6&offset=0&OP=OPEN&read=true']
      pragma: [no-cache]
      server-perf: ['[06d558cf-f0b8-42b9-aebe-f05a09fcb0c6][ AuthTime::0::PostAuthTime::0
          ][OPEN :: 00:00:000 ms]%0a']
      status: ['0x0']
      strict-transport-security: [max-age=15724800; includeSubDomains]
      x-content-type-options: [nosniff]
      x-ms-request-id: [06d558cf-f0b8-42b9-aebe-f05a09fcb0c6]
      x-ms-webhdfs-version: [16.07.07.01]
    status: {code: 307, message: Temporary Redirect}
- request:
    body: null
    headers:
      Accept: ['*/*']
      Accept-Encoding: ['gzip, deflate']
      Connection: [keep-alive]
      User-Agent: [python-requests/2.10.0]
    method: GET
    uri: https://fakestore.azuredatalakestore.net/webhdfs/v1/azure_test_dir/y.csv?length=6&offset=0&OP=OPEN&read=true
  response:
    body: {string: !!python/unicode 123456}
    headers:
      cache-control: [no-cache]
      content-type: [application/octet-stream]
      date: ['Sun, 21 Aug 2016 08:54:03 GMT']
      expires: ['-1']
      pragma: [no-cache]
      server-perf: ['[88ce1bb6-d11d-4c4f-bd65-50599ce39eec][ AuthTime::0::PostAuthTime::0
          ][S-FsOpenStream :: 00:00:012 ms]%0a[S-FsReadStream :: 00:00:015 ms]%0a[OPEN
          :: 00:00:028 ms]%0a']
      status: ['0x0']
      strict-transport-security: [max-age=15724800; includeSubDomains]
      x-content-type-options: [nosniff]
      x-ms-request-id: [88ce1bb6-d11d-4c4f-bd65-50599ce39eec]
      x-ms-webhdfs-version: [16.07.07.01]
    status: {code: 200, message: OK}
- request:
    body: null
    headers:
      Accept: ['*/*']
      Accept-Encoding: ['gzip, deflate']
      Connection: [keep-alive]
      User-Agent: [python-requests/2.10.0]
    method: GET
    uri: https://fakestore.azuredatalakestore.net/webhdfs/v1/azure_test_dir/data/b/x.csv?length=6&offset=0&OP=OPEN
  response:
    body: {string: !!python/unicode ''}
    headers:
      cache-control: [no-cache]
      content-length: ['0']
      contentlength: ['0']
      date: ['Sun, 21 Aug 2016 08:54:38 GMT']
      expires: ['-1']
      location: ['https://fakestore.azuredatalakestore.net/webhdfs/v1/azure_test_dir/data/b/x.csv?length=6&offset=0&OP=OPEN&read=true']
      pragma: [no-cache]
      server-perf: ['[e2f401da-3af9-41d4-a90b-20e328bf5fe0][ AuthTime::0::PostAuthTime::0
          ][OPEN :: 00:00:000 ms]%0a']
      status: ['0x0']
      strict-transport-security: [max-age=15724800; includeSubDomains]
      x-content-type-options: [nosniff]
      x-ms-request-id: [e2f401da-3af9-41d4-a90b-20e328bf5fe0]
      x-ms-webhdfs-version: [16.07.07.01]
    status: {code: 307, message: Temporary Redirect}
- request:
    body: null
    headers:
      Accept: ['*/*']
      Accept-Encoding: ['gzip, deflate']
      Connection: [keep-alive]
      User-Agent: [python-requests/2.10.0]
    method: GET
    uri: https://fakestore.azuredatalakestore.net/webhdfs/v1/azure_test_dir/data/b/x.csv?length=6&offset=0&OP=OPEN&read=true
  response:
    body: {string: !!python/unicode 123456}
    headers:
      cache-control: [no-cache]
      content-type: [application/octet-stream]
      date: ['Sun, 21 Aug 2016 08:54:38 GMT']
      expires: ['-1']
      pragma: [no-cache]
      server-perf: ['[39bf3ef5-28c0-4c9d-9696-6c7f9868ab48][ AuthTime::0::PostAuthTime::0
          ][S-FsOpenStream :: 00:00:012 ms]%0a[S-FsReadStream :: 00:00:040 ms]%0a[OPEN
          :: 00:00:053 ms]%0a']
      status: ['0x0']
      strict-transport-security: [max-age=15724800; includeSubDomains]
      x-content-type-options: [nosniff]
      x-ms-request-id: [39bf3ef5-28c0-4c9d-9696-6c7f9868ab48]
      x-ms-webhdfs-version: [16.07.07.01]
    status: {code: 200, message: OK}
- request:
    body: null
    headers:
      Accept: ['*/*']
      Accept-Encoding: ['gzip, deflate']
      Connection: [keep-alive]
      Content-Length: ['0']
      User-Agent: [python-requests/2.10.0]
    method: DELETE
    uri: https://fakestore.azuredatalakestore.net/webhdfs/v1/azure_test_dir/data?recursive=True&OP=DELETE
  response:
    body: {string: !!python/unicode '{"boolean":true}'}
    headers:
      cache-control: [no-cache]
      content-length: ['16']
      content-type: [application/json; charset=utf-8]
      date: ['Sun, 21 Aug 2016 08:54:39 GMT']
      expires: ['-1']
      pragma: [no-cache]
      server-perf: ['[ed931389-3ef4-4f7f-899e-33be4206f953][ AuthTime::0::PostAuthTime::0
          ][S-FsDelete :: 00:00:043 ms]%0a[DELETE :: 00:00:043 ms]%0a']
      status: ['0x0']
      strict-transport-security: [max-age=15724800; includeSubDomains]
      x-content-type-options: [nosniff]
      x-ms-request-id: [ed931389-3ef4-4f7f-899e-33be4206f953]
      x-ms-webhdfs-version: [16.07.07.01]
    status: {code: 200, message: OK}
- request:
    body: null
    headers:
      Accept: ['*/*']
      Accept-Encoding: ['gzip, deflate']
      Connection: [keep-alive]
      User-Agent: [python-requests/2.10.0]
    method: GET
    uri: https://fakestore.azuredatalakestore.net/webhdfs/v1/azure_test_dir?OP=LISTSTATUS
  response:
    body: {string: !!python/unicode '{"FileStatuses":{"FileStatus":[{"length":6,"pathSuffix":"x.csv","type":"FILE","blockSize":268435456,"accessTime":1471769631143,"modificationTime":1471769631542,"replication":1,"permission":"770","owner":"49b2f9ec-818a-49ca-9424-249e1f19f7d7","group":"49b2f9ec-818a-49ca-9424-249e1f19f7d7"},{"length":6,"pathSuffix":"y.csv","type":"FILE","blockSize":268435456,"accessTime":1471769631846,"modificationTime":1471769632227,"replication":1,"permission":"770","owner":"49b2f9ec-818a-49ca-9424-249e1f19f7d7","group":"49b2f9ec-818a-49ca-9424-249e1f19f7d7"},{"length":6,"pathSuffix":"z.txt","type":"FILE","blockSize":268435456,"accessTime":1471769632565,"modificationTime":1471769632963,"replication":1,"permission":"770","owner":"49b2f9ec-818a-49ca-9424-249e1f19f7d7","group":"49b2f9ec-818a-49ca-9424-249e1f19f7d7"}]}}'}
    headers:
      cache-control: [no-cache]
      content-length: ['810']
      content-type: [application/json; charset=utf-8]
      date: ['Sun, 21 Aug 2016 08:54:38 GMT']
      expires: ['-1']
      pragma: [no-cache]
      server-perf: ['[2220cd33-72f1-4785-b86f-2918ddfa3974][ AuthTime::0::PostAuthTime::0
          ][S-HdfsListStatus :: 00:00:011 ms]%0a[LISTSTATUS :: 00:00:012 ms]%0a']
      status: ['0x0']
      strict-transport-security: [max-age=15724800; includeSubDomains]
      x-content-type-options: [nosniff]
      x-ms-request-id: [2220cd33-72f1-4785-b86f-2918ddfa3974]
      x-ms-webhdfs-version: [16.07.07.01]
    status: {code: 200, message: OK}
- request:
    body: null
    headers:
      Accept: ['*/*']
      Accept-Encoding: ['gzip, deflate']
      Connection: [keep-alive]
      Content-Length: ['0']
      User-Agent: [python-requests/2.10.0]
    method: DELETE
    uri: https://fakestore.azuredatalakestore.net/webhdfs/v1/azure_test_dir/x.csv?recursive=True&OP=DELETE
  response:
    body: {string: !!python/unicode '{"boolean":true}'}
    headers:
      cache-control: [no-cache]
      content-length: ['16']
      content-type: [application/json; charset=utf-8]
      date: ['Sun, 21 Aug 2016 08:54:38 GMT']
      expires: ['-1']
      pragma: [no-cache]
      server-perf: ['[c528a239-47a4-4222-83e6-cb7e228dd912][ AuthTime::0::PostAuthTime::0
          ][S-FsDelete :: 00:00:205 ms]%0a[DELETE :: 00:00:206 ms]%0a']
      status: ['0x0']
      strict-transport-security: [max-age=15724800; includeSubDomains]
      x-content-type-options: [nosniff]
      x-ms-request-id: [c528a239-47a4-4222-83e6-cb7e228dd912]
      x-ms-webhdfs-version: [16.07.07.01]
    status: {code: 200, message: OK}
- request:
    body: null
    headers:
      Accept: ['*/*']
      Accept-Encoding: ['gzip, deflate']
      Connection: [keep-alive]
      User-Agent: [python-requests/2.10.0]
    method: GET
    uri: https://fakestore.azuredatalakestore.net/webhdfs/v1/azure_test_dir?OP=LISTSTATUS
  response:
    body: {string: !!python/unicode '{"FileStatuses":{"FileStatus":[{"length":6,"pathSuffix":"y.csv","type":"FILE","blockSize":268435456,"accessTime":1471769631846,"modificationTime":1471769632227,"replication":1,"permission":"770","owner":"49b2f9ec-818a-49ca-9424-249e1f19f7d7","group":"49b2f9ec-818a-49ca-9424-249e1f19f7d7"},{"length":6,"pathSuffix":"z.txt","type":"FILE","blockSize":268435456,"accessTime":1471769632565,"modificationTime":1471769632963,"replication":1,"permission":"770","owner":"49b2f9ec-818a-49ca-9424-249e1f19f7d7","group":"49b2f9ec-818a-49ca-9424-249e1f19f7d7"}]}}'}
    headers:
      cache-control: [no-cache]
      content-length: ['551']
      content-type: [application/json; charset=utf-8]
      date: ['Sun, 21 Aug 2016 08:54:39 GMT']
      expires: ['-1']
      pragma: [no-cache]
      server-perf: ['[1de4963d-8f07-4547-9579-abf8611d7714][ AuthTime::0::PostAuthTime::0
          ][S-HdfsListStatus :: 00:00:011 ms]%0a[LISTSTATUS :: 00:00:012 ms]%0a']
      status: ['0x0']
      strict-transport-security: [max-age=15724800; includeSubDomains]
      x-content-type-options: [nosniff]
      x-ms-request-id: [1de4963d-8f07-4547-9579-abf8611d7714]
      x-ms-webhdfs-version: [16.07.07.01]
    status: {code: 200, message: OK}
- request:
    body: null
    headers:
      Accept: ['*/*']
      Accept-Encoding: ['gzip, deflate']
      Connection: [keep-alive]
      Content-Length: ['0']
      User-Agent: [python-requests/2.10.0]
    method: DELETE
    uri: https://fakestore.azuredatalakestore.net/webhdfs/v1/azure_test_dir/y.csv?recursive=True&OP=DELETE
  response:
    body: {string: !!python/unicode '{"boolean":true}'}
    headers:
      cache-control: [no-cache]
      content-length: ['16']
      content-type: [application/json; charset=utf-8]
      date: ['Sun, 21 Aug 2016 08:54:39 GMT']
      expires: ['-1']
      pragma: [no-cache]
      server-perf: ['[e69bb97f-9c9a-44ba-8573-f14f385ce7da][ AuthTime::0::PostAuthTime::0
          ][S-FsDelete :: 00:00:058 ms]%0a[DELETE :: 00:00:058 ms]%0a']
      status: ['0x0']
      strict-transport-security: [max-age=15724800; includeSubDomains]
      x-content-type-options: [nosniff]
      x-ms-request-id: [e69bb97f-9c9a-44ba-8573-f14f385ce7da]
      x-ms-webhdfs-version: [16.07.07.01]
    status: {code: 200, message: OK}
- request:
    body: null
    headers:
      Accept: ['*/*']
      Accept-Encoding: ['gzip, deflate']
      Connection: [keep-alive]
      User-Agent: [python-requests/2.10.0]
    method: GET
    uri: https://fakestore.azuredatalakestore.net/webhdfs/v1/azure_test_dir?OP=LISTSTATUS
  response:
    body: {string: !!python/unicode '{"FileStatuses":{"FileStatus":[{"length":6,"pathSuffix":"z.txt","type":"FILE","blockSize":268435456,"accessTime":1471769632565,"modificationTime":1471769632963,"replication":1,"permission":"770","owner":"49b2f9ec-818a-49ca-9424-249e1f19f7d7","group":"49b2f9ec-818a-49ca-9424-249e1f19f7d7"}]}}'}
    headers:
      cache-control: [no-cache]
      content-length: ['292']
      content-type: [application/json; charset=utf-8]
      date: ['Sun, 21 Aug 2016 08:54:39 GMT']
      expires: ['-1']
      pragma: [no-cache]
      server-perf: ['[4f5132a0-145d-4aad-b530-95c19db10264][ AuthTime::0::PostAuthTime::0
          ][S-HdfsListStatus :: 00:00:011 ms]%0a[LISTSTATUS :: 00:00:011 ms]%0a']
      status: ['0x0']
      strict-transport-security: [max-age=15724800; includeSubDomains]
      x-content-type-options: [nosniff]
      x-ms-request-id: [4f5132a0-145d-4aad-b530-95c19db10264]
      x-ms-webhdfs-version: [16.07.07.01]
    status: {code: 200, message: OK}
- request:
    body: null
    headers:
      Accept: ['*/*']
      Accept-Encoding: ['gzip, deflate']
      Connection: [keep-alive]
      Content-Length: ['0']
      User-Agent: [python-requests/2.10.0]
    method: DELETE
    uri: https://fakestore.azuredatalakestore.net/webhdfs/v1/azure_test_dir/z.txt?recursive=True&OP=DELETE
  response:
    body: {string: !!python/unicode '{"boolean":true}'}
    headers:
      cache-control: [no-cache]
      content-length: ['16']
      content-type: [application/json; charset=utf-8]
      date: ['Sun, 21 Aug 2016 08:54:40 GMT']
      expires: ['-1']
      pragma: [no-cache]
      server-perf: ['[1576b4c3-6d6e-4e9f-9d7a-9a928d27b38b][ AuthTime::0::PostAuthTime::0
          ][S-FsDelete :: 00:00:069 ms]%0a[DELETE :: 00:00:070 ms]%0a']
      status: ['0x0']
      strict-transport-security: [max-age=15724800; includeSubDomains]
      x-content-type-options: [nosniff]
      x-ms-request-id: [1576b4c3-6d6e-4e9f-9d7a-9a928d27b38b]
      x-ms-webhdfs-version: [16.07.07.01]
    status: {code: 200, message: OK}
- request:
    body: null
    headers:
      Accept: ['*/*']
      Accept-Encoding: ['gzip, deflate']
      Connection: [keep-alive]
      Content-Length: ['0']
      User-Agent: [python-requests/2.10.0]
    method: PUT
    uri: https://fakestore.azuredatalakestore.net/webhdfs/v1/azure_test_dir?OP=MKDIRS
  response:
    body: {string: !!python/unicode '{"boolean":true}'}
    headers:
      cache-control: [no-cache]
      content-length: ['16']
      content-type: [application/json; charset=utf-8]
      date: ['Sat, 27 Aug 2016 05:58:53 GMT']
      expires: ['-1']
      pragma: [no-cache]
      server-perf: ['[3a549d08-20d5-43ff-b926-fb2e2528e1cd][ AuthTime::948.9654181435::PostAuthTime::221.09739575493
          ][S-HdfsMkdirs :: 00:00:004 ms]%0a[MKDIRS :: 00:00:014 ms]%0a']
      status: ['0x83090180']
      strict-transport-security: [max-age=15724800; includeSubDomains]
      x-content-type-options: [nosniff]
      x-ms-request-id: [3a549d08-20d5-43ff-b926-fb2e2528e1cd]
      x-ms-webhdfs-version: [16.07.07.01]
    status: {code: 200, message: OK}
- request:
    body: null
    headers:
      Accept: ['*/*']
      Accept-Encoding: ['gzip, deflate']
      Connection: [keep-alive]
      Content-Length: ['0']
      User-Agent: [python-requests/2.10.0]
    method: PUT
    uri: https://fakestore.azuredatalakestore.net/webhdfs/v1/azure_test_dir/data/a?OP=MKDIRS
  response:
    body: {string: !!python/unicode '{"boolean":true}'}
    headers:
      cache-control: [no-cache]
      content-length: ['16']
      content-type: [application/json; charset=utf-8]
      date: ['Sat, 27 Aug 2016 05:58:55 GMT']
      expires: ['-1']
      pragma: [no-cache]
      server-perf: ['[64f1d8fe-e489-4042-852f-a28f8ede4237][ AuthTime::901.494993452615::PostAuthTime::170.2063602439
          ][S-HdfsMkdirs :: 00:00:028 ms]%0a[MKDIRS :: 00:00:032 ms]%0a']
      status: ['0x0']
      strict-transport-security: [max-age=15724800; includeSubDomains]
      x-content-type-options: [nosniff]
      x-ms-request-id: [64f1d8fe-e489-4042-852f-a28f8ede4237]
      x-ms-webhdfs-version: [16.07.07.01]
    status: {code: 200, message: OK}
- request:
    body: null
    headers:
      Accept: ['*/*']
      Accept-Encoding: ['gzip, deflate']
      Connection: [keep-alive]
      Content-Length: ['0']
      User-Agent: [python-requests/2.10.0]
    method: PUT
    uri: https://fakestore.azuredatalakestore.net/webhdfs/v1/azure_test_dir/data/b?OP=MKDIRS
  response:
    body: {string: !!python/unicode '{"boolean":true}'}
    headers:
      cache-control: [no-cache]
      content-length: ['16']
      content-type: [application/json; charset=utf-8]
      date: ['Sat, 27 Aug 2016 05:58:55 GMT']
      expires: ['-1']
      pragma: [no-cache]
      server-perf: ['[b5ee8292-a373-4e95-bfc1-3a4f15c7635a][ AuthTime::981.46632351696::PostAuthTime::266.000894652527
          ][S-HdfsMkdirs :: 00:00:028 ms]%0a[MKDIRS :: 00:00:031 ms]%0a']
      status: ['0x0']
      strict-transport-security: [max-age=15724800; includeSubDomains]
      x-content-type-options: [nosniff]
      x-ms-request-id: [b5ee8292-a373-4e95-bfc1-3a4f15c7635a]
      x-ms-webhdfs-version: [16.07.07.01]
    status: {code: 200, message: OK}
version: 1
