interactions:
- request:
    body: null
    headers:
      Accept: ['*/*']
      Accept-Encoding: ['gzip, deflate']
      Connection: [keep-alive]
      Content-Length: ['0']
      User-Agent: [python-requests/2.11.1]
    method: PUT
    uri: https://fakestore.azuredatalakestore.net/webhdfs/v1/azure_test_dir/remote.csv?OP=CREATE&overwrite=True
  response:
    body: {string: ''}
    headers:
      Cache-Control: [no-cache]
      Content-Length: ['0']
      ContentLength: ['0']
      Date: ['Thu, 01 Sep 2016 17:02:06 GMT']
      Expires: ['-1']
      Location: ['https://fakestore.azuredatalakestore.net/webhdfs/v1/azure_test_dir/remote.csv?OP=CREATE&overwrite=True&write=true']
      Pragma: [no-cache]
      Server-Perf: ['[e87513a3-ed81-4ae5-8504-59fad38d1d4a][ AuthTime::0::PostAuthTime::0
          ][S-HdfsGetFileStatusV2 :: 00:00:005 ms]%0a[CREATE :: 00:00:006 ms]%0a']
      Status: ['0x8309000A']
      Strict-Transport-Security: [max-age=15724800; includeSubDomains]
      X-Content-Type-Options: [nosniff]
      x-ms-request-id: [e87513a3-ed81-4ae5-8504-59fad38d1d4a]
      x-ms-webhdfs-version: [16.07.07.01]
    status: {code: 307, message: Temporary Redirect}
- request:
    body: null
    headers:
      Accept: ['*/*']
      Accept-Encoding: ['gzip, deflate']
      Connection: [keep-alive]
      Content-Length: ['0']
      User-Agent: [python-requests/2.11.1]
    method: PUT
    uri: https://fakestore.azuredatalakestore.net/webhdfs/v1/azure_test_dir/remote.csv?OP=CREATE&overwrite=True&write=true
  response:
    body: {string: ''}
    headers:
      Cache-Control: [no-cache]
      Content-Length: ['0']
      ContentLength: ['0']
      Date: ['Thu, 01 Sep 2016 17:02:06 GMT']
      Expires: ['-1']
      Location: ['https://fakestore.azuredatalakestore.net/webhdfs/v1/azure_test_dir/remote.csv?OP=CREATE&overwrite=True&write=true']
      Pragma: [no-cache]
      Server-Perf: ['[b2b46e68-85c6-4f9c-9f61-64a02f022e1c][ AuthTime::0::PostAuthTime::0
          ][S-HdfsGetFileStatusV2 :: 00:00:005 ms]%0a[S-HdfsCheckAccess :: 00:00:002
          ms]%0a[S-FsDelete :: 00:00:005 ms]%0a[S-FsOpenStream :: 00:00:043 ms]%0a[BufferingTime
          :: 00:00:000 ms]%0a[WriteTime :: 00:00:000 ms]%0a[S-FsAppendStream :: 00:00:038
          ms]%0a[S-FsCloseHandle :: 00:00:001 ms]%0a[CREATE :: 00:00:101 ms]%0a']
      Status: ['0x0']
      Strict-Transport-Security: [max-age=15724800; includeSubDomains]
      X-Content-Type-Options: [nosniff]
      x-ms-request-id: [b2b46e68-85c6-4f9c-9f61-64a02f022e1c]
      x-ms-webhdfs-version: [16.07.07.01]
    status: {code: 201, message: Created}
- request:
    body: '00000,11111,22222,33333,44444,55555,66666,77777,88888,99999

      00000,11111,22222,33333,44444,55555,66666,77777,88888,99999

      00000,11111,22222,33333,44444,55555,66666,77777,88888,99999

      00000,11111,22222,33333,44444,55555,66666,77777,88888,99999

      00000,11111,22222,33333,44444,55555,66666,77777,88888,99999

      00000,11111,22222,33333,44444,55555,66666,77777,88888,99999

      00000,11111,22222,33333,44444,55555,66666,77777,88888,99999

      00000,11111,22222,33333,44444,55555,66666,77777,88888,99999

      00000,11111,22222,33333,44444,55555,66666,77777,88888,99999

      00000,11111,22222,33333,44444,55555,66666,77777,88888,99999

      00000,11111,22222,33333,44444,55555,66666,77777,88888,99999

      00000,11111,22222,33333,44444,55555,66666,77777,88888,99999

      00000,11111,22222,33333,44444,55555,66666,77777,88888,99999

      00000,11111,22222,33333,44444,55555,66666,77777,88888,99999

      00000,11111,22222,33333,44444,55555,66666,77777,88888,99999

      00000,11111,22222,33333,44444,55555,66666,77777,88888,99999

      00000,11111,22222,33333,44444,55555,66666,77777,88888,99999

      00000,11111,22222,33333,44444,55555,66666,77777,88888,99999

      00000,11111,22222,33333,44444,55555,66666,77777,88888,99999

      00000,11111,22222,33333,44444,55555,66666,77777,88888,99999

      00000,11111,22222,33333,44444,55555,66666,77777,88888,99999

      00000,11111,22222,33333,44444,55555,66666,77777,88888,99999

      00000,11111,22222,33333,44444,55555,66666,77777,88888,99999

      00000,11111,22222,33333,44444,55555,66666,77777,88888,99999

      00000,11111,22222,33333,44444,55555,66666,77777,88888,99999

      00000,11111,22222,33333,44444,55555,66666,77777,88888,99999

      00000,11111,22222,33333,44444,55555,66666,77777,88888,99999

      00000,11111,22222,33333,44444,55555,66666,77777,88888,99999

      00000,11111,22222,33333,44444,55555,66666,77777,88888,99999

      00000,11111,22222,33333,44444,55555,66666,77777,88888,99999

      00000,11111,22222,33333,44444,55555,66666,77777,88888,99999

      00000,11111,22222,33333,44444,55555,66666,77777,88888,99999

      00000,11111,22222,33333,44444,55555,66666,77777,88888,99999

      00000,11111,22222,33333,44444,55555,66666,77777,88888,99999

      00000,11111,22222,33333,44444,55555,66666,77777,88888,99999

      00000,11111,22222,33333,44444,55555,66666,77777,88888,99999

      00000,11111,22222,33333,44444,55555,66666,77777,88888,99999

      00000,11111,22222,33333,44444,55555,66666,77777,88888,99999

      00000,11111,22222,33333,44444,55555,66666,77777,88888,99999

      00000,11111,22222,33333,44444,55555,66666,77777,88888,99999

      00000,11111,22222,33333,44444,55555,66666,77777,88888,99999

      00000,11111,22222,33333,44444,55555,66666,77777,88888,99999

      00000,11111,22222,33333,44444,55555,66666,77777,88888,99999

      00000,11111,22222,33333,44444,55555,66666,77777,88888,99999

      00000,11111,22222,33333,44444,55555,66666,77777,88888,99999

      00000,11111,22222,33333,44444,55555,66666,77777,88888,99999

      00000,11111,22222,33333,44444,55555,66666,77777,88888,99999

      00000,11111,22222,33333,44444,55555,66666,77777,88888,99999

      00000,11111,22222,33333,44444,55555,66666,77777,88888,99999

      00000,11111,22222,33333,44444,55555,66666,77777,88888,99999

      00000,11111,22222,33333,44444,55555,66666,77777,88888,99999

      00000,11111,22222,33333,44444,55555,66666,77777,88888,99999

      00000,11111,22222,33333,44444,55555,66666,77777,88888,99999

      00000,11111,22222,33333,44444,55555,66666,77777,88888,99999

      00000,11111,22222,33333,44444,55555,66666,77777,88888,99999

      00000,11111,22222,33333,44444,55555,66666,77777,88888,99999

      00000,11111,22222,33333,44444,55555,66666,77777,88888,99999

      00000,11111,22222,33333,44444,55555,66666,77777,88888,99999

      00000,11111,22222,33333,44444,55555,66666,77777,88888,99999

      00000,11111,22222,33333,44444,55555,66666,77777,88888,99999

      00000,11111,22222,33333,44444,55555,66666,77777,88888,99999

      00000,11111,22222,33333,44444,55555,66666,77777,88888,99999

      00000,11111,22222,33333,44444,55555,66666,77777,88888,99999

      00000,11111,22222,33333,44444,55555,66666,77777,88888,99999

      00000,11111,22222,33333,44444,55555,66666,77777,88888,99999

      00000,11111,22222,33333,44444,55555,66666,77777,88888,99999

      00000,11111,22222,33333,44444,55555,66666,77777,88888,99999

      00000,11111,22222,33333,44444,55555,66666,77777,88888,99999

      00000,11111,22222,33333,44444,55555,66666,77777,88888,99999

      00000,11111,22222,33333,44444,55555,66666,77777,88888,99999

      00000,11111,22222,33333,44444,55555,66666,77777,88888,99999

      00000,11111,22222,33333,44444,55555,66666,77777,88888,99999

      00000,11111,22222,33333,44444,55555,66666,77777,88888,99999

      00000,11111,22222,33333,44444,55555,66666,77777,88888,99999

      00000,11111,22222,33333,44444,55555,66666,77777,88888,99999

      00000,11111,22222,33333,44444,55555,66666,77777,88888,99999

      00000,11111,22222,33333,44444,55555,66666,77777,88888,99999

      00000,11111,22222,33333,44444,55555,66666,77777,88888,99999

      00000,11111,22222,33333,44444,55555,66666,77777,88888,99999

      00000,11111,22222,33333,44444,55555,66666,77777,88888,99999

      00000,11111,22222,33333,44444,55555,66666,77777,88888,99999

      00000,11111,22222,33333,44444,55555,66666,77777,88888,99999

      00000,11111,22222,33333,44444,55555,66666,77777,88888,99999

      00000,11111,22222,33333,44444,55555,66666,77777,88888,99999

      00000,11111,22222,33333,44444,55555,66666,77777,88888,99999

      00000,11111,22222,33333,44444,55555,66666,77777,88888,99999

      00000,11111,22222,33333,44444,55555,66666,77777,88888,99999

      00000,11111,22222,33333,44444,55555,66666,77777,88888,99999

      00000,11111,22222,33333,44444,55555,66666,77777,88888,99999

      00000,11111,22222,33333,44444,55555,66666,77777,88888,99999

      00000,11111,22222,33333,44444,55555,66666,77777,88888,99999

      00000,11111,22222,33333,44444,55555,66666,77777,88888,99999

      00000,11111,22222,33333,44444,55555,66666,77777,88888,99999

      00000,11111,22222,33333,44444,55555,66666,77777,88888,99999

      00000,11111,22222,33333,44444,55555,66666,77777,88888,99999

      00000,11111,22222,33333,44444,55555,66666,77777,88888,99999

      00000,11111,22222,33333,44444,55555,66666,77777,88888,99999

      00000,11111,22222,33333,44444,55555,66666,77777,88888,99999

      00000,11111,22222,33333,44444,55555,66666,77777,88888,99999

      00000,11111,22222,33333,44444,55555,66666,77777,88888,99999

'
    headers:
      Accept: ['*/*']
      Accept-Encoding: ['gzip, deflate']
      Connection: [keep-alive]
      Content-Length: ['6000']
      User-Agent: [python-requests/2.11.1]
    method: POST
    uri: https://fakestore.azuredatalakestore.net/webhdfs/v1/azure_test_dir/remote.csv?OP=APPEND
  response:
    body: {string: ''}
    headers:
      Cache-Control: [no-cache]
      Content-Length: ['0']
      ContentLength: ['0']
      Date: ['Thu, 01 Sep 2016 17:02:07 GMT']
      Expires: ['-1']
      Location: ['https://fakestore.azuredatalakestore.net/webhdfs/v1/azure_test_dir/remote.csv?OP=APPEND&append=true']
      Pragma: [no-cache]
      Server-Perf: ['[7f523b56-f188-417c-8100-af1972631f2f][ AuthTime::0::PostAuthTime::0
          ][APPEND :: 00:00:000 ms]%0a']
      Status: ['0x0']
      Strict-Transport-Security: [max-age=15724800; includeSubDomains]
      X-Content-Type-Options: [nosniff]
      x-ms-request-id: [7f523b56-f188-417c-8100-af1972631f2f]
      x-ms-webhdfs-version: [16.07.07.01]
    status: {code: 307, message: Temporary Redirect}
- request:
    body: '00000,11111,22222,33333,44444,55555,66666,77777,88888,99999

      00000,11111,22222,33333,44444,55555,66666,77777,88888,99999

      00000,11111,22222,33333,44444,55555,66666,77777,88888,99999

      00000,11111,22222,33333,44444,55555,66666,77777,88888,99999

      00000,11111,22222,33333,44444,55555,66666,77777,88888,99999

      00000,11111,22222,33333,44444,55555,66666,77777,88888,99999

      00000,11111,22222,33333,44444,55555,66666,77777,88888,99999

      00000,11111,22222,33333,44444,55555,66666,77777,88888,99999

      00000,11111,22222,33333,44444,55555,66666,77777,88888,99999

      00000,11111,22222,33333,44444,55555,66666,77777,88888,99999

      00000,11111,22222,33333,44444,55555,66666,77777,88888,99999

      00000,11111,22222,33333,44444,55555,66666,77777,88888,99999

      00000,11111,22222,33333,44444,55555,66666,77777,88888,99999

      00000,11111,22222,33333,44444,55555,66666,77777,88888,99999

      00000,11111,22222,33333,44444,55555,66666,77777,88888,99999

      00000,11111,22222,33333,44444,55555,66666,77777,88888,99999

      00000,11111,22222,33333,44444,55555,66666,77777,88888,99999

      00000,11111,22222,33333,44444,55555,66666,77777,88888,99999

      00000,11111,22222,33333,44444,55555,66666,77777,88888,99999

      00000,11111,22222,33333,44444,55555,66666,77777,88888,99999

      00000,11111,22222,33333,44444,55555,66666,77777,88888,99999

      00000,11111,22222,33333,44444,55555,66666,77777,88888,99999

      00000,11111,22222,33333,44444,55555,66666,77777,88888,99999

      00000,11111,22222,33333,44444,55555,66666,77777,88888,99999

      00000,11111,22222,33333,44444,55555,66666,77777,88888,99999

      00000,11111,22222,33333,44444,55555,66666,77777,88888,99999

      00000,11111,22222,33333,44444,55555,66666,77777,88888,99999

      00000,11111,22222,33333,44444,55555,66666,77777,88888,99999

      00000,11111,22222,33333,44444,55555,66666,77777,88888,99999

      00000,11111,22222,33333,44444,55555,66666,77777,88888,99999

      00000,11111,22222,33333,44444,55555,66666,77777,88888,99999

      00000,11111,22222,33333,44444,55555,66666,77777,88888,99999

      00000,11111,22222,33333,44444,55555,66666,77777,88888,99999

      00000,11111,22222,33333,44444,55555,66666,77777,88888,99999

      00000,11111,22222,33333,44444,55555,66666,77777,88888,99999

      00000,11111,22222,33333,44444,55555,66666,77777,88888,99999

      00000,11111,22222,33333,44444,55555,66666,77777,88888,99999

      00000,11111,22222,33333,44444,55555,66666,77777,88888,99999

      00000,11111,22222,33333,44444,55555,66666,77777,88888,99999

      00000,11111,22222,33333,44444,55555,66666,77777,88888,99999

      00000,11111,22222,33333,44444,55555,66666,77777,88888,99999

      00000,11111,22222,33333,44444,55555,66666,77777,88888,99999

      00000,11111,22222,33333,44444,55555,66666,77777,88888,99999

      00000,11111,22222,33333,44444,55555,66666,77777,88888,99999

      00000,11111,22222,33333,44444,55555,66666,77777,88888,99999

      00000,11111,22222,33333,44444,55555,66666,77777,88888,99999

      00000,11111,22222,33333,44444,55555,66666,77777,88888,99999

      00000,11111,22222,33333,44444,55555,66666,77777,88888,99999

      00000,11111,22222,33333,44444,55555,66666,77777,88888,99999

      00000,11111,22222,33333,44444,55555,66666,77777,88888,99999

      00000,11111,22222,33333,44444,55555,66666,77777,88888,99999

      00000,11111,22222,33333,44444,55555,66666,77777,88888,99999

      00000,11111,22222,33333,44444,55555,66666,77777,88888,99999

      00000,11111,22222,33333,44444,55555,66666,77777,88888,99999

      00000,11111,22222,33333,44444,55555,66666,77777,88888,99999

      00000,11111,22222,33333,44444,55555,66666,77777,88888,99999

      00000,11111,22222,33333,44444,55555,66666,77777,88888,99999

      00000,11111,22222,33333,44444,55555,66666,77777,88888,99999

      00000,11111,22222,33333,44444,55555,66666,77777,88888,99999

      00000,11111,22222,33333,44444,55555,66666,77777,88888,99999

      00000,11111,22222,33333,44444,55555,66666,77777,88888,99999

      00000,11111,22222,33333,44444,55555,66666,77777,88888,99999

      00000,11111,22222,33333,44444,55555,66666,77777,88888,99999

      00000,11111,22222,33333,44444,55555,66666,77777,88888,99999

      00000,11111,22222,33333,44444,55555,66666,77777,88888,99999

      00000,11111,22222,33333,44444,55555,66666,77777,88888,99999

      00000,11111,22222,33333,44444,55555,66666,77777,88888,99999

      00000,11111,22222,33333,44444,55555,66666,77777,88888,99999

      00000,11111,22222,33333,44444,55555,66666,77777,88888,99999

      00000,11111,22222,33333,44444,55555,66666,77777,88888,99999

      00000,11111,22222,33333,44444,55555,66666,77777,88888,99999

      00000,11111,22222,33333,44444,55555,66666,77777,88888,99999

      00000,11111,22222,33333,44444,55555,66666,77777,88888,99999

      00000,11111,22222,33333,44444,55555,66666,77777,88888,99999

      00000,11111,22222,33333,44444,55555,66666,77777,88888,99999

      00000,11111,22222,33333,44444,55555,66666,77777,88888,99999

      00000,11111,22222,33333,44444,55555,66666,77777,88888,99999

      00000,11111,22222,33333,44444,55555,66666,77777,88888,99999

      00000,11111,22222,33333,44444,55555,66666,77777,88888,99999

      00000,11111,22222,33333,44444,55555,66666,77777,88888,99999

      00000,11111,22222,33333,44444,55555,66666,77777,88888,99999

      00000,11111,22222,33333,44444,55555,66666,77777,88888,99999

      00000,11111,22222,33333,44444,55555,66666,77777,88888,99999

      00000,11111,22222,33333,44444,55555,66666,77777,88888,99999

      00000,11111,22222,33333,44444,55555,66666,77777,88888,99999

      00000,11111,22222,33333,44444,55555,66666,77777,88888,99999

      00000,11111,22222,33333,44444,55555,66666,77777,88888,99999

      00000,11111,22222,33333,44444,55555,66666,77777,88888,99999

      00000,11111,22222,33333,44444,55555,66666,77777,88888,99999

      00000,11111,22222,33333,44444,55555,66666,77777,88888,99999

      00000,11111,22222,33333,44444,55555,66666,77777,88888,99999

      00000,11111,22222,33333,44444,55555,66666,77777,88888,99999

      00000,11111,22222,33333,44444,55555,66666,77777,88888,99999

      00000,11111,22222,33333,44444,55555,66666,77777,88888,99999

      00000,11111,22222,33333,44444,55555,66666,77777,88888,99999

      00000,11111,22222,33333,44444,55555,66666,77777,88888,99999

      00000,11111,22222,33333,44444,55555,66666,77777,88888,99999

      00000,11111,22222,33333,44444,55555,66666,77777,88888,99999

      00000,11111,22222,33333,44444,55555,66666,77777,88888,99999

      00000,11111,22222,33333,44444,55555,66666,77777,88888,99999

'
    headers:
      Accept: ['*/*']
      Accept-Encoding: ['gzip, deflate']
      Connection: [keep-alive]
      Content-Length: ['6000']
      User-Agent: [python-requests/2.11.1]
    method: POST
    uri: https://fakestore.azuredatalakestore.net/webhdfs/v1/azure_test_dir/remote.csv?OP=APPEND&append=true
  response:
    body: {string: ''}
    headers:
      Cache-Control: [no-cache]
      Content-Length: ['0']
      Date: ['Thu, 01 Sep 2016 17:02:07 GMT']
      Expires: ['-1']
      Pragma: [no-cache]
      Server-Perf: ['[21b5e395-b1fd-4ec5-b6b9-72dca2039965][ AuthTime::0::PostAuthTime::0
          ][S-FsOpenStream :: 00:00:010 ms]%0a[S-FsGetStreamLength :: 00:00:008 ms]%0a[S-FsAppendStream
          :: 00:00:190 ms]%0a[BufferingTime :: 00:00:000 ms]%0a[WriteTime :: 00:00:190
          ms]%0a[S-FsAppendStream :: 00:00:027 ms]%0a[S-FsCloseHandle :: 00:00:001
          ms]%0a[APPEND :: 00:00:239 ms]%0a']
      Status: ['0x0']
      Strict-Transport-Security: [max-age=15724800; includeSubDomains]
      X-Content-Type-Options: [nosniff]
      x-ms-request-id: [21b5e395-b1fd-4ec5-b6b9-72dca2039965]
      x-ms-webhdfs-version: [16.07.07.01]
    status: {code: 200, message: OK}
- request:
    body: null
    headers:
      Accept: ['*/*']
      Accept-Encoding: ['gzip, deflate']
      Connection: [keep-alive]
      User-Agent: [python-requests/2.11.1]
    method: GET
    uri: https://fakestore.azuredatalakestore.net/webhdfs/v1/azure_test_dir/remote.csv?OP=LISTSTATUS
  response:
    body: {string: '{"FileStatuses":{"FileStatus":[{"length":6000,"pathSuffix":"","type":"FILE","blockSize":268435456,"accessTime":1472749327547,"modificationTime":1472749328069,"replication":1,"permission":"770","owner":"49b2f9ec-818a-49ca-9424-249e1f19f7d7","group":"49b2f9ec-818a-49ca-9424-249e1f19f7d7"}]}}'}
    headers:
      Cache-Control: [no-cache]
      Content-Length: ['290']
      Content-Type: [application/json; charset=utf-8]
      Date: ['Thu, 01 Sep 2016 17:02:07 GMT']
      Expires: ['-1']
      Pragma: [no-cache]
      Server-Perf: ['[e5c02871-efc7-4f19-b67b-5c760fe2e7e8][ AuthTime::0::PostAuthTime::0
          ][S-HdfsListStatus :: 00:00:008 ms]%0a[LISTSTATUS :: 00:00:008 ms]%0a']
      Status: ['0x0']
      Strict-Transport-Security: [max-age=15724800; includeSubDomains]
      X-Content-Type-Options: [nosniff]
      x-ms-request-id: [e5c02871-efc7-4f19-b67b-5c760fe2e7e8]
      x-ms-webhdfs-version: [16.07.07.01]
    status: {code: 200, message: OK}
- request:
    body: null
    headers:
      Accept: ['*/*']
      Accept-Encoding: ['gzip, deflate']
      Connection: [keep-alive]
      User-Agent: [python-requests/2.11.1]
    method: GET
    uri: https://fakestore.azuredatalakestore.net/webhdfs/v1/azure_test_dir?OP=LISTSTATUS
  response:
    body: {string: '{"FileStatuses":{"FileStatus":[{"length":6000,"pathSuffix":"remote.csv","type":"FILE","blockSize":268435456,"accessTime":1472749327547,"modificationTime":1472749328069,"replication":1,"permission":"770","owner":"49b2f9ec-818a-49ca-9424-249e1f19f7d7","group":"49b2f9ec-818a-49ca-9424-249e1f19f7d7"}]}}'}
    headers:
      Cache-Control: [no-cache]
      Content-Length: ['300']
      Content-Type: [application/json; charset=utf-8]
      Date: ['Thu, 01 Sep 2016 17:02:08 GMT']
      Expires: ['-1']
      Pragma: [no-cache]
      Server-Perf: ['[ad0981f6-bc06-489a-a95b-2e0a9fa0fdcb][ AuthTime::0::PostAuthTime::0
          ][S-HdfsListStatus :: 00:00:011 ms]%0a[LISTSTATUS :: 00:00:011 ms]%0a']
      Status: ['0x0']
      Strict-Transport-Security: [max-age=15724800; includeSubDomains]
      X-Content-Type-Options: [nosniff]
      x-ms-request-id: [ad0981f6-bc06-489a-a95b-2e0a9fa0fdcb]
      x-ms-webhdfs-version: [16.07.07.01]
    status: {code: 200, message: OK}
- request:
    body: null
    headers:
      Accept: ['*/*']
      Accept-Encoding: ['gzip, deflate']
      Connection: [keep-alive]
      User-Agent: [python-requests/2.11.1]
    method: GET
    uri: https://fakestore.azuredatalakestore.net/webhdfs/v1/azure_test_dir/remote.csv?length=6000&OP=OPEN&offset=0
  response:
    body: {string: ''}
    headers:
      Cache-Control: [no-cache]
      Content-Length: ['0']
      ContentLength: ['0']
      Date: ['Thu, 01 Sep 2016 17:02:08 GMT']
      Expires: ['-1']
      Location: ['https://fakestore.azuredatalakestore.net/webhdfs/v1/azure_test_dir/remote.csv?length=6000&OP=OPEN&offset=0&read=true']
      Pragma: [no-cache]
      Server-Perf: ['[225243b6-14f6-4338-ad06-afef71736c28][ AuthTime::0::PostAuthTime::0
          ][OPEN :: 00:00:000 ms]%0a']
      Status: ['0x0']
      Strict-Transport-Security: [max-age=15724800; includeSubDomains]
      X-Content-Type-Options: [nosniff]
      x-ms-request-id: [225243b6-14f6-4338-ad06-afef71736c28]
      x-ms-webhdfs-version: [16.07.07.01]
    status: {code: 307, message: Temporary Redirect}
- request:
    body: null
    headers:
      Accept: ['*/*']
      Accept-Encoding: ['gzip, deflate']
      Connection: [keep-alive]
      User-Agent: [python-requests/2.11.1]
    method: GET
    uri: https://fakestore.azuredatalakestore.net/webhdfs/v1/azure_test_dir/remote.csv?length=6000&OP=OPEN&offset=0&read=true
  response:
    body: {string: '00000,11111,22222,33333,44444,55555,66666,77777,88888,99999

        00000,11111,22222,33333,44444,55555,66666,77777,88888,99999

        00000,11111,22222,33333,44444,55555,66666,77777,88888,99999

        00000,11111,22222,33333,44444,55555,66666,77777,88888,99999

        00000,11111,22222,33333,44444,55555,66666,77777,88888,99999

        00000,11111,22222,33333,44444,55555,66666,77777,88888,99999

        00000,11111,22222,33333,44444,55555,66666,77777,88888,99999

        00000,11111,22222,33333,44444,55555,66666,77777,88888,99999

        00000,11111,22222,33333,44444,55555,66666,77777,88888,99999

        00000,11111,22222,33333,44444,55555,66666,77777,88888,99999

        00000,11111,22222,33333,44444,55555,66666,77777,88888,99999

        00000,11111,22222,33333,44444,55555,66666,77777,88888,99999

        00000,11111,22222,33333,44444,55555,66666,77777,88888,99999

        00000,11111,22222,33333,44444,55555,66666,77777,88888,99999

        00000,11111,22222,33333,44444,55555,66666,77777,88888,99999

        00000,11111,22222,33333,44444,55555,66666,77777,88888,99999

        00000,11111,22222,33333,44444,55555,66666,77777,88888,99999

        00000,11111,22222,33333,44444,55555,66666,77777,88888,99999

        00000,11111,22222,33333,44444,55555,66666,77777,88888,99999

        00000,11111,22222,33333,44444,55555,66666,77777,88888,99999

        00000,11111,22222,33333,44444,55555,66666,77777,88888,99999

        00000,11111,22222,33333,44444,55555,66666,77777,88888,99999

        00000,11111,22222,33333,44444,55555,66666,77777,88888,99999

        00000,11111,22222,33333,44444,55555,66666,77777,88888,99999

        00000,11111,22222,33333,44444,55555,66666,77777,88888,99999

        00000,11111,22222,33333,44444,55555,66666,77777,88888,99999

        00000,11111,22222,33333,44444,55555,66666,77777,88888,99999

        00000,11111,22222,33333,44444,55555,66666,77777,88888,99999

        00000,11111,22222,33333,44444,55555,66666,77777,88888,99999

        00000,11111,22222,33333,44444,55555,66666,77777,88888,99999

        00000,11111,22222,33333,44444,55555,66666,77777,88888,99999

        00000,11111,22222,33333,44444,55555,66666,77777,88888,99999

        00000,11111,22222,33333,44444,55555,66666,77777,88888,99999

        00000,11111,22222,33333,44444,55555,66666,77777,88888,99999

        00000,11111,22222,33333,44444,55555,66666,77777,88888,99999

        00000,11111,22222,33333,44444,55555,66666,77777,88888,99999

        00000,11111,22222,33333,44444,55555,66666,77777,88888,99999

        00000,11111,22222,33333,44444,55555,66666,77777,88888,99999

        00000,11111,22222,33333,44444,55555,66666,77777,88888,99999

        00000,11111,22222,33333,44444,55555,66666,77777,88888,99999

        00000,11111,22222,33333,44444,55555,66666,77777,88888,99999

        00000,11111,22222,33333,44444,55555,66666,77777,88888,99999

        00000,11111,22222,33333,44444,55555,66666,77777,88888,99999

        00000,11111,22222,33333,44444,55555,66666,77777,88888,99999

        00000,11111,22222,33333,44444,55555,66666,77777,88888,99999

        00000,11111,22222,33333,44444,55555,66666,77777,88888,99999

        00000,11111,22222,33333,44444,55555,66666,77777,88888,99999

        00000,11111,22222,33333,44444,55555,66666,77777,88888,99999

        00000,11111,22222,33333,44444,55555,66666,77777,88888,99999

        00000,11111,22222,33333,44444,55555,66666,77777,88888,99999

        00000,11111,22222,33333,44444,55555,66666,77777,88888,99999

        00000,11111,22222,33333,44444,55555,66666,77777,88888,99999

        00000,11111,22222,33333,44444,55555,66666,77777,88888,99999

        00000,11111,22222,33333,44444,55555,66666,77777,88888,99999

        00000,11111,22222,33333,44444,55555,66666,77777,88888,99999

        00000,11111,22222,33333,44444,55555,66666,77777,88888,99999

        00000,11111,22222,33333,44444,55555,66666,77777,88888,99999

        00000,11111,22222,33333,44444,55555,66666,77777,88888,99999

        00000,11111,22222,33333,44444,55555,66666,77777,88888,99999

        00000,11111,22222,33333,44444,55555,66666,77777,88888,99999

        00000,11111,22222,33333,44444,55555,66666,77777,88888,99999

        00000,11111,22222,33333,44444,55555,66666,77777,88888,99999

        00000,11111,22222,33333,44444,55555,66666,77777,88888,99999

        00000,11111,22222,33333,44444,55555,66666,77777,88888,99999

        00000,11111,22222,33333,44444,55555,66666,77777,88888,99999

        00000,11111,22222,33333,44444,55555,66666,77777,88888,99999

        00000,11111,22222,33333,44444,55555,66666,77777,88888,99999

        00000,11111,22222,33333,44444,55555,66666,77777,88888,99999

        00000,11111,22222,33333,44444,55555,66666,77777,88888,99999

        00000,11111,22222,33333,44444,55555,66666,77777,88888,99999

        00000,11111,22222,33333,44444,55555,66666,77777,88888,99999

        00000,11111,22222,33333,44444,55555,66666,77777,88888,99999

        00000,11111,22222,33333,44444,55555,66666,77777,88888,99999

        00000,11111,22222,33333,44444,55555,66666,77777,88888,99999

        00000,11111,22222,33333,44444,55555,66666,77777,88888,99999

        00000,11111,22222,33333,44444,55555,66666,77777,88888,99999

        00000,11111,22222,33333,44444,55555,66666,77777,88888,99999

        00000,11111,22222,33333,44444,55555,66666,77777,88888,99999

        00000,11111,22222,33333,44444,55555,66666,77777,88888,99999

        00000,11111,22222,33333,44444,55555,66666,77777,88888,99999

        00000,11111,22222,33333,44444,55555,66666,77777,88888,99999

        00000,11111,22222,33333,44444,55555,66666,77777,88888,99999

        00000,11111,22222,33333,44444,55555,66666,77777,88888,99999

        00000,11111,22222,33333,44444,55555,66666,77777,88888,99999

        00000,11111,22222,33333,44444,55555,66666,77777,88888,99999

        00000,11111,22222,33333,44444,55555,66666,77777,88888,99999

        00000,11111,22222,33333,44444,55555,66666,77777,88888,99999

        00000,11111,22222,33333,44444,55555,66666,77777,88888,99999

        00000,11111,22222,33333,44444,55555,66666,77777,88888,99999

        00000,11111,22222,33333,44444,55555,66666,77777,88888,99999

        00000,11111,22222,33333,44444,55555,66666,77777,88888,99999

        00000,11111,22222,33333,44444,55555,66666,77777,88888,99999

        00000,11111,22222,33333,44444,55555,66666,77777,88888,99999

        00000,11111,22222,33333,44444,55555,66666,77777,88888,99999

        00000,11111,22222,33333,44444,55555,66666,77777,88888,99999

        00000,11111,22222,33333,44444,55555,66666,77777,88888,99999

        00000,11111,22222,33333,44444,55555,66666,77777,88888,99999

        00000,11111,22222,33333,44444,55555,66666,77777,88888,99999

        00000,11111,22222,33333,44444,55555,66666,77777,88888,99999

        00000,11111,22222,33333,44444,55555,66666,77777,88888,99999

'}
    headers:
      Cache-Control: [no-cache]
      Content-Type: [application/octet-stream]
      Date: ['Thu, 01 Sep 2016 17:02:08 GMT']
      Expires: ['-1']
      Pragma: [no-cache]
      Server-Perf: ['[5a677b18-1ab5-426f-9cc7-dee5b142a9e0][ AuthTime::0::PostAuthTime::0
          ][S-FsOpenStream :: 00:00:012 ms]%0a[S-FsReadStream :: 00:00:146 ms]%0a[OPEN
          :: 00:00:158 ms]%0a']
      Status: ['0x0']
      Strict-Transport-Security: [max-age=15724800; includeSubDomains]
      Transfer-Encoding: [chunked]
      X-Content-Type-Options: [nosniff]
      x-ms-request-id: [5a677b18-1ab5-426f-9cc7-dee5b142a9e0]
      x-ms-webhdfs-version: [16.07.07.01]
    status: {code: 200, message: OK}
- request:
    body: null
    headers:
      Accept: ['*/*']
      Accept-Encoding: ['gzip, deflate']
      Connection: [keep-alive]
      Content-Length: ['0']
      User-Agent: [python-requests/2.11.1]
    method: DELETE
    uri: https://fakestore.azuredatalakestore.net/webhdfs/v1/azure_test_dir/remote.csv?OP=DELETE&recursive=True
  response:
    body: {string: '{"boolean":true}'}
    headers:
      Cache-Control: [no-cache]
      Content-Length: ['16']
      Content-Type: [application/json; charset=utf-8]
      Date: ['Thu, 01 Sep 2016 17:02:09 GMT']
      Expires: ['-1']
      Pragma: [no-cache]
      Server-Perf: ['[8b5a48f1-ba39-4595-94a1-b3f9876dbf06][ AuthTime::0::PostAuthTime::0
          ][S-FsDelete :: 00:00:072 ms]%0a[DELETE :: 00:00:074 ms]%0a']
      Status: ['0x0']
      Strict-Transport-Security: [max-age=15724800; includeSubDomains]
      X-Content-Type-Options: [nosniff]
      x-ms-request-id: [8b5a48f1-ba39-4595-94a1-b3f9876dbf06]
      x-ms-webhdfs-version: [16.07.07.01]
    status: {code: 200, message: OK}
version: 1
