interactions:
- request:
    body: null
    headers:
      Accept: ['*/*']
      Accept-Encoding: ['gzip, deflate']
      Connection: [keep-alive]
      Content-Length: ['0']
      User-Agent: [python-requests/2.10.0]
    method: PUT
    uri: https://fakestore.azuredatalakestore.net/webhdfs/v1/azure_test_dir/remote.csv?overwrite=True&OP=CREATE
  response:
    body: {string: !!python/unicode ''}
    headers:
      cache-control: [no-cache]
      content-length: ['0']
      contentlength: ['0']
      date: ['Sun, 21 Aug 2016 08:53:45 GMT']
      expires: ['-1']
      location: ['https://fakestore.azuredatalakestore.net/webhdfs/v1/azure_test_dir/remote.csv?overwrite=True&OP=CREATE&write=true']
      pragma: [no-cache]
      server-perf: ['[4ae6786c-5eda-4b01-8e4a-497d5d37fce1][ AuthTime::0::PostAuthTime::0
          ][S-HdfsGetFileStatusV2 :: 00:00:006 ms]%0a[CREATE :: 00:00:006 ms]%0a']
      status: ['0x8309000A']
      strict-transport-security: [max-age=15724800; includeSubDomains]
      x-content-type-options: [nosniff]
      x-ms-request-id: [4ae6786c-5eda-4b01-8e4a-497d5d37fce1]
      x-ms-webhdfs-version: [16.07.07.01]
    status: {code: 307, message: Temporary Redirect}
- request:
    body: null
    headers:
      Accept: ['*/*']
      Accept-Encoding: ['gzip, deflate']
      Connection: [keep-alive]
      Content-Length: ['0']
      User-Agent: [python-requests/2.10.0]
    method: PUT
    uri: https://fakestore.azuredatalakestore.net/webhdfs/v1/azure_test_dir/remote.csv?overwrite=True&OP=CREATE&write=true
  response:
    body: {string: !!python/unicode ''}
    headers:
      cache-control: [no-cache]
      content-length: ['0']
      contentlength: ['0']
      date: ['Sun, 21 Aug 2016 08:53:45 GMT']
      expires: ['-1']
      location: ['https://fakestore.azuredatalakestore.net/webhdfs/v1/azure_test_dir/remote.csv?overwrite=True&OP=CREATE&write=true']
      pragma: [no-cache]
      server-perf: ['[34ae6640-b77f-42e9-950e-ed4e8bcb3009][ AuthTime::0::PostAuthTime::0
          ][S-HdfsGetFileStatusV2 :: 00:00:006 ms]%0a[S-HdfsCheckAccess :: 00:00:002
          ms]%0a[S-FsDelete :: 00:00:006 ms]%0a[S-FsOpenStream :: 00:00:057 ms]%0a[BufferingTime
          :: 00:00:000 ms]%0a[WriteTime :: 00:00:000 ms]%0a[S-FsCloseHandle :: 00:00:001
          ms]%0a[CREATE :: 00:00:075 ms]%0a']
      status: ['0x0']
      strict-transport-security: [max-age=15724800; includeSubDomains]
      x-content-type-options: [nosniff]
      x-ms-request-id: [34ae6640-b77f-42e9-950e-ed4e8bcb3009]
      x-ms-webhdfs-version: [16.07.07.01]
    status: {code: 201, message: Created}
- request:
    body: !!python/unicode '00000,11111,22222,33333,44444,55555,66666,77777,88888,99999

      00000,11111,22222,33333,44444,55555,66666,77777,88888,99999

      00000,11111,22222,33333,44444,55555,66666,77777,88888,99999

      00000,11111,22222,33333,44444,55555,66666,77777,88888,99999

      00000,11111,22222,33333,44444,55555,66666,77777,88888,99999

      00000,11111,22222,33333,44444,55555,66666,77777,88888,99999

      00000,11111,22222,33333,44444,55555,66666,77777,88888,99999

      00000,11111,22222,33333,44444,55555,66666,77777,88888,99999

      00000,11111,22222,33333,44444,55555,66666,77777,88888,99999

      00000,11111,22222,33333,44444,55555,66666,77777,88888,99999

      00000,11111,22222,33333,44444,55555,66666,77777,88888,99999

      00000,11111,22222,33333,44444,55555,66666,77777,88888,99999

      00000,11111,22222,33333,44444,55555,66666,77777,88888,99999

      00000,11111,22222,33333,44444,55555,66666,77777,88888,99999

      00000,11111,22222,33333,44444,55555,66666,77777,88888,99999

      00000,11111,22222,33333,44444,55555,66666,77777,88888,99999

      00000,11111,22222,33333,44444,55555,66666,77777,88888,99999

      00000,11111,22222,33333,44444,55555,66666,77777,88888,99999

      00000,11111,22222,33333,44444,55555,66666,77777,88888,99999

      00000,11111,22222,33333,44444,55555,66666,77777,88888,99999

      00000,11111,22222,33333,44444,55555,66666,77777,88888,99999

      00000,11111,22222,33333,44444,55555,66666,77777,88888,99999

      00000,11111,22222,33333,44444,55555,66666,77777,88888,99999

      00000,11111,22222,33333,44444,55555,66666,77777,88888,99999

      00000,11111,22222,33333,44444,55555,66666,77777,88888,99999

      00000,11111,22222,33333,44444,55555,66666,77777,88888,99999

      00000,11111,22222,33333,44444,55555,66666,77777,88888,99999

      00000,11111,22222,33333,44444,55555,66666,77777,88888,99999

      00000,11111,22222,33333,44444,55555,66666,77777,88888,99999

      00000,11111,22222,33333,44444,55555,66666,77777,88888,99999

      00000,11111,22222,33333,44444,55555,66666,77777,88888,99999

      00000,11111,22222,33333,44444,55555,66666,77777,88888,99999

      00000,11111,22222,33333,44444,55555,66666,77777,88888,99999

      00000,11111,22222,33333,44444,55555,66666,77777,88888,99999

      00000,11111,22222,33333,44444,55555,66666,77777,88888,99999

      00000,11111,22222,33333,44444,55555,66666,77777,88888,99999

      00000,11111,22222,33333,44444,55555,66666,77777,88888,99999

      00000,11111,22222,33333,44444,55555,66666,77777,88888,99999

      00000,11111,22222,33333,44444,55555,66666,77777,88888,99999

      00000,11111,22222,33333,44444,55555,66666,77777,88888,99999

      00000,11111,22222,33333,44444,55555,66666,77777,88888,99999

      00000,11111,22222,33333,44444,55555,66666,77777,88888,99999

      00000,11111,22222,33333,44444,55555,66666,77777,88888,99999

      00000,11111,22222,33333,44444,55555,66666,77777,88888,99999

      00000,11111,22222,33333,44444,55555,66666,77777,88888,99999

      00000,11111,22222,33333,44444,55555,66666,77777,88888,99999

      00000,11111,22222,33333,44444,55555,66666,77777,88888,99999

      00000,11111,22222,33333,44444,55555,66666,77777,88888,99999

      00000,11111,22222,33333,44444,55555,66666,77777,88888,99999

      00000,11111,22222,33333,44444,55555,66666,77777,88888,99999

      00000,11111,22222,33333,44444,55555,66666,77777,88888,99999

      00000,11111,22222,33333,44444,55555,66666,77777,88888,99999

      00000,11111,22222,33333,44444,55555,66666,77777,88888,99999

      00000,11111,22222,33333,44444,55555,66666,77777,88888,99999

      00000,11111,22222,33333,44444,55555,66666,77777,88888,99999

      00000,11111,22222,33333,44444,55555,66666,77777,88888,99999

      00000,11111,22222,33333,44444,55555,66666,77777,88888,99999

      00000,11111,22222,33333,44444,55555,66666,77777,88888,99999

      00000,11111,22222,33333,44444,55555,66666,77777,88888,99999

      00000,11111,22222,33333,44444,55555,66666,77777,88888,99999

      00000,11111,22222,33333,44444,55555,66666,77777,88888,99999

      00000,11111,22222,33333,44444,55555,66666,77777,88888,99999

      00000,11111,22222,33333,44444,55555,66666,77777,88888,99999

      00000,11111,22222,33333,44444,55555,66666,77777,88888,99999

      00000,11111,22222,33333,44444,55555,66666,77777,88888,99999

      00000,11111,22222,33333,44444,55555,66666,77777,88888,99999

      00000,11111,22222,33333,44444,55555,66666,77777,88888,99999

      00000,11111,22222,33333,44444,55555,66666,77777,88888,99999

      00000,11111,22222,33333,44444,55555,66666,77777,88888,99999

      00000,11111,22222,33333,44444,55555,66666,77777,88888,99999

      00000,11111,22222,33333,44444,55555,66666,77777,88888,99999

      00000,11111,22222,33333,44444,55555,66666,77777,88888,99999

      00000,11111,22222,33333,44444,55555,66666,77777,88888,99999

      00000,11111,22222,33333,44444,55555,66666,77777,88888,99999

      00000,11111,22222,33333,44444,55555,66666,77777,88888,99999

      00000,11111,22222,33333,44444,55555,66666,77777,88888,99999

      00000,11111,22222,33333,44444,55555,66666,77777,88888,99999

      00000,11111,22222,33333,44444,55555,66666,77777,88888,99999

      00000,11111,22222,33333,44444,55555,66666,77777,88888,99999

      00000,11111,22222,33333,44444,55555,66666,77777,88888,99999

      00000,11111,22222,33333,44444,55555,66666,77777,88888,99999

      00000,11111,22222,33333,44444,55555,66666,77777,88888,99999

      00000,11111,22222,33333,44444,55555,66666,77777,88888,99999

      00000,11111,22222,33333,44444,55555,66666,77777,88888,99999

      00000,11111,22222,33333,44444,55555,66666,77777,88888,99999

      00000,11111,22222,33333,44444,55555,66666,77777,88888,99999

      00000,11111,22222,33333,44444,55555,66666,77777,88888,99999

      00000,11111,22222,33333,44444,55555,66666,77777,88888,99999

      00000,11111,22222,33333,44444,55555,66666,77777,88888,99999

      00000,11111,22222,33333,44444,55555,66666,77777,88888,99999

      00000,11111,22222,33333,44444,55555,66666,77777,88888,99999

      00000,11111,22222,33333,44444,55555,66666,77777,88888,99999

      00000,11111,22222,33333,44444,55555,66666,77777,88888,99999

      00000,11111,22222,33333,44444,55555,66666,77777,88888,99999

      00000,11111,22222,33333,44444,55555,66666,77777,88888,99999

      00000,11111,22222,33333,44444,55555,66666,77777,88888,99999

      00000,11111,22222,33333,44444,55555,66666,77777,88888,99999

      00000,11111,22222,33333,44444,55555,66666,77777,88888,99999

      00000,11111,22222,33333,44444,55555,66666,77777,88888,99999

      00000,11111,22222,33333,44444,55555,66666,77777,88888,99999

'
    headers:
      Accept: ['*/*']
      Accept-Encoding: ['gzip, deflate']
      Connection: [keep-alive]
      Content-Length: ['6000']
      User-Agent: [python-requests/2.10.0]
    method: POST
    uri: https://fakestore.azuredatalakestore.net/webhdfs/v1/azure_test_dir/remote.csv?OP=APPEND
  response:
    body: {string: !!python/unicode ''}
    headers:
      cache-control: [no-cache]
      content-length: ['0']
      contentlength: ['0']
      date: ['Sun, 21 Aug 2016 08:53:45 GMT']
      expires: ['-1']
      location: ['https://fakestore.azuredatalakestore.net/webhdfs/v1/azure_test_dir/remote.csv?OP=APPEND&append=true']
      pragma: [no-cache]
      server-perf: ['[26050e2d-a867-4c68-8968-622c9767556e][ AuthTime::0::PostAuthTime::0
          ][APPEND :: 00:00:000 ms]%0a']
      status: ['0x0']
      strict-transport-security: [max-age=15724800; includeSubDomains]
      x-content-type-options: [nosniff]
      x-ms-request-id: [26050e2d-a867-4c68-8968-622c9767556e]
      x-ms-webhdfs-version: [16.07.07.01]
    status: {code: 307, message: Temporary Redirect}
- request:
    body: !!python/unicode '00000,11111,22222,33333,44444,55555,66666,77777,88888,99999

      00000,11111,22222,33333,44444,55555,66666,77777,88888,99999

      00000,11111,22222,33333,44444,55555,66666,77777,88888,99999

      00000,11111,22222,33333,44444,55555,66666,77777,88888,99999

      00000,11111,22222,33333,44444,55555,66666,77777,88888,99999

      00000,11111,22222,33333,44444,55555,66666,77777,88888,99999

      00000,11111,22222,33333,44444,55555,66666,77777,88888,99999

      00000,11111,22222,33333,44444,55555,66666,77777,88888,99999

      00000,11111,22222,33333,44444,55555,66666,77777,88888,99999

      00000,11111,22222,33333,44444,55555,66666,77777,88888,99999

      00000,11111,22222,33333,44444,55555,66666,77777,88888,99999

      00000,11111,22222,33333,44444,55555,66666,77777,88888,99999

      00000,11111,22222,33333,44444,55555,66666,77777,88888,99999

      00000,11111,22222,33333,44444,55555,66666,77777,88888,99999

      00000,11111,22222,33333,44444,55555,66666,77777,88888,99999

      00000,11111,22222,33333,44444,55555,66666,77777,88888,99999

      00000,11111,22222,33333,44444,55555,66666,77777,88888,99999

      00000,11111,22222,33333,44444,55555,66666,77777,88888,99999

      00000,11111,22222,33333,44444,55555,66666,77777,88888,99999

      00000,11111,22222,33333,44444,55555,66666,77777,88888,99999

      00000,11111,22222,33333,44444,55555,66666,77777,88888,99999

      00000,11111,22222,33333,44444,55555,66666,77777,88888,99999

      00000,11111,22222,33333,44444,55555,66666,77777,88888,99999

      00000,11111,22222,33333,44444,55555,66666,77777,88888,99999

      00000,11111,22222,33333,44444,55555,66666,77777,88888,99999

      00000,11111,22222,33333,44444,55555,66666,77777,88888,99999

      00000,11111,22222,33333,44444,55555,66666,77777,88888,99999

      00000,11111,22222,33333,44444,55555,66666,77777,88888,99999

      00000,11111,22222,33333,44444,55555,66666,77777,88888,99999

      00000,11111,22222,33333,44444,55555,66666,77777,88888,99999

      00000,11111,22222,33333,44444,55555,66666,77777,88888,99999

      00000,11111,22222,33333,44444,55555,66666,77777,88888,99999

      00000,11111,22222,33333,44444,55555,66666,77777,88888,99999

      00000,11111,22222,33333,44444,55555,66666,77777,88888,99999

      00000,11111,22222,33333,44444,55555,66666,77777,88888,99999

      00000,11111,22222,33333,44444,55555,66666,77777,88888,99999

      00000,11111,22222,33333,44444,55555,66666,77777,88888,99999

      00000,11111,22222,33333,44444,55555,66666,77777,88888,99999

      00000,11111,22222,33333,44444,55555,66666,77777,88888,99999

      00000,11111,22222,33333,44444,55555,66666,77777,88888,99999

      00000,11111,22222,33333,44444,55555,66666,77777,88888,99999

      00000,11111,22222,33333,44444,55555,66666,77777,88888,99999

      00000,11111,22222,33333,44444,55555,66666,77777,88888,99999

      00000,11111,22222,33333,44444,55555,66666,77777,88888,99999

      00000,11111,22222,33333,44444,55555,66666,77777,88888,99999

      00000,11111,22222,33333,44444,55555,66666,77777,88888,99999

      00000,11111,22222,33333,44444,55555,66666,77777,88888,99999

      00000,11111,22222,33333,44444,55555,66666,77777,88888,99999

      00000,11111,22222,33333,44444,55555,66666,77777,88888,99999

      00000,11111,22222,33333,44444,55555,66666,77777,88888,99999

      00000,11111,22222,33333,44444,55555,66666,77777,88888,99999

      00000,11111,22222,33333,44444,55555,66666,77777,88888,99999

      00000,11111,22222,33333,44444,55555,66666,77777,88888,99999

      00000,11111,22222,33333,44444,55555,66666,77777,88888,99999

      00000,11111,22222,33333,44444,55555,66666,77777,88888,99999

      00000,11111,22222,33333,44444,55555,66666,77777,88888,99999

      00000,11111,22222,33333,44444,55555,66666,77777,88888,99999

      00000,11111,22222,33333,44444,55555,66666,77777,88888,99999

      00000,11111,22222,33333,44444,55555,66666,77777,88888,99999

      00000,11111,22222,33333,44444,55555,66666,77777,88888,99999

      00000,11111,22222,33333,44444,55555,66666,77777,88888,99999

      00000,11111,22222,33333,44444,55555,66666,77777,88888,99999

      00000,11111,22222,33333,44444,55555,66666,77777,88888,99999

      00000,11111,22222,33333,44444,55555,66666,77777,88888,99999

      00000,11111,22222,33333,44444,55555,66666,77777,88888,99999

      00000,11111,22222,33333,44444,55555,66666,77777,88888,99999

      00000,11111,22222,33333,44444,55555,66666,77777,88888,99999

      00000,11111,22222,33333,44444,55555,66666,77777,88888,99999

      00000,11111,22222,33333,44444,55555,66666,77777,88888,99999

      00000,11111,22222,33333,44444,55555,66666,77777,88888,99999

      00000,11111,22222,33333,44444,55555,66666,77777,88888,99999

      00000,11111,22222,33333,44444,55555,66666,77777,88888,99999

      00000,11111,22222,33333,44444,55555,66666,77777,88888,99999

      00000,11111,22222,33333,44444,55555,66666,77777,88888,99999

      00000,11111,22222,33333,44444,55555,66666,77777,88888,99999

      00000,11111,22222,33333,44444,55555,66666,77777,88888,99999

      00000,11111,22222,33333,44444,55555,66666,77777,88888,99999

      00000,11111,22222,33333,44444,55555,66666,77777,88888,99999

      00000,11111,22222,33333,44444,55555,66666,77777,88888,99999

      00000,11111,22222,33333,44444,55555,66666,77777,88888,99999

      00000,11111,22222,33333,44444,55555,66666,77777,88888,99999

      00000,11111,22222,33333,44444,55555,66666,77777,88888,99999

      00000,11111,22222,33333,44444,55555,66666,77777,88888,99999

      00000,11111,22222,33333,44444,55555,66666,77777,88888,99999

      00000,11111,22222,33333,44444,55555,66666,77777,88888,99999

      00000,11111,22222,33333,44444,55555,66666,77777,88888,99999

      00000,11111,22222,33333,44444,55555,66666,77777,88888,99999

      00000,11111,22222,33333,44444,55555,66666,77777,88888,99999

      00000,11111,22222,33333,44444,55555,66666,77777,88888,99999

      00000,11111,22222,33333,44444,55555,66666,77777,88888,99999

      00000,11111,22222,33333,44444,55555,66666,77777,88888,99999

      00000,11111,22222,33333,44444,55555,66666,77777,88888,99999

      00000,11111,22222,33333,44444,55555,66666,77777,88888,99999

      00000,11111,22222,33333,44444,55555,66666,77777,88888,99999

      00000,11111,22222,33333,44444,55555,66666,77777,88888,99999

      00000,11111,22222,33333,44444,55555,66666,77777,88888,99999

      00000,11111,22222,33333,44444,55555,66666,77777,88888,99999

      00000,11111,22222,33333,44444,55555,66666,77777,88888,99999

      00000,11111,22222,33333,44444,55555,66666,77777,88888,99999

      00000,11111,22222,33333,44444,55555,66666,77777,88888,99999

'
    headers:
      Accept: ['*/*']
      Accept-Encoding: ['gzip, deflate']
      Connection: [keep-alive]
      Content-Length: ['6000']
      User-Agent: [python-requests/2.10.0]
    method: POST
    uri: https://fakestore.azuredatalakestore.net/webhdfs/v1/azure_test_dir/remote.csv?OP=APPEND&append=true
  response:
    body: {string: !!python/unicode ''}
    headers:
      cache-control: [no-cache]
      content-length: ['0']
      date: ['Sun, 21 Aug 2016 08:53:45 GMT']
      expires: ['-1']
      pragma: [no-cache]
      server-perf: ['[30d64e01-681d-4c65-ad50-cda80ead8a52][ AuthTime::0::PostAuthTime::0
          ][S-FsOpenStream :: 00:00:010 ms]%0a[S-FsGetStreamLength :: 00:00:009 ms]%0a[S-FsAppendStream
          :: 00:00:158 ms]%0a[BufferingTime :: 00:00:000 ms]%0a[WriteTime :: 00:00:158
          ms]%0a[S-FsCloseHandle :: 00:00:001 ms]%0a[APPEND :: 00:00:180 ms]%0a']
      status: ['0x0']
      strict-transport-security: [max-age=15724800; includeSubDomains]
      x-content-type-options: [nosniff]
      x-ms-request-id: [30d64e01-681d-4c65-ad50-cda80ead8a52]
      x-ms-webhdfs-version: [16.07.07.01]
    status: {code: 200, message: OK}
- request:
    body: null
    headers:
      Accept: ['*/*']
      Accept-Encoding: ['gzip, deflate']
      Connection: [keep-alive]
      User-Agent: [python-requests/2.10.0]
    method: GET
    uri: https://fakestore.azuredatalakestore.net/webhdfs/v1/azure_test_dir/remote.csv?OP=LISTSTATUS
  response:
    body: {string: !!python/unicode '{"FileStatuses":{"FileStatus":[{"length":6000,"pathSuffix":"","type":"FILE","blockSize":268435456,"accessTime":1471769625703,"modificationTime":1471769626150,"replication":1,"permission":"770","owner":"49b2f9ec-818a-49ca-9424-249e1f19f7d7","group":"49b2f9ec-818a-49ca-9424-249e1f19f7d7"}]}}'}
    headers:
      cache-control: [no-cache]
      content-length: ['290']
      content-type: [application/json; charset=utf-8]
      date: ['Sun, 21 Aug 2016 08:53:46 GMT']
      expires: ['-1']
      pragma: [no-cache]
      server-perf: ['[4a7ed2a0-9318-48e8-96ba-9d06dbc8e1ec][ AuthTime::0::PostAuthTime::0
          ][S-HdfsListStatus :: 00:00:008 ms]%0a[LISTSTATUS :: 00:00:009 ms]%0a']
      status: ['0x0']
      strict-transport-security: [max-age=15724800; includeSubDomains]
      x-content-type-options: [nosniff]
      x-ms-request-id: [4a7ed2a0-9318-48e8-96ba-9d06dbc8e1ec]
      x-ms-webhdfs-version: [16.07.07.01]
    status: {code: 200, message: OK}
- request:
    body: null
    headers:
      Accept: ['*/*']
      Accept-Encoding: ['gzip, deflate']
      Connection: [keep-alive]
      User-Agent: [python-requests/2.10.0]
    method: GET
    uri: https://fakestore.azuredatalakestore.net/webhdfs/v1/azure_test_dir?OP=LISTSTATUS
  response:
    body: {string: !!python/unicode '{"FileStatuses":{"FileStatus":[{"length":6000,"pathSuffix":"remote.csv","type":"FILE","blockSize":268435456,"accessTime":1471769625703,"modificationTime":1471769626150,"replication":1,"permission":"770","owner":"49b2f9ec-818a-49ca-9424-249e1f19f7d7","group":"49b2f9ec-818a-49ca-9424-249e1f19f7d7"}]}}'}
    headers:
      cache-control: [no-cache]
      content-length: ['300']
      content-type: [application/json; charset=utf-8]
      date: ['Sun, 21 Aug 2016 08:53:46 GMT']
      expires: ['-1']
      pragma: [no-cache]
      server-perf: ['[cd5e25c0-46e2-49cc-89eb-d9e59d3a65e4][ AuthTime::0::PostAuthTime::0
          ][S-HdfsListStatus :: 00:00:011 ms]%0a[LISTSTATUS :: 00:00:012 ms]%0a']
      status: ['0x0']
      strict-transport-security: [max-age=15724800; includeSubDomains]
      x-content-type-options: [nosniff]
      x-ms-request-id: [cd5e25c0-46e2-49cc-89eb-d9e59d3a65e4]
      x-ms-webhdfs-version: [16.07.07.01]
    status: {code: 200, message: OK}
- request:
    body: null
    headers:
      Accept: ['*/*']
      Accept-Encoding: ['gzip, deflate']
      Connection: [keep-alive]
      User-Agent: [python-requests/2.10.0]
    method: GET
    uri: https://fakestore.azuredatalakestore.net/webhdfs/v1/azure_test_dir/remote.csv?length=6000&offset=0&OP=OPEN
  response:
    body: {string: !!python/unicode ''}
    headers:
      cache-control: [no-cache]
      content-length: ['0']
      contentlength: ['0']
      date: ['Sun, 21 Aug 2016 08:53:46 GMT']
      expires: ['-1']
      location: ['https://fakestore.azuredatalakestore.net/webhdfs/v1/azure_test_dir/remote.csv?length=6000&offset=0&OP=OPEN&read=true']
      pragma: [no-cache]
      server-perf: ['[4e83472f-6a2b-455d-a0fd-0b0f793cb63b][ AuthTime::0::PostAuthTime::0
          ][OPEN :: 00:00:000 ms]%0a']
      status: ['0x0']
      strict-transport-security: [max-age=15724800; includeSubDomains]
      x-content-type-options: [nosniff]
      x-ms-request-id: [4e83472f-6a2b-455d-a0fd-0b0f793cb63b]
      x-ms-webhdfs-version: [16.07.07.01]
    status: {code: 307, message: Temporary Redirect}
- request:
    body: null
    headers:
      Accept: ['*/*']
      Accept-Encoding: ['gzip, deflate']
      Connection: [keep-alive]
      User-Agent: [python-requests/2.10.0]
    method: GET
    uri: https://fakestore.azuredatalakestore.net/webhdfs/v1/azure_test_dir/remote.csv?length=6000&offset=0&OP=OPEN&read=true
  response:
    body: {string: !!python/unicode '00000,11111,22222,33333,44444,55555,66666,77777,88888,99999

        00000,11111,22222,33333,44444,55555,66666,77777,88888,99999

        00000,11111,22222,33333,44444,55555,66666,77777,88888,99999

        00000,11111,22222,33333,44444,55555,66666,77777,88888,99999

        00000,11111,22222,33333,44444,55555,66666,77777,88888,99999

        00000,11111,22222,33333,44444,55555,66666,77777,88888,99999

        00000,11111,22222,33333,44444,55555,66666,77777,88888,99999

        00000,11111,22222,33333,44444,55555,66666,77777,88888,99999

        00000,11111,22222,33333,44444,55555,66666,77777,88888,99999

        00000,11111,22222,33333,44444,55555,66666,77777,88888,99999

        00000,11111,22222,33333,44444,55555,66666,77777,88888,99999

        00000,11111,22222,33333,44444,55555,66666,77777,88888,99999

        00000,11111,22222,33333,44444,55555,66666,77777,88888,99999

        00000,11111,22222,33333,44444,55555,66666,77777,88888,99999

        00000,11111,22222,33333,44444,55555,66666,77777,88888,99999

        00000,11111,22222,33333,44444,55555,66666,77777,88888,99999

        00000,11111,22222,33333,44444,55555,66666,77777,88888,99999

        00000,11111,22222,33333,44444,55555,66666,77777,88888,99999

        00000,11111,22222,33333,44444,55555,66666,77777,88888,99999

        00000,11111,22222,33333,44444,55555,66666,77777,88888,99999

        00000,11111,22222,33333,44444,55555,66666,77777,88888,99999

        00000,11111,22222,33333,44444,55555,66666,77777,88888,99999

        00000,11111,22222,33333,44444,55555,66666,77777,88888,99999

        00000,11111,22222,33333,44444,55555,66666,77777,88888,99999

        00000,11111,22222,33333,44444,55555,66666,77777,88888,99999

        00000,11111,22222,33333,44444,55555,66666,77777,88888,99999

        00000,11111,22222,33333,44444,55555,66666,77777,88888,99999

        00000,11111,22222,33333,44444,55555,66666,77777,88888,99999

        00000,11111,22222,33333,44444,55555,66666,77777,88888,99999

        00000,11111,22222,33333,44444,55555,66666,77777,88888,99999

        00000,11111,22222,33333,44444,55555,66666,77777,88888,99999

        00000,11111,22222,33333,44444,55555,66666,77777,88888,99999

        00000,11111,22222,33333,44444,55555,66666,77777,88888,99999

        00000,11111,22222,33333,44444,55555,66666,77777,88888,99999

        00000,11111,22222,33333,44444,55555,66666,77777,88888,99999

        00000,11111,22222,33333,44444,55555,66666,77777,88888,99999

        00000,11111,22222,33333,44444,55555,66666,77777,88888,99999

        00000,11111,22222,33333,44444,55555,66666,77777,88888,99999

        00000,11111,22222,33333,44444,55555,66666,77777,88888,99999

        00000,11111,22222,33333,44444,55555,66666,77777,88888,99999

        00000,11111,22222,33333,44444,55555,66666,77777,88888,99999

        00000,11111,22222,33333,44444,55555,66666,77777,88888,99999

        00000,11111,22222,33333,44444,55555,66666,77777,88888,99999

        00000,11111,22222,33333,44444,55555,66666,77777,88888,99999

        00000,11111,22222,33333,44444,55555,66666,77777,88888,99999

        00000,11111,22222,33333,44444,55555,66666,77777,88888,99999

        00000,11111,22222,33333,44444,55555,66666,77777,88888,99999

        00000,11111,22222,33333,44444,55555,66666,77777,88888,99999

        00000,11111,22222,33333,44444,55555,66666,77777,88888,99999

        00000,11111,22222,33333,44444,55555,66666,77777,88888,99999

        00000,11111,22222,33333,44444,55555,66666,77777,88888,99999

        00000,11111,22222,33333,44444,55555,66666,77777,88888,99999

        00000,11111,22222,33333,44444,55555,66666,77777,88888,99999

        00000,11111,22222,33333,44444,55555,66666,77777,88888,99999

        00000,11111,22222,33333,44444,55555,66666,77777,88888,99999

        00000,11111,22222,33333,44444,55555,66666,77777,88888,99999

        00000,11111,22222,33333,44444,55555,66666,77777,88888,99999

        00000,11111,22222,33333,44444,55555,66666,77777,88888,99999

        00000,11111,22222,33333,44444,55555,66666,77777,88888,99999

        00000,11111,22222,33333,44444,55555,66666,77777,88888,99999

        00000,11111,22222,33333,44444,55555,66666,77777,88888,99999

        00000,11111,22222,33333,44444,55555,66666,77777,88888,99999

        00000,11111,22222,33333,44444,55555,66666,77777,88888,99999

        00000,11111,22222,33333,44444,55555,66666,77777,88888,99999

        00000,11111,22222,33333,44444,55555,66666,77777,88888,99999

        00000,11111,22222,33333,44444,55555,66666,77777,88888,99999

        00000,11111,22222,33333,44444,55555,66666,77777,88888,99999

        00000,11111,22222,33333,44444,55555,66666,77777,88888,99999

        00000,11111,22222,33333,44444,55555,66666,77777,88888,99999

        00000,11111,22222,33333,44444,55555,66666,77777,88888,99999

        00000,11111,22222,33333,44444,55555,66666,77777,88888,99999

        00000,11111,22222,33333,44444,55555,66666,77777,88888,99999

        00000,11111,22222,33333,44444,55555,66666,77777,88888,99999

        00000,11111,22222,33333,44444,55555,66666,77777,88888,99999

        00000,11111,22222,33333,44444,55555,66666,77777,88888,99999

        00000,11111,22222,33333,44444,55555,66666,77777,88888,99999

        00000,11111,22222,33333,44444,55555,66666,77777,88888,99999

        00000,11111,22222,33333,44444,55555,66666,77777,88888,99999

        00000,11111,22222,33333,44444,55555,66666,77777,88888,99999

        00000,11111,22222,33333,44444,55555,66666,77777,88888,99999

        00000,11111,22222,33333,44444,55555,66666,77777,88888,99999

        00000,11111,22222,33333,44444,55555,66666,77777,88888,99999

        00000,11111,22222,33333,44444,55555,66666,77777,88888,99999

        00000,11111,22222,33333,44444,55555,66666,77777,88888,99999

        00000,11111,22222,33333,44444,55555,66666,77777,88888,99999

        00000,11111,22222,33333,44444,55555,66666,77777,88888,99999

        00000,11111,22222,33333,44444,55555,66666,77777,88888,99999

        00000,11111,22222,33333,44444,55555,66666,77777,88888,99999

        00000,11111,22222,33333,44444,55555,66666,77777,88888,99999

        00000,11111,22222,33333,44444,55555,66666,77777,88888,99999

        00000,11111,22222,33333,44444,55555,66666,77777,88888,99999

        00000,11111,22222,33333,44444,55555,66666,77777,88888,99999

        00000,11111,22222,33333,44444,55555,66666,77777,88888,99999

        00000,11111,22222,33333,44444,55555,66666,77777,88888,99999

        00000,11111,22222,33333,44444,55555,66666,77777,88888,99999

        00000,11111,22222,33333,44444,55555,66666,77777,88888,99999

        00000,11111,22222,33333,44444,55555,66666,77777,88888,99999

        00000,11111,22222,33333,44444,55555,66666,77777,88888,99999

        00000,11111,22222,33333,44444,55555,66666,77777,88888,99999

        00000,11111,22222,33333,44444,55555,66666,77777,88888,99999

'}
    headers:
      cache-control: [no-cache]
      content-type: [application/octet-stream]
      date: ['Sun, 21 Aug 2016 08:53:46 GMT']
      expires: ['-1']
      pragma: [no-cache]
      server-perf: ['[47e161c9-beb7-4cbb-b600-86e1a58f6efe][ AuthTime::0::PostAuthTime::0
          ][S-FsOpenStream :: 00:00:013 ms]%0a[S-FsReadStream :: 00:00:105 ms]%0a[OPEN
          :: 00:00:118 ms]%0a']
      status: ['0x0']
      strict-transport-security: [max-age=15724800; includeSubDomains]
      transfer-encoding: [chunked]
      x-content-type-options: [nosniff]
      x-ms-request-id: [47e161c9-beb7-4cbb-b600-86e1a58f6efe]
      x-ms-webhdfs-version: [16.07.07.01]
    status: {code: 200, message: OK}
- request:
    body: null
    headers:
      Accept: ['*/*']
      Accept-Encoding: ['gzip, deflate']
      Connection: [keep-alive]
      User-Agent: [python-requests/2.10.0]
    method: GET
    uri: https://fakestore.azuredatalakestore.net/webhdfs/v1/azure_test_dir/remote.csv?length=1200&offset=0&OP=OPEN
  response:
    body: {string: !!python/unicode ''}
    headers:
      cache-control: [no-cache]
      content-length: ['0']
      contentlength: ['0']
      date: ['Sun, 21 Aug 2016 08:53:46 GMT']
      expires: ['-1']
      location: ['https://fakestore.azuredatalakestore.net/webhdfs/v1/azure_test_dir/remote.csv?length=1200&offset=0&OP=OPEN&read=true']
      pragma: [no-cache]
      server-perf: ['[9424c98b-7298-4be2-98a7-d2d0de396966][ AuthTime::0::PostAuthTime::0
          ][OPEN :: 00:00:000 ms]%0a']
      status: ['0x0']
      strict-transport-security: [max-age=15724800; includeSubDomains]
      x-content-type-options: [nosniff]
      x-ms-request-id: [9424c98b-7298-4be2-98a7-d2d0de396966]
      x-ms-webhdfs-version: [16.07.07.01]
    status: {code: 307, message: Temporary Redirect}
- request:
    body: null
    headers:
      Accept: ['*/*']
      Accept-Encoding: ['gzip, deflate']
      Connection: [keep-alive]
      User-Agent: [python-requests/2.10.0]
    method: GET
    uri: https://fakestore.azuredatalakestore.net/webhdfs/v1/azure_test_dir/remote.csv?length=1200&offset=0&OP=OPEN&read=true
  response:
    body: {string: !!python/unicode '00000,11111,22222,33333,44444,55555,66666,77777,88888,99999

        00000,11111,22222,33333,44444,55555,66666,77777,88888,99999

        00000,11111,22222,33333,44444,55555,66666,77777,88888,99999

        00000,11111,22222,33333,44444,55555,66666,77777,88888,99999

        00000,11111,22222,33333,44444,55555,66666,77777,88888,99999

        00000,11111,22222,33333,44444,55555,66666,77777,88888,99999

        00000,11111,22222,33333,44444,55555,66666,77777,88888,99999

        00000,11111,22222,33333,44444,55555,66666,77777,88888,99999

        00000,11111,22222,33333,44444,55555,66666,77777,88888,99999

        00000,11111,22222,33333,44444,55555,66666,77777,88888,99999

        00000,11111,22222,33333,44444,55555,66666,77777,88888,99999

        00000,11111,22222,33333,44444,55555,66666,77777,88888,99999

        00000,11111,22222,33333,44444,55555,66666,77777,88888,99999

        00000,11111,22222,33333,44444,55555,66666,77777,88888,99999

        00000,11111,22222,33333,44444,55555,66666,77777,88888,99999

        00000,11111,22222,33333,44444,55555,66666,77777,88888,99999

        00000,11111,22222,33333,44444,55555,66666,77777,88888,99999

        00000,11111,22222,33333,44444,55555,66666,77777,88888,99999

        00000,11111,22222,33333,44444,55555,66666,77777,88888,99999

        00000,11111,22222,33333,44444,55555,66666,77777,88888,99999

'}
    headers:
      cache-control: [no-cache]
      content-type: [application/octet-stream]
      date: ['Sun, 21 Aug 2016 08:53:46 GMT']
      expires: ['-1']
      pragma: [no-cache]
      server-perf: ['[aa44dbbe-36f9-4b2b-a3fc-dea6aa851e78][ AuthTime::0::PostAuthTime::0
          ][S-FsOpenStream :: 00:00:012 ms]%0a[S-FsReadStream :: 00:00:013 ms]%0a[OPEN
          :: 00:00:027 ms]%0a']
      status: ['0x0']
      strict-transport-security: [max-age=15724800; includeSubDomains]
      transfer-encoding: [chunked]
      x-content-type-options: [nosniff]
      x-ms-request-id: [aa44dbbe-36f9-4b2b-a3fc-dea6aa851e78]
      x-ms-webhdfs-version: [16.07.07.01]
    status: {code: 200, message: OK}
- request:
    body: null
    headers:
      Accept: ['*/*']
      Accept-Encoding: ['gzip, deflate']
      Connection: [keep-alive]
      User-Agent: [python-requests/2.10.0]
    method: GET
    uri: https://fakestore.azuredatalakestore.net/webhdfs/v1/azure_test_dir/remote.csv?length=1200&offset=1200&OP=OPEN
  response:
    body: {string: !!python/unicode ''}
    headers:
      cache-control: [no-cache]
      content-length: ['0']
      contentlength: ['0']
      date: ['Sun, 21 Aug 2016 08:53:47 GMT']
      expires: ['-1']
      location: ['https://fakestore.azuredatalakestore.net/webhdfs/v1/azure_test_dir/remote.csv?length=1200&offset=1200&OP=OPEN&read=true']
      pragma: [no-cache]
      server-perf: ['[b1ba6627-2ecb-4b00-a4de-4a139db7743e][ AuthTime::0::PostAuthTime::0
          ][OPEN :: 00:00:000 ms]%0a']
      status: ['0x0']
      strict-transport-security: [max-age=15724800; includeSubDomains]
      x-content-type-options: [nosniff]
      x-ms-request-id: [b1ba6627-2ecb-4b00-a4de-4a139db7743e]
      x-ms-webhdfs-version: [16.07.07.01]
    status: {code: 307, message: Temporary Redirect}
- request:
    body: null
    headers:
      Accept: ['*/*']
      Accept-Encoding: ['gzip, deflate']
      Connection: [keep-alive]
      User-Agent: [python-requests/2.10.0]
    method: GET
    uri: https://fakestore.azuredatalakestore.net/webhdfs/v1/azure_test_dir/remote.csv?length=1200&offset=1200&OP=OPEN&read=true
  response:
    body: {string: !!python/unicode '00000,11111,22222,33333,44444,55555,66666,77777,88888,99999

        00000,11111,22222,33333,44444,55555,66666,77777,88888,99999

        00000,11111,22222,33333,44444,55555,66666,77777,88888,99999

        00000,11111,22222,33333,44444,55555,66666,77777,88888,99999

        00000,11111,22222,33333,44444,55555,66666,77777,88888,99999

        00000,11111,22222,33333,44444,55555,66666,77777,88888,99999

        00000,11111,22222,33333,44444,55555,66666,77777,88888,99999

        00000,11111,22222,33333,44444,55555,66666,77777,88888,99999

        00000,11111,22222,33333,44444,55555,66666,77777,88888,99999

        00000,11111,22222,33333,44444,55555,66666,77777,88888,99999

        00000,11111,22222,33333,44444,55555,66666,77777,88888,99999

        00000,11111,22222,33333,44444,55555,66666,77777,88888,99999

        00000,11111,22222,33333,44444,55555,66666,77777,88888,99999

        00000,11111,22222,33333,44444,55555,66666,77777,88888,99999

        00000,11111,22222,33333,44444,55555,66666,77777,88888,99999

        00000,11111,22222,33333,44444,55555,66666,77777,88888,99999

        00000,11111,22222,33333,44444,55555,66666,77777,88888,99999

        00000,11111,22222,33333,44444,55555,66666,77777,88888,99999

        00000,11111,22222,33333,44444,55555,66666,77777,88888,99999

        00000,11111,22222,33333,44444,55555,66666,77777,88888,99999

'}
    headers:
      cache-control: [no-cache]
      content-type: [application/octet-stream]
      date: ['Sun, 21 Aug 2016 08:53:47 GMT']
      expires: ['-1']
      pragma: [no-cache]
      server-perf: ['[822a4cf7-1314-423b-9c3b-d37a643baea1][ AuthTime::0::PostAuthTime::0
          ][S-FsOpenStream :: 00:00:012 ms]%0a[S-FsReadStream :: 00:00:013 ms]%0a[OPEN
          :: 00:00:026 ms]%0a']
      status: ['0x0']
      strict-transport-security: [max-age=15724800; includeSubDomains]
      transfer-encoding: [chunked]
      x-content-type-options: [nosniff]
      x-ms-request-id: [822a4cf7-1314-423b-9c3b-d37a643baea1]
      x-ms-webhdfs-version: [16.07.07.01]
    status: {code: 200, message: OK}
- request:
    body: null
    headers:
      Accept: ['*/*']
      Accept-Encoding: ['gzip, deflate']
      Connection: [keep-alive]
      User-Agent: [python-requests/2.10.0]
    method: GET
    uri: https://fakestore.azuredatalakestore.net/webhdfs/v1/azure_test_dir/remote.csv?length=1200&offset=2400&OP=OPEN
  response:
    body: {string: !!python/unicode ''}
    headers:
      cache-control: [no-cache]
      content-length: ['0']
      contentlength: ['0']
      date: ['Sun, 21 Aug 2016 08:53:47 GMT']
      expires: ['-1']
      location: ['https://fakestore.azuredatalakestore.net/webhdfs/v1/azure_test_dir/remote.csv?length=1200&offset=2400&OP=OPEN&read=true']
      pragma: [no-cache]
      server-perf: ['[483af77d-2aa5-43a3-8327-89854fe187aa][ AuthTime::0::PostAuthTime::0
          ][OPEN :: 00:00:000 ms]%0a']
      status: ['0x0']
      strict-transport-security: [max-age=15724800; includeSubDomains]
      x-content-type-options: [nosniff]
      x-ms-request-id: [483af77d-2aa5-43a3-8327-89854fe187aa]
      x-ms-webhdfs-version: [16.07.07.01]
    status: {code: 307, message: Temporary Redirect}
- request:
    body: null
    headers:
      Accept: ['*/*']
      Accept-Encoding: ['gzip, deflate']
      Connection: [keep-alive]
      User-Agent: [python-requests/2.10.0]
    method: GET
    uri: https://fakestore.azuredatalakestore.net/webhdfs/v1/azure_test_dir/remote.csv?length=1200&offset=2400&OP=OPEN&read=true
  response:
    body: {string: !!python/unicode '00000,11111,22222,33333,44444,55555,66666,77777,88888,99999

        00000,11111,22222,33333,44444,55555,66666,77777,88888,99999

        00000,11111,22222,33333,44444,55555,66666,77777,88888,99999

        00000,11111,22222,33333,44444,55555,66666,77777,88888,99999

        00000,11111,22222,33333,44444,55555,66666,77777,88888,99999

        00000,11111,22222,33333,44444,55555,66666,77777,88888,99999

        00000,11111,22222,33333,44444,55555,66666,77777,88888,99999

        00000,11111,22222,33333,44444,55555,66666,77777,88888,99999

        00000,11111,22222,33333,44444,55555,66666,77777,88888,99999

        00000,11111,22222,33333,44444,55555,66666,77777,88888,99999

        00000,11111,22222,33333,44444,55555,66666,77777,88888,99999

        00000,11111,22222,33333,44444,55555,66666,77777,88888,99999

        00000,11111,22222,33333,44444,55555,66666,77777,88888,99999

        00000,11111,22222,33333,44444,55555,66666,77777,88888,99999

        00000,11111,22222,33333,44444,55555,66666,77777,88888,99999

        00000,11111,22222,33333,44444,55555,66666,77777,88888,99999

        00000,11111,22222,33333,44444,55555,66666,77777,88888,99999

        00000,11111,22222,33333,44444,55555,66666,77777,88888,99999

        00000,11111,22222,33333,44444,55555,66666,77777,88888,99999

        00000,11111,22222,33333,44444,55555,66666,77777,88888,99999

'}
    headers:
      cache-control: [no-cache]
      content-type: [application/octet-stream]
      date: ['Sun, 21 Aug 2016 08:53:47 GMT']
      expires: ['-1']
      pragma: [no-cache]
      server-perf: ['[555d38e3-336a-4997-9d2e-358b66f7fac8][ AuthTime::0::PostAuthTime::0
          ][S-FsOpenStream :: 00:00:012 ms]%0a[S-FsReadStream :: 00:00:050 ms]%0a[OPEN
          :: 00:00:062 ms]%0a']
      status: ['0x0']
      strict-transport-security: [max-age=15724800; includeSubDomains]
      transfer-encoding: [chunked]
      x-content-type-options: [nosniff]
      x-ms-request-id: [555d38e3-336a-4997-9d2e-358b66f7fac8]
      x-ms-webhdfs-version: [16.07.07.01]
    status: {code: 200, message: OK}
- request:
    body: null
    headers:
      Accept: ['*/*']
      Accept-Encoding: ['gzip, deflate']
      Connection: [keep-alive]
      User-Agent: [python-requests/2.10.0]
    method: GET
    uri: https://fakestore.azuredatalakestore.net/webhdfs/v1/azure_test_dir/remote.csv?length=1200&offset=3600&OP=OPEN
  response:
    body: {string: !!python/unicode ''}
    headers:
      cache-control: [no-cache]
      content-length: ['0']
      contentlength: ['0']
      date: ['Sun, 21 Aug 2016 08:53:47 GMT']
      expires: ['-1']
      location: ['https://fakestore.azuredatalakestore.net/webhdfs/v1/azure_test_dir/remote.csv?length=1200&offset=3600&OP=OPEN&read=true']
      pragma: [no-cache]
      server-perf: ['[28cc504d-9692-4f39-83b6-f301af212e3f][ AuthTime::0::PostAuthTime::0
          ][OPEN :: 00:00:000 ms]%0a']
      status: ['0x0']
      strict-transport-security: [max-age=15724800; includeSubDomains]
      x-content-type-options: [nosniff]
      x-ms-request-id: [28cc504d-9692-4f39-83b6-f301af212e3f]
      x-ms-webhdfs-version: [16.07.07.01]
    status: {code: 307, message: Temporary Redirect}
- request:
    body: null
    headers:
      Accept: ['*/*']
      Accept-Encoding: ['gzip, deflate']
      Connection: [keep-alive]
      User-Agent: [python-requests/2.10.0]
    method: GET
    uri: https://fakestore.azuredatalakestore.net/webhdfs/v1/azure_test_dir/remote.csv?length=1200&offset=3600&OP=OPEN&read=true
  response:
    body: {string: !!python/unicode '00000,11111,22222,33333,44444,55555,66666,77777,88888,99999

        00000,11111,22222,33333,44444,55555,66666,77777,88888,99999

        00000,11111,22222,33333,44444,55555,66666,77777,88888,99999

        00000,11111,22222,33333,44444,55555,66666,77777,88888,99999

        00000,11111,22222,33333,44444,55555,66666,77777,88888,99999

        00000,11111,22222,33333,44444,55555,66666,77777,88888,99999

        00000,11111,22222,33333,44444,55555,66666,77777,88888,99999

        00000,11111,22222,33333,44444,55555,66666,77777,88888,99999

        00000,11111,22222,33333,44444,55555,66666,77777,88888,99999

        00000,11111,22222,33333,44444,55555,66666,77777,88888,99999

        00000,11111,22222,33333,44444,55555,66666,77777,88888,99999

        00000,11111,22222,33333,44444,55555,66666,77777,88888,99999

        00000,11111,22222,33333,44444,55555,66666,77777,88888,99999

        00000,11111,22222,33333,44444,55555,66666,77777,88888,99999

        00000,11111,22222,33333,44444,55555,66666,77777,88888,99999

        00000,11111,22222,33333,44444,55555,66666,77777,88888,99999

        00000,11111,22222,33333,44444,55555,66666,77777,88888,99999

        00000,11111,22222,33333,44444,55555,66666,77777,88888,99999

        00000,11111,22222,33333,44444,55555,66666,77777,88888,99999

        00000,11111,22222,33333,44444,55555,66666,77777,88888,99999

'}
    headers:
      cache-control: [no-cache]
      content-type: [application/octet-stream]
      date: ['Sun, 21 Aug 2016 08:53:47 GMT']
      expires: ['-1']
      pragma: [no-cache]
      server-perf: ['[d8706c06-6fa1-418d-976c-6d37b457a920][ AuthTime::0::PostAuthTime::0
          ][S-FsOpenStream :: 00:00:012 ms]%0a[S-FsReadStream :: 00:00:025 ms]%0a[OPEN
          :: 00:00:038 ms]%0a']
      status: ['0x0']
      strict-transport-security: [max-age=15724800; includeSubDomains]
      transfer-encoding: [chunked]
      x-content-type-options: [nosniff]
      x-ms-request-id: [d8706c06-6fa1-418d-976c-6d37b457a920]
      x-ms-webhdfs-version: [16.07.07.01]
    status: {code: 200, message: OK}
- request:
    body: null
    headers:
      Accept: ['*/*']
      Accept-Encoding: ['gzip, deflate']
      Connection: [keep-alive]
      User-Agent: [python-requests/2.10.0]
    method: GET
    uri: https://fakestore.azuredatalakestore.net/webhdfs/v1/azure_test_dir/remote.csv?length=1200&offset=4800&OP=OPEN
  response:
    body: {string: !!python/unicode ''}
    headers:
      cache-control: [no-cache]
      content-length: ['0']
      contentlength: ['0']
      date: ['Sun, 21 Aug 2016 08:53:47 GMT']
      expires: ['-1']
      location: ['https://fakestore.azuredatalakestore.net/webhdfs/v1/azure_test_dir/remote.csv?length=1200&offset=4800&OP=OPEN&read=true']
      pragma: [no-cache]
      server-perf: ['[402d82e2-149b-4aa3-8fbf-09b1f8d6db72][ AuthTime::0::PostAuthTime::0
          ][OPEN :: 00:00:000 ms]%0a']
      status: ['0x0']
      strict-transport-security: [max-age=15724800; includeSubDomains]
      x-content-type-options: [nosniff]
      x-ms-request-id: [402d82e2-149b-4aa3-8fbf-09b1f8d6db72]
      x-ms-webhdfs-version: [16.07.07.01]
    status: {code: 307, message: Temporary Redirect}
- request:
    body: null
    headers:
      Accept: ['*/*']
      Accept-Encoding: ['gzip, deflate']
      Connection: [keep-alive]
      User-Agent: [python-requests/2.10.0]
    method: GET
    uri: https://fakestore.azuredatalakestore.net/webhdfs/v1/azure_test_dir/remote.csv?length=1200&offset=4800&OP=OPEN&read=true
  response:
    body: {string: !!python/unicode '00000,11111,22222,33333,44444,55555,66666,77777,88888,99999

        00000,11111,22222,33333,44444,55555,66666,77777,88888,99999

        00000,11111,22222,33333,44444,55555,66666,77777,88888,99999

        00000,11111,22222,33333,44444,55555,66666,77777,88888,99999

        00000,11111,22222,33333,44444,55555,66666,77777,88888,99999

        00000,11111,22222,33333,44444,55555,66666,77777,88888,99999

        00000,11111,22222,33333,44444,55555,66666,77777,88888,99999

        00000,11111,22222,33333,44444,55555,66666,77777,88888,99999

        00000,11111,22222,33333,44444,55555,66666,77777,88888,99999

        00000,11111,22222,33333,44444,55555,66666,77777,88888,99999

        00000,11111,22222,33333,44444,55555,66666,77777,88888,99999

        00000,11111,22222,33333,44444,55555,66666,77777,88888,99999

        00000,11111,22222,33333,44444,55555,66666,77777,88888,99999

        00000,11111,22222,33333,44444,55555,66666,77777,88888,99999

        00000,11111,22222,33333,44444,55555,66666,77777,88888,99999

        00000,11111,22222,33333,44444,55555,66666,77777,88888,99999

        00000,11111,22222,33333,44444,55555,66666,77777,88888,99999

        00000,11111,22222,33333,44444,55555,66666,77777,88888,99999

        00000,11111,22222,33333,44444,55555,66666,77777,88888,99999

        00000,11111,22222,33333,44444,55555,66666,77777,88888,99999

'}
    headers:
      cache-control: [no-cache]
      content-type: [application/octet-stream]
      date: ['Sun, 21 Aug 2016 08:53:47 GMT']
      expires: ['-1']
      pragma: [no-cache]
      server-perf: ['[85129704-28c3-4842-8d6e-fa273bbc576a][ AuthTime::0::PostAuthTime::0
          ][S-FsOpenStream :: 00:00:012 ms]%0a[S-FsReadStream :: 00:00:013 ms]%0a[OPEN
          :: 00:00:026 ms]%0a']
      status: ['0x0']
      strict-transport-security: [max-age=15724800; includeSubDomains]
      transfer-encoding: [chunked]
      x-content-type-options: [nosniff]
      x-ms-request-id: [85129704-28c3-4842-8d6e-fa273bbc576a]
      x-ms-webhdfs-version: [16.07.07.01]
    status: {code: 200, message: OK}
- request:
    body: null
    headers:
      Accept: ['*/*']
      Accept-Encoding: ['gzip, deflate']
      Connection: [keep-alive]
      Content-Length: ['0']
      User-Agent: [python-requests/2.10.0]
    method: DELETE
    uri: https://fakestore.azuredatalakestore.net/webhdfs/v1/azure_test_dir/remote.csv?recursive=True&OP=DELETE
  response:
    body: {string: !!python/unicode '{"boolean":true}'}
    headers:
      cache-control: [no-cache]
      content-length: ['16']
      content-type: [application/json; charset=utf-8]
      date: ['Sun, 21 Aug 2016 08:53:48 GMT']
      expires: ['-1']
      pragma: [no-cache]
      server-perf: ['[ad1f6c1e-249a-4ff4-8a33-9b7f429699ca][ AuthTime::0::PostAuthTime::0
          ][S-FsDelete :: 00:00:062 ms]%0a[DELETE :: 00:00:062 ms]%0a']
      status: ['0x0']
      strict-transport-security: [max-age=15724800; includeSubDomains]
      x-content-type-options: [nosniff]
      x-ms-request-id: [ad1f6c1e-249a-4ff4-8a33-9b7f429699ca]
      x-ms-webhdfs-version: [16.07.07.01]
    status: {code: 200, message: OK}
version: 1
