interactions:
- request:
    body: null
    headers:
      Accept: ['*/*']
      Accept-Encoding: ['gzip, deflate']
      Connection: [keep-alive]
      Content-Length: ['0']
      User-Agent: [python-requests/2.10.0]
    method: PUT
    uri: https://fakestore.azuredatalakestore.net/webhdfs/v1/azure_test_dir/foo?OP=MKDIRS
  response:
    body: {string: !!python/unicode '{"boolean":true}'}
    headers:
      cache-control: [no-cache]
      content-length: ['16']
      content-type: [application/json; charset=utf-8]
      date: ['Sun, 21 Aug 2016 08:51:55 GMT']
      expires: ['-1']
      pragma: [no-cache]
      server-perf: ['[3d4e223c-8e7c-420f-9fe3-8e53aa50a82b][ AuthTime::0::PostAuthTime::0
          ][S-HdfsMkdirs :: 00:00:005 ms]%0a[MKDIRS :: 00:00:005 ms]%0a']
      status: ['0x83090180']
      strict-transport-security: [max-age=15724800; includeSubDomains]
      x-content-type-options: [nosniff]
      x-ms-request-id: [3d4e223c-8e7c-420f-9fe3-8e53aa50a82b]
      x-ms-webhdfs-version: [16.07.07.01]
    status: {code: 200, message: OK}
- request:
    body: null
    headers:
      Accept: ['*/*']
      Accept-Encoding: ['gzip, deflate']
      Connection: [keep-alive]
      Content-Length: ['0']
      User-Agent: [python-requests/2.10.0]
    method: PUT
    uri: https://fakestore.azuredatalakestore.net/webhdfs/v1/azure_test_dir/foo/foo?OP=MKDIRS
  response:
    body: {string: !!python/unicode '{"boolean":true}'}
    headers:
      cache-control: [no-cache]
      content-length: ['16']
      content-type: [application/json; charset=utf-8]
      date: ['Sun, 21 Aug 2016 08:51:55 GMT']
      expires: ['-1']
      pragma: [no-cache]
      server-perf: ['[8d343f73-b2ac-4aea-b21e-d2272f9620bb][ AuthTime::0::PostAuthTime::0
          ][S-HdfsMkdirs :: 00:00:014 ms]%0a[MKDIRS :: 00:00:014 ms]%0a']
      status: ['0x0']
      strict-transport-security: [max-age=15724800; includeSubDomains]
      x-content-type-options: [nosniff]
      x-ms-request-id: [8d343f73-b2ac-4aea-b21e-d2272f9620bb]
      x-ms-webhdfs-version: [16.07.07.01]
    status: {code: 200, message: OK}
- request:
    body: null
    headers:
      Accept: ['*/*']
      Accept-Encoding: ['gzip, deflate']
      Connection: [keep-alive]
      User-Agent: [python-requests/2.10.0]
    method: GET
    uri: https://fakestore.azuredatalakestore.net/webhdfs/v1/azure_test_dir/foo?OP=LISTSTATUS
  response:
    body: {string: !!python/unicode '{"FileStatuses":{"FileStatus":[{"length":0,"pathSuffix":"foo","type":"DIRECTORY","blockSize":0,"accessTime":1471769516124,"modificationTime":1471769516124,"replication":0,"permission":"770","owner":"49b2f9ec-818a-49ca-9424-249e1f19f7d7","group":"49b2f9ec-818a-49ca-9424-249e1f19f7d7"}]}}'}
    headers:
      cache-control: [no-cache]
      content-length: ['287']
      content-type: [application/json; charset=utf-8]
      date: ['Sun, 21 Aug 2016 08:51:55 GMT']
      expires: ['-1']
      pragma: [no-cache]
      server-perf: ['[9fdb930c-e81e-4fcc-9349-c414d02a5818][ AuthTime::925.871677179123::PostAuthTime::212.116559760206
          ][S-HdfsListStatus :: 00:00:007 ms]%0a[LISTSTATUS :: 00:00:007 ms]%0a']
      status: ['0x0']
      strict-transport-security: [max-age=15724800; includeSubDomains]
      x-content-type-options: [nosniff]
      x-ms-request-id: [9fdb930c-e81e-4fcc-9349-c414d02a5818]
      x-ms-webhdfs-version: [16.07.07.01]
    status: {code: 200, message: OK}
- request:
    body: null
    headers:
      Accept: ['*/*']
      Accept-Encoding: ['gzip, deflate']
      Connection: [keep-alive]
      User-Agent: [python-requests/2.10.0]
    method: GET
    uri: https://fakestore.azuredatalakestore.net/webhdfs/v1/azure_test_dir/foo/foo?OP=LISTSTATUS
  response:
    body: {string: !!python/unicode '{"FileStatuses":{"FileStatus":[]}}'}
    headers:
      cache-control: [no-cache]
      content-length: ['34']
      content-type: [application/json; charset=utf-8]
      date: ['Sun, 21 Aug 2016 08:51:56 GMT']
      expires: ['-1']
      pragma: [no-cache]
      server-perf: ['[63c1e3c4-5a0a-4987-85f7-6536b8574332][ AuthTime::0::PostAuthTime::0
          ][S-HdfsListStatus :: 00:00:006 ms]%0a[LISTSTATUS :: 00:00:007 ms]%0a']
      status: ['0x0']
      strict-transport-security: [max-age=15724800; includeSubDomains]
      x-content-type-options: [nosniff]
      x-ms-request-id: [63c1e3c4-5a0a-4987-85f7-6536b8574332]
      x-ms-webhdfs-version: [16.07.07.01]
    status: {code: 200, message: OK}
- request:
    body: null
    headers:
      Accept: ['*/*']
      Accept-Encoding: ['gzip, deflate']
      Connection: [keep-alive]
      Content-Length: ['0']
      User-Agent: [python-requests/2.10.0]
    method: DELETE
    uri: https://fakestore.azuredatalakestore.net/webhdfs/v1/azure_test_dir/foo/foo?recursive=False&OP=DELETE
  response:
    body: {string: !!python/unicode '{"boolean":true}'}
    headers:
      cache-control: [no-cache]
      content-length: ['16']
      content-type: [application/json; charset=utf-8]
      date: ['Sun, 21 Aug 2016 08:51:56 GMT']
      expires: ['-1']
      pragma: [no-cache]
      server-perf: ['[c8f44251-ff65-46e9-a918-87ccbacc0a83][ AuthTime::0::PostAuthTime::0
          ][S-FsDelete :: 00:00:021 ms]%0a[DELETE :: 00:00:021 ms]%0a']
      status: ['0x0']
      strict-transport-security: [max-age=15724800; includeSubDomains]
      x-content-type-options: [nosniff]
      x-ms-request-id: [c8f44251-ff65-46e9-a918-87ccbacc0a83]
      x-ms-webhdfs-version: [16.07.07.01]
    status: {code: 200, message: OK}
- request:
    body: null
    headers:
      Accept: ['*/*']
      Accept-Encoding: ['gzip, deflate']
      Connection: [keep-alive]
      User-Agent: [python-requests/2.10.0]
    method: GET
    uri: https://fakestore.azuredatalakestore.net/webhdfs/v1/azure_test_dir/foo?OP=LISTSTATUS
  response:
    body: {string: !!python/unicode '{"FileStatuses":{"FileStatus":[]}}'}
    headers:
      cache-control: [no-cache]
      content-length: ['34']
      content-type: [application/json; charset=utf-8]
      date: ['Sun, 21 Aug 2016 08:51:56 GMT']
      expires: ['-1']
      pragma: [no-cache]
      server-perf: ['[c94d2307-3df5-4edf-a3a4-9ea9475b5c64][ AuthTime::0::PostAuthTime::0
          ][S-HdfsListStatus :: 00:00:006 ms]%0a[LISTSTATUS :: 00:00:007 ms]%0a']
      status: ['0x0']
      strict-transport-security: [max-age=15724800; includeSubDomains]
      x-content-type-options: [nosniff]
      x-ms-request-id: [c94d2307-3df5-4edf-a3a4-9ea9475b5c64]
      x-ms-webhdfs-version: [16.07.07.01]
    status: {code: 200, message: OK}
- request:
    body: null
    headers:
      Accept: ['*/*']
      Accept-Encoding: ['gzip, deflate']
      Connection: [keep-alive]
      User-Agent: [python-requests/2.10.0]
    method: GET
    uri: https://fakestore.azuredatalakestore.net/webhdfs/v1/azure_test_dir?OP=LISTSTATUS
  response:
    body: {string: !!python/unicode '{"FileStatuses":{"FileStatus":[{"length":0,"pathSuffix":"foo","type":"DIRECTORY","blockSize":0,"accessTime":1471769496960,"modificationTime":1471769516746,"replication":0,"permission":"770","owner":"49b2f9ec-818a-49ca-9424-249e1f19f7d7","group":"49b2f9ec-818a-49ca-9424-249e1f19f7d7"}]}}'}
    headers:
      cache-control: [no-cache]
      content-length: ['287']
      content-type: [application/json; charset=utf-8]
      date: ['Sun, 21 Aug 2016 08:51:56 GMT']
      expires: ['-1']
      pragma: [no-cache]
      server-perf: ['[4823fa03-bfbe-4f99-89c7-4f2fda06db72][ AuthTime::0::PostAuthTime::0
          ][S-HdfsListStatus :: 00:00:007 ms]%0a[LISTSTATUS :: 00:00:007 ms]%0a']
      status: ['0x0']
      strict-transport-security: [max-age=15724800; includeSubDomains]
      x-content-type-options: [nosniff]
      x-ms-request-id: [4823fa03-bfbe-4f99-89c7-4f2fda06db72]
      x-ms-webhdfs-version: [16.07.07.01]
    status: {code: 200, message: OK}
- request:
    body: null
    headers:
      Accept: ['*/*']
      Accept-Encoding: ['gzip, deflate']
      Connection: [keep-alive]
      Content-Length: ['0']
      User-Agent: [python-requests/2.10.0]
    method: DELETE
    uri: https://fakestore.azuredatalakestore.net/webhdfs/v1/azure_test_dir/foo?recursive=True&OP=DELETE
  response:
    body: {string: !!python/unicode '{"boolean":true}'}
    headers:
      cache-control: [no-cache]
      content-length: ['16']
      content-type: [application/json; charset=utf-8]
      date: ['Sun, 21 Aug 2016 08:51:56 GMT']
      expires: ['-1']
      pragma: [no-cache]
      server-perf: ['[8d8a1a0d-70b0-466a-829d-46dadcdd8e9b][ AuthTime::0::PostAuthTime::0
          ][S-FsDelete :: 00:00:031 ms]%0a[DELETE :: 00:00:033 ms]%0a']
      status: ['0x0']
      strict-transport-security: [max-age=15724800; includeSubDomains]
      x-content-type-options: [nosniff]
      x-ms-request-id: [8d8a1a0d-70b0-466a-829d-46dadcdd8e9b]
      x-ms-webhdfs-version: [16.07.07.01]
    status: {code: 200, message: OK}
version: 1
