interactions:
- request:
    body: null
    headers:
      Accept: ['*/*']
      Accept-Encoding: ['gzip, deflate']
      Connection: [keep-alive]
      User-Agent: [python/3.5.2 (Windows-10-10.0.15063-SP0) azure.datalake.store.lib/0.0.10
          Azure-Data-Lake-Store-SDK-For-Python]
      x-ms-client-request-id: [07e792ee-4267-11e7-be74-645106422854]
    method: GET
    uri: https://fakestore.azuredatalakestore.net/webhdfs/v1/azure_test_dir/foo/bar?OP=GETFILESTATUS&api-version=2016-11-01
  response:
    body: {string: '{"RemoteException":{"exception":"FileNotFoundException","message":"File/Folder
        does not exist: /azure_test_dir/foo/bar [c40ca08a-9893-495a-b031-231cc580ca66][2017-05-26T15:59:54.3774029-07:00]","javaClassName":"java.io.FileNotFoundException"}}'}
    headers:
      Cache-Control: ['no-cache, no-cache, no-store, max-age=0']
      Content-Length: ['243']
      Content-Type: [application/json; charset=utf-8]
      Date: ['Fri, 26 May 2017 22:59:54 GMT']
      Expires: ['-1']
      Pragma: [no-cache]
      Status: ['0x8309000A']
      Strict-Transport-Security: [max-age=15724800; includeSubDomains]
      X-Content-Type-Options: [nosniff]
      x-ms-request-id: [c40ca08a-9893-495a-b031-231cc580ca66]
      x-ms-webhdfs-version: [16.12.19.00]
    status: {code: 404, message: Not Found}
- request:
    body: '123456'
    headers:
      Accept: ['*/*']
      Accept-Encoding: ['gzip, deflate']
      Connection: [keep-alive]
      Content-Length: ['6']
      User-Agent: [python/3.5.2 (Windows-10-10.0.15063-SP0) azure.datalake.store.lib/0.0.10
          Azure-Data-Lake-Store-SDK-For-Python]
      x-ms-client-request-id: [0828648c-4267-11e7-8d5a-645106422854]
    method: PUT
    uri: https://fakestore.azuredatalakestore.net/webhdfs/v1/azure_test_dir/foo/bar?OP=CREATE&api-version=2016-11-01&write=true&overwrite=true
  response:
    body: {string: ''}
    headers:
      Cache-Control: ['no-cache, no-cache, no-store, max-age=0']
      Content-Length: ['0']
      ContentLength: ['0']
      Date: ['Fri, 26 May 2017 22:59:54 GMT']
      Expires: ['-1']
      Location: ['https://fakestore.azuredatalakestore.net/webhdfs/v1/azure_test_dir/foo/bar?OP=CREATE&api-version=2016-11-01&write=true&overwrite=true']
      Pragma: [no-cache]
      Status: ['0x0']
      Strict-Transport-Security: [max-age=15724800; includeSubDomains]
      X-Content-Type-Options: [nosniff]
      x-ms-request-id: [5f37dddc-b570-40fb-a4e7-3a85473aeffc]
      x-ms-webhdfs-version: [16.12.19.00]
    status: {code: 201, message: Created}
- request:
    body: null
    headers:
      Accept: ['*/*']
      Accept-Encoding: ['gzip, deflate']
      Connection: [keep-alive]
      User-Agent: [python/3.5.2 (Windows-10-10.0.15063-SP0) azure.datalake.store.lib/0.0.10
          Azure-Data-Lake-Store-SDK-For-Python]
      x-ms-client-request-id: [0857db54-4267-11e7-9b32-645106422854]
    method: GET
    uri: https://fakestore.azuredatalakestore.net/webhdfs/v1/azure_test_dir/foo?OP=LISTSTATUS&api-version=2016-11-01
  response:
    body: {string: '{"FileStatuses":{"FileStatus":[{"length":6,"pathSuffix":"bar","type":"FILE","blockSize":268435456,"accessTime":1495839594575,"modificationTime":1495839594595,"replication":1,"permission":"770","owner":"9a23860e-03b0-4bad-a8b7-e1d081d592bd","group":"2e6c02d2-a364-4530-9137-d17403996cbf","msExpirationTime":0,"aclBit":false}]}}'}
    headers:
      Cache-Control: ['no-cache, no-cache, no-store, max-age=0']
      Content-Length: ['326']
      Content-Type: [application/json; charset=utf-8]
      Date: ['Fri, 26 May 2017 22:59:54 GMT']
      Expires: ['-1']
      Pragma: [no-cache]
      Status: ['0x0']
      Strict-Transport-Security: [max-age=15724800; includeSubDomains]
      X-Content-Type-Options: [nosniff]
      x-ms-request-id: [2044fc85-a113-4a42-8c8c-d1b43c1ae7c4]
      x-ms-webhdfs-version: [16.12.19.00]
    status: {code: 200, message: OK}
- request:
    body: null
    headers:
      Accept: ['*/*']
      Accept-Encoding: ['gzip, deflate']
      Connection: [keep-alive]
      Content-Length: ['0']
      User-Agent: [python/3.5.2 (Windows-10-10.0.15063-SP0) azure.datalake.store.lib/0.0.10
          Azure-Data-Lake-Store-SDK-For-Python]
      x-ms-client-request-id: [086db810-4267-11e7-a364-645106422854]
    method: PUT
    uri: https://fakestore.azuredatalakestore.net/webhdfs/v1/azure_test_dir/foo/bar?OP=SETPERMISSION&api-version=2016-11-01&permission=0550
  response:
    body: {string: ''}
    headers:
      Cache-Control: ['no-cache, no-cache, no-store, max-age=0']
      Content-Length: ['0']
      Date: ['Fri, 26 May 2017 22:59:54 GMT']
      Expires: ['-1']
      Pragma: [no-cache]
      Status: ['0x0']
      Strict-Transport-Security: [max-age=15724800; includeSubDomains]
      X-Content-Type-Options: [nosniff]
      x-ms-request-id: [8e03f363-9941-4ed5-a551-1056811151db]
      x-ms-webhdfs-version: [16.12.19.00]
    status: {code: 200, message: OK}
- request:
    body: null
    headers:
      Accept: ['*/*']
      Accept-Encoding: ['gzip, deflate']
      Connection: [keep-alive]
      User-Agent: [python/3.5.2 (Windows-10-10.0.15063-SP0) azure.datalake.store.lib/0.0.10
          Azure-Data-Lake-Store-SDK-For-Python]
      x-ms-client-request-id: [08820c66-4267-11e7-80cf-645106422854]
    method: GET
    uri: https://fakestore.azuredatalakestore.net/webhdfs/v1/azure_test_dir/foo?OP=LISTSTATUS&api-version=2016-11-01
  response:
    body: {string: '{"FileStatuses":{"FileStatus":[{"length":6,"pathSuffix":"bar","type":"FILE","blockSize":268435456,"accessTime":1495839594575,"modificationTime":1495839594595,"replication":1,"permission":"550","owner":"9a23860e-03b0-4bad-a8b7-e1d081d592bd","group":"2e6c02d2-a364-4530-9137-d17403996cbf","msExpirationTime":0,"aclBit":false}]}}'}
    headers:
      Cache-Control: ['no-cache, no-cache, no-store, max-age=0']
      Content-Length: ['326']
      Content-Type: [application/json; charset=utf-8]
      Date: ['Fri, 26 May 2017 22:59:54 GMT']
      Expires: ['-1']
      Pragma: [no-cache]
      Status: ['0x0']
      Strict-Transport-Security: [max-age=15724800; includeSubDomains]
      X-Content-Type-Options: [nosniff]
      x-ms-request-id: [23f5fae0-05c6-4ac6-92ca-e19e3faf156d]
      x-ms-webhdfs-version: [16.12.19.00]
    status: {code: 200, message: OK}
- request:
    body: null
    headers:
      Accept: ['*/*']
      Accept-Encoding: ['gzip, deflate']
      Connection: [keep-alive]
      User-Agent: [python/3.5.2 (Windows-10-10.0.15063-SP0) azure.datalake.store.lib/0.0.10
          Azure-Data-Lake-Store-SDK-For-Python]
      x-ms-client-request-id: [08979700-4267-11e7-83bc-645106422854]
    method: GET
    uri: https://fakestore.azuredatalakestore.net/webhdfs/v1/azure_test_dir/foo/bar?OP=GETFILESTATUS&api-version=2016-11-01
  response:
    body: {string: '{"FileStatus":{"length":6,"pathSuffix":"","type":"FILE","blockSize":268435456,"accessTime":1495839594575,"modificationTime":1495839594595,"replication":1,"permission":"550","owner":"9a23860e-03b0-4bad-a8b7-e1d081d592bd","group":"2e6c02d2-a364-4530-9137-d17403996cbf","msExpirationTime":0,"aclBit":false}}'}
    headers:
      Cache-Control: ['no-cache, no-cache, no-store, max-age=0']
      Content-Length: ['304']
      Content-Type: [application/json; charset=utf-8]
      Date: ['Fri, 26 May 2017 22:59:55 GMT']
      Expires: ['-1']
      Pragma: [no-cache]
      Status: ['0x0']
      Strict-Transport-Security: [max-age=15724800; includeSubDomains]
      X-Content-Type-Options: [nosniff]
      x-ms-request-id: [d4696ab0-daf2-4f19-8ed0-c72278d12756]
      x-ms-webhdfs-version: [16.12.19.00]
    status: {code: 200, message: OK}
- request:
    body: null
    headers:
      Accept: ['*/*']
      Accept-Encoding: ['gzip, deflate']
      Connection: [keep-alive]
      Content-Length: ['0']
      User-Agent: [python/3.5.2 (Windows-10-10.0.15063-SP0) azure.datalake.store.lib/0.0.10
          Azure-Data-Lake-Store-SDK-For-Python]
      x-ms-client-request-id: [08ac4836-4267-11e7-9efa-645106422854]
    method: DELETE
    uri: https://fakestore.azuredatalakestore.net/webhdfs/v1/azure_test_dir/foo/bar?OP=DELETE&api-version=2016-11-01&recursive=False
  response:
    body: {string: '{"boolean":true}'}
    headers:
      Cache-Control: ['no-cache, no-cache, no-store, max-age=0']
      Content-Length: ['16']
      Content-Type: [application/json; charset=utf-8]
      Date: ['Fri, 26 May 2017 22:59:55 GMT']
      Expires: ['-1']
      Pragma: [no-cache]
      Status: ['0x0']
      Strict-Transport-Security: [max-age=15724800; includeSubDomains]
      X-Content-Type-Options: [nosniff]
      x-ms-request-id: [ba5c1513-b7f4-436b-8262-1264774a9883]
      x-ms-webhdfs-version: [16.12.19.00]
    status: {code: 200, message: OK}
version: 1
