interactions:
- request:
    body: null
    headers:
      Accept: ['*/*']
      Accept-Encoding: ['gzip, deflate']
      Connection: [keep-alive]
      Content-Length: ['0']
      User-Agent: [python-requests/2.11.1]
    method: PUT
    uri: https://fakestore.azuredatalakestore.net/webhdfs/v1/azure_test_dir/foo/bar?OP=CREATE&overwrite=True
  response:
    body: {string: ''}
    headers:
      Cache-Control: [no-cache]
      Content-Length: ['0']
      ContentLength: ['0']
      Date: ['Thu, 01 Sep 2016 17:10:17 GMT']
      Expires: ['-1']
      Location: ['https://fakestore.azuredatalakestore.net/webhdfs/v1/azure_test_dir/foo/bar?OP=CREATE&overwrite=True&write=true']
      Pragma: [no-cache]
      Server-Perf: ['[d5511c59-d32c-41ac-8d77-6ebf8f328a1f][ AuthTime::1148.25439672382::PostAuthTime::266.001577192631
          ][S-HdfsGetFileStatusV2 :: 00:00:006 ms]%0a[CREATE :: 00:00:007 ms]%0a']
      Status: ['0x8309000A']
      Strict-Transport-Security: [max-age=15724800; includeSubDomains]
      X-Content-Type-Options: [nosniff]
      x-ms-request-id: [d5511c59-d32c-41ac-8d77-6ebf8f328a1f]
      x-ms-webhdfs-version: [16.07.07.01]
    status: {code: 307, message: Temporary Redirect}
- request:
    body: null
    headers:
      Accept: ['*/*']
      Accept-Encoding: ['gzip, deflate']
      Connection: [keep-alive]
      Content-Length: ['0']
      User-Agent: [python-requests/2.11.1]
    method: PUT
    uri: https://fakestore.azuredatalakestore.net/webhdfs/v1/azure_test_dir/foo/bar?OP=CREATE&overwrite=True&write=true
  response:
    body: {string: ''}
    headers:
      Cache-Control: [no-cache]
      Content-Length: ['0']
      ContentLength: ['0']
      Date: ['Thu, 01 Sep 2016 17:10:17 GMT']
      Expires: ['-1']
      Location: ['https://fakestore.azuredatalakestore.net/webhdfs/v1/azure_test_dir/foo/bar?OP=CREATE&overwrite=True&write=true']
      Pragma: [no-cache]
      Server-Perf: ['[339ae79c-0727-4c22-849b-2562511f24f8][ AuthTime::0::PostAuthTime::0
          ][S-HdfsGetFileStatusV2 :: 00:00:005 ms]%0a[S-HdfsCheckAccess :: 00:00:002
          ms]%0a[S-FsDelete :: 00:00:005 ms]%0a[S-FsOpenStream :: 00:00:059 ms]%0a[BufferingTime
          :: 00:00:000 ms]%0a[WriteTime :: 00:00:000 ms]%0a[S-FsAppendStream :: 00:00:031
          ms]%0a[S-FsCloseHandle :: 00:00:001 ms]%0a[CREATE :: 00:00:108 ms]%0a']
      Status: ['0x0']
      Strict-Transport-Security: [max-age=15724800; includeSubDomains]
      X-Content-Type-Options: [nosniff]
      x-ms-request-id: [339ae79c-0727-4c22-849b-2562511f24f8]
      x-ms-webhdfs-version: [16.07.07.01]
    status: {code: 201, message: Created}
- request:
    body: '123456'
    headers:
      Accept: ['*/*']
      Accept-Encoding: ['gzip, deflate']
      Connection: [keep-alive]
      Content-Length: ['6']
      User-Agent: [python-requests/2.11.1]
    method: POST
    uri: https://fakestore.azuredatalakestore.net/webhdfs/v1/azure_test_dir/foo/bar?OP=APPEND
  response:
    body: {string: ''}
    headers:
      Cache-Control: [no-cache]
      Content-Length: ['0']
      ContentLength: ['0']
      Date: ['Thu, 01 Sep 2016 17:10:17 GMT']
      Expires: ['-1']
      Location: ['https://fakestore.azuredatalakestore.net/webhdfs/v1/azure_test_dir/foo/bar?OP=APPEND&append=true']
      Pragma: [no-cache]
      Server-Perf: ['[a3ea2f9b-2e60-4aca-9fe9-342ea3395b24][ AuthTime::941.695291010359::PostAuthTime::261.296922255826
          ][APPEND :: 00:00:000 ms]%0a']
      Status: ['0x0']
      Strict-Transport-Security: [max-age=15724800; includeSubDomains]
      X-Content-Type-Options: [nosniff]
      x-ms-request-id: [a3ea2f9b-2e60-4aca-9fe9-342ea3395b24]
      x-ms-webhdfs-version: [16.07.07.01]
    status: {code: 307, message: Temporary Redirect}
- request:
    body: '123456'
    headers:
      Accept: ['*/*']
      Accept-Encoding: ['gzip, deflate']
      Connection: [keep-alive]
      Content-Length: ['6']
      User-Agent: [python-requests/2.11.1]
    method: POST
    uri: https://fakestore.azuredatalakestore.net/webhdfs/v1/azure_test_dir/foo/bar?OP=APPEND&append=true
  response:
    body: {string: ''}
    headers:
      Cache-Control: [no-cache]
      Content-Length: ['0']
      Date: ['Thu, 01 Sep 2016 17:10:18 GMT']
      Expires: ['-1']
      Pragma: [no-cache]
      Server-Perf: ['[1c6a66a5-b81c-4d76-94dd-68c18274ec83][ AuthTime::0::PostAuthTime::0
          ][S-FsOpenStream :: 00:00:009 ms]%0a[S-FsGetStreamLength :: 00:00:009 ms]%0a[S-FsAppendStream
          :: 00:00:371 ms]%0a[BufferingTime :: 00:00:000 ms]%0a[WriteTime :: 00:00:371
          ms]%0a[S-FsAppendStream :: 00:00:033 ms]%0a[S-FsCloseHandle :: 00:00:001
          ms]%0a[APPEND :: 00:00:426 ms]%0a']
      Status: ['0x0']
      Strict-Transport-Security: [max-age=15724800; includeSubDomains]
      X-Content-Type-Options: [nosniff]
      x-ms-request-id: [1c6a66a5-b81c-4d76-94dd-68c18274ec83]
      x-ms-webhdfs-version: [16.07.07.01]
    status: {code: 200, message: OK}
- request:
    body: null
    headers:
      Accept: ['*/*']
      Accept-Encoding: ['gzip, deflate']
      Connection: [keep-alive]
      User-Agent: [python-requests/2.11.1]
    method: GET
    uri: https://fakestore.azuredatalakestore.net/webhdfs/v1/azure_test_dir/foo?OP=LISTSTATUS
  response:
    body: {string: '{"FileStatuses":{"FileStatus":[{"length":6,"pathSuffix":"bar","type":"FILE","blockSize":268435456,"accessTime":1472749817767,"modificationTime":1472749818477,"replication":1,"permission":"770","owner":"49b2f9ec-818a-49ca-9424-249e1f19f7d7","group":"49b2f9ec-818a-49ca-9424-249e1f19f7d7"}]}}'}
    headers:
      Cache-Control: [no-cache]
      Content-Length: ['290']
      Content-Type: [application/json; charset=utf-8]
      Date: ['Thu, 01 Sep 2016 17:10:18 GMT']
      Expires: ['-1']
      Pragma: [no-cache]
      Server-Perf: ['[d180ff74-d579-4ed7-bc8e-50a8622fc353][ AuthTime::0::PostAuthTime::0
          ][S-HdfsListStatus :: 00:00:011 ms]%0a[LISTSTATUS :: 00:00:011 ms]%0a']
      Status: ['0x0']
      Strict-Transport-Security: [max-age=15724800; includeSubDomains]
      X-Content-Type-Options: [nosniff]
      x-ms-request-id: [d180ff74-d579-4ed7-bc8e-50a8622fc353]
      x-ms-webhdfs-version: [16.07.07.01]
    status: {code: 200, message: OK}
- request:
    body: null
    headers:
      Accept: ['*/*']
      Accept-Encoding: ['gzip, deflate']
      Connection: [keep-alive]
      User-Agent: [python-requests/2.11.1]
    method: GET
    uri: https://fakestore.azuredatalakestore.net/webhdfs/v1/azure_test_dir/foo/bar?OP=OPEN&length=6&offset=0
  response:
    body: {string: ''}
    headers:
      Cache-Control: [no-cache]
      Content-Length: ['0']
      ContentLength: ['0']
      Date: ['Thu, 01 Sep 2016 17:10:18 GMT']
      Expires: ['-1']
      Location: ['https://fakestore.azuredatalakestore.net/webhdfs/v1/azure_test_dir/foo/bar?OP=OPEN&length=6&offset=0&read=true']
      Pragma: [no-cache]
      Server-Perf: ['[9059d668-7393-425f-bb95-2147653d0293][ AuthTime::925.445605908141::PostAuthTime::226.229540446121
          ][OPEN :: 00:00:000 ms]%0a']
      Status: ['0x0']
      Strict-Transport-Security: [max-age=15724800; includeSubDomains]
      X-Content-Type-Options: [nosniff]
      x-ms-request-id: [9059d668-7393-425f-bb95-2147653d0293]
      x-ms-webhdfs-version: [16.07.07.01]
    status: {code: 307, message: Temporary Redirect}
- request:
    body: null
    headers:
      Accept: ['*/*']
      Accept-Encoding: ['gzip, deflate']
      Connection: [keep-alive]
      User-Agent: [python-requests/2.11.1]
    method: GET
    uri: https://fakestore.azuredatalakestore.net/webhdfs/v1/azure_test_dir/foo/bar?OP=OPEN&length=6&offset=0&read=true
  response:
    body: {string: '123456'}
    headers:
      Cache-Control: [no-cache]
      Content-Type: [application/octet-stream]
      Date: ['Thu, 01 Sep 2016 17:10:18 GMT']
      Expires: ['-1']
      Pragma: [no-cache]
      Server-Perf: ['[2d6e0c8e-a6e9-4926-a2eb-718711a08640][ AuthTime::0::PostAuthTime::0
          ][S-FsOpenStream :: 00:00:012 ms]%0a[S-FsReadStream :: 00:00:014 ms]%0a[OPEN
          :: 00:00:027 ms]%0a']
      Status: ['0x0']
      Strict-Transport-Security: [max-age=15724800; includeSubDomains]
      Transfer-Encoding: [chunked]
      X-Content-Type-Options: [nosniff]
      x-ms-request-id: [2d6e0c8e-a6e9-4926-a2eb-718711a08640]
      x-ms-webhdfs-version: [16.07.07.01]
    status: {code: 200, message: OK}
- request:
    body: null
    headers:
      Accept: ['*/*']
      Accept-Encoding: ['gzip, deflate']
      Connection: [keep-alive]
      Content-Length: ['0']
      User-Agent: [python-requests/2.11.1]
    method: DELETE
    uri: https://fakestore.azuredatalakestore.net/webhdfs/v1/azure_test_dir/foo/bar?OP=DELETE&recursive=False
  response:
    body: {string: '{"boolean":true}'}
    headers:
      Cache-Control: [no-cache]
      Content-Length: ['16']
      Content-Type: [application/json; charset=utf-8]
      Date: ['Thu, 01 Sep 2016 17:10:18 GMT']
      Expires: ['-1']
      Pragma: [no-cache]
      Server-Perf: ['[b89dab84-ea1e-46ec-962f-3738916a8d4e][ AuthTime::0::PostAuthTime::0
          ][S-FsDelete :: 00:00:403 ms]%0a[DELETE :: 00:00:406 ms]%0a']
      Status: ['0x0']
      Strict-Transport-Security: [max-age=15724800; includeSubDomains]
      X-Content-Type-Options: [nosniff]
      x-ms-request-id: [b89dab84-ea1e-46ec-962f-3738916a8d4e]
      x-ms-webhdfs-version: [16.07.07.01]
    status: {code: 200, message: OK}
version: 1
