interactions:
- request:
    body: null
    headers:
      Accept: ['*/*']
      Accept-Encoding: ['gzip, deflate']
      Connection: [keep-alive]
      User-Agent: [python/3.5.2 (Windows-10-10.0.15063-SP0) azure.datalake.store.lib/0.0.10
          Azure-Data-Lake-Store-SDK-For-Python]
      x-ms-client-request-id: [0eaafcb0-4267-11e7-beda-645106422854]
    method: GET
    uri: https://fakestore.azuredatalakestore.net/webhdfs/v1/azure_test_dir/foo/bar?OP=GETFILESTATUS&api-version=2016-11-01
  response:
    body: {string: '{"RemoteException":{"exception":"FileNotFoundException","message":"File/Folder
        does not exist: /azure_test_dir/foo/bar [6284104a-137e-4daf-b67a-e5b632a8664a][2017-05-26T16:00:05.7215441-07:00]","javaClassName":"java.io.FileNotFoundException"}}'}
    headers:
      Cache-Control: ['no-cache, no-cache, no-store, max-age=0']
      Content-Length: ['243']
      Content-Type: [application/json; charset=utf-8]
      Date: ['Fri, 26 May 2017 23:00:05 GMT']
      Expires: ['-1']
      Pragma: [no-cache]
      Status: ['0x8309000A']
      Strict-Transport-Security: [max-age=15724800; includeSubDomains]
      X-Content-Type-Options: [nosniff]
      x-ms-request-id: [6284104a-137e-4daf-b67a-e5b632a8664a]
      x-ms-webhdfs-version: [16.12.19.00]
    status: {code: 404, message: Not Found}
- request:
    body: '123456'
    headers:
      Accept: ['*/*']
      Accept-Encoding: ['gzip, deflate']
      Connection: [keep-alive]
      Content-Length: ['6']
      User-Agent: [python/3.5.2 (Windows-10-10.0.15063-SP0) azure.datalake.store.lib/0.0.10
          Azure-Data-Lake-Store-SDK-For-Python]
      x-ms-client-request-id: [0eec729c-4267-11e7-a566-645106422854]
    method: PUT
    uri: https://fakestore.azuredatalakestore.net/webhdfs/v1/azure_test_dir/foo/bar?OP=CREATE&api-version=2016-11-01&write=true&overwrite=true
  response:
    body: {string: ''}
    headers:
      Cache-Control: ['no-cache, no-cache, no-store, max-age=0']
      Content-Length: ['0']
      ContentLength: ['0']
      Date: ['Fri, 26 May 2017 23:00:05 GMT']
      Expires: ['-1']
      Location: ['https://fakestore.azuredatalakestore.net/webhdfs/v1/azure_test_dir/foo/bar?OP=CREATE&api-version=2016-11-01&write=true&overwrite=true']
      Pragma: [no-cache]
      Status: ['0x0']
      Strict-Transport-Security: [max-age=15724800; includeSubDomains]
      X-Content-Type-Options: [nosniff]
      x-ms-request-id: [644e0c6b-c5b9-42f8-af72-f96130654085]
      x-ms-webhdfs-version: [16.12.19.00]
    status: {code: 201, message: Created}
- request:
    body: null
    headers:
      Accept: ['*/*']
      Accept-Encoding: ['gzip, deflate']
      Connection: [keep-alive]
      User-Agent: [python/3.5.2 (Windows-10-10.0.15063-SP0) azure.datalake.store.lib/0.0.10
          Azure-Data-Lake-Store-SDK-For-Python]
      x-ms-client-request-id: [0f18c738-4267-11e7-b893-645106422854]
    method: GET
    uri: https://fakestore.azuredatalakestore.net/webhdfs/v1/azure_test_dir/foo/bar?OP=GETFILESTATUS&api-version=2016-11-01
  response:
    body: {string: '{"FileStatus":{"length":6,"pathSuffix":"","type":"FILE","blockSize":268435456,"accessTime":1495839605901,"modificationTime":1495839605941,"replication":1,"permission":"770","owner":"9a23860e-03b0-4bad-a8b7-e1d081d592bd","group":"2e6c02d2-a364-4530-9137-d17403996cbf","msExpirationTime":0,"aclBit":false}}'}
    headers:
      Cache-Control: ['no-cache, no-cache, no-store, max-age=0']
      Content-Length: ['304']
      Content-Type: [application/json; charset=utf-8]
      Date: ['Fri, 26 May 2017 23:00:05 GMT']
      Expires: ['-1']
      Pragma: [no-cache]
      Status: ['0x0']
      Strict-Transport-Security: [max-age=15724800; includeSubDomains]
      X-Content-Type-Options: [nosniff]
      x-ms-request-id: [e7dfc896-1aa1-40f0-85d6-258f9641b2eb]
      x-ms-webhdfs-version: [16.12.19.00]
    status: {code: 200, message: OK}
- request:
    body: null
    headers:
      Accept: ['*/*']
      Accept-Encoding: ['gzip, deflate']
      Connection: [keep-alive]
      User-Agent: [python/3.5.2 (Windows-10-10.0.15063-SP0) azure.datalake.store.lib/0.0.10
          Azure-Data-Lake-Store-SDK-For-Python]
      x-ms-client-request-id: [0f2e372c-4267-11e7-8447-645106422854]
    method: GET
    uri: https://fakestore.azuredatalakestore.net/webhdfs/v1/azure_test_dir/foo/bar?OP=GETFILESTATUS&api-version=2016-11-01
  response:
    body: {string: '{"FileStatus":{"length":6,"pathSuffix":"","type":"FILE","blockSize":268435456,"accessTime":1495839605901,"modificationTime":1495839605941,"replication":1,"permission":"770","owner":"9a23860e-03b0-4bad-a8b7-e1d081d592bd","group":"2e6c02d2-a364-4530-9137-d17403996cbf","msExpirationTime":0,"aclBit":false}}'}
    headers:
      Cache-Control: ['no-cache, no-cache, no-store, max-age=0']
      Content-Length: ['304']
      Content-Type: [application/json; charset=utf-8]
      Date: ['Fri, 26 May 2017 23:00:05 GMT']
      Expires: ['-1']
      Pragma: [no-cache]
      Status: ['0x0']
      Strict-Transport-Security: [max-age=15724800; includeSubDomains]
      X-Content-Type-Options: [nosniff]
      x-ms-request-id: [85ea9a03-af46-493d-a060-81815e254b1b]
      x-ms-webhdfs-version: [16.12.19.00]
    status: {code: 200, message: OK}
- request:
    body: null
    headers:
      Accept: ['*/*']
      Accept-Encoding: ['gzip, deflate']
      Connection: [keep-alive]
      User-Agent: [python/3.5.2 (Windows-10-10.0.15063-SP0) azure.datalake.store.lib/0.0.10
          Azure-Data-Lake-Store-SDK-For-Python]
      x-ms-client-request-id: [0f431e42-4267-11e7-b8c1-645106422854]
    method: GET
    uri: https://fakestore.azuredatalakestore.net/webhdfs/v1/azure_test_dir/foo/bar?OP=GETFILESTATUS&api-version=2016-11-01
  response:
    body: {string: '{"FileStatus":{"length":6,"pathSuffix":"","type":"FILE","blockSize":268435456,"accessTime":1495839605901,"modificationTime":1495839605941,"replication":1,"permission":"770","owner":"9a23860e-03b0-4bad-a8b7-e1d081d592bd","group":"2e6c02d2-a364-4530-9137-d17403996cbf","msExpirationTime":0,"aclBit":false}}'}
    headers:
      Cache-Control: ['no-cache, no-cache, no-store, max-age=0']
      Content-Length: ['304']
      Content-Type: [application/json; charset=utf-8]
      Date: ['Fri, 26 May 2017 23:00:05 GMT']
      Expires: ['-1']
      Pragma: [no-cache]
      Status: ['0x0']
      Strict-Transport-Security: [max-age=15724800; includeSubDomains]
      X-Content-Type-Options: [nosniff]
      x-ms-request-id: [3e36904f-e667-4c05-9d1e-9a6b05eb2052]
      x-ms-webhdfs-version: [16.12.19.00]
    status: {code: 200, message: OK}
- request:
    body: null
    headers:
      Accept: ['*/*']
      Accept-Encoding: ['gzip, deflate']
      Connection: [keep-alive]
      User-Agent: [python/3.5.2 (Windows-10-10.0.15063-SP0) azure.datalake.store.lib/0.0.10
          Azure-Data-Lake-Store-SDK-For-Python]
      x-ms-client-request-id: [0f5a3bec-4267-11e7-8afd-645106422854]
    method: GET
    uri: https://fakestore.azuredatalakestore.net/webhdfs/v1/azure_test_dir/foo/bar?OP=OPEN&api-version=2016-11-01&read=true&offset=0&length=6
  response:
    body: {string: '123456'}
    headers:
      Cache-Control: ['no-cache, no-cache, no-store, max-age=0']
      Content-Type: [application/octet-stream]
      Date: ['Fri, 26 May 2017 23:00:05 GMT']
      Expires: ['-1']
      Pragma: [no-cache]
      Status: ['0x0']
      Strict-Transport-Security: [max-age=15724800; includeSubDomains]
      Transfer-Encoding: [chunked]
      X-Content-Type-Options: [nosniff]
      x-ms-request-id: [fe209493-227e-40cb-871d-9bb26b4f836c]
      x-ms-webhdfs-version: [16.12.19.00]
    status: {code: 200, message: OK}
- request:
    body: null
    headers:
      Accept: ['*/*']
      Accept-Encoding: ['gzip, deflate']
      Connection: [keep-alive]
      User-Agent: [python/3.5.2 (Windows-10-10.0.15063-SP0) azure.datalake.store.lib/0.0.10
          Azure-Data-Lake-Store-SDK-For-Python]
      x-ms-client-request-id: [0f76df0a-4267-11e7-ba19-645106422854]
    method: GET
    uri: https://fakestore.azuredatalakestore.net/webhdfs/v1/azure_test_dir/foo/bar?OP=GETFILESTATUS&api-version=2016-11-01
  response:
    body: {string: '{"FileStatus":{"length":6,"pathSuffix":"","type":"FILE","blockSize":268435456,"accessTime":1495839605901,"modificationTime":1495839605941,"replication":1,"permission":"770","owner":"9a23860e-03b0-4bad-a8b7-e1d081d592bd","group":"2e6c02d2-a364-4530-9137-d17403996cbf","msExpirationTime":0,"aclBit":false}}'}
    headers:
      Cache-Control: ['no-cache, no-cache, no-store, max-age=0']
      Content-Length: ['304']
      Content-Type: [application/json; charset=utf-8]
      Date: ['Fri, 26 May 2017 23:00:06 GMT']
      Expires: ['-1']
      Pragma: [no-cache]
      Status: ['0x0']
      Strict-Transport-Security: [max-age=15724800; includeSubDomains]
      X-Content-Type-Options: [nosniff]
      x-ms-request-id: [e1a49e02-1910-436b-a09f-1c8536b17ea6]
      x-ms-webhdfs-version: [16.12.19.00]
    status: {code: 200, message: OK}
- request:
    body: null
    headers:
      Accept: ['*/*']
      Accept-Encoding: ['gzip, deflate']
      Connection: [keep-alive]
      Content-Length: ['0']
      User-Agent: [python/3.5.2 (Windows-10-10.0.15063-SP0) azure.datalake.store.lib/0.0.10
          Azure-Data-Lake-Store-SDK-For-Python]
      x-ms-client-request-id: [0f8de7e2-4267-11e7-b15d-645106422854]
    method: DELETE
    uri: https://fakestore.azuredatalakestore.net/webhdfs/v1/azure_test_dir/foo/bar?OP=DELETE&api-version=2016-11-01&recursive=False
  response:
    body: {string: '{"boolean":true}'}
    headers:
      Cache-Control: ['no-cache, no-cache, no-store, max-age=0']
      Content-Length: ['16']
      Content-Type: [application/json; charset=utf-8]
      Date: ['Fri, 26 May 2017 23:00:06 GMT']
      Expires: ['-1']
      Pragma: [no-cache]
      Status: ['0x0']
      Strict-Transport-Security: [max-age=15724800; includeSubDomains]
      X-Content-Type-Options: [nosniff]
      x-ms-request-id: [416547a3-0fc4-4b57-bda8-c49d4a6dc66e]
      x-ms-webhdfs-version: [16.12.19.00]
    status: {code: 200, message: OK}
- request:
    body: null
    headers:
      Accept: ['*/*']
      Accept-Encoding: ['gzip, deflate']
      Connection: [keep-alive]
      User-Agent: [python/3.7.0 (Windows-10-10.0.14393-SP0) azure.datalake.store.lib/0.0.34
          Azure-Data-Lake-Store-SDK-For-Python]
      x-ms-client-request-id: [bbe50ec0-d194-11e8-80bb-000d3a041d7c.0]
    method: GET
    uri: https://akharitadls.azuredatalakestore.net/webhdfs/v1/azure_python_sdk_test_dir437f8326-2c53-487e-b0f0-0cd298e9ca49/foo/bar?OP=GETFILESTATUS&api-version=2018-05-01
  response:
    body: {string: '{"RemoteException":{"exception":"FileNotFoundException","message":"File/Folder
        does not exist: /azure_python_sdk_test_dir437f8326-2c53-487e-b0f0-0cd298e9ca49/foo/bar
        [63b01378-09f5-497c-b044-f32880166f8f][2018-10-16T15:42:17.3207791-07:00]","javaClassName":"java.io.FileNotFoundException"}}'}
    headers:
      Cache-Control: ['no-cache, no-cache, no-store, max-age=0']
      Content-Length: ['290']
      Content-Type: [application/json; charset=utf-8]
      Date: ['Tue, 16 Oct 2018 22:42:16 GMT']
      Expires: ['-1']
      Pragma: [no-cache]
      Status: ['0x8309000A']
      Strict-Transport-Security: [max-age=15724800; includeSubDomains]
      X-Content-Type-Options: [nosniff]
      x-ms-request-id: [63b01378-09f5-497c-b044-f32880166f8f]
      x-ms-webhdfs-version: [17.04.24.00]
    status: {code: 404, message: Not Found}
- request:
    body: '123456'
    headers:
      Accept: ['*/*']
      Accept-Encoding: ['gzip, deflate']
      Connection: [keep-alive]
      Content-Length: ['6']
      User-Agent: [python/3.7.0 (Windows-10-10.0.14393-SP0) azure.datalake.store.lib/0.0.34
          Azure-Data-Lake-Store-SDK-For-Python]
      x-ms-client-request-id: [bbef42ee-d194-11e8-a987-000d3a041d7c.0]
    method: PUT
    uri: https://akharitadls.azuredatalakestore.net/webhdfs/v1/azure_python_sdk_test_dir437f8326-2c53-487e-b0f0-0cd298e9ca49/foo/bar?OP=CREATE&api-version=2018-05-01&overwrite=true&write=true&syncFlag=CLOSE&leaseid=b81fe1f7-addb-4d7a-ba69-8b65ddf25940&filesessionid=b81fe1f7-addb-4d7a-ba69-8b65ddf25940
  response:
    body: {string: ''}
    headers:
      Cache-Control: ['no-cache, no-cache, no-store, max-age=0']
      Content-Length: ['0']
      ContentLength: ['0']
      Date: ['Tue, 16 Oct 2018 22:42:17 GMT']
      Expires: ['-1']
      Location: ['https://akharitadls.azuredatalakestore.net/webhdfs/v1/azure_python_sdk_test_dir437f8326-2c53-487e-b0f0-0cd298e9ca49/foo/bar?OP=CREATE&api-version=2018-05-01&overwrite=true&write=true&syncFlag=CLOSE&leaseid=b81fe1f7-addb-4d7a-ba69-8b65ddf25940&filesessionid=b81fe1f7-addb-4d7a-ba69-8b65ddf25940']
      Pragma: [no-cache]
      Status: ['0x0']
      Strict-Transport-Security: [max-age=15724800; includeSubDomains]
      X-Content-Type-Options: [nosniff]
      x-ms-request-id: [5768efdf-6a3b-421d-88ba-494d37668246]
      x-ms-webhdfs-version: [17.04.24.00]
    status: {code: 201, message: Created}
- request:
    body: null
    headers:
      Accept: ['*/*']
      Accept-Encoding: ['gzip, deflate']
      Connection: [keep-alive]
      User-Agent: [python/3.7.0 (Windows-10-10.0.14393-SP0) azure.datalake.store.lib/0.0.34
          Azure-Data-Lake-Store-SDK-For-Python]
      x-ms-client-request-id: [bc0257c2-d194-11e8-961a-000d3a041d7c.0]
    method: GET
    uri: https://akharitadls.azuredatalakestore.net/webhdfs/v1/azure_python_sdk_test_dir437f8326-2c53-487e-b0f0-0cd298e9ca49/foo/bar?OP=GETFILESTATUS&api-version=2018-05-01
  response:
    body: {string: '{"FileStatus":{"length":6,"pathSuffix":"","type":"FILE","blockSize":268435456,"accessTime":1539729737344,"modificationTime":1539729737383,"replication":1,"permission":"770","owner":"a0b3cb87-9ca9-4769-af48-e687823d8937","group":"6d86a146-d7dc-49d0-862f-1897c5dd2afe","msExpirationTime":0,"aclBit":false}}'}
    headers:
      Cache-Control: ['no-cache, no-cache, no-store, max-age=0']
      Content-Length: ['304']
      Content-Type: [application/json; charset=utf-8]
      Date: ['Tue, 16 Oct 2018 22:42:17 GMT']
      Expires: ['-1']
      Pragma: [no-cache]
      Status: ['0x0']
      Strict-Transport-Security: [max-age=15724800; includeSubDomains]
      X-Content-Type-Options: [nosniff]
      x-ms-request-id: [500f7895-1f3b-4958-af84-0b0f5f1b7924]
      x-ms-webhdfs-version: [17.04.24.00]
    status: {code: 200, message: OK}
- request:
    body: null
    headers:
      Accept: ['*/*']
      Accept-Encoding: ['gzip, deflate']
      Connection: [keep-alive]
      User-Agent: [python/3.7.0 (Windows-10-10.0.14393-SP0) azure.datalake.store.lib/0.0.34
          Azure-Data-Lake-Store-SDK-For-Python]
      x-ms-client-request-id: [bc04c8d2-d194-11e8-a7af-000d3a041d7c.0]
    method: GET
    uri: https://akharitadls.azuredatalakestore.net/webhdfs/v1/azure_python_sdk_test_dir437f8326-2c53-487e-b0f0-0cd298e9ca49/foo/bar?OP=GETFILESTATUS&api-version=2018-05-01
  response:
    body: {string: '{"FileStatus":{"length":6,"pathSuffix":"","type":"FILE","blockSize":268435456,"accessTime":1539729737344,"modificationTime":1539729737383,"replication":1,"permission":"770","owner":"a0b3cb87-9ca9-4769-af48-e687823d8937","group":"6d86a146-d7dc-49d0-862f-1897c5dd2afe","msExpirationTime":0,"aclBit":false}}'}
    headers:
      Cache-Control: ['no-cache, no-cache, no-store, max-age=0']
      Content-Length: ['304']
      Content-Type: [application/json; charset=utf-8]
      Date: ['Tue, 16 Oct 2018 22:42:17 GMT']
      Expires: ['-1']
      Pragma: [no-cache]
      Status: ['0x0']
      Strict-Transport-Security: [max-age=15724800; includeSubDomains]
      X-Content-Type-Options: [nosniff]
      x-ms-request-id: [327d75c6-3ef1-4c0d-98a3-66a9d4afd26f]
      x-ms-webhdfs-version: [17.04.24.00]
    status: {code: 200, message: OK}
- request:
    body: null
    headers:
      Accept: ['*/*']
      Accept-Encoding: ['gzip, deflate']
      Connection: [keep-alive]
      User-Agent: [python/3.7.0 (Windows-10-10.0.14393-SP0) azure.datalake.store.lib/0.0.34
          Azure-Data-Lake-Store-SDK-For-Python]
      x-ms-client-request-id: [bc0739d2-d194-11e8-9f7c-000d3a041d7c.0]
    method: GET
    uri: https://akharitadls.azuredatalakestore.net/webhdfs/v1/azure_python_sdk_test_dir437f8326-2c53-487e-b0f0-0cd298e9ca49/foo/bar?OP=GETFILESTATUS&api-version=2018-05-01
  response:
    body: {string: '{"FileStatus":{"length":6,"pathSuffix":"","type":"FILE","blockSize":268435456,"accessTime":1539729737344,"modificationTime":1539729737383,"replication":1,"permission":"770","owner":"a0b3cb87-9ca9-4769-af48-e687823d8937","group":"6d86a146-d7dc-49d0-862f-1897c5dd2afe","msExpirationTime":0,"aclBit":false}}'}
    headers:
      Cache-Control: ['no-cache, no-cache, no-store, max-age=0']
      Content-Length: ['304']
      Content-Type: [application/json; charset=utf-8]
      Date: ['Tue, 16 Oct 2018 22:42:17 GMT']
      Expires: ['-1']
      Pragma: [no-cache]
      Status: ['0x0']
      Strict-Transport-Security: [max-age=15724800; includeSubDomains]
      X-Content-Type-Options: [nosniff]
      x-ms-request-id: [b185627a-a240-4410-be23-61aeaba7c28f]
      x-ms-webhdfs-version: [17.04.24.00]
    status: {code: 200, message: OK}
- request:
    body: null
    headers:
      Accept: ['*/*']
      Accept-Encoding: ['gzip, deflate']
      Connection: [keep-alive]
      User-Agent: [python/3.7.0 (Windows-10-10.0.14393-SP0) azure.datalake.store.lib/0.0.34
          Azure-Data-Lake-Store-SDK-For-Python]
      x-ms-client-request-id: [bc09aaba-d194-11e8-91a6-000d3a041d7c.0]
    method: GET
    uri: https://akharitadls.azuredatalakestore.net/webhdfs/v1/azure_python_sdk_test_dir437f8326-2c53-487e-b0f0-0cd298e9ca49/foo/bar?OP=OPEN&api-version=2018-05-01&offset=0&length=3&read=true&filesessionid=aa865e31-8cfc-43c5-8ca6-ad7930a56bf0
  response:
    body: {string: '123'}
    headers:
      Cache-Control: ['no-cache, no-cache, no-store, max-age=0']
      Content-Type: [application/octet-stream]
      Date: ['Tue, 16 Oct 2018 22:42:17 GMT']
      Expires: ['-1']
      Pragma: [no-cache]
      Status: ['0x0']
      Strict-Transport-Security: [max-age=15724800; includeSubDomains]
      Transfer-Encoding: [chunked]
      X-Content-Type-Options: [nosniff]
      x-ms-request-id: [603aeed3-06e1-402b-89cb-fa437a8af507]
      x-ms-webhdfs-version: [17.04.24.00]
    status: {code: 200, message: OK}
- request:
    body: null
    headers:
      Accept: ['*/*']
      Accept-Encoding: ['gzip, deflate']
      Connection: [keep-alive]
      User-Agent: [python/3.7.0 (Windows-10-10.0.14393-SP0) azure.datalake.store.lib/0.0.34
          Azure-Data-Lake-Store-SDK-For-Python]
      x-ms-client-request-id: [bc183e06-d194-11e8-bab5-000d3a041d7c.0]
    method: GET
    uri: https://akharitadls.azuredatalakestore.net/webhdfs/v1/azure_python_sdk_test_dir437f8326-2c53-487e-b0f0-0cd298e9ca49/foo/bar?OP=GETFILESTATUS&api-version=2018-05-01
  response:
    body: {string: '{"FileStatus":{"length":6,"pathSuffix":"","type":"FILE","blockSize":268435456,"accessTime":1539729737344,"modificationTime":1539729737383,"replication":1,"permission":"770","owner":"a0b3cb87-9ca9-4769-af48-e687823d8937","group":"6d86a146-d7dc-49d0-862f-1897c5dd2afe","msExpirationTime":0,"aclBit":false}}'}
    headers:
      Cache-Control: ['no-cache, no-cache, no-store, max-age=0']
      Content-Length: ['304']
      Content-Type: [application/json; charset=utf-8]
      Date: ['Tue, 16 Oct 2018 22:42:17 GMT']
      Expires: ['-1']
      Pragma: [no-cache]
      Status: ['0x0']
      Strict-Transport-Security: [max-age=15724800; includeSubDomains]
      X-Content-Type-Options: [nosniff]
      x-ms-request-id: [eeb21888-942a-49ff-aa8a-fa0f93ec0be8]
      x-ms-webhdfs-version: [17.04.24.00]
    status: {code: 200, message: OK}
- request:
    body: null
    headers:
      Accept: ['*/*']
      Accept-Encoding: ['gzip, deflate']
      Connection: [keep-alive]
      Content-Length: ['0']
      User-Agent: [python/3.7.0 (Windows-10-10.0.14393-SP0) azure.datalake.store.lib/0.0.34
          Azure-Data-Lake-Store-SDK-For-Python]
      x-ms-client-request-id: [bc1ad612-d194-11e8-bc61-000d3a041d7c.0]
    method: DELETE
    uri: https://akharitadls.azuredatalakestore.net/webhdfs/v1/azure_python_sdk_test_dir437f8326-2c53-487e-b0f0-0cd298e9ca49/foo/bar?OP=DELETE&api-version=2018-05-01&recursive=False
  response:
    body: {string: '{"boolean":true}'}
    headers:
      Cache-Control: ['no-cache, no-cache, no-store, max-age=0']
      Content-Length: ['16']
      Content-Type: [application/json; charset=utf-8]
      Date: ['Tue, 16 Oct 2018 22:42:17 GMT']
      Expires: ['-1']
      Pragma: [no-cache]
      Status: ['0x0']
      Strict-Transport-Security: [max-age=15724800; includeSubDomains]
      X-Content-Type-Options: [nosniff]
      x-ms-request-id: [b3fe534d-24cb-45bf-bf45-205f452d8aa4]
      x-ms-webhdfs-version: [17.04.24.00]
    status: {code: 200, message: OK}
- request:
    body: null
    headers:
      Accept: ['*/*']
      Accept-Encoding: ['gzip, deflate']
      Connection: [keep-alive]
      User-Agent: [python/2.7.13 (Windows-10-10.0.14393) azure.datalake.store.lib/0.0.34
          Azure-Data-Lake-Store-SDK-For-Python]
      x-ms-client-request-id: [57950b70-dbd6-11e8-b6d5-000d3a041d7c.0]
    method: GET
    uri: https://akharitadls.azuredatalakestore.net/webhdfs/v1/azure_python_sdk_test_dir09a10d70-be51-4e07-9161-481937d28385/foo/bar?api-version=2018-05-01&OP=GETFILESTATUS
  response:
    body: {string: '{"RemoteException":{"exception":"FileNotFoundException","message":"File/Folder
        does not exist: /azure_python_sdk_test_dir09a10d70-be51-4e07-9161-481937d28385/foo/bar
        [914dd145-8aa7-47f4-875c-6797fb352ed0][2018-10-29T16:57:07.3990506-07:00]","javaClassName":"java.io.FileNotFoundException"}}'}
    headers:
      cache-control: ['no-cache, no-cache, no-store, max-age=0']
      content-length: ['290']
      content-type: [application/json; charset=utf-8]
      date: ['Mon, 29 Oct 2018 23:57:06 GMT']
      expires: ['-1']
      pragma: [no-cache]
      status: ['0x8309000A']
      strict-transport-security: [max-age=15724800; includeSubDomains]
      x-content-type-options: [nosniff]
      x-ms-request-id: [914dd145-8aa7-47f4-875c-6797fb352ed0]
      x-ms-webhdfs-version: [17.04.24.00]
    status: {code: 404, message: Not Found}
- request:
    body: '123456'
    headers:
      Accept: ['*/*']
      Accept-Encoding: ['gzip, deflate']
      Connection: [keep-alive]
      Content-Length: ['6']
      User-Agent: [python/2.7.13 (Windows-10-10.0.14393) azure.datalake.store.lib/0.0.34
          Azure-Data-Lake-Store-SDK-For-Python]
      x-ms-client-request-id: [579d21c0-dbd6-11e8-b269-000d3a041d7c.0]
    method: PUT
    uri: https://akharitadls.azuredatalakestore.net/webhdfs/v1/azure_python_sdk_test_dir09a10d70-be51-4e07-9161-481937d28385/foo/bar?filesessionid=d075d019-d7f9-4534-8e1d-cbacaab10425&write=true&leaseid=d075d019-d7f9-4534-8e1d-cbacaab10425&api-version=2018-05-01&syncFlag=CLOSE&overwrite=true&OP=CREATE
  response:
    body: {string: ''}
    headers:
      cache-control: ['no-cache, no-cache, no-store, max-age=0']
      content-length: ['0']
      contentlength: ['0']
      date: ['Mon, 29 Oct 2018 23:57:07 GMT']
      expires: ['-1']
      location: ['https://akharitadls.azuredatalakestore.net/webhdfs/v1/azure_python_sdk_test_dir09a10d70-be51-4e07-9161-481937d28385/foo/bar?filesessionid=d075d019-d7f9-4534-8e1d-cbacaab10425&write=true&leaseid=d075d019-d7f9-4534-8e1d-cbacaab10425&api-version=2018-05-01&syncFlag=CLOSE&overwrite=true&OP=CREATE']
      pragma: [no-cache]
      status: ['0x0']
      strict-transport-security: [max-age=15724800; includeSubDomains]
      x-content-type-options: [nosniff]
      x-ms-request-id: [90cfec02-d1c1-4c09-b28c-edad37f32bd7]
      x-ms-webhdfs-version: [17.04.24.00]
    status: {code: 201, message: Created}
- request:
    body: null
    headers:
      Accept: ['*/*']
      Accept-Encoding: ['gzip, deflate']
      Connection: [keep-alive]
      User-Agent: [python/2.7.13 (Windows-10-10.0.14393) azure.datalake.store.lib/0.0.34
          Azure-Data-Lake-Store-SDK-For-Python]
      x-ms-client-request-id: [57da78e1-dbd6-11e8-bc81-000d3a041d7c.0]
    method: GET
    uri: https://akharitadls.azuredatalakestore.net/webhdfs/v1/azure_python_sdk_test_dir09a10d70-be51-4e07-9161-481937d28385/foo/bar?api-version=2018-05-01&OP=GETFILESTATUS
  response:
    body: {string: '{"FileStatus":{"length":6,"pathSuffix":"","type":"FILE","blockSize":268435456,"accessTime":1540857427461,"modificationTime":1540857427617,"replication":1,"permission":"770","owner":"a0b3cb87-9ca9-4769-af48-e687823d8937","group":"6d86a146-d7dc-49d0-862f-1897c5dd2afe","msExpirationTime":0,"aclBit":false}}'}
    headers:
      cache-control: ['no-cache, no-cache, no-store, max-age=0']
      content-length: ['304']
      content-type: [application/json; charset=utf-8]
      date: ['Mon, 29 Oct 2018 23:57:07 GMT']
      expires: ['-1']
      pragma: [no-cache]
      status: ['0x0']
      strict-transport-security: [max-age=15724800; includeSubDomains]
      x-content-type-options: [nosniff]
      x-ms-request-id: [c4e897d4-0d35-4347-b6aa-b154781c8f1e]
      x-ms-webhdfs-version: [17.04.24.00]
    status: {code: 200, message: OK}
- request:
    body: null
    headers:
      Accept: ['*/*']
      Accept-Encoding: ['gzip, deflate']
      Connection: [keep-alive]
      User-Agent: [python/2.7.13 (Windows-10-10.0.14393) azure.datalake.store.lib/0.0.34
          Azure-Data-Lake-Store-SDK-For-Python]
      x-ms-client-request-id: [57dd5f11-dbd6-11e8-94f4-000d3a041d7c.0]
    method: GET
    uri: https://akharitadls.azuredatalakestore.net/webhdfs/v1/azure_python_sdk_test_dir09a10d70-be51-4e07-9161-481937d28385/foo/bar?api-version=2018-05-01&OP=GETFILESTATUS
  response:
    body: {string: '{"FileStatus":{"length":6,"pathSuffix":"","type":"FILE","blockSize":268435456,"accessTime":1540857427461,"modificationTime":1540857427617,"replication":1,"permission":"770","owner":"a0b3cb87-9ca9-4769-af48-e687823d8937","group":"6d86a146-d7dc-49d0-862f-1897c5dd2afe","msExpirationTime":0,"aclBit":false}}'}
    headers:
      cache-control: ['no-cache, no-cache, no-store, max-age=0']
      content-length: ['304']
      content-type: [application/json; charset=utf-8]
      date: ['Mon, 29 Oct 2018 23:57:07 GMT']
      expires: ['-1']
      pragma: [no-cache]
      status: ['0x0']
      strict-transport-security: [max-age=15724800; includeSubDomains]
      x-content-type-options: [nosniff]
      x-ms-request-id: [74e958c8-1158-4830-9671-6e3dc3869f2b]
      x-ms-webhdfs-version: [17.04.24.00]
    status: {code: 200, message: OK}
- request:
    body: null
    headers:
      Accept: ['*/*']
      Accept-Encoding: ['gzip, deflate']
      Connection: [keep-alive]
      User-Agent: [python/2.7.13 (Windows-10-10.0.14393) azure.datalake.store.lib/0.0.34
          Azure-Data-Lake-Store-SDK-For-Python]
      x-ms-client-request-id: [57e0935e-dbd6-11e8-a073-000d3a041d7c.0]
    method: GET
    uri: https://akharitadls.azuredatalakestore.net/webhdfs/v1/azure_python_sdk_test_dir09a10d70-be51-4e07-9161-481937d28385/foo/bar?api-version=2018-05-01&OP=GETFILESTATUS
  response:
    body: {string: '{"FileStatus":{"length":6,"pathSuffix":"","type":"FILE","blockSize":268435456,"accessTime":1540857427461,"modificationTime":1540857427617,"replication":1,"permission":"770","owner":"a0b3cb87-9ca9-4769-af48-e687823d8937","group":"6d86a146-d7dc-49d0-862f-1897c5dd2afe","msExpirationTime":0,"aclBit":false}}'}
    headers:
      cache-control: ['no-cache, no-cache, no-store, max-age=0']
      content-length: ['304']
      content-type: [application/json; charset=utf-8]
      date: ['Mon, 29 Oct 2018 23:57:07 GMT']
      expires: ['-1']
      pragma: [no-cache]
      status: ['0x0']
      strict-transport-security: [max-age=15724800; includeSubDomains]
      x-content-type-options: [nosniff]
      x-ms-request-id: [df19ae4f-3d03-4014-9db7-b21a171c38d2]
      x-ms-webhdfs-version: [17.04.24.00]
    status: {code: 200, message: OK}
- request:
    body: null
    headers:
      Accept: ['*/*']
      Accept-Encoding: ['gzip, deflate']
      Connection: [keep-alive]
      User-Agent: [python/2.7.13 (Windows-10-10.0.14393) azure.datalake.store.lib/0.0.34
          Azure-Data-Lake-Store-SDK-For-Python]
      x-ms-client-request-id: [57e32b70-dbd6-11e8-bc8b-000d3a041d7c.0]
    method: GET
    uri: https://akharitadls.azuredatalakestore.net/webhdfs/v1/azure_python_sdk_test_dir09a10d70-be51-4e07-9161-481937d28385/foo/bar?filesessionid=3c6ecbe0-6d5a-421e-ab00-28d7e605a85f&read=true&length=3&offset=0&api-version=2018-05-01&OP=OPEN
  response:
    body: {string: '123'}
    headers:
      cache-control: ['no-cache, no-cache, no-store, max-age=0']
      content-type: [application/octet-stream]
      date: ['Mon, 29 Oct 2018 23:57:07 GMT']
      expires: ['-1']
      pragma: [no-cache]
      status: ['0x0']
      strict-transport-security: [max-age=15724800; includeSubDomains]
      transfer-encoding: [chunked]
      x-content-type-options: [nosniff]
      x-ms-request-id: [109928c5-0c86-46a9-a277-cfa9bdacb8f1]
      x-ms-webhdfs-version: [17.04.24.00]
    status: {code: 200, message: OK}
- request:
    body: null
    headers:
      Accept: ['*/*']
      Accept-Encoding: ['gzip, deflate']
      Connection: [keep-alive]
      User-Agent: [python/2.7.13 (Windows-10-10.0.14393) azure.datalake.store.lib/0.0.34
          Azure-Data-Lake-Store-SDK-For-Python]
      x-ms-client-request-id: [57f81300-dbd6-11e8-b3ca-000d3a041d7c.0]
    method: GET
    uri: https://akharitadls.azuredatalakestore.net/webhdfs/v1/azure_python_sdk_test_dir09a10d70-be51-4e07-9161-481937d28385/foo/bar?api-version=2018-05-01&OP=GETFILESTATUS
  response:
    body: {string: '{"FileStatus":{"length":6,"pathSuffix":"","type":"FILE","blockSize":268435456,"accessTime":1540857427461,"modificationTime":1540857427617,"replication":1,"permission":"770","owner":"a0b3cb87-9ca9-4769-af48-e687823d8937","group":"6d86a146-d7dc-49d0-862f-1897c5dd2afe","msExpirationTime":0,"aclBit":false}}'}
    headers:
      cache-control: ['no-cache, no-cache, no-store, max-age=0']
      content-length: ['304']
      content-type: [application/json; charset=utf-8]
      date: ['Mon, 29 Oct 2018 23:57:07 GMT']
      expires: ['-1']
      pragma: [no-cache]
      status: ['0x0']
      strict-transport-security: [max-age=15724800; includeSubDomains]
      x-content-type-options: [nosniff]
      x-ms-request-id: [1de92b8a-2c13-498a-90f4-025274b16526]
      x-ms-webhdfs-version: [17.04.24.00]
    status: {code: 200, message: OK}
- request:
    body: null
    headers:
      Accept: ['*/*']
      Accept-Encoding: ['gzip, deflate']
      Connection: [keep-alive]
      Content-Length: ['0']
      User-Agent: [python/2.7.13 (Windows-10-10.0.14393) azure.datalake.store.lib/0.0.34
          Azure-Data-Lake-Store-SDK-For-Python]
      x-ms-client-request-id: [57fad21e-dbd6-11e8-8f17-000d3a041d7c.0]
    method: DELETE
    uri: https://akharitadls.azuredatalakestore.net/webhdfs/v1/azure_python_sdk_test_dir09a10d70-be51-4e07-9161-481937d28385/foo/bar?api-version=2018-05-01&recursive=False&OP=DELETE
  response:
    body: {string: '{"boolean":true}'}
    headers:
      cache-control: ['no-cache, no-cache, no-store, max-age=0']
      content-length: ['16']
      content-type: [application/json; charset=utf-8]
      date: ['Mon, 29 Oct 2018 23:57:07 GMT']
      expires: ['-1']
      pragma: [no-cache]
      status: ['0x0']
      strict-transport-security: [max-age=15724800; includeSubDomains]
      x-content-type-options: [nosniff]
      x-ms-request-id: [72680f2d-1ac9-4fe0-8eb6-a02961ffe9f2]
      x-ms-webhdfs-version: [17.04.24.00]
    status: {code: 200, message: OK}
- request:
    body: null
    headers:
      Accept: ['*/*']
      Accept-Encoding: ['gzip, deflate']
      Connection: [keep-alive]
      User-Agent: [python/3.7.0 (Windows-10-10.0.14393-SP0) azure.datalake.store.lib/0.0.37
          Azure-Data-Lake-Store-SDK-For-Python]
      x-ms-client-request-id: [4a87ff6c-e6d5-11e8-bf41-000d3a02e7d7.0]
    method: GET
    uri: https://akharitadls.azuredatalakestore.net/webhdfs/v1/azure_python_sdk_test_dir22bc5d88-20b0-431d-ba7c-a88cf6baf681/foo/bar?OP=GETFILESTATUS&api-version=2018-05-01
  response:
    body: {string: '{"RemoteException":{"exception":"FileNotFoundException","message":"File/Folder
        does not exist: /azure_python_sdk_test_dir22bc5d88-20b0-431d-ba7c-a88cf6baf681/foo/bar
        [f147a9c1-cb51-4298-977a-22f6e1537cee][2018-11-12T15:47:18.8031386-08:00]","javaClassName":"java.io.FileNotFoundException"}}'}
    headers:
      Cache-Control: ['no-cache, no-cache, no-store, max-age=0']
      Content-Length: ['290']
      Content-Type: [application/json; charset=utf-8]
      Date: ['Mon, 12 Nov 2018 23:47:18 GMT']
      Expires: ['-1']
      Pragma: [no-cache]
      Status: ['0x8309000A']
      Strict-Transport-Security: [max-age=15724800; includeSubDomains]
      X-Content-Type-Options: [nosniff]
      x-ms-request-id: [f147a9c1-cb51-4298-977a-22f6e1537cee]
      x-ms-webhdfs-version: [17.04.24.00]
    status: {code: 404, message: Not Found}
- request:
    body: '123456'
    headers:
      Accept: ['*/*']
      Accept-Encoding: ['gzip, deflate']
      Connection: [keep-alive]
      Content-Length: ['6']
      User-Agent: [python/3.7.0 (Windows-10-10.0.14393-SP0) azure.datalake.store.lib/0.0.37
          Azure-Data-Lake-Store-SDK-For-Python]
      x-ms-client-request-id: [4a8f2676-e6d5-11e8-955f-000d3a02e7d7.0]
    method: PUT
    uri: https://akharitadls.azuredatalakestore.net/webhdfs/v1/azure_python_sdk_test_dir22bc5d88-20b0-431d-ba7c-a88cf6baf681/foo/bar?OP=CREATE&api-version=2018-05-01&overwrite=true&write=true&syncFlag=CLOSE&leaseid=1f390def-2721-4299-9695-f6f691460bb1&filesessionid=1f390def-2721-4299-9695-f6f691460bb1
  response:
    body: {string: ''}
    headers:
      Cache-Control: ['no-cache, no-cache, no-store, max-age=0']
      Content-Length: ['0']
      ContentLength: ['0']
      Date: ['Mon, 12 Nov 2018 23:47:18 GMT']
      Expires: ['-1']
      Location: ['https://akharitadls.azuredatalakestore.net/webhdfs/v1/azure_python_sdk_test_dir22bc5d88-20b0-431d-ba7c-a88cf6baf681/foo/bar?OP=CREATE&api-version=2018-05-01&overwrite=true&write=true&syncFlag=CLOSE&leaseid=1f390def-2721-4299-9695-f6f691460bb1&filesessionid=1f390def-2721-4299-9695-f6f691460bb1']
      Pragma: [no-cache]
      Status: ['0x0']
      Strict-Transport-Security: [max-age=15724800; includeSubDomains]
      X-Content-Type-Options: [nosniff]
      x-ms-request-id: [0c9c40d1-1c70-45aa-b7dd-d65265672ea8]
      x-ms-webhdfs-version: [17.04.24.00]
    status: {code: 201, message: Created}
- request:
    body: null
    headers:
      Accept: ['*/*']
      Accept-Encoding: ['gzip, deflate']
      Connection: [keep-alive]
      User-Agent: [python/3.7.0 (Windows-10-10.0.14393-SP0) azure.datalake.store.lib/0.0.37
          Azure-Data-Lake-Store-SDK-For-Python]
      x-ms-client-request-id: [4aae2590-e6d5-11e8-99dd-000d3a02e7d7.0]
    method: GET
    uri: https://akharitadls.azuredatalakestore.net/webhdfs/v1/azure_python_sdk_test_dir22bc5d88-20b0-431d-ba7c-a88cf6baf681/foo/bar?OP=GETFILESTATUS&api-version=2018-05-01
  response:
    body: {string: '{"FileStatus":{"length":6,"pathSuffix":"","type":"FILE","blockSize":268435456,"accessTime":1542066438836,"modificationTime":1542066438896,"replication":1,"permission":"770","owner":"a0b3cb87-9ca9-4769-af48-e687823d8937","group":"6d86a146-d7dc-49d0-862f-1897c5dd2afe","msExpirationTime":0,"aclBit":false}}'}
    headers:
      Cache-Control: ['no-cache, no-cache, no-store, max-age=0']
      Content-Length: ['304']
      Content-Type: [application/json; charset=utf-8]
      Date: ['Mon, 12 Nov 2018 23:47:18 GMT']
      Expires: ['-1']
      Pragma: [no-cache]
      Status: ['0x0']
      Strict-Transport-Security: [max-age=15724800; includeSubDomains]
      X-Content-Type-Options: [nosniff]
      x-ms-request-id: [72b63d52-936b-4a97-9407-0738b2c1b80f]
      x-ms-webhdfs-version: [17.04.24.00]
    status: {code: 200, message: OK}
- request:
    body: null
    headers:
      Accept: ['*/*']
      Accept-Encoding: ['gzip, deflate']
      Connection: [keep-alive]
      User-Agent: [python/3.7.0 (Windows-10-10.0.14393-SP0) azure.datalake.store.lib/0.0.37
          Azure-Data-Lake-Store-SDK-For-Python]
      x-ms-client-request-id: [4ab08ce6-e6d5-11e8-8759-000d3a02e7d7.0]
    method: GET
    uri: https://akharitadls.azuredatalakestore.net/webhdfs/v1/azure_python_sdk_test_dir22bc5d88-20b0-431d-ba7c-a88cf6baf681/foo/bar?OP=GETFILESTATUS&api-version=2018-05-01
  response:
    body: {string: '{"FileStatus":{"length":6,"pathSuffix":"","type":"FILE","blockSize":268435456,"accessTime":1542066438836,"modificationTime":1542066438896,"replication":1,"permission":"770","owner":"a0b3cb87-9ca9-4769-af48-e687823d8937","group":"6d86a146-d7dc-49d0-862f-1897c5dd2afe","msExpirationTime":0,"aclBit":false}}'}
    headers:
      Cache-Control: ['no-cache, no-cache, no-store, max-age=0']
      Content-Length: ['304']
      Content-Type: [application/json; charset=utf-8]
      Date: ['Mon, 12 Nov 2018 23:47:18 GMT']
      Expires: ['-1']
      Pragma: [no-cache]
      Status: ['0x0']
      Strict-Transport-Security: [max-age=15724800; includeSubDomains]
      X-Content-Type-Options: [nosniff]
      x-ms-request-id: [c1568a36-08af-4be1-9973-e9d162f35b36]
      x-ms-webhdfs-version: [17.04.24.00]
    status: {code: 200, message: OK}
- request:
    body: null
    headers:
      Accept: ['*/*']
      Accept-Encoding: ['gzip, deflate']
      Connection: [keep-alive]
      User-Agent: [python/3.7.0 (Windows-10-10.0.14393-SP0) azure.datalake.store.lib/0.0.37
          Azure-Data-Lake-Store-SDK-For-Python]
      x-ms-client-request-id: [4ab54d12-e6d5-11e8-ba3b-000d3a02e7d7.0]
    method: GET
    uri: https://akharitadls.azuredatalakestore.net/webhdfs/v1/azure_python_sdk_test_dir22bc5d88-20b0-431d-ba7c-a88cf6baf681/foo/bar?OP=GETFILESTATUS&api-version=2018-05-01
  response:
    body: {string: '{"FileStatus":{"length":6,"pathSuffix":"","type":"FILE","blockSize":268435456,"accessTime":1542066438836,"modificationTime":1542066438896,"replication":1,"permission":"770","owner":"a0b3cb87-9ca9-4769-af48-e687823d8937","group":"6d86a146-d7dc-49d0-862f-1897c5dd2afe","msExpirationTime":0,"aclBit":false}}'}
    headers:
      Cache-Control: ['no-cache, no-cache, no-store, max-age=0']
      Content-Length: ['304']
      Content-Type: [application/json; charset=utf-8]
      Date: ['Mon, 12 Nov 2018 23:47:18 GMT']
      Expires: ['-1']
      Pragma: [no-cache]
      Status: ['0x0']
      Strict-Transport-Security: [max-age=15724800; includeSubDomains]
      X-Content-Type-Options: [nosniff]
      x-ms-request-id: [3545818e-b5d5-41ab-a3ac-cc2500fa67ec]
      x-ms-webhdfs-version: [17.04.24.00]
    status: {code: 200, message: OK}
- request:
    body: null
    headers:
      Accept: ['*/*']
      Accept-Encoding: ['gzip, deflate']
      Connection: [keep-alive]
      User-Agent: [python/3.7.0 (Windows-10-10.0.14393-SP0) azure.datalake.store.lib/0.0.37
          Azure-Data-Lake-Store-SDK-For-Python]
      x-ms-client-request-id: [4ab7b92e-e6d5-11e8-9eb9-000d3a02e7d7.0]
    method: GET
    uri: https://akharitadls.azuredatalakestore.net/webhdfs/v1/azure_python_sdk_test_dir22bc5d88-20b0-431d-ba7c-a88cf6baf681/foo/bar?OP=OPEN&api-version=2018-05-01&offset=0&length=3&read=true&filesessionid=9e74c6a1-df9e-470b-9afa-7ea4796312f2
  response:
    body: {string: '123'}
    headers:
      Cache-Control: ['no-cache, no-cache, no-store, max-age=0']
      Content-Type: [application/octet-stream]
      Date: ['Mon, 12 Nov 2018 23:47:18 GMT']
      Expires: ['-1']
      Pragma: [no-cache]
      Status: ['0x0']
      Strict-Transport-Security: [max-age=15724800; includeSubDomains]
      Transfer-Encoding: [chunked]
      X-Content-Type-Options: [nosniff]
      x-ms-request-id: [fc0e2de0-3ae8-44ce-b119-66582b1094ad]
      x-ms-webhdfs-version: [17.04.24.00]
    status: {code: 200, message: OK}
- request:
    body: null
    headers:
      Accept: ['*/*']
      Accept-Encoding: ['gzip, deflate']
      Connection: [keep-alive]
      User-Agent: [python/3.7.0 (Windows-10-10.0.14393-SP0) azure.datalake.store.lib/0.0.37
          Azure-Data-Lake-Store-SDK-For-Python]
      x-ms-client-request-id: [4ad9449c-e6d5-11e8-9eb1-000d3a02e7d7.0]
    method: GET
    uri: https://akharitadls.azuredatalakestore.net/webhdfs/v1/azure_python_sdk_test_dir22bc5d88-20b0-431d-ba7c-a88cf6baf681/foo/bar?OP=GETFILESTATUS&api-version=2018-05-01
  response:
    body: {string: '{"FileStatus":{"length":6,"pathSuffix":"","type":"FILE","blockSize":268435456,"accessTime":1542066438836,"modificationTime":1542066438896,"replication":1,"permission":"770","owner":"a0b3cb87-9ca9-4769-af48-e687823d8937","group":"6d86a146-d7dc-49d0-862f-1897c5dd2afe","msExpirationTime":0,"aclBit":false}}'}
    headers:
      Cache-Control: ['no-cache, no-cache, no-store, max-age=0']
      Content-Length: ['304']
      Content-Type: [application/json; charset=utf-8]
      Date: ['Mon, 12 Nov 2018 23:47:19 GMT']
      Expires: ['-1']
      Pragma: [no-cache]
      Status: ['0x0']
      Strict-Transport-Security: [max-age=15724800; includeSubDomains]
      X-Content-Type-Options: [nosniff]
      x-ms-request-id: [d5599a4d-d37c-4b0c-9113-3b9beac2a916]
      x-ms-webhdfs-version: [17.04.24.00]
    status: {code: 200, message: OK}
- request:
    body: null
    headers:
      Accept: ['*/*']
      Accept-Encoding: ['gzip, deflate']
      Connection: [keep-alive]
      Content-Length: ['0']
      User-Agent: [python/3.7.0 (Windows-10-10.0.14393-SP0) azure.datalake.store.lib/0.0.37
          Azure-Data-Lake-Store-SDK-For-Python]
      x-ms-client-request-id: [4ae52d4a-e6d5-11e8-a2ce-000d3a02e7d7.0]
    method: DELETE
    uri: https://akharitadls.azuredatalakestore.net/webhdfs/v1/azure_python_sdk_test_dir22bc5d88-20b0-431d-ba7c-a88cf6baf681/foo/bar?OP=DELETE&api-version=2018-05-01&recursive=False
  response:
    body: {string: '{"boolean":true}'}
    headers:
      Cache-Control: ['no-cache, no-cache, no-store, max-age=0']
      Content-Length: ['16']
      Content-Type: [application/json; charset=utf-8]
      Date: ['Mon, 12 Nov 2018 23:47:19 GMT']
      Expires: ['-1']
      Pragma: [no-cache]
      Status: ['0x0']
      Strict-Transport-Security: [max-age=15724800; includeSubDomains]
      X-Content-Type-Options: [nosniff]
      x-ms-request-id: [dec126a9-ae84-4644-8367-30df14a62437]
      x-ms-webhdfs-version: [17.04.24.00]
    status: {code: 200, message: OK}
- request:
    body: null
    headers:
      Accept: ['*/*']
      Accept-Encoding: ['gzip, deflate']
      Connection: [keep-alive]
      User-Agent: [python/3.6.3 (Windows-10-10.0.14393-SP0) azure.datalake.store.lib/0.0.41
          Azure-Data-Lake-Store-SDK-For-Python]
      x-ms-client-request-id: [b761da76-25b6-11e9-afd9-480fcf66f040.0]
    method: GET
    uri: https://akharitadls.azuredatalakestore.net/webhdfs/v1/azure_python_sdk_test_dir4dafa5a0-90c8-45f3-afb6-f48b9df3b8d0/foo/bar?OP=GETFILESTATUS&api-version=2018-09-01
  response:
    body: {string: '{"RemoteException":{"exception":"FileNotFoundException","message":"File/Folder
        does not exist: /azure_python_sdk_test_dir4dafa5a0-90c8-45f3-afb6-f48b9df3b8d0/foo/bar
        [b8a497f8-4889-4e96-a7a4-ed0c7dcbee63][2019-01-31T16:17:10.5798120-08:00]","javaClassName":"java.io.FileNotFoundException"}}'}
    headers:
      Cache-Control: ['no-cache, no-cache, no-store, max-age=0']
      Content-Length: ['290']
      Content-Type: [application/json; charset=utf-8]
      Date: ['Fri, 01 Feb 2019 00:17:10 GMT']
      Expires: ['-1']
      Pragma: [no-cache]
      Status: ['0x8309000A']
      Strict-Transport-Security: [max-age=15724800; includeSubDomains]
      X-Content-Type-Options: [nosniff]
      x-ms-request-id: [b8a497f8-4889-4e96-a7a4-ed0c7dcbee63]
      x-ms-webhdfs-version: [17.04.24.00]
    status: {code: 404, message: Not Found}
- request:
    body: '123456'
    headers:
      Accept: ['*/*']
      Accept-Encoding: ['gzip, deflate']
      Connection: [keep-alive]
      Content-Length: ['6']
      User-Agent: [python/3.6.3 (Windows-10-10.0.14393-SP0) azure.datalake.store.lib/0.0.41
          Azure-Data-Lake-Store-SDK-For-Python]
      x-ms-client-request-id: [b79db322-25b6-11e9-a79d-480fcf66f040.0]
    method: PUT
    uri: https://akharitadls.azuredatalakestore.net/webhdfs/v1/azure_python_sdk_test_dir4dafa5a0-90c8-45f3-afb6-f48b9df3b8d0/foo/bar?OP=CREATE&api-version=2018-09-01&overwrite=true&write=true&syncFlag=CLOSE&leaseid=f5f68813-be4f-4120-b5cb-f2411ba3565a&filesessionid=f5f68813-be4f-4120-b5cb-f2411ba3565a
  response:
    body: {string: ''}
    headers:
      Cache-Control: ['no-cache, no-cache, no-store, max-age=0']
      Content-Length: ['0']
      ContentLength: ['0']
      Date: ['Fri, 01 Feb 2019 00:17:10 GMT']
      Expires: ['-1']
      Location: ['https://akharitadls.azuredatalakestore.net/webhdfs/v1/azure_python_sdk_test_dir4dafa5a0-90c8-45f3-afb6-f48b9df3b8d0/foo/bar?OP=CREATE&api-version=2018-09-01&overwrite=true&write=true&syncFlag=CLOSE&leaseid=f5f68813-be4f-4120-b5cb-f2411ba3565a&filesessionid=f5f68813-be4f-4120-b5cb-f2411ba3565a']
      Pragma: [no-cache]
      Status: ['0x0']
      Strict-Transport-Security: [max-age=15724800; includeSubDomains]
      X-Content-Type-Options: [nosniff]
      x-ms-request-id: [897c506f-30ac-4131-a563-e154ad904085]
      x-ms-webhdfs-version: [17.04.24.00]
    status: {code: 201, message: Created}
- request:
    body: null
    headers:
      Accept: ['*/*']
      Accept-Encoding: ['gzip, deflate']
      Connection: [keep-alive]
      User-Agent: [python/3.6.3 (Windows-10-10.0.14393-SP0) azure.datalake.store.lib/0.0.41
          Azure-Data-Lake-Store-SDK-For-Python]
      x-ms-client-request-id: [b7bca0d8-25b6-11e9-afc9-480fcf66f040.0]
    method: GET
    uri: https://akharitadls.azuredatalakestore.net/webhdfs/v1/azure_python_sdk_test_dir4dafa5a0-90c8-45f3-afb6-f48b9df3b8d0/foo/bar?OP=GETFILESTATUS&api-version=2018-09-01
  response:
    body: {string: '{"FileStatus":{"length":6,"pathSuffix":"","type":"FILE","blockSize":268435456,"accessTime":1548980230703,"modificationTime":1548980230736,"replication":1,"permission":"770","owner":"a0b3cb87-9ca9-4769-af48-e687823d8937","group":"6d86a146-d7dc-49d0-862f-1897c5dd2afe","msExpirationTime":0,"aclBit":false}}'}
    headers:
      Cache-Control: ['no-cache, no-cache, no-store, max-age=0']
      Content-Length: ['304']
      Content-Type: [application/json; charset=utf-8]
      Date: ['Fri, 01 Feb 2019 00:17:10 GMT']
      Expires: ['-1']
      Pragma: [no-cache]
      Status: ['0x0']
      Strict-Transport-Security: [max-age=15724800; includeSubDomains]
      X-Content-Type-Options: [nosniff]
      x-ms-request-id: [b22f78b4-b3d5-4f8e-a607-c0265f173912]
      x-ms-webhdfs-version: [17.04.24.00]
    status: {code: 200, message: OK}
- request:
    body: null
    headers:
      Accept: ['*/*']
      Accept-Encoding: ['gzip, deflate']
      Connection: [keep-alive]
      User-Agent: [python/3.6.3 (Windows-10-10.0.14393-SP0) azure.datalake.store.lib/0.0.41
          Azure-Data-Lake-Store-SDK-For-Python]
      x-ms-client-request-id: [b7cc4e8c-25b6-11e9-9894-480fcf66f040.0]
    method: GET
    uri: https://akharitadls.azuredatalakestore.net/webhdfs/v1/azure_python_sdk_test_dir4dafa5a0-90c8-45f3-afb6-f48b9df3b8d0/foo/bar?OP=GETFILESTATUS&api-version=2018-09-01
  response:
    body: {string: '{"FileStatus":{"length":6,"pathSuffix":"","type":"FILE","blockSize":268435456,"accessTime":1548980230703,"modificationTime":1548980230736,"replication":1,"permission":"770","owner":"a0b3cb87-9ca9-4769-af48-e687823d8937","group":"6d86a146-d7dc-49d0-862f-1897c5dd2afe","msExpirationTime":0,"aclBit":false}}'}
    headers:
      Cache-Control: ['no-cache, no-cache, no-store, max-age=0']
      Content-Length: ['304']
      Content-Type: [application/json; charset=utf-8]
      Date: ['Fri, 01 Feb 2019 00:17:10 GMT']
      Expires: ['-1']
      Pragma: [no-cache]
      Status: ['0x0']
      Strict-Transport-Security: [max-age=15724800; includeSubDomains]
      X-Content-Type-Options: [nosniff]
      x-ms-request-id: [38c4e723-b740-4532-b2e7-05fb6f1bedf4]
      x-ms-webhdfs-version: [17.04.24.00]
    status: {code: 200, message: OK}
- request:
    body: null
    headers:
      Accept: ['*/*']
      Accept-Encoding: ['gzip, deflate']
      Connection: [keep-alive]
      User-Agent: [python/3.6.3 (Windows-10-10.0.14393-SP0) azure.datalake.store.lib/0.0.41
          Azure-Data-Lake-Store-SDK-For-Python]
      x-ms-client-request-id: [b7dc221c-25b6-11e9-8228-480fcf66f040.0]
    method: GET
    uri: https://akharitadls.azuredatalakestore.net/webhdfs/v1/azure_python_sdk_test_dir4dafa5a0-90c8-45f3-afb6-f48b9df3b8d0/foo/bar?OP=GETFILESTATUS&api-version=2018-09-01
  response:
    body: {string: '{"FileStatus":{"length":6,"pathSuffix":"","type":"FILE","blockSize":268435456,"accessTime":1548980230703,"modificationTime":1548980230736,"replication":1,"permission":"770","owner":"a0b3cb87-9ca9-4769-af48-e687823d8937","group":"6d86a146-d7dc-49d0-862f-1897c5dd2afe","msExpirationTime":0,"aclBit":false}}'}
    headers:
      Cache-Control: ['no-cache, no-cache, no-store, max-age=0']
      Content-Length: ['304']
      Content-Type: [application/json; charset=utf-8]
      Date: ['Fri, 01 Feb 2019 00:17:10 GMT']
      Expires: ['-1']
      Pragma: [no-cache]
      Status: ['0x0']
      Strict-Transport-Security: [max-age=15724800; includeSubDomains]
      X-Content-Type-Options: [nosniff]
      x-ms-request-id: [e3f52507-5a61-47dd-9bcb-d86560cb397b]
      x-ms-webhdfs-version: [17.04.24.00]
    status: {code: 200, message: OK}
- request:
    body: null
    headers:
      Accept: ['*/*']
      Accept-Encoding: ['gzip, deflate']
      Connection: [keep-alive]
      User-Agent: [python/3.6.3 (Windows-10-10.0.14393-SP0) azure.datalake.store.lib/0.0.41
          Azure-Data-Lake-Store-SDK-For-Python]
      x-ms-client-request-id: [b7ec8f7a-25b6-11e9-a892-480fcf66f040.0]
    method: GET
    uri: https://akharitadls.azuredatalakestore.net/webhdfs/v1/azure_python_sdk_test_dir4dafa5a0-90c8-45f3-afb6-f48b9df3b8d0/foo/bar?OP=OPEN&api-version=2018-09-01&offset=0&length=3&read=true&filesessionid=eda4833d-8e8c-483f-927d-72bf246e8711
  response:
    body: {string: '123'}
    headers:
      Cache-Control: ['no-cache, no-cache, no-store, max-age=0']
      Content-Type: [application/octet-stream]
      Date: ['Fri, 01 Feb 2019 00:17:11 GMT']
      Expires: ['-1']
      Pragma: [no-cache]
      Status: ['0x0']
      Strict-Transport-Security: [max-age=15724800; includeSubDomains]
      Transfer-Encoding: [chunked]
      X-Content-Type-Options: [nosniff]
      x-ms-request-id: [6359b0b8-c63d-4847-bbd1-d0e6bc9ceb0f]
      x-ms-webhdfs-version: [17.04.24.00]
    status: {code: 200, message: OK}
- request:
    body: null
    headers:
      Accept: ['*/*']
      Accept-Encoding: ['gzip, deflate']
      Connection: [keep-alive]
      User-Agent: [python/3.6.3 (Windows-10-10.0.14393-SP0) azure.datalake.store.lib/0.0.41
          Azure-Data-Lake-Store-SDK-For-Python]
      x-ms-client-request-id: [b80d1658-25b6-11e9-91d3-480fcf66f040.0]
    method: GET
    uri: https://akharitadls.azuredatalakestore.net/webhdfs/v1/azure_python_sdk_test_dir4dafa5a0-90c8-45f3-afb6-f48b9df3b8d0/foo/bar?OP=GETFILESTATUS&api-version=2018-09-01
  response:
    body: {string: '{"FileStatus":{"length":6,"pathSuffix":"","type":"FILE","blockSize":268435456,"accessTime":1548980230703,"modificationTime":1548980230736,"replication":1,"permission":"770","owner":"a0b3cb87-9ca9-4769-af48-e687823d8937","group":"6d86a146-d7dc-49d0-862f-1897c5dd2afe","msExpirationTime":0,"aclBit":false}}'}
    headers:
      Cache-Control: ['no-cache, no-cache, no-store, max-age=0']
      Content-Length: ['304']
      Content-Type: [application/json; charset=utf-8]
      Date: ['Fri, 01 Feb 2019 00:17:11 GMT']
      Expires: ['-1']
      Pragma: [no-cache]
      Status: ['0x0']
      Strict-Transport-Security: [max-age=15724800; includeSubDomains]
      X-Content-Type-Options: [nosniff]
      x-ms-request-id: [98adf93d-04a0-4bfc-94fe-8cd0d55d0e0a]
      x-ms-webhdfs-version: [17.04.24.00]
    status: {code: 200, message: OK}
- request:
    body: null
    headers:
      Accept: ['*/*']
      Accept-Encoding: ['gzip, deflate']
      Connection: [keep-alive]
      Content-Length: ['0']
      User-Agent: [python/3.6.3 (Windows-10-10.0.14393-SP0) azure.datalake.store.lib/0.0.41
          Azure-Data-Lake-Store-SDK-For-Python]
      x-ms-client-request-id: [b81cea9a-25b6-11e9-b819-480fcf66f040.0]
    method: DELETE
    uri: https://akharitadls.azuredatalakestore.net/webhdfs/v1/azure_python_sdk_test_dir4dafa5a0-90c8-45f3-afb6-f48b9df3b8d0/foo/bar?OP=DELETE&api-version=2018-09-01&recursive=False
  response:
    body: {string: '{"boolean":true}'}
    headers:
      Cache-Control: ['no-cache, no-cache, no-store, max-age=0']
      Content-Length: ['16']
      Content-Type: [application/json; charset=utf-8]
      Date: ['Fri, 01 Feb 2019 00:17:11 GMT']
      Expires: ['-1']
      Pragma: [no-cache]
      Status: ['0x0']
      Strict-Transport-Security: [max-age=15724800; includeSubDomains]
      X-Content-Type-Options: [nosniff]
      x-ms-request-id: [a999855b-1d2a-4b30-89e5-a7e4032ac524]
      x-ms-webhdfs-version: [17.04.24.00]
    status: {code: 200, message: OK}
version: 1
