interactions:
- request:
    body: '123456'
    headers:
      Accept: ['*/*']
      Accept-Encoding: ['gzip, deflate']
      Connection: [keep-alive]
      Content-Length: ['6']
      User-Agent: [python/3.5.2 (Windows-10-10.0.14393-SP0) azure.datalake.store.lib/0.0.1
          Azure-Data-Lake-Store-SDK-For-Python]
      x-ms-client-request-id: [1cb82278-d9d0-11e6-9f0d-645106422854]
    method: PUT
    uri: https://fakestore.azuredatalakestore.net/webhdfs/v1/azure_test_dir/foo/bar?overwrite=true&write=true&OP=CREATE
  response:
    body: {string: ''}
    headers:
      Cache-Control: ['no-cache, no-cache, no-store, max-age=0']
      Content-Length: ['0']
      ContentLength: ['0']
      Date: ['Fri, 13 Jan 2017 20:37:33 GMT']
      Expires: ['-1']
      Location: ['https://fakestore.azuredatalakestore.net/webhdfs/v1/azure_test_dir/foo/bar?overwrite=true&write=true&OP=CREATE']
      Pragma: [no-cache]
      Status: ['0x0']
      Strict-Transport-Security: [max-age=15724800; includeSubDomains]
      X-Content-Type-Options: [nosniff]
      x-ms-request-id: [78174f30-3e79-4039-9332-487ad433d07d]
      x-ms-webhdfs-version: [16.07.18.01]
    status: {code: 201, message: Created}
- request:
    body: null
    headers:
      Accept: ['*/*']
      Accept-Encoding: ['gzip, deflate']
      Connection: [keep-alive]
      User-Agent: [python/3.5.2 (Windows-10-10.0.14393-SP0) azure.datalake.store.lib/0.0.1
          Azure-Data-Lake-Store-SDK-For-Python]
      x-ms-client-request-id: [1d153e18-d9d0-11e6-92a3-645106422854]
    method: GET
    uri: https://fakestore.azuredatalakestore.net/webhdfs/v1/azure_test_dir/foo?OP=LISTSTATUS
  response:
    body: {string: '{"FileStatuses":{"FileStatus":[{"length":6,"pathSuffix":"bar","type":"FILE","blockSize":268435456,"accessTime":1484339854350,"modificationTime":1484339854409,"replication":1,"permission":"770","owner":"9a23860e-03b0-4bad-a8b7-e1d081d592bd","group":"2e6c02d2-a364-4530-9137-d17403996cbf"}]}}'}
    headers:
      Cache-Control: ['no-cache, no-cache, no-store, max-age=0']
      Content-Length: ['290']
      Content-Type: [application/json; charset=utf-8]
      Date: ['Fri, 13 Jan 2017 20:37:33 GMT']
      Expires: ['-1']
      Pragma: [no-cache]
      Status: ['0x0']
      Strict-Transport-Security: [max-age=15724800; includeSubDomains]
      X-Content-Type-Options: [nosniff]
      x-ms-request-id: [c85b04ca-3893-4472-af83-776a8f6fe584]
      x-ms-webhdfs-version: [16.07.18.01]
    status: {code: 200, message: OK}
- request:
    body: null
    headers:
      Accept: ['*/*']
      Accept-Encoding: ['gzip, deflate']
      Connection: [keep-alive]
      User-Agent: [python/3.5.2 (Windows-10-10.0.14393-SP0) azure.datalake.store.lib/0.0.1
          Azure-Data-Lake-Store-SDK-For-Python]
      x-ms-client-request-id: [1d28d95c-d9d0-11e6-bfb1-645106422854]
    method: GET
    uri: https://fakestore.azuredatalakestore.net/webhdfs/v1/azure_test_dir/foo/bar?read=true&OP=OPEN&length=6&offset=0
  response:
    body: {string: '123456'}
    headers:
      Cache-Control: ['no-cache, no-cache, no-store, max-age=0']
      Content-Type: [application/octet-stream]
      Date: ['Fri, 13 Jan 2017 20:37:34 GMT']
      Expires: ['-1']
      Pragma: [no-cache]
      Status: ['0x0']
      Strict-Transport-Security: [max-age=15724800; includeSubDomains]
      Transfer-Encoding: [chunked]
      X-Content-Type-Options: [nosniff]
      x-ms-request-id: [0bd435e6-5ded-459a-89b5-435701c0fa8d]
      x-ms-webhdfs-version: [16.07.18.01]
    status: {code: 200, message: OK}
- request:
    body: null
    headers:
      Accept: ['*/*']
      Accept-Encoding: ['gzip, deflate']
      Connection: [keep-alive]
      User-Agent: [python/3.5.2 (Windows-10-10.0.14393-SP0) azure.datalake.store.lib/0.0.1
          Azure-Data-Lake-Store-SDK-For-Python]
      x-ms-client-request-id: [1d6002b4-d9d0-11e6-b7b4-645106422854]
    method: GET
    uri: https://fakestore.azuredatalakestore.net/webhdfs/v1/azure_test_dir/foo?OP=LISTSTATUS
  response:
    body: {string: '{"FileStatuses":{"FileStatus":[{"length":6,"pathSuffix":"bar","type":"FILE","blockSize":268435456,"accessTime":1484339854350,"modificationTime":1484339854409,"replication":1,"permission":"770","owner":"9a23860e-03b0-4bad-a8b7-e1d081d592bd","group":"2e6c02d2-a364-4530-9137-d17403996cbf"}]}}'}
    headers:
      Cache-Control: ['no-cache, no-cache, no-store, max-age=0']
      Content-Length: ['290']
      Content-Type: [application/json; charset=utf-8]
      Date: ['Fri, 13 Jan 2017 20:37:34 GMT']
      Expires: ['-1']
      Pragma: [no-cache]
      Status: ['0x0']
      Strict-Transport-Security: [max-age=15724800; includeSubDomains]
      X-Content-Type-Options: [nosniff]
      x-ms-request-id: [f50fe63a-f5b2-49f1-aa55-daa9ecba9de1]
      x-ms-webhdfs-version: [16.07.18.01]
    status: {code: 200, message: OK}
- request:
    body: null
    headers:
      Accept: ['*/*']
      Accept-Encoding: ['gzip, deflate']
      Connection: [keep-alive]
      Content-Length: ['0']
      User-Agent: [python/3.5.2 (Windows-10-10.0.14393-SP0) azure.datalake.store.lib/0.0.1
          Azure-Data-Lake-Store-SDK-For-Python]
      x-ms-client-request-id: [1d725226-d9d0-11e6-a86c-645106422854]
    method: DELETE
    uri: https://fakestore.azuredatalakestore.net/webhdfs/v1/azure_test_dir/foo/bar?recursive=False&OP=DELETE
  response:
    body: {string: '{"boolean":true}'}
    headers:
      Cache-Control: ['no-cache, no-cache, no-store, max-age=0']
      Content-Length: ['16']
      Content-Type: [application/json; charset=utf-8]
      Date: ['Fri, 13 Jan 2017 20:37:34 GMT']
      Expires: ['-1']
      Pragma: [no-cache]
      Status: ['0x0']
      Strict-Transport-Security: [max-age=15724800; includeSubDomains]
      X-Content-Type-Options: [nosniff]
      x-ms-request-id: [91ff6906-435e-41de-a455-f22f4a4cde26]
      x-ms-webhdfs-version: [16.07.18.01]
    status: {code: 200, message: OK}
version: 1
